=== PILOT ===
--- shard 0/3 (356.2 s) ---
  ok     box: NAV closes on the waypoint (2228 m nearer)
  ok     box: the pilot resumes on disengage and lands
GATE PILOT: PASS
--- shard 1/3 (319.0 s) ---
-- BOX: the modes as a device, over the pilot and over a hand --
   (flown in another shard)
GATE PILOT: PASS
--- shard 2/3 (346.2 s) ---
-- BOX: the modes as a device, over the pilot and over a hand --
   (flown in another shard)
GATE PILOT: PASS
=== NAV ===
  ok     units: 100 m = 328.1 ft
  ok     units: degrees wrap and difference
GATE NAV: PASS
=== TAKEOFF ===
crosswind limit 3.5 m/s (band 12.5 m, roll 9.4 m at the limit; first failure 4 m/s, 17.17 m) in 27.2 s CPU, 28.6 s wall
THE TECHNIQUE (pilot_one_trace: Vr, Vlof, the lift-offs, the pitch rate, the run)
  cub    wheels Vs 16.0 Vr 16.2 Vlof 17.3 (1.08 Vs)  lifts 1 (first at 17.3)  touch-after 0  qMax 3.8 deg/s  run 105 m  to 15 m 313 m
  jodel  wheels Vs 18.8 Vr 18.7 Vlof 20.8 (1.11 Vs)  lifts 1 (first at 20.8)  touch-after 0  qMax -3.4 deg/s  run 176 m  to 15 m 484 m
  c172   wheels Vs 24.4 Vr 24.8 Vlof - (0.00 Vs)  lifts 1 (first at 27.5)  touch-after 0  qMax -12.5 deg/s  run - m  to 15 m - m  ABORT wont-climb
  wip    water  Vs 24.5 Vr 24.8 Vlof 27.7 (1.13 Vs)  lifts 1 (first at 27.7)  touch-after 0  qMax 7.0 deg/s  run 321 m  to 15 m 461 m
  ultraf water  Vs 16.1 Vr 16.3 Vlof 21.1 (1.31 Vs)  lifts 1 (first at 21.1)  touch-after 0  qMax -9.0 deg/s  run 87 m  to 15 m 175 m
  twinf  water  Vs 18.4 Vr 18.7 Vlof 28.3 (1.54 Vs)  lifts 1 (first at 28.3)  touch-after 0  qMax 7.6 deg/s  run 182 m  to 15 m 309 m
  c172f  water  Vs 26.1 Vr - Vlof - (0.00 Vs)  lifts 0 (first at -)  touch-after 0  qMax 1.3 deg/s  run - m  to 15 m - m  ABORT rejected-takeoff
THE TURN-AROUND (pilot_one_turnaround: the Cub at East Point, 150 x 12 m, stopped 20 m from the closed end)
  roll at 23.1 s; max |cross| 3.2 m, past an end -18.6 m, off the surface 0.0 s; LIFTOFF (airborne); pivot,committed-takeoff
  FAIL technique c172: airborne — ABORT
GATE TAKEOFF: FAIL
(exit code 1)
=== PILOTACT ===
PILOT MATRIX: 3 cells, 3 at a time (activity) on core_1791400672696.js
  X  c172:HOME:calm:stand        rejected-takeoff 89.4 s
  ok stock:HOME:calm:stand       completed 379.5 s · sink 0.67 · 1.2 Vs · aim 49 · swing 0.5
  ~  fixtures/build_v10_cessnaMetal_2026-09-26.json:HOME:calm:standcompleted 379.4 s · sink 1.66 · 1.39 Vs · aim -12 · swing 2.3

cell                              outcome go-arounds  overshoot   roll rev    ctl rev  slope rms  speed rms       sink       V/Vs        aim        off      swing  reversals   t
  stock:HOME:calm:stand         completed          0       14 m    0.9/min    legs 10      0.8 m   0.17 m/s   0.67 m/s        1.2       49 m        0 m    0.5 deg          0 379.5
 Xc172:HOME:calm:stand        *rejected-takeoff          0          —          —~takeoff 27.4          —          —          —          —          —          —          —          —  89.4
 ~fixtures/build_v10_cessnaMetal_2026-09-26.json:HOME:calm:stand  completed          0       18 m    0.7/min  taxi 16.2      0.9 m  ~2.79 m/s  ~1.66 m/s      ~1.39      -12 m      0.5 m    2.3 deg          0 379.4

3 cells: 1 good, 1 warn, 1 bad
wall 171 s
  stock:HOME:calm:stand                                taxi 1.5/16  takeoff 2/14  climb 0/0  legs 10/8  downwind 0.6/0.6  base 2/2  final 3.8/1.4  landing 0/2
  c172:HOME:calm:stand                                 taxi 0/18.9  takeoff 10/27.4  legs 0/0  landing 0/0
  fixtures/build_v10_cessnaMetal_2026-09-26.json:HOME:calm:stand taxi 0/16.2  takeoff 2/6  climb 0/0  legs 6/8  downwind 0.7/0  base 3.7/1.9  final 1/2.4  landing 1.6/11.3
  TOO BUSY c172:HOME:calm:stand: rejected-takeoff
  TOO BUSY c172:HOME:calm:stand: flew no downwind
  TOO BUSY c172:HOME:calm:stand: flew no base
  TOO BUSY c172:HOME:calm:stand: flew no final
  TOO BUSY c172:HOME:calm:stand: takeoff rudder 27.4 reversals/min > 20
GATE PILOTACT: FAIL (5)
(exit code 1)
=== TAXICLEAR ===
  aluminium C172  span 11.0 m from the mill: airborne at 35 s, the wing 3.19 m off the nearest footprint (item mn_s_mine/clinic at (7256.2, -15353.5) in TAXI, t 13 s), 0 contacts, 0 trunk hits
  the user's Cub  span 10.7 m from the mill: airborne at 46 s, the wing 2.78 m off the nearest footprint (item mn_s_mine/clinic at (7255.6, -15353.8) in TAXI, t 14 s), 0 contacts, 0 trunk hits
GATE TAXICLEAR: PASS
=== PLAN ===
FAIL 2 stock, HOME (analytic) asks its vertical speed inside the published limits  (1459 of 17592 outside)
  stock, HOME (analytic)       legs CROSSWIND 125 m / DOWNWIND 125 m / BASE 125 m / FINAL 0 m · downwind 0.3 m off the plan · terrain lift 0 m
  FAIL 2 aluminium C172, Jolene HOME asks its vertical speed inside the published limits  (907 of 17472 outside)
  aluminium C172, Jolene HOME  legs CROSSWIND 187 m / DOWNWIND 187 m / BASE 187 m / FINAL 29 m · downwind 1.0 m off the plan · terrain lift 0 m
GATE PLAN: FAIL (2)
(exit code 1)
=== LINEUP ===
FAIL jolene HOME cub: calm air leaves by the V's right arm for 31 (G772) - stand>tx0>tx1>tx2>tx3>tx4>c0>hold0 | wind 0.0, taxi 1664 m
  FAIL jolene HOME cub: stand to roll inside 190 s (208 s up the left arm before G772) - 315 s
  FAIL jolene HOME cub: the skip's roll begins where the taxi's did (inside HOLD's gate: < 3 m, < 6 deg) - 137.78 m, 3.66 deg
GATE LINEUP: FAIL (3)
(exit code 1)
=== PROFILE ===
GATE PROFILE - the climb on speed, the planned vertical profile, the rough perception of obstacles
1 THE CLIMB (HOME, calm; from 3 m to the end of CLIMB)
  PASS  1 jodel: never under 1.3 Vs in the flap flown - min 1.34 Vs (25.2 m/s, CLIMB 31 s), Vs 18.8, Vy 26.1
  PASS  1 jodel: the attitude never over the type's cap - max 11.3 deg, cap 19
  PASS  1 jodel: the settled climb attitude inside 2..14 deg - 10.3 deg at 29 m/s
  PASS  1 cub: never under 1.3 Vs in the flap flown - min 1.38 Vs (20.9 m/s, CLIMB 21.2 s), Vs 15.7, Vy 22.1
  PASS  1 cub: the attitude never over the type's cap - max 7.7 deg, cap 10.4
  PASS  1 cub: the settled climb attitude inside 2..14 deg - 5.4 deg at 25.4 m/s
  PASS  1 cessnaMetal: never under 1.3 Vs in the flap flown - min 1.55 Vs (34.3 m/s, CLIMB 27.2 s), Vs 22.2, Vy 31
  PASS  1 cessnaMetal: the attitude never over the type's cap - max 16.6 deg, cap 20.3
  FAIL  1 cessnaMetal: the settled climb attitude inside 2..14 deg - 14.8 deg at 35.6 m/s
2 THE MOUNTAIN TRIP (Jolene, HOME -> Jumbo Mine, 17 km over the 631 m ridge)
  PASS  2 cessnaMetal: a planned profile on the enroute leg - cruise 767 m, top of climb 3794 m, top of descent 13179 m of 17872 m, plan clears 88 m
  PASS  2 cessnaMetal: altitude reversals in the cruise near zero - 1 in 400 s (0.15 / min); the reactive guard fired 0x
  PASS  2 cessnaMetal: the terrain under the aeroplane >= the plan's clearance from the top of climb to the top of descent - 253 m (hClear 130)
  PASS  2 cessnaMetal: ... and >= the arrival's 2 hSafe after it - 145 m (40)
  FAIL  2 cessnaMetal: landed at Jumbo Mine - gave-up
  FAIL  2 jodel: a planned profile on the enroute leg - none
  PASS  2 jodel: altitude reversals in the cruise near zero - 0 in 0 s (0 / min); the reactive guard fired 0x
  FAIL  2 jodel: the terrain under the aeroplane >= the plan's clearance from the top of climb to the top of descent - null m (hClear 130)
  PASS  2 jodel: ... and >= the arrival's 2 hSafe after it - null m (40)
3 AN APPROACH OVER TREES (Jolene 'map', East Point Clearing, the Cub's circuit to a stop)
  PASS  3 the Cub flies East Point's circuit to a stop and touches no tree - STOPPED at 283 s, 0 contacts, nearest node to a cylinder 15.5 m; 0 go-arounds; vx-climb@33.5
  FAIL  3 on final the lowest node >= 10 m over every tree top within 25 m of the track - 4 m (62 m before the threshold); the approach {"technique":"short","gs":0.105,"reqGs":0.97,"aimIn":10,"displaced":null}
GATE PROFILE: FAIL (5) (602 s)
(exit code 1)
=== DESTTO ===
--- shard 0/3 (537.2 s) ---
  air:metal: ok (210 s) [shard 0/3]
DESTTO: 0 failure(s), 537 s [shard 0/3]
GATE DESTTO: PASS
--- shard 1/3 (1154.8 s) ---
ltd:metal: 1 failed (635 s) [shard 1/3]
  ltd:jodel: ok (519 s) [shard 1/3]
  FAIL ltd:metal: stopped on w3's strip - apron w3
DESTTO: 1 failure(s), 1154 s [shard 1/3]
GATE DESTTO: FAIL
[stderr]
SHARD 1/3: 2 of 7 heavy jobs
(exit code 1)
--- shard 2/3 (1185.2 s) ---
  ltd:twinFloats: ok (525 s) [shard 2/3]
DESTTO: 0 failure(s), 1185 s [shard 2/3]
GATE DESTTO: PASS
=== ROUTE ===
--- shard 0/3 (251.8 s) ---
  fly:cub: ok (239 s) [shard 0/3]
ROUTE: 0 failure(s), 252 s [shard 0/3]
GATE ROUTE: PASS
--- shard 1/3 (373.6 s) ---
fly:jodel: ok (373 s) [shard 1/3]
ROUTE: 0 failure(s), 373 s [shard 1/3]
GATE ROUTE: PASS
--- shard 2/3 (372.2 s) ---
fly:metal: 1 failed (372 s) [shard 2/3]
  FAIL fly:metal: the vertical speed flown stays inside them (1 s mean, +-0.5 m/s) - 12 s outside, worst 0.96 m/s
ROUTE: 1 failure(s), 372 s [shard 2/3]
GATE ROUTE: FAIL
[stderr]
SHARD 2/3: 1 of 3 heavy jobs
(exit code 1)
=== DMGINST ===
          broken k = 0                  rgb 0.890 0.180 0.170  #e32e2b
  33/33 checks
GATE DMGINST: PASS
=== JOINPARITY ===
== 1. node's load path against the page's own spec (tools/fixtures/join_parity_page.json) ==
PASS the page capture holds every validated build (cub, jodel, metal, floats, twinFloats)
     (the load chain's files changed since the capture of 2026-10-06T00:04:56.343Z: a FAIL below means the game's aeroplane moved - re-capture with node tools/join_parity_page.js if that move is meant, and say so in the HANDOVER)
FAIL Cub              node = page: n 93/93 nb 394/394 mass 460.459/460.387 kg, worst 8.52e-3 - FIRST: node 0 (S0BL).m 22.438260519089113 vs 22.438090631354918
FAIL Jodel            node = page: n 111/111 nb 492/492 mass 463.713/463.890 kg, worst 1.60e-2 - FIRST: node 0 (S0BL).m 30.17004738166882 vs 30.170588480513867
PASS metal Cessna     node = page: n 103/103 nb 442/442 mass 887.242/887.242 kg, worst 2.22e-16
PASS Cessna floats    the float station (the page's CG handshake, declared): x 1.20730 / page 1.20736, y -1.09042 / page -1.09042 (within 5 mm)
FAIL Cessna floats    node = page: n 130/130 nb 533/533 mass 951.538/951.511 kg, worst 3.88e-2 - FIRST: node 0 (S0BL).m 48.153455861016184 vs 48.153428182831476
FAIL twin floatplane  the float station (the page's CG handshake, declared): x 1.22065 / page 1.20638, y -0.45862 / page -0.46113 (within 5 mm)
FAIL twin floatplane  node = page: n 127/127 nb 519/519 mass 486.333/489.276 kg, worst 2.97e-1 - FIRST: node 0 (S0BL).m 24.652206560247397 vs 24.65441585386519
== 2. the file as written is NOT the game's aeroplane (the pre-G1985 loaders) ==
PASS metal Cessna: the engine nodes as written at x -0.510 m, in the game at -1.162 (the join's engines[0].x = -1.1619)
PASS Cub: the nose tank's nodes as written 0.924 m over the firewall's foot, in the game 0.000; 476.19 kg as written, 460.39 in the game (the tank 27 L)
== 3. the chain is a pure function of its inputs ==
PASS metal Cessna: two fresh computations and the cache agree to the byte
PASS Cub: two fresh computations and the cache agree to the byte
== 4. the game's spec saved and opened again (question 4) ==
PASS Cub              save -> open: n 93/93 nb 394/394 mass 460.459/460.459 kg, worst 0.00e+0, engines[0].x -0.8920 carried
PASS Jodel            save -> open: n 111/111 nb 492/492 mass 463.713/463.713 kg, worst 0.00e+0, engines[0].x -0.9855 carried
PASS metal Cessna     save -> open: n 103/103 nb 442/442 mass 887.242/887.242 kg, worst 0.00e+0, engines[0].x -1.1619 carried
PASS Cessna floats    save -> open: n 130/130 nb 533/533 mass 951.538/951.538 kg, worst 0.00e+0, engines[0].x -1.1619 carried
PASS twin floatplane  save -> open: n 127/127 nb 519/519 mass 486.282/486.282 kg, worst 0.00e+0
== 5. every loader of a validated build goes through tools/_load_build.js ==
PASS tools/fixtures/build_v10_cessnaMetal_2026-09-26.json is the metal Cessna's spec to the byte (so it is held like it)
FAIL no tool flies a validated build raw: _destto_check.js, _engtorque_check.js, _fin_check.js, _hinge_check.js, _profile_check.js, _rollsnd_check.js, _roommerge_check.js, _route_check.js, _shedshadow_check.js, _taxiclear_lib.js, _wetfx_page_check.js, ditch_osc.js, engine_torque_seasweep.js, float_shape_numbers.js, pilot_one_trace.js, tour_real.js, tour_real_node.js, water_look_shots.js
PASS pilot_trace.js loads saved builds through tools/_load_build.js
PASS _treecrash_lib.js loads saved builds through tools/_load_build.js
GATE JOINPARITY: 6 FAIL
(exit code 1)
=== SIMWORKER ===

35 checks, 0 failed, 106.0 s
GATE SIMWORKER: PASS
=== PILOTMATRIX ===
PILOT MATRIX: 14 cells, 2 at a time (quick) on core_1791396537139.js
  X  c172:HOME:calm              rejected-takeoff 50.3 s
  ok cub:HOME:calm               completed 332.7 s · sink 0.65 · 1.15 Vs · aim 32 · swing 1.7
  ok cub:HOME:x2                 completed 342.5 s · sink 0.82 · 1.13 Vs · aim 20 · swing 5.3
  X  stearman:HOME:calm          completed 315.4 s · sink 0.86 · 1.15 Vs · aim 20 · swing 3.8
  X  c172:HOME:x2                rejected-takeoff 48.7 s
  ok cub:HOME-A3:calm            completed 616.6 s · sink 0.61 · 1.15 Vs · aim 33 · swing 1.9
  ok cub:HOME:calm:up4           completed 319.3 s · sink 0.41 · 1.21 Vs · aim 5 · swing 0.7
  X  stearman:HOME:x2            completed 322.9 s · sink 0.95 · 1.15 Vs · aim 9 · swing 5.1
  ok cub:HOME:calm:dn4           completed 314 s · sink 0.37 · 1.23 Vs · aim 8 · swing 1.3
  ~  cub:HOME:x4                 completed 347.7 s · sink 0.75 · 1.15 Vs · aim 26 · swing 9.3
  ~  cub:HOME-A5:calm            completed 685.8 s · sink 0.62 · 1.13 Vs · aim 11 · swing 7.4
  ok cub:HOME:calm:sand          completed 334 s · sink 0.65 · 1.15 Vs · aim 32 · swing 1.6
  X  stearman:HOME:x4            completed 325.3 s · sink 1.16 · 1.15 Vs · aim 12 · swing 9.8
  X  c172:HOME:calm:rh           rejected-takeoff 50.3 s

cell                              outcome go-arounds  overshoot   roll rev    ctl rev  slope rms  speed rms       sink       V/Vs        aim        off      swing  reversals   t
  cub:HOME:calm                 completed          0        5 m    1.1/min takeoff 14      0.7 m   0.14 m/s   0.65 m/s       1.15       32 m        0 m    1.7 deg          0 332.7   Δ sink 1.21->0.65, aim -7->32
 Xc172:HOME:calm              *rejected-takeoff          0          —          —~takeoff 28.6          —          —          —          —          —          —          —          —  50.3
 Xstearman:HOME:calm            completed          0       20 m    0.7/min*takeoff 102      0.7 m   0.11 m/s   0.86 m/s       1.15       20 m      0.5 m    3.8 deg          0 315.4   Δ swing 7->3.8
  cub:HOME:x2                   completed          0        4 m      2/min    legs 10      0.7 m   0.16 m/s   0.82 m/s       1.13       20 m      0.2 m    5.3 deg          0 342.5   Δ sink 1.33->0.82, aim -19->20
 Xstearman:HOME:x2              completed          0        5 m    0.7/min*takeoff 98      0.6 m   0.11 m/s   0.95 m/s       1.15        9 m      1.1 m    5.1 deg          1 322.9   Δ sink 1.28->0.95
 Xc172:HOME:x2                *rejected-takeoff          0          —          —takeoff 17.3          —          —          —          —          —          —          —          —  48.7
  cub:HOME-A3:calm              completed          0        5 m    0.5/min takeoff 14      0.7 m   0.14 m/s   0.61 m/s       1.15       33 m        0 m    1.9 deg          0 616.6   Δ sink 1.49->0.61, aim -9->33
  cub:HOME:calm:up4             completed          0        5 m    1.1/mintakeoff 18.5      0.7 m   0.14 m/s   0.41 m/s       1.21        5 m        0 m    0.7 deg          0 319.3   Δ sink 1.04->0.41
  cub:HOME:calm:dn4             completed          0        5 m    0.5/min     legs 8      0.7 m   0.13 m/s   0.37 m/s       1.23        8 m        0 m    1.3 deg          0   314   Δ sink 1.76->0.37
 ~cub:HOME:x4                   completed          0        4 m      1/min     legs 8      0.8 m   0.28 m/s   0.75 m/s       1.15       26 m      0.2 m   ~9.3 deg          0 347.7   (new)
 Xstearman:HOME:x4              completed          0        5 m    1.6/min*takeoff 100      0.5 m   0.24 m/s   1.16 m/s       1.15       12 m      0.9 m   ~9.8 deg          0 325.3   (new)
 ~cub:HOME-A5:calm              completed          0        5 m    0.9/min takeoff 14      0.7 m   0.13 m/s   0.62 m/s       1.13       11 m        0 m   ~7.4 deg          0 685.8   (new)
  cub:HOME:calm:sand            completed          0        5 m    1.1/min takeoff 10      0.7 m   0.14 m/s   0.65 m/s       1.15       32 m        0 m    1.6 deg          0   334   (new)
 Xc172:HOME:calm:rh           *rejected-takeoff          0          —          —~takeoff 28.6          —          —          —          —          —          —          —          —  50.3   (new)

14 cells: 6 good, 2 warn, 6 bad
wall 1088 s
  REGRESSED c172:HOME:calm: verdict true -> false
  REGRESSED c172:HOME:calm: outcome completed -> rejected-takeoff
  REGRESSED c172:HOME:x2: verdict true -> false
  REGRESSED c172:HOME:x2: outcome completed -> rejected-takeoff
  ratchet: 4 regressed against pilot_baseline.json; 6 known bad, 2 warn
GATE PILOTMATRIX: FAIL (4 regressed)
(exit code 1)
=== SEAPLANE ===
PASS the track within 1.4 m (bound 10)

GATE SEAPLANE: PASS
=== HOTHIGH ===
GATE HH-GEN: PASS
flown and computed at 35 C / 1008.00 hPa; 0 checks failed, 0 circuit(s) failed
GATE HOTHIGH: PASS

──────── summary ────────
PILOT     PASS   356.2 s  [3 shards]
NAV       PASS     0.1 s
TAKEOFF   FAIL   437.4 s
PILOTACT  FAIL   171.1 s
TAXICLEAR PASS   177.0 s
PLAN      FAIL   477.0 s
LINEUP    FAIL   316.3 s
PROFILE   FAIL   601.6 s
DESTTO    FAIL  1185.2 s  [3 shards]
ROUTE     FAIL   373.6 s  [3 shards]
DMGINST   PASS   214.0 s
JOINPARITY FAIL   106.3 s
SIMWORKER PASS   106.3 s
PILOTMATRIX FAIL  1088.6 s
SEAPLANE  PASS   300.3 s
HOTHIGH   PASS   198.3 s
total           6109.3 s
wall            4306.7 s  (jobs 3)

BATTERY: FAIL — never deliver red.
