rollout_perf [fb_gamer_off] http://localhost:8695/flyDiy/index.html?gfx=gamer
  garage ready: ready after 43.6 s
  ANGLE (NVIDIA, NVIDIA GeForce RTX 3080 (0x00002216) Direct3D11 vs_5_0 ps_5_0, D3D11) · gfx {"preset":"gamer","build":"gamer","pv":8,"fps":30,"fpsOwn":false,"ground":"far1","scale":1,"cover":"full","scenery":"full","drawDist":"vis","terrain":1,"aa":"msaa","density":128,"bands":"mid","shadows":"full","canopy":"on","rails":"on","poles":"on","glare":"on","sway":"on","mist":"land","clouds":"half","water":"simple","mirror":"off","lighting":"sunset","tone":"cineon","exposure":1,"colour":"managed","bloom":"soft","look":"off","lens":"off","rays":"off","ao":"off","eye":"off","compositing":"linear","own":false,"hw":null,"town":"nearby"}
  TOWN step 7.4 s · long tasks >= 50 ms: 60 (4531 ms), over 100 ms: 12, worst 249 ms
  SETTLE step 10.5 s · long tasks >= 50 ms: 20 (1570 ms), over 100 ms: 4, worst 247 ms
  HOUSE WORKER {"on":true,"why":"on","ready":true,"failed":false,"results":95,"initMs":1457,"composeMs":474,"built":0,"hits":92,"misses":0,"genMs":0,"cache":true,"mb":223.1,"moved":15956,"kept":0,"tallies":3} · page: {"dispatched":95,"placed":137,"here":3}
  roll-out screen: gone after 3.4 s
  SHOT {"frames":352,"fps":30,"med":33.3,"p90":33.4,"max":33.7,"over33":23,"secs":12.07,"trip":{"anim":"played","where":null,"ms":11980,"dissolveMs":0.3},"longTasks":2,"worstTask":235,"slowFrames":[[360,33.3],[394,33.4],[427,33.3],[461,33.4],[494,33.3],[527,33.4],[561,33.3],[594,33.3],[627,33.4],[661,33.4],[694,33.3],[727,33.3],[761,33.5],[794,33.2],[827,33.4],[861,33.3],[894,33.3],[927,33.4],[961,33.3],[994,33.4],[1027,33.4],[1061,33.3],[1094,33.3],[1127,33.4],[1161,33.3],[1194,33.4],[1228,33.4],[1261,33.3],[1294,33.3],[1327,33.3],[1361,33.4],[1394,33.4],[1427,33.2],[1461,33.4],[1494,33.4],[1528,33.4],[1561,33.3],[1594,33.3],[1628,33.3],[1661,33.5],[1694,33.3],[1728,33.4],[1761,33.3],[1794,33.4],[1828,33.3],[1861,33.3],[1894,33.3],[1928,33.4],[1961,33.3],[1994,33.4],[2028,33.3],[2061,33.4],[2094,33.3],[2128,33.4],[2161,33.3],[2195,33.4],[2228,33.3],[2261,33.4],[2294,33.2],[2328,33.5],[2361,33.2],[2395,33.5],[2428,33.2],[2461,33.4],[2495,33.4],[2528,33.3],[2561,33.3],[2595,33.4],[2628,33.3],[2661,33.4],[2695,33.3],[2728,33.4],[2761,33.3],[2795,33.4],[2828,33.3],[2862,33.5],[2895,33.4],[2928,33.2],[2961,33.3],[2995,33.4],[3028,33.4],[3061,33.2],[3095,33.4],[3128,33.3],[3162,33.5],[3195,33.2],[3228,33.4],[3262,33.3],[3295,33.4],[3328,33.3],[3362,33.4],[3395,33.3],[3428,33.3],[3462,33.4],[3495,33.3],[3528,33.4],[3562,33.3],[3595,33.4],[3628,33.3],[3662,33.4],[3695,33.3],[3728,33.4],[3762,33.3],[3795,33.3],[3829,33.5],[3862,33.3],[3895,33.2],[3929,33.5],[3962,33.3],[3995,33.3],[4029,33.4],[4062,33.4],[4095,33.2],[4129,33.4],[4162,33.4],[4195,33.3],[4229,33.3],[4262,33.4],[4295,33.4],[4329,33.3],[4362,33.3],[4395,33.4],[4429,33.4],[4462,33.3],[4495,33.4],[4529,33.2],[4562,33.4],[4595,33.3],[4629,33.4],[4662,33.4],[4695,33.3],[4729,33.4],[4762,33.4],[4796,33.3],[4829,33.3],[4862,33.3],[4896,33.4],[4929,33.4],[4962,33.3],[4996,33.3],[5029,33.4],[5062,33.3],[5096,33.4],[5129,33.3],[5162,33.3],[5196,33.5],[5229,33.2],[5262,33.4],[5296,33.3],[5329,33.4],[5362,33.4],[5396,33.3],[5429,33.3],[5462,33.4],[5496,33.3],[5529,33.4],[5562,33.3],[5596,33.3],[5629,33.4],[5662,33.3],[5696,33.4],[5729,33.3],[5763,33.4],[5796,33.4],[5829,33.3],[5863,33.4],[5896,33.3],[5929,33.3],[5963,33.4],[5996,33.4],[6029,33.3],[6063,33.4],[6096,33.2],[6129,33.4],[6163,33.3],[6196,33.4],[6229,33.3],[6263,33.4],[6296,33.4],[6329,33.3],[6363,33.3],[6396,33.5],[6430,33.3],[6463,33.3],[6496,33.3],[6529,33.3],[6563,33.4],[6596,33.3],[6630,33.4],[6663,33.4],[6696,33.2],[6730,33.4],[6763,33.3],[6796,33.4],[6830,33.4],[6863,33.3],[6896,33.4],[6930,33.3],[6963,33.4],[6996,33.3],[7030,33.3],[7063,33.4],[7096,33.3],[7130,33.4],[7163,33.3],[7196,33.4],[7230,33.4],[7263,33.2],[7296,33.4],[7330,33.3],[7363,33.4],[7397,33.4],[7430,33.4],[7463,33.3],[7497,33.3],[7530,33.3],[7563,33.4],[7597,33.4],[7630,33.2],[7663,33.4],[7697,33.4],[7730,33.4],[7763,33.3],[7797,33.2],[7830,33.5],[7863,33.3],[7897,33.3],[7930,33.4],[7963,33.4],[7997,33.4],[8030,33.2],[8064,33.5],[8097,33.2],[8130,33.4],[8163,33.3],[8197,33.4],[8230,33.3],[8264,33.4],[8297,33.3],[8330,33.4],[8363,33.2],[8397,33.4],[8430,33.4],[8464,33.3],[8497,33.3],[8530,33.5],[8564,33.3],[8597,33.3],[8630,33.3],[8664,33.5],[8697,33.3],[8730,33.3],[8764,33.3],[8797,33.5],[8830,33.3],[8864,33.3],[8897,33.3],[8930,33.4],[8964,33.4],[8997,33.3],[9030,33.3],[9064,33.3],[9097,33.4],[9131,33.4],[9164,33.3],[9197,33.4],[9231,33.3],[9264,33.3],[9297,33.4],[9331,33.3],[9364,33.3],[9397,33.5],[9431,33.2],[9464,33.7],[9497,33.1],[9531,33.3],[9564,33.3],[9597,33.3],[9631,33.4],[9664,33.3],[9697,33.4],[9731,33.4],[9764,33.3],[9797,33.3],[9831,33.4],[9864,33.6],[9897,33],[9931,33.5],[9964,33.3],[9997,33.3],[10031,33.4],[10064,33.4],[10098,33.3],[10131,33.3],[10164,33.3],[10198,33.4],[10231,33.3],[10264,33.4],[10298,33.4],[10331,33.3],[10364,33.4],[10398,33.3],[10431,33.3],[10464,33.3],[10498,33.5],[10531,33.3],[10564,33.3],[10598,33.4],[10631,33.4],[10664,33.2],[10698,33.5],[10731,33.3],[10764,33.3],[10798,33.4],[10831,33.3],[10864,33.3],[10898,33.4],[10931,33.3],[10965,33.4],[10998,33.4],[11031,33.3],[11065,33.3],[11098,33.4],[11131,33.4],[11165,33.2],[11198,33.4],[11231,33.3],[11265,33.4],[11298,33.4],[11331,33.2],[11365,33.4],[11398,33.4],[11431,33.4],[11465,33.2],[11498,33.5],[11531,33.3],[11565,33.3],[11598,33.3],[11632,33.5],[11665,33.2],[11698,33.4],[11731,33.3],[11765,33.4],[11798,33.4],[11832,33.3],[11865,33.4],[11898,33.2],[11932,33.4],[11965,33.4],[11998,33.3],[12032,33.4],[12065,33.3]],"tasks":[[27,235],[263,59]]}
  start: {"route":{"from":"HOME","dest":"CIRCUIT","to":"CIRCUIT","base":"HOME","spawn":null},"hydro":false,"substeps":74,"substepsTrue":null,"hydroEvery":null,"nodes":93,"mass":462,"cg":[-151,31.6,707.9],"near":["HOME",509],"phase":"TAXI","manual":false,"cam":"chase"}
  + 10 s {"ph":"TAXI","ap":"TAXI","wph":"","pace":{"mode":30,"cap":30,"legacy":false,"steps":2,"dt":0.03339999999999418,"stats":{"down":0,"up":0,"trialsFailed":0,"guarded":0,"cut":0,"stalls":2},"holdUpS":0,"dilation":0.9985775503704458,"stepMs":2.5439842584741035,"otherMs":33.25263858370639,"droppedS":0,"workMs":0,"rateFps":0,"trials":0,"simw":true},"q":78,"t":13.333333333343589}
  + 20 s {"ph":"TAXI","ap":"TAXI","wph":"","pace":{"mode":30,"cap":30,"legacy":false,"steps":2,"dt":0.03330000000000291,"stats":{"down":0,"up":0,"trialsFailed":0,"guarded":0,"cut":0,"stalls":2},"holdUpS":0,"dilation":1.0031970921787485,"stepMs":2.3905349732262695,"otherMs":33.23323033220627,"droppedS":0,"workMs":0,"rateFps":0,"trials":0,"simw":true},"q":78,"t":23.56666666668943}
  + 30 s {"ph":"TAXI","ap":"TAXI","wph":"","pace":{"mode":30,"cap":30,"legacy":false,"steps":2,"dt":0.03339999999999418,"stats":{"down":0,"up":0,"trialsFailed":0,"guarded":0,"cut":0,"stalls":2},"holdUpS":0,"dilation":1.0019861289638232,"stepMs":2.5025160858472657,"otherMs":33.25357872428295,"droppedS":0,"workMs":0,"rateFps":0,"trials":0,"simw":true},"q":78,"t":33.25000000001488}
  + 40 s {"ph":"TAXI","ap":"TAXI","wph":"","pace":{"mode":30,"cap":30,"legacy":false,"steps":2,"dt":0.03330000000000291,"stats":{"down":0,"up":0,"trialsFailed":0,"guarded":0,"cut":0,"stalls":2},"holdUpS":0,"dilation":0.9973411343359406,"stepMs":3.1394868061645798,"otherMs":33.231281888940075,"droppedS":0,"workMs":0,"rateFps":0,"trials":0,"simw":true},"q":78,"t":43.4833333331993}
  + 50 s {"ph":"TAXI","ap":"TAXI","wph":"","pace":{"mode":30,"cap":30,"legacy":false,"steps":2,"dt":0.03330000000000291,"stats":{"down":0,"up":0,"trialsFailed":0,"guarded":0,"cut":0,"stalls":2},"holdUpS":0,"dilation":1.0023289992373394,"stepMs":2.978166325054767,"otherMs":33.2443908278851,"droppedS":0,"workMs":0,"rateFps":0,"trials":0,"simw":true},"q":78,"t":53.19999999972457}
  + 60 s {"ph":"TAXI","ap":"TAXI","wph":"","pace":{"mode":30,"cap":30,"legacy":false,"steps":2,"dt":0.03340000000000873,"stats":{"down":0,"up":0,"trialsFailed":0,"guarded":0,"cut":0,"stalls":2},"holdUpS":0,"dilation":1.0036428528436074,"stepMs":3.065453391026787,"otherMs":33.23589678166455,"droppedS":0,"workMs":0,"rateFps":0,"trials":0,"simw":true},"q":78,"t":63.39999999957614}
  + 70 s {"ph":"TAXI","ap":"TAXI","wph":"","pace":{"mode":30,"cap":30,"legacy":false,"steps":2,"dt":0.03329999999998836,"stats":{"down":0,"up":0,"trialsFailed":0,"guarded":0,"cut":0,"stalls":2},"holdUpS":0,"dilation":1.0026915666727416,"stepMs":3.102792863093138,"otherMs":33.22764289526558,"droppedS":0,"workMs":0,"rateFps":0,"trials":0,"simw":true},"q":78,"t":73.64999999942698}
  + 80 s {"ph":"TAXI","ap":"TAXI","wph":"","pace":{"mode":30,"cap":30,"legacy":false,"steps":2,"dt":0.033400000000023286,"stats":{"down":0,"up":0,"trialsFailed":0,"guarded":0,"cut":0,"stalls":2},"holdUpS":0,"dilation":1.0025151350988455,"stepMs":3.048761519681972,"otherMs":33.10785643149855,"droppedS":0,"workMs":0,"rateFps":0,"trials":0,"simw":true},"q":78,"t":83.36666666595225}
  physics: the WORKER - live, placed true, 1 flights (0 inline), world made in 861 ms, held 3 frames, world-version lag max 2 frames
  eval: {"build":"f9145510da7b","preset":"gamer","gfxBuild":"gamer","fleetOn":false,"limit":null,"taxi":{"n":2784,"gpuN":0,"gpu":null,"gpuP90":null,"calls":743,"tris":20028158},"air":{"n":0,"gpuN":0,"gpu":null,"gpuP90":null,"calls":null,"tris":null},"stand":{"key":null,"n":0,"miss":null,"stats":{"stands":0,"placed":0,"kept":0,"miss":0,"held":0,"waitMs":0}},"fleet":{"stats":{"queued":0,"captures":0,"bakes":0,"hits":0,"stored":0,"decodes":0,"worldRefused":0,"flightRefused":0,"evicted":0,"bakeInWorld":0,"notWanted":0,"inputWaits":0},"why":{},"lru":[]},"holders":[]}
  world step: 364 yields in 6531 ms, the longest slice 464 ms
  premises slow builds: z_harbour:v_north:3 131, z_harbour:v_north:4 126, z_harbour:v_north:6 123, z_harbour:v_north:8 121, z_village:v_shore_e:4 117, z_harbour:v_north:7 116, z_harbour:v_north:5 115, z_village:v_north:6 113, z_village:r_village:22 102, z_harbour:v_north:9 97, z_village:v_west:2 66, z_village:v_north:1 66
  HWSTEP none · {"on":false,"why":"localhost (a rig or a dev server)","kind":null,"reading":null,"explicit":"?gfx="}
  per 5 s after the reveal [s, fps, GPU ms, M tris]: -10/25.9//1.17 -5/28.7//2.3 0/30//2.78 5/26.6//28.47 10/30//27.25 15/30//26.55 20/30//25.88 25/30//23.44 30/30//20.35 35/30//20.69 40/30//26.92 45/30.1//23.83 50/30//20.94 55/30//20.67 60/30//17.35 65/30//18.31 70/30//18.81 75/30//19.46 80/30//19.58 85/30//20.17 90/30.1//20.83 95/30//18.58 100/30//19.96
  ---- fb_gamer_off · garage 43.6 s · roll-out screen 3.4 s · premises queue empty at +null s
  stand       30 fps delivered, 100 % doubled (median 30; dt med 33.3 p90 33.4 p99 33.5 max 34) · loop JS 8.4 · solver 0 (p90 0; 0 a step) · world 0 (p90 0) · render 5.3 (p90 6.3, shadow 1) · prem 0/fr · 2 steps/frame · at 30-cap 100 % · 260 fr / 8.7 s · WORKER step 61.5 ms (p90 61.5), dilation min 1 · loop JS p90 9.9
           lengths: <20 0 % · 20-40 100 % · 40-60 0 % · 60-100 0 % · 100-250 0 % · 250-1000 0 % · >1000 0 % | p50 33.3 p90 33.4 p99 33.5 p99.9 33.7 ms | >1.5x cap 0 %, >3x 0 % | >100 ms 0, >1 s 0 (260 fr)
  taxi      29.8 fps delivered, 100 % doubled (median 30; dt med 33.3 p90 33.4 p99 33.5 max 600) · loop JS 13.6 · solver 0.1 (p90 0.2; 0.05 a step) · world 1.2 (p90 2.7) · render 10 (p90 12.2, shadow 1.6) · prem 0.01/fr · 2 steps/frame · at 30-cap 100 % · 2798 fr / 93.8 s · WORKER step 3.02 ms (p90 3.2), dilation min 0.972 · loop JS p90 16.9
           lengths: <20 9 fr · 20-40 99 % · 40-60 7 fr · 60-100 0 % · 100-250 0 % · 250-1000 1 fr · >1000 0 % | p50 33.3 p90 33.4 p99 33.5 p99.9 50 ms | >1.5x cap 0.070 %, >3x 0.040 % | >100 ms 1, >1 s 0 (2798 fr)
  takeoff     30 fps delivered, 100 % doubled (median 29.9; dt med 33.4 p90 33.4 p99 33.4 max 33) · loop JS 24.3 · solver 0.2 (p90 2.6; 0.31 a step) · world 3.1 (p90 10.7) · render 17.8 (p90 22.4, shadow 2.3) · prem 0.02/fr · 2 steps/frame · at 30-cap 100 % · 6 fr / 0.2 s · WORKER step 0 ms (p90 0), dilation min 1 · loop JS p90 46.3
           lengths: <20 0 % · 20-40 100 % · 40-60 0 % · 60-100 0 % · 100-250 0 % · 250-1000 0 % · >1000 0 % | p50 33.4 p90 33.4 p99 33.4 p99.9 33.4 ms | >1.5x cap 0 %, >3x 0 % | >100 ms 0, >1 s 0 (6 fr)
  FRAME LENGTHS (every frame after the reveal):
    <20 ms             9    0.29 %  .
    20-40 ms        3047      99 %  ########################################
    40-60 ms           7    0.23 %  .
    60-100 ms          0       0 %  
    100-250 ms         0       0 %  
    250-1000 ms        1   0.030 %  .
    >1000 ms           0       0 %  
    p50 33.3 · p90 33.4 · p99 33.5 · p99.9 50 · worst 600.2 ms
    over 1.5x the cap's frame time 2 (0.070 %) · over 3x 1 (0.030 %) · over 100 ms 1 · over 1 s 0  (3064 frames)
  ROLLOUT over100ms: FAIL {"n":1,"worst":600,"pass":false}
  ROLLOUT below30run: PASS {"sec":0.68,"pass":true}
  ROLLOUT standTaxiMedianFps: FAIL {"fps":30,"pass":false}
  ROLLOUT standTaxiDeliveredFps: FAIL {"fps":29.8,"doubled":0.997,"dtP90":33.4,"dtP99":33.5,"pass":false}
  ROLLOUT longTask1s: FAIL {"n":1,"worst":3326,"pass":false}
  long tasks > 200 ms: 23 · worst 8: 3326@31s 679@2s 610@60s 576@3s 539@3s 500@4s 463@8s 443@1s
  -> D:/Dev/wt-fleetb/flyDiy/reports/evidence/FLEET-PROPS-B/timed/rp_gamer_off.json
