rollout_perf [fb_gamer_3] http://localhost:8695/flyDiy/index.html?gfx=gamer&fleet=1&fleetn=3
  garage ready: ready after 44.1 s
  ANGLE (NVIDIA, NVIDIA GeForce RTX 3080 (0x00002216) Direct3D11 vs_5_0 ps_5_0, D3D11) · gfx {"preset":"gamer","build":"gamer","pv":8,"fps":30,"fpsOwn":false,"ground":"far1","scale":1,"cover":"full","scenery":"full","drawDist":"vis","terrain":1,"aa":"msaa","density":128,"bands":"mid","shadows":"full","canopy":"on","rails":"on","poles":"on","glare":"on","sway":"on","mist":"land","clouds":"half","water":"simple","mirror":"off","lighting":"sunset","tone":"cineon","exposure":1,"colour":"managed","bloom":"soft","look":"off","lens":"off","rays":"off","ao":"off","eye":"off","compositing":"linear","own":false,"hw":null,"town":"nearby"}
  TOWN step 7.4 s · long tasks >= 50 ms: 59 (4580 ms), over 100 ms: 12, worst 250 ms
  SETTLE step 10.6 s · long tasks >= 50 ms: 19 (1500 ms), over 100 ms: 3, worst 236 ms
  HOUSE WORKER {"on":true,"why":"on","ready":true,"failed":false,"results":95,"initMs":1428,"composeMs":484,"built":0,"hits":92,"misses":0,"genMs":0,"cache":true,"mb":223.1,"moved":15956,"kept":0,"tallies":3} · page: {"dispatched":95,"placed":137,"here":3}
  roll-out screen: gone after 3.4 s
  SHOT {"frames":350,"fps":29.9,"med":33.3,"p90":33.4,"max":49.9,"over33":23,"secs":12,"trip":{"anim":"played","where":null,"ms":11930,"dissolveMs":0.2},"longTasks":2,"worstTask":228,"slowFrames":[[348,33.4],[381,33.2],[415,33.4],[448,33.4],[481,33.3],[515,33.3],[548,33.3],[581,33.4],[615,33.4],[648,33.3],[681,33.4],[715,33.4],[748,33.4],[782,33.3],[815,33.2],[848,33.5],[881,33.2],[915,33.4],[948,33.4],[982,33.3],[1015,33.3],[1048,33.4],[1082,33.3],[1115,33.4],[1148,33.3],[1182,33.4],[1215,33.4],[1248,33.3],[1282,33.3],[1315,33.4],[1348,33.3],[1382,33.4],[1415,33.3],[1448,33.4],[1482,33.3],[1515,33.4],[1548,33.3],[1582,33.4],[1615,33.3],[1648,33.3],[1682,33.4],[1715,33.3],[1749,33.4],[1782,33.3],[1815,33.4],[1849,33.3],[1882,33.4],[1915,33.4],[1949,33.2],[1982,33.4],[2015,33.3],[2049,33.6],[2082,33.1],[2115,33.4],[2149,33.4],[2182,33.2],[2215,33.3],[2249,33.4],[2282,33.3],[2315,33.4],[2349,33.4],[2382,33.4],[2415,33.2],[2449,33.5],[2482,33.3],[2516,33.4],[2549,33.3],[2582,33.3],[2616,33.4],[2649,33.4],[2682,33.2],[2716,33.4],[2749,33.4],[2782,33.4],[2816,33.3],[2849,33.3],[2882,33.3],[2916,33.3],[2949,33.4],[2982,33.3],[3016,33.4],[3049,33.4],[3082,33.4],[3116,33.3],[3149,33.4],[3182,33.3],[3216,33.3],[3249,33.4],[3282,33.3],[3316,33.3],[3349,33.4],[3382,33.3],[3416,33.4],[3449,33.2],[3483,33.5],[3516,33.3],[3549,33.3],[3583,33.4],[3616,33.3],[3649,33.3],[3683,33.5],[3716,33.3],[3749,33.3],[3783,33.4],[3816,33.3],[3849,33.3],[3883,33.3],[3916,33.4],[3949,33.4],[3983,33.3],[4016,33.4],[4049,33.3],[4083,33.4],[4116,33.4],[4149,33.3],[4183,33.4],[4216,33.3],[4249,33.3],[4283,33.3],[4316,33.4],[4350,33.4],[4383,33.3],[4416,33.3],[4450,33.4],[4483,33.5],[4516,33.1],[4550,33.5],[4583,33.3],[4616,33.3],[4650,33.4],[4683,33.3],[4716,33.3],[4750,33.4],[4783,33.3],[4816,33.4],[4850,33.3],[4883,33.4],[4916,33.4],[4950,33.2],[4983,33.4],[5016,33.4],[5050,33.3],[5083,33.4],[5116,33.2],[5150,33.5],[5183,33.3],[5217,33.4],[5250,33.3],[5283,33.3],[5317,33.4],[5350,33.3],[5383,33.4],[5417,33.4],[5450,33.2],[5483,33.5],[5517,33.2],[5550,33.4],[5583,33.3],[5617,33.4],[5650,33.4],[5683,33.2],[5717,33.5],[5750,33.4],[5783,33.3],[5817,33.3],[5850,33.3],[5883,33.3],[5917,33.3],[5950,33.5],[5984,33.4],[6017,33.2],[6050,33.4],[6083,33.3],[6117,33.4],[6150,33.4],[6184,33.4],[6217,33.2],[6250,33.4],[6284,33.3],[6317,33.3],[6350,33.4],[6384,33.4],[6417,33.3],[6450,33.4],[6484,33.4],[6517,33.2],[6550,33.4],[6584,33.5],[6617,33.2],[6650,33.3],[6684,33.4],[6717,33.4],[6750,33.3],[6784,33.3],[6817,33.4],[6850,33.3],[6884,33.4],[6917,33.2],[6950,33.4],[6984,33.4],[7017,33.4],[7051,33.3],[7084,33.3],[7117,33.4],[7151,33.3],[7184,33.4],[7217,33.4],[7251,33.3],[7284,33.3],[7317,33.3],[7351,33.5],[7384,33.2],[7417,33.4],[7451,33.4],[7484,33.3],[7517,33.4],[7551,33.2],[7584,33.4],[7617,33.4],[7651,33.3],[7684,33.4],[7717,33.3],[7751,33.4],[7784,33.3],[7817,33.3],[7851,33.4],[7884,33.3],[7918,33.4],[7951,33.3],[7984,33.4],[8018,33.4],[8051,33.3],[8084,33.3],[8118,33.4],[8151,33.4],[8184,33.3],[8218,33.3],[8251,33.3],[8284,33.5],[8318,33.2],[8351,33.4],[8384,33.3],[8418,33.3],[8451,33.4],[8484,33.3],[8518,33.4],[8551,33.4],[8584,33.3],[8618,33.4],[8651,33.3],[8685,33.4],[8718,33.3],[8751,33.3],[8784,33.3],[8818,33.4],[8851,33.4],[8885,33.3],[8918,33.4],[8951,33.3],[8985,33.4],[9018,33.3],[9051,33.4],[9085,33.3],[9118,33.4],[9151,33.2],[9185,33.6],[9218,33.2],[9251,33.3],[9285,33.4],[9318,33.3],[9351,33.3],[9385,33.4],[9418,33.4],[9451,33.3],[9485,33.3],[9518,33.5],[9552,33.3],[9585,33.3],[9618,33.3],[9652,33.5],[9685,33.2],[9718,33.5],[9752,33.3],[9785,33.2],[9818,33.4],[9852,33.3],[9885,33.4],[9918,33.5],[9952,33.2],[9985,33.3],[10018,33.4],[10052,33.3],[10085,33.3],[10118,33.5],[10152,33.3],[10185,33.3],[10218,33.3],[10252,33.4],[10285,33.3],[10318,33.4],[10352,33.3],[10385,33.4],[10418,33.3],[10452,33.3],[10485,33.5],[10519,33.3],[10552,33.3],[10585,33.4],[10619,33.4],[10652,33.3],[10685,33.3],[10719,33.4],[10752,33.3],[10785,33.3],[10819,33.4],[10852,33.3],[10885,33.3],[10919,33.4],[10952,33.4],[10985,33.3],[11019,33.3],[11052,33.4],[11085,33.3],[11119,33.4],[11152,33.4],[11185,33.3],[11219,33.4],[11252,33.2],[11285,33.4],[11319,33.4],[11352,33.4],[11385,33.2],[11419,33.5],[11452,33.3],[11486,33.3],[11519,33.4],[11552,33.3],[11586,33.4],[11619,33.3],[11652,33.4],[11686,33.3],[11719,33.3],[11752,33.4],[11786,33.3],[11819,33.3],[11852,33.4],[11886,33.4],[11919,33.4],[11952,33.3],[12002,49.9]],"tasks":[[27,228],[11953,51]]}
  start: {"route":{"from":"HOME","dest":"CIRCUIT","to":"CIRCUIT","base":"HOME","spawn":null},"hydro":false,"substeps":74,"substepsTrue":null,"hydroEvery":null,"nodes":93,"mass":462,"cg":[-150.7,31.6,707.5],"near":["HOME",509],"phase":"TAXI","manual":false,"cam":"chase"}
  + 10 s {"ph":"TAXI","ap":"TAXI","wph":"","pace":{"mode":30,"cap":30,"legacy":false,"steps":2,"dt":0.03330000000000291,"stats":{"down":0,"up":0,"trialsFailed":0,"guarded":0,"cut":0,"stalls":2},"holdUpS":0,"dilation":0.9979246292735304,"stepMs":2.6515900253775557,"otherMs":33.24467130707476,"droppedS":0,"workMs":0,"rateFps":0,"trials":0,"simw":true},"q":78,"t":13.450000000010398}
  + 20 s {"ph":"TAXI","ap":"TAXI","wph":"","pace":{"mode":30,"cap":30,"legacy":false,"steps":2,"dt":0.03330000000000291,"stats":{"down":0,"up":0,"trialsFailed":0,"guarded":0,"cut":0,"stalls":2},"holdUpS":0,"dilation":0.9992167820303005,"stepMs":2.4639620538807234,"otherMs":33.23041895981764,"droppedS":0,"workMs":0,"rateFps":0,"trials":0,"simw":true},"q":78,"t":23.716666666689612}
  + 30 s {"ph":"TAXI","ap":"TAXI","wph":"","pace":{"mode":30,"cap":30,"legacy":false,"steps":2,"dt":0.03330000000000291,"stats":{"down":0,"up":0,"trialsFailed":0,"guarded":0,"cut":0,"stalls":2},"holdUpS":0,"dilation":1.0023125112634916,"stepMs":2.444947775141177,"otherMs":33.234256703676685,"droppedS":0,"workMs":0,"rateFps":0,"trials":0,"simw":true},"q":78,"t":33.400000000012696}
  + 40 s {"ph":"TAXI","ap":"TAXI","wph":"","pace":{"mode":30,"cap":30,"legacy":false,"steps":2,"dt":0.03329999999998836,"stats":{"down":0,"up":0,"trialsFailed":0,"guarded":0,"cut":0,"stalls":2},"holdUpS":0,"dilation":1.002906067640489,"stepMs":3.0161632015181348,"otherMs":33.23663937560455,"droppedS":0,"workMs":0,"rateFps":0,"trials":0,"simw":true},"q":78,"t":43.633333333197115}
  + 50 s {"ph":"TAXI","ap":"TAXI","wph":"","pace":{"mode":30,"cap":30,"legacy":false,"steps":2,"dt":0.03319999999999709,"stats":{"down":0,"up":0,"trialsFailed":0,"guarded":0,"cut":0,"stalls":2},"holdUpS":0,"dilation":1.001933187122308,"stepMs":3.0385481422823326,"otherMs":33.21709593256544,"droppedS":0,"workMs":0,"rateFps":0,"trials":0,"simw":true},"q":78,"t":53.31666666638954}
  + 60 s {"ph":"TAXI","ap":"TAXI","wph":"","pace":{"mode":30,"cap":30,"legacy":false,"steps":2,"dt":0.03319999999999709,"stats":{"down":0,"up":0,"trialsFailed":0,"guarded":0,"cut":0,"stalls":2},"holdUpS":0,"dilation":1.002009299771211,"stepMs":3.1271427452973066,"otherMs":33.23556787783543,"droppedS":0,"workMs":0,"rateFps":0,"trials":0,"simw":true},"q":78,"t":63.53333333290753}
  + 70 s {"ph":"TAXI","ap":"TAXI","wph":"","pace":{"mode":30,"cap":30,"legacy":false,"steps":2,"dt":0.03329999999998836,"stats":{"down":0,"up":0,"trialsFailed":0,"guarded":0,"cut":0,"stalls":2},"holdUpS":0,"dilation":1.0026189493011088,"stepMs":3.1988955242264026,"otherMs":33.22303649498354,"droppedS":0,"workMs":0,"rateFps":0,"trials":0,"simw":true},"q":78,"t":73.7333333327591}
  + 80 s {"ph":"TAXI","ap":"TAXI","wph":"","pace":{"mode":30,"cap":30,"legacy":false,"steps":2,"dt":0.03339999999999418,"stats":{"down":0,"up":0,"trialsFailed":0,"guarded":0,"cut":0,"stalls":2},"holdUpS":0,"dilation":0.9980774943566808,"stepMs":3.062947504012059,"otherMs":33.16486149695585,"droppedS":0,"workMs":0,"rateFps":0,"trials":0,"simw":true},"q":78,"t":83.44999999928437}
  physics: the WORKER - live, placed true, 1 flights (0 inline), world made in 855 ms, held 2 frames, world-version lag max 2 frames
  eval: {"build":"f9145510da7b","preset":"gamer","gfxBuild":"gamer","fleetOn":true,"limit":3,"taxi":{"n":2786,"gpuN":0,"gpu":null,"gpuP90":null,"calls":746,"tris":20125164},"air":{"n":0,"gpuN":0,"gpu":null,"gpuP90":null,"calls":null,"tris":null},"stand":{"key":"jolene|fleet-1-cub@stand:af_m_park:5,fleet-2-jodel@apron:22:0,fleet-3-c172@apron:22:75","n":3,"miss":[],"stats":{"stands":1,"placed":3,"kept":0,"miss":0,"held":3,"waitMs":186}},"fleet":{"stats":{"queued":0,"captures":0,"bakes":0,"hits":0,"stored":0,"decodes":3,"worldRefused":0,"flightRefused":0,"evicted":0,"bakeInWorld":0,"notWanted":0,"inputWaits":0},"why":{},"lru":["mine:fleet-1-cub","mine:fleet-2-jodel","mine:fleet-3-c172"]},"holders":[{"slot":"fleet-1-cub","level":2,"ladder":[0,30,450,2500],"d":507},{"slot":"fleet-2-jodel","level":1,"ladder":[0,30,450,2500],"d":439},{"slot":"fleet-3-c172","level":2,"ladder":[0,30,450,2500],"d":465}]}
  world step: 364 yields in 6512 ms, the longest slice 455 ms
  premises slow builds: z_harbour:v_north:8 171, z_harbour:v_north:4 129, z_harbour:v_north:6 123, z_harbour:v_north:7 120, z_village:v_north:6 116, z_village:v_shore_e:4 115, z_harbour:v_north:5 112, z_harbour:v_north:9 100, z_harbour:v_north:3 88, z_village:v_north:1 68, z_village:v_west:2 66, z_village:v_north:7 66
  HWSTEP none · {"on":false,"why":"localhost (a rig or a dev server)","kind":null,"reading":null,"explicit":"?gfx="}
  per 5 s after the reveal [s, fps, GPU ms, M tris]: -15/-90.9//5.51 -10/20.5//1.17 -5/28.8//2.3 0/30//2.78 5/27//26.78 10/30//27.62 15/30//26.63 20/30//27.91 25/30//19.57 30/30//17.06 35/30//17.35 40/30//20.76 45/30.1//24.25 50/30//20.36 55/30//20.71 60/30//17.57 65/30//18.49 70/30//16.6 75/30//16.88 80/30//17.21 85/30//17.68 90/30.1//20.88 95/30//18.56 100/30//20.25
  ---- fb_gamer_3 · garage 44.1 s · roll-out screen 3.4 s · premises queue empty at +null s
  stand     29.9 fps delivered, 100 % doubled (median 30; dt med 33.3 p90 33.4 p99 33.5 max 50) · loop JS 7.9 · solver 0 (p90 0; 0.01 a step) · world 0 (p90 0) · render 5.2 (p90 6, shadow 1) · prem 0/fr · 2 steps/frame · at 30-cap 100 % · 259 fr / 8.7 s · WORKER step 37.91 ms (p90 47.2), dilation min 1 · loop JS p90 9.8
           lengths: <20 0 % · 20-40 100 % · 40-60 1 fr · 60-100 0 % · 100-250 0 % · 250-1000 0 % · >1000 0 % | p50 33.3 p90 33.4 p99 33.5 p99.9 50 ms | >1.5x cap 0 %, >3x 0 % | >100 ms 0, >1 s 0 (259 fr)
  taxi      29.8 fps delivered, 100 % doubled (median 30; dt med 33.3 p90 33.4 p99 33.5 max 534) · loop JS 13.6 · solver 0.1 (p90 0.2; 0.05 a step) · world 1.2 (p90 2.7) · render 10 (p90 12.2, shadow 1.8) · prem 0/fr · 2 steps/frame · at 30-cap 100 % · 2800 fr / 93.8 s · WORKER step 3.01 ms (p90 3.17), dilation min 0.982 · loop JS p90 16.8
           lengths: <20 8 fr · 20-40 100 % · 40-60 5 fr · 60-100 0 % · 100-250 0 % · 250-1000 1 fr · >1000 0 % | p50 33.3 p90 33.4 p99 33.5 p99.9 50.1 ms | >1.5x cap 0.18 %, >3x 0.040 % | >100 ms 1, >1 s 0 (2800 fr)
  takeoff     30 fps delivered, 80 % doubled (median 30; dt med 33.3 p90 49.9 p99 49.9 max 50) · loop JS 21.2 · solver 0.1 (p90 2.5; 0.33 a step) · world 3.9 (p90 12.1) · render 12.2 (p90 23.6, shadow 2.1) · prem 0/fr · 2 steps/frame · at 30-cap 100 % · 5 fr / 0.2 s · WORKER step 0 ms (p90 0), dilation min 1 · loop JS p90 50.7
           lengths: <20 20 % · 20-40 60 % · 40-60 20 % · 60-100 0 % · 100-250 0 % · 250-1000 0 % · >1000 0 % | p50 33.3 p90 49.9 p99 49.9 p99.9 49.9 ms | >1.5x cap 0 %, >3x 0 % | >100 ms 0, >1 s 0 (5 fr)
  FRAME LENGTHS (every frame after the reveal):
    <20 ms             9    0.29 %  .
    20-40 ms        3047      99 %  ########################################
    40-60 ms           7    0.23 %  .
    60-100 ms          0       0 %  
    100-250 ms         0       0 %  
    250-1000 ms        1   0.030 %  .
    >1000 ms           0       0 %  
    p50 33.3 · p90 33.4 · p99 33.5 · p99.9 50.1 · worst 533.5 ms
    over 1.5x the cap's frame time 5 (0.16 %) · over 3x 1 (0.030 %) · over 100 ms 1 · over 1 s 0  (3064 frames)
  ROLLOUT over100ms: FAIL {"n":1,"worst":533,"pass":false}
  ROLLOUT below30run: PASS {"sec":0.58,"pass":true}
  ROLLOUT standTaxiMedianFps: FAIL {"fps":30,"pass":false}
  ROLLOUT standTaxiDeliveredFps: FAIL {"fps":29.9,"doubled":0.997,"dtP90":33.4,"dtP99":33.5,"pass":false}
  ROLLOUT longTask1s: FAIL {"n":2,"worst":3383,"pass":false}
  long tasks > 200 ms: 23 · worst 8: 3383@31s 1245@40s 675@2s 586@3s 543@60s 538@3s 504@4s 454@8s
  -> D:/Dev/wt-fleetb/flyDiy/reports/evidence/FLEET-PROPS-B/timed/rp_gamer_3.json
