rollout_perf [fb_gamer_6] http://localhost:8695/flyDiy/index.html?gfx=gamer&fleet=1&fleetn=6
  garage ready: ready after 44.6 s
  ANGLE (NVIDIA, NVIDIA GeForce RTX 3080 (0x00002216) Direct3D11 vs_5_0 ps_5_0, D3D11) · gfx {"preset":"gamer","build":"gamer","pv":8,"fps":30,"fpsOwn":false,"ground":"far1","scale":1,"cover":"full","scenery":"full","drawDist":"vis","terrain":1,"aa":"msaa","density":128,"bands":"mid","shadows":"full","canopy":"on","rails":"on","poles":"on","glare":"on","sway":"on","mist":"land","clouds":"half","water":"simple","mirror":"off","lighting":"sunset","tone":"cineon","exposure":1,"colour":"managed","bloom":"soft","look":"off","lens":"off","rays":"off","ao":"off","eye":"off","compositing":"linear","own":false,"hw":null,"town":"nearby"}
  TOWN step 7.4 s · long tasks >= 50 ms: 61 (4689 ms), over 100 ms: 12, worst 251 ms
  SETTLE step 10.5 s · long tasks >= 50 ms: 17 (1446 ms), over 100 ms: 6, worst 240 ms
  HOUSE WORKER {"on":true,"why":"on","ready":true,"failed":false,"results":95,"initMs":1465,"composeMs":474,"built":0,"hits":92,"misses":0,"genMs":0,"cache":true,"mb":223.1,"moved":15956,"kept":0,"tallies":3} · page: {"dispatched":95,"placed":137,"here":3}
  roll-out screen: gone after 3.4 s
  SHOT {"frames":353,"fps":30,"med":33.3,"p90":33.4,"max":33.8,"over33":24,"secs":12.12,"trip":{"anim":"played","where":null,"ms":11999,"dissolveMs":0.3},"longTasks":1,"worstTask":255,"slowFrames":[[353,33.4],[386,33.3],[419,33.4],[453,33.4],[486,33.2],[519,33.4],[553,33.4],[586,33.3],[619,33.4],[653,33.3],[686,33.3],[720,33.6],[753,33.1],[786,33.3],[819,33.4],[853,33.4],[886,33.3],[919,33.4],[953,33.4],[986,33.3],[1019,33.3],[1053,33.4],[1086,33.3],[1120,33.4],[1153,33.3],[1186,33.3],[1220,33.4],[1253,33.3],[1286,33.4],[1320,33.3],[1353,33.3],[1386,33.4],[1420,33.4],[1453,33.3],[1486,33.4],[1520,33.3],[1553,33.3],[1586,33.4],[1620,33.4],[1653,33.3],[1686,33.4],[1720,33.3],[1753,33.3],[1786,33.3],[1820,33.4],[1853,33.3],[1886,33.4],[1920,33.3],[1953,33.4],[1987,33.4],[2020,33.4],[2053,33.2],[2087,33.4],[2120,33.4],[2153,33.2],[2187,33.4],[2220,33.4],[2253,33.3],[2287,33.5],[2320,33.3],[2353,33.3],[2387,33.3],[2420,33.3],[2454,33.7],[2487,33.1],[2520,33.2],[2553,33.4],[2587,33.4],[2620,33.4],[2653,33.3],[2687,33.4],[2720,33.3],[2753,33.3],[2787,33.3],[2820,33.4],[2853,33.3],[2887,33.4],[2920,33.3],[2954,33.4],[2987,33.4],[3020,33.3],[3054,33.3],[3087,33.4],[3120,33.4],[3154,33.2],[3187,33.4],[3220,33.4],[3254,33.3],[3287,33.4],[3320,33.3],[3354,33.4],[3387,33.3],[3420,33.3],[3454,33.3],[3487,33.5],[3520,33.3],[3554,33.3],[3587,33.4],[3620,33.3],[3654,33.3],[3687,33.4],[3720,33.3],[3754,33.4],[3787,33.3],[3820,33.3],[3854,33.4],[3887,33.4],[3921,33.3],[3954,33.4],[3987,33.3],[4021,33.4],[4054,33.2],[4087,33.5],[4121,33.3],[4154,33.4],[4187,33.2],[4221,33.4],[4254,33.3],[4287,33.4],[4321,33.4],[4354,33.4],[4387,33.3],[4421,33.3],[4454,33.3],[4487,33.4],[4521,33.4],[4554,33.4],[4588,33.3],[4621,33.3],[4654,33.3],[4687,33.3],[4721,33.5],[4754,33.3],[4788,33.3],[4821,33.4],[4854,33.4],[4888,33.2],[4921,33.4],[4954,33.4],[4988,33.2],[5021,33.5],[5054,33.3],[5088,33.3],[5121,33.6],[5154,33.1],[5188,33.4],[5221,33.3],[5254,33.3],[5288,33.5],[5321,33.2],[5354,33.4],[5388,33.3],[5421,33.5],[5455,33.3],[5488,33.3],[5521,33.4],[5555,33.3],[5588,33.3],[5621,33.4],[5655,33.3],[5688,33.4],[5721,33.3],[5755,33.3],[5788,33.4],[5821,33.4],[5855,33.3],[5888,33.4],[5921,33.3],[5955,33.3],[5988,33.4],[6021,33.3],[6055,33.3],[6088,33.5],[6121,33.3],[6155,33.3],[6188,33.4],[6222,33.4],[6255,33.2],[6288,33.4],[6321,33.3],[6355,33.3],[6388,33.5],[6421,33.2],[6455,33.4],[6488,33.4],[6522,33.4],[6555,33.3],[6588,33.3],[6622,33.3],[6655,33.4],[6688,33.3],[6722,33.4],[6755,33.3],[6788,33.4],[6822,33.3],[6855,33.4],[6888,33.3],[6922,33.4],[6955,33.3],[6988,33.4],[7022,33.3],[7055,33.4],[7088,33.3],[7122,33.4],[7155,33.3],[7188,33.3],[7222,33.4],[7255,33.3],[7288,33.3],[7322,33.4],[7355,33.4],[7389,33.3],[7422,33.4],[7455,33.3],[7489,33.4],[7522,33.3],[7555,33.3],[7589,33.4],[7622,33.3],[7655,33.4],[7689,33.3],[7722,33.4],[7755,33.4],[7789,33.2],[7822,33.4],[7855,33.4],[7889,33.3],[7922,33.3],[7955,33.4],[7989,33.3],[8022,33.4],[8056,33.5],[8089,33.2],[8122,33.4],[8155,33.2],[8189,33.4],[8222,33.4],[8256,33.3],[8289,33.4],[8322,33.4],[8356,33.2],[8389,33.4],[8422,33.4],[8456,33.3],[8489,33.4],[8522,33.3],[8556,33.3],[8589,33.4],[8622,33.3],[8656,33.5],[8689,33.2],[8722,33.4],[8756,33.3],[8789,33.4],[8822,33.3],[8856,33.3],[8889,33.4],[8923,33.4],[8956,33.3],[8989,33.4],[9023,33.3],[9056,33.4],[9089,33.3],[9123,33.3],[9156,33.4],[9189,33.3],[9223,33.4],[9256,33.3],[9289,33.3],[9323,33.4],[9356,33.3],[9389,33.4],[9423,33.5],[9456,33.1],[9489,33.5],[9523,33.3],[9556,33.7],[9589,32.9],[9623,33.4],[9656,33.4],[9689,33.3],[9723,33.4],[9756,33.3],[9789,33.3],[9823,33.5],[9856,33.2],[9890,33.4],[9923,33.3],[9956,33.3],[9990,33.5],[10023,33.2],[10056,33.4],[10090,33.4],[10123,33.3],[10156,33.3],[10190,33.4],[10223,33.3],[10256,33.4],[10290,33.3],[10323,33.4],[10356,33.3],[10390,33.3],[10423,33.4],[10456,33.4],[10490,33.3],[10523,33.3],[10556,33.4],[10590,33.4],[10623,33.3],[10656,33.3],[10690,33.4],[10723,33.3],[10757,33.4],[10790,33.3],[10823,33.5],[10857,33.2],[10890,33.3],[10923,33.4],[10957,33.3],[10990,33.5],[11023,33.2],[11057,33.4],[11090,33.4],[11123,33.2],[11157,33.5],[11190,33.3],[11223,33.4],[11257,33.2],[11290,33.5],[11323,33.3],[11357,33.3],[11390,33.4],[11423,33.3],[11457,33.3],[11490,33.4],[11523,33.3],[11557,33.4],[11590,33.3],[11623,33.3],[11657,33.4],[11690,33.4],[11724,33.3],[11757,33.3],[11790,33.4],[11824,33.4],[11857,33.3],[11890,33.4],[11924,33.4],[11958,33.8],[11990,32.8],[12024,33.4],[12057,33.3],[12090,33.3]],"tasks":[[38,255]]}
  start: {"route":{"from":"HOME","dest":"CIRCUIT","to":"CIRCUIT","base":"HOME","spawn":null},"hydro":false,"substeps":74,"substepsTrue":null,"hydroEvery":null,"nodes":93,"mass":462,"cg":[-150.8,31.6,707.5],"near":["HOME",509],"phase":"TAXI","manual":false,"cam":"chase"}
  + 10 s {"ph":"TAXI","ap":"TAXI","wph":"","pace":{"mode":30,"cap":30,"legacy":false,"steps":2,"dt":0.03340000000000873,"stats":{"down":0,"up":0,"trialsFailed":0,"guarded":0,"cut":0,"stalls":3},"holdUpS":0,"dilation":1.0029489909983147,"stepMs":2.4288388266463934,"otherMs":33.26991956240058,"droppedS":0,"workMs":0,"rateFps":0,"trials":0,"simw":true},"q":78,"t":13.450000000010398}
  + 20 s {"ph":"TAXI","ap":"TAXI","wph":"","pace":{"mode":30,"cap":30,"legacy":false,"steps":2,"dt":0.03330000000000291,"stats":{"down":0,"up":0,"trialsFailed":0,"guarded":0,"cut":0,"stalls":3},"holdUpS":0,"dilation":1.0022741201243062,"stepMs":2.511114666819577,"otherMs":33.23311173456945,"droppedS":0,"workMs":0,"rateFps":0,"trials":0,"simw":true},"q":78,"t":23.66666666668955}
  + 30 s {"ph":"TAXI","ap":"TAXI","wph":"","pace":{"mode":30,"cap":30,"legacy":false,"steps":2,"dt":0.03330000000000291,"stats":{"down":0,"up":0,"trialsFailed":0,"guarded":0,"cut":0,"stalls":3},"holdUpS":0,"dilation":0.9993489743848423,"stepMs":2.379621252628507,"otherMs":33.22171000186085,"droppedS":0,"workMs":0,"rateFps":0,"trials":0,"simw":true},"q":78,"t":33.350000000013424}
  + 40 s {"ph":"TAXI","ap":"TAXI","wph":"","pace":{"mode":30,"cap":30,"legacy":false,"steps":2,"dt":0.03330000000000291,"stats":{"down":0,"up":0,"trialsFailed":0,"guarded":0,"cut":0,"stalls":3},"holdUpS":0,"dilation":1.0027792908933277,"stepMs":3.201691496289592,"otherMs":33.23245831284468,"droppedS":0,"workMs":0,"rateFps":0,"trials":0,"simw":true},"q":78,"t":43.53333333319857}
  + 50 s {"ph":"TAXI","ap":"TAXI","wph":"","pace":{"mode":30,"cap":30,"legacy":false,"steps":2,"dt":0.03319999999999709,"stats":{"down":0,"up":0,"trialsFailed":0,"guarded":0,"cut":0,"stalls":3},"holdUpS":0,"dilation":1.0026210091416075,"stepMs":3.02400712712418,"otherMs":33.2248850932444,"droppedS":0,"workMs":0,"rateFps":0,"trials":0,"simw":true},"q":78,"t":53.24999999972384}
  + 60 s {"ph":"TAXI","ap":"TAXI","wph":"","pace":{"mode":30,"cap":30,"legacy":false,"steps":2,"dt":0.03340000000000873,"stats":{"down":0,"up":0,"trialsFailed":0,"guarded":0,"cut":0,"stalls":3},"holdUpS":0,"dilation":0.9997158586225745,"stepMs":3.1104363527075307,"otherMs":33.242424305356984,"droppedS":0,"workMs":0,"rateFps":0,"trials":0,"simw":true},"q":78,"t":63.466666666241835}
  + 70 s {"ph":"TAXI","ap":"TAXI","wph":"","pace":{"mode":30,"cap":30,"legacy":false,"steps":2,"dt":0.03339999999999418,"stats":{"down":0,"up":0,"trialsFailed":0,"guarded":0,"cut":0,"stalls":3},"holdUpS":0,"dilation":0.998120184652546,"stepMs":3.135871972030934,"otherMs":33.240767489756514,"droppedS":0,"workMs":0,"rateFps":0,"trials":0,"simw":true},"q":78,"t":73.69999999942625}
  + 80 s {"ph":"TAXI","ap":"TAXI","wph":"","pace":{"mode":30,"cap":30,"legacy":false,"steps":2,"dt":0.03329999999998836,"stats":{"down":0,"up":0,"trialsFailed":0,"guarded":0,"cut":0,"stalls":3},"holdUpS":0,"dilation":0.9982964574079473,"stepMs":3.070957040844618,"otherMs":33.04704075742022,"droppedS":0,"workMs":0,"rateFps":0,"trials":0,"simw":true},"q":78,"t":83.38333333261868}
  physics: the WORKER - live, placed true, 1 flights (0 inline), world made in 850 ms, held 2 frames, world-version lag max 2 frames
  eval: {"build":"f9145510da7b","preset":"gamer","gfxBuild":"gamer","fleetOn":true,"limit":6,"taxi":{"n":2783,"gpuN":0,"gpu":null,"gpuP90":null,"calls":749,"tris":20088474},"air":{"n":0,"gpuN":0,"gpu":null,"gpuP90":null,"calls":null,"tris":null},"stand":{"key":"jolene|fleet-1-cub@stand:af_m_park:5,fleet-2-jodel@apron:22:0,fleet-3-c172@apron:22:75,fleet-4-c172floats@apron:22:210,fleet-5-twinfloats@apron:34:0,fleet-6-metal@apron:34:60","n":6,"miss":[],"stats":{"stands":1,"placed":6,"kept":0,"miss":0,"held":0,"waitMs":347}},"fleet":{"stats":{"queued":0,"captures":0,"bakes":0,"hits":0,"stored":0,"decodes":6,"worldRefused":0,"flightRefused":0,"evicted":0,"bakeInWorld":0,"notWanted":0,"inputWaits":0},"why":{},"lru":["mine:fleet-1-cub","mine:fleet-2-jodel","mine:fleet-3-c172","mine:fleet-4-c172floats","mine:fleet-5-twinfloats","mine:fleet-6-metal"]},"holders":[{"slot":"fleet-1-cub","level":2,"ladder":[0,30,450,2500],"d":506},{"slot":"fleet-2-jodel","level":1,"ladder":[0,30,450,2500],"d":438},{"slot":"fleet-3-c172","level":2,"ladder":[0,30,450,2500],"d":464},{"slot":"fleet-4-c172floats","level":2,"ladder":[0,30,450,2500],"d":466},{"slot":"fleet-5-twinfloats","level":1,"ladder":[0,30,450,2500],"d":429},{"slot":"fleet-6-metal","level":2,"ladder":[0,30,450,2500],"d":461}]}
  world step: 364 yields in 6584 ms, the longest slice 464 ms
  premises slow builds: z_harbour:v_north:9 145, z_harbour:v_north:4 129, z_harbour:v_north:6 125, z_harbour:v_north:8 121, z_harbour:v_north:7 118, z_village:v_north:6 116, z_harbour:v_north:5 115, z_village:r_village:16 113, z_village:r_village:4 84, z_harbour:v_north:3 84, z_village:v_north:1 74, z_village:v_shore_e:7 71
  HWSTEP none · {"on":false,"why":"localhost (a rig or a dev server)","kind":null,"reading":null,"explicit":"?gfx="}
  per 5 s after the reveal [s, fps, GPU ms, M tris]: -15/-1250//5.51 -10/21.2//1.17 -5/28.6//5.34 0/30//2.78 5/26.9//30.02 10/30//28.43 15/30//27.05 20/30//26.37 25/30//23.56 30/30//20.48 35/30//20.82 40/30//23.93 45/30.1//24.37 50/30//20.49 55/30//20.79 60/30//17.62 65/30//18.44 70/30//18.94 75/30//19.59 80/30//19.7 85/30//20.31 90/30.1//20.95 95/30//18.69 100/30//17.23
  ---- fb_gamer_6 · garage 44.6 s · roll-out screen 3.4 s · premises queue empty at +null s
  stand       30 fps delivered, 100 % doubled (median 30; dt med 33.3 p90 33.4 p99 33.6 max 34) · loop JS 8.1 · solver 0 (p90 0; 0.01 a step) · world 0 (p90 0) · render 5.3 (p90 6, shadow 1) · prem 0/fr · 2 steps/frame · at 30-cap 100 % · 264 fr / 8.8 s · WORKER step 22.23 ms (p90 36.73), dilation min 1 · loop JS p90 9.9
           lengths: <20 0 % · 20-40 100 % · 40-60 0 % · 60-100 0 % · 100-250 0 % · 250-1000 0 % · >1000 0 % | p50 33.3 p90 33.4 p99 33.6 p99.9 33.8 ms | >1.5x cap 0 %, >3x 0 % | >100 ms 0, >1 s 0 (264 fr)
  taxi      29.8 fps delivered, 100 % doubled (median 30; dt med 33.3 p90 33.4 p99 33.5 max 550) · loop JS 13.6 · solver 0.1 (p90 0.2; 0.05 a step) · world 1.2 (p90 2.8) · render 10 (p90 12.3, shadow 1.8) · prem 0.01/fr · 2 steps/frame · at 30-cap 100 % · 2795 fr / 93.7 s · WORKER step 3.01 ms (p90 3.18), dilation min 0.981 · loop JS p90 16.9
           lengths: <20 10 fr · 20-40 99 % · 40-60 8 fr · 60-100 0 % · 100-250 0 % · 250-1000 1 fr · >1000 0 % | p50 33.3 p90 33.4 p99 33.5 p99.9 50.1 ms | >1.5x cap 0.11 %, >3x 0.040 % | >100 ms 1, >1 s 0 (2795 fr)
  takeoff     30 fps delivered, 100 % doubled (median 30; dt med 33.3 p90 33.4 p99 33.4 max 33) · loop JS 22 · solver 0.1 (p90 2.7; 0.35 a step) · world 3 (p90 12.2) · render 12.4 (p90 24.1, shadow 2.3) · prem 0.02/fr · 2 steps/frame · at 30-cap 100 % · 5 fr / 0.2 s · WORKER step 0 ms (p90 0), dilation min 1 · loop JS p90 48.8
           lengths: <20 0 % · 20-40 100 % · 40-60 0 % · 60-100 0 % · 100-250 0 % · 250-1000 0 % · >1000 0 % | p50 33.3 p90 33.4 p99 33.4 p99.9 33.4 ms | >1.5x cap 0 %, >3x 0 % | >100 ms 0, >1 s 0 (5 fr)
  FRAME LENGTHS (every frame after the reveal):
    <20 ms            10    0.33 %  .
    20-40 ms        3045      99 %  ########################################
    40-60 ms           8    0.26 %  .
    60-100 ms          0       0 %  
    100-250 ms         0       0 %  
    250-1000 ms        1   0.030 %  .
    >1000 ms           0       0 %  
    p50 33.3 · p90 33.4 · p99 33.5 · p99.9 50 · worst 550.2 ms
    over 1.5x the cap's frame time 3 (0.10 %) · over 3x 1 (0.030 %) · over 100 ms 1 · over 1 s 0  (3064 frames)
  ROLLOUT over100ms: FAIL {"n":1,"worst":550,"pass":false}
  ROLLOUT below30run: PASS {"sec":0.63,"pass":true}
  ROLLOUT standTaxiMedianFps: FAIL {"fps":30,"pass":false}
  ROLLOUT standTaxiDeliveredFps: FAIL {"fps":29.8,"doubled":0.997,"dtP90":33.4,"dtP99":33.5,"pass":false}
  ROLLOUT longTask1s: FAIL {"n":1,"worst":3490,"pass":false}
  long tasks > 200 ms: 24 · worst 8: 3490@31s 995@41s 676@2s 568@3s 561@61s 536@3s 497@4s 463@8s
  -> D:/Dev/wt-fleetb/flyDiy/reports/evidence/FLEET-PROPS-B/timed/rp_gamer_6.json
