rollout_perf [fb_potato_3] http://localhost:8695/flyDiy/index.html?gfx=potato&fleet=1&fleetn=3
  garage ready: ready after 27.9 s
  ANGLE (NVIDIA, NVIDIA GeForce RTX 3080 (0x00002216) Direct3D11 vs_5_0 ps_5_0, D3D11) · gfx {"preset":"potato","build":"potato","pv":8,"fps":30,"fpsOwn":false,"ground":"plain","scale":0.67,"cover":"off","scenery":"low","drawDist":"vis","terrain":6,"aa":"off","density":100,"bands":"near","shadows":"off","canopy":"off","rails":"off","poles":"off","glare":"off","sway":"off","mist":"on","clouds":"off","water":"simple","mirror":"off","lighting":"sunset","tone":"cineon","exposure":1,"colour":"managed","bloom":"off","look":"off","lens":"off","rays":"off","ao":"off","eye":"off","compositing":"linear","own":false,"hw":null,"town":"nearby"}
  TOWN step 0.6 s · long tasks >= 50 ms: 3 (271 ms), over 100 ms: 1, worst 137 ms
  SETTLE step 5.4 s · long tasks >= 50 ms: 7 (794 ms), over 100 ms: 3, worst 199 ms
  HOUSE WORKER {"on":true,"why":"on","ready":true,"failed":false,"results":8,"initMs":1446,"composeMs":473,"built":0,"hits":6,"misses":0,"genMs":0,"cache":true,"mb":6,"moved":353,"kept":0,"tallies":2} · page: {"dispatched":8,"placed":50,"here":2}
  roll-out screen: gone after 3.3 s
  SHOT {"frames":348,"fps":30,"med":33.3,"p90":33.4,"max":34.1,"over33":26,"secs":11.87,"trip":{"anim":"played","where":null,"ms":11845,"dissolveMs":0.4},"longTasks":1,"worstTask":151,"slowFrames":[[265,33.5],[298,33.3],[331,33.4],[365,33.4],[398,33.2],[431,33.3],[465,33.4],[498,33.3],[531,33.4],[565,33.3],[598,33.3],[631,33.4],[665,33.4],[698,33.3],[731,33.3],[765,33.4],[798,33.4],[831,33.3],[865,33.5],[898,33.2],[931,33.4],[965,33.3],[998,33.4],[1031,33.3],[1065,33.3],[1098,33.4],[1131,33.3],[1165,33.4],[1198,33.3],[1231,33.3],[1265,33.4],[1298,33.4],[1332,33.3],[1365,33.3],[1398,33.5],[1432,33.3],[1465,33.4],[1498,33.2],[1532,33.3],[1565,33.4],[1598,33.4],[1632,33.3],[1665,33.4],[1698,33.2],[1732,33.5],[1765,33.3],[1798,33.3],[1832,33.4],[1865,33.4],[1898,33.3],[1932,33.3],[1965,33.3],[1999,33.5],[2032,33.2],[2065,33.5],[2099,33.3],[2132,33.3],[2165,33.4],[2199,33.3],[2232,33.4],[2265,33.3],[2299,33.3],[2332,33.5],[2365,33.3],[2399,33.3],[2432,33.3],[2465,33.3],[2499,33.4],[2532,33.4],[2565,33.3],[2599,33.3],[2632,33.4],[2665,33.3],[2699,33.5],[2732,33.3],[2765,33.2],[2799,33.4],[2832,33.3],[2866,33.5],[2899,33.3],[2932,33.3],[2966,33.4],[2999,33.3],[3032,33.4],[3066,33.3],[3099,33.4],[3132,33.3],[3166,33.3],[3199,33.4],[3232,33.4],[3266,33.3],[3299,33.2],[3332,33.5],[3366,33.3],[3399,33.4],[3432,33.3],[3466,33.3],[3499,33.4],[3532,33.3],[3566,33.4],[3599,33.3],[3632,33.4],[3666,33.4],[3699,33.3],[3732,33.3],[3766,33.3],[3799,33.4],[3832,33.3],[3866,33.4],[3899,33.4],[3933,33.3],[3966,33.4],[3999,33.3],[4033,33.3],[4066,33.4],[4099,33.3],[4133,33.5],[4166,33.4],[4199,33.2],[4233,33.3],[4266,33.4],[4299,33.3],[4333,33.3],[4366,33.4],[4399,33.3],[4433,33.3],[4466,33.4],[4499,33.3],[4533,33.4],[4566,33.4],[4599,33.3],[4633,33.3],[4666,33.4],[4700,33.4],[4733,33.3],[4766,33.4],[4800,33.3],[4833,33.3],[4866,33.4],[4900,33.4],[4933,33.3],[4966,33.3],[5000,33.4],[5033,33.3],[5066,33.4],[5100,33.2],[5133,33.5],[5166,33.3],[5200,33.3],[5233,33.4],[5266,33.4],[5300,33.2],[5333,33.4],[5366,33.4],[5400,33.2],[5433,33.5],[5466,33.3],[5500,33.4],[5533,33.3],[5567,33.4],[5600,33.3],[5633,33.3],[5667,33.4],[5700,33.3],[5733,33.4],[5767,33.3],[5800,33.4],[5833,33.3],[5867,33.4],[5900,33.2],[5933,33.5],[5967,33.5],[6000,33.1],[6033,33.4],[6067,33.4],[6100,33.4],[6133,33.2],[6167,33.4],[6200,33.4],[6233,33.3],[6267,33.4],[6300,33.2],[6334,34.1],[6367,32.6],[6400,33.4],[6434,33.4],[6467,33.3],[6500,33.3],[6534,33.4],[6567,33.3],[6600,33.3],[6634,33.4],[6667,33.4],[6700,33.3],[6734,33.3],[6767,33.5],[6800,33.2],[6834,33.4],[6867,33.4],[6900,33.3],[6934,33.4],[6967,33.4],[7000,33.2],[7034,33.3],[7067,33.4],[7100,33.4],[7134,33.3],[7167,33.3],[7200,33.4],[7234,33.3],[7267,33.4],[7300,33.3],[7334,33.4],[7367,33.3],[7401,33.4],[7434,33.3],[7467,33.4],[7501,33.4],[7534,33.3],[7567,33.3],[7601,33.4],[7634,33.3],[7667,33.4],[7701,33.3],[7734,33.3],[7767,33.4],[7801,33.3],[7834,33.4],[7867,33.3],[7901,33.4],[7934,33.3],[7967,33.4],[8001,33.3],[8034,33.5],[8067,33.2],[8101,33.3],[8134,33.4],[8167,33.3],[8201,33.4],[8234,33.3],[8268,33.5],[8301,33.2],[8334,33.4],[8368,33.3],[8401,33.4],[8434,33.3],[8468,33.3],[8501,33.4],[8534,33.4],[8568,33.3],[8601,33.4],[8634,33.3],[8668,33.4],[8701,33.3],[8734,33.4],[8768,33.2],[8801,33.4],[8834,33.4],[8868,33.4],[8901,33.4],[8934,33.2],[8968,33.4],[9001,33.3],[9034,33.3],[9068,33.3],[9101,33.4],[9135,33.4],[9168,33.4],[9201,33.2],[9235,33.4],[9268,33.3],[9301,33.4],[9335,33.4],[9368,33.3],[9401,33.4],[9435,33.3],[9468,33.4],[9501,33.3],[9535,33.4],[9568,33.3],[9601,33.4],[9635,33.2],[9668,33.4],[9701,33.3],[9735,33.7],[9768,33.1],[9802,33.4],[9835,33.2],[9868,33.3],[9902,33.5],[9935,33.4],[9968,33.3],[10002,33.3],[10035,33.3],[10068,33.4],[10102,33.4],[10135,33.2],[10168,33.4],[10202,33.3],[10235,33.4],[10268,33.3],[10302,33.4],[10335,33.4],[10368,33.3],[10402,33.3],[10435,33.4],[10468,33.3],[10502,33.3],[10535,33.4],[10568,33.3],[10602,33.4],[10635,33.4],[10668,33.3],[10702,33.4],[10735,33.3],[10769,33.4],[10802,33.3],[10835,33.3],[10868,33.3],[10902,33.4],[10935,33.3],[10969,33.6],[11002,33.2],[11035,33.3],[11069,33.4],[11102,33.3],[11135,33.3],[11169,33.3],[11202,33.5],[11235,33.3],[11269,33.3],[11302,33.3],[11335,33.4],[11369,33.6],[11402,33.1],[11435,33.3],[11469,33.4],[11502,33.5],[11535,33.2],[11569,33.4],[11602,33.4],[11635,33.2],[11669,33.5],[11702,33.2],[11735,33.3],[11769,33.4],[11802,33.4],[11836,33.3]],"tasks":[[25,151]]}
  start: {"route":{"from":"HOME","dest":"CIRCUIT","to":"CIRCUIT","base":"HOME","spawn":null},"hydro":false,"substeps":74,"substepsTrue":null,"hydroEvery":null,"nodes":93,"mass":462,"cg":[-150.3,31.6,706.9],"near":["HOME",509],"phase":"TAXI","manual":false,"cam":"chase"}
  + 10 s {"ph":"TAXI","ap":"TAXI","wph":"","pace":{"mode":30,"cap":30,"legacy":false,"steps":2,"dt":0.03319999999999709,"stats":{"down":0,"up":0,"trialsFailed":0,"guarded":0,"cut":0,"stalls":2},"holdUpS":0,"dilation":1.0018455991356754,"stepMs":2.3982481816129084,"otherMs":33.23684992979188,"droppedS":0,"workMs":0,"rateFps":0,"trials":0,"simw":true},"q":165,"t":13.650000000010643}
  + 20 s {"ph":"TAXI","ap":"TAXI","wph":"","pace":{"mode":30,"cap":30,"legacy":false,"steps":2,"dt":0.03319999999999709,"stats":{"down":0,"up":0,"trialsFailed":0,"guarded":0,"cut":0,"stalls":2},"holdUpS":0,"dilation":1.002702898836937,"stepMs":2.461850121250159,"otherMs":33.2171548642164,"droppedS":0,"workMs":0,"rateFps":0,"trials":0,"simw":true},"q":165,"t":23.78333333335636}
  + 30 s {"ph":"TAXI","ap":"TAXI","wph":"","pace":{"mode":30,"cap":30,"legacy":false,"steps":2,"dt":0.03330000000000291,"stats":{"down":0,"up":0,"trialsFailed":0,"guarded":0,"cut":0,"stalls":2},"holdUpS":0,"dilation":1.0034339925303568,"stepMs":2.4595027508909606,"otherMs":33.24662617643678,"droppedS":0,"workMs":0,"rateFps":0,"trials":0,"simw":true},"q":165,"t":33.50000000001124}
  + 40 s {"ph":"TAXI","ap":"TAXI","wph":"","pace":{"mode":30,"cap":30,"legacy":false,"steps":2,"dt":0.03330000000000291,"stats":{"down":0,"up":0,"trialsFailed":0,"guarded":0,"cut":0,"stalls":2},"holdUpS":0,"dilation":1.0026104562379767,"stepMs":3.0402614326758846,"otherMs":32.211893269505104,"droppedS":0,"workMs":0,"rateFps":0,"trials":0,"simw":true},"q":165,"t":43.716666666529235}
  + 50 s {"ph":"TAXI","ap":"TAXI","wph":"","pace":{"mode":30,"cap":30,"legacy":false,"steps":2,"dt":0.03339999999999418,"stats":{"down":0,"up":0,"trialsFailed":0,"guarded":0,"cut":0,"stalls":2},"holdUpS":0,"dilation":1.0029386131610405,"stepMs":3.0448063516349473,"otherMs":33.26640068981999,"droppedS":0,"workMs":0,"rateFps":0,"trials":0,"simw":true},"q":165,"t":53.89999999971438}
  + 60 s {"ph":"TAXI","ap":"TAXI","wph":"","pace":{"mode":30,"cap":30,"legacy":false,"steps":2,"dt":0.03330000000000291,"stats":{"down":0,"up":0,"trialsFailed":0,"guarded":0,"cut":0,"stalls":2},"holdUpS":0,"dilation":0.9991272727668223,"stepMs":2.9978969976055416,"otherMs":33.249861247735595,"droppedS":0,"workMs":0,"rateFps":0,"trials":0,"simw":true},"q":165,"t":63.583333332906804}
  + 70 s {"ph":"TAXI","ap":"TAXI","wph":"","pace":{"mode":30,"cap":30,"legacy":false,"steps":2,"dt":0.03339999999999418,"stats":{"down":0,"up":0,"trialsFailed":0,"guarded":0,"cut":0,"stalls":2},"holdUpS":0,"dilation":1.0013395380090082,"stepMs":3.257606106642494,"otherMs":33.24266470929497,"droppedS":0,"workMs":0,"rateFps":0,"trials":0,"simw":true},"q":165,"t":73.78333333275837}
  + 80 s {"ph":"TAXI","ap":"TAXI","wph":"","pace":{"mode":30,"cap":30,"legacy":false,"steps":2,"dt":0.03339999999999418,"stats":{"down":0,"up":0,"trialsFailed":0,"guarded":0,"cut":0,"stalls":2},"holdUpS":0,"dilation":0.9986283726809214,"stepMs":3.022791025751507,"otherMs":33.25263190888183,"droppedS":0,"workMs":0,"rateFps":0,"trials":0,"simw":true},"q":165,"t":83.48333333261722}
  physics: the WORKER - live, placed true, 1 flights (0 inline), world made in 861 ms, held 3 frames, world-version lag max 2 frames
  eval: {"build":"f9145510da7b","preset":"potato","gfxBuild":"potato","fleetOn":true,"limit":3,"taxi":{"n":2784,"gpuN":2782,"gpu":7.14,"gpuP90":9.869,"calls":501,"tris":2875442},"air":{"n":0,"gpuN":0,"gpu":null,"gpuP90":null,"calls":null,"tris":null},"stand":{"key":"jolene|fleet-1-cub@stand:af_m_park:5,fleet-2-jodel@apron:22:0,fleet-3-c172@apron:22:75","n":3,"miss":[],"stats":{"stands":1,"placed":3,"kept":0,"miss":0,"held":3,"waitMs":287}},"fleet":{"stats":{"queued":0,"captures":0,"bakes":0,"hits":0,"stored":0,"decodes":3,"worldRefused":0,"flightRefused":0,"evicted":0,"bakeInWorld":0,"notWanted":0,"inputWaits":0},"why":{},"lru":["mine:fleet-1-cub","mine:fleet-2-jodel","mine:fleet-3-c172"]},"holders":[{"slot":"fleet-1-cub","level":0,"ladder":[0,2500],"d":507},{"slot":"fleet-2-jodel","level":0,"ladder":[0,2500],"d":439},{"slot":"fleet-3-c172","level":0,"ladder":[0,2500],"d":465}]}
  world step: 364 yields in 6016 ms, the longest slice 492 ms
  HWSTEP none · {"on":false,"why":"localhost (a rig or a dev server)","kind":null,"reading":null,"explicit":"?gfx="}
  per 5 s after the reveal [s, fps, GPU ms, M tris]: -10/25.4/7.2/0.77 -5/29.3/6.7/0.9 0/30/5.8/1.08 5/30/7/3.65 10/29.2/7/3.65 15/30/9/3.68 20/30/7.4/3.77 25/30/7/3.58 30/30/7.1/3.32 35/30/7.2/3.41 40/30/6.8/3.26 45/30/6.8/3.23 50/30.1/6.9/2.86 55/30/7/2.86 60/30/7.2/2.74 65/30/7.2/2.68 70/30/7.3/2.59 75/30/7.3/2.51 80/30/7.5/2.29 85/30/5.7/2.2 90/30/7.3/2.16 95/30.1/7/2.1 100/30/6.5/2.09
  ---- fb_potato_3 · garage 27.9 s · roll-out screen 3.3 s · premises queue empty at +null s
  stand       30 fps delivered, 100 % doubled (median 30; dt med 33.3 p90 33.4 p99 33.6 max 34) · loop JS 7.2 · solver 0 (p90 0; 0 a step) · world 0 (p90 0) · render 4.4 (p90 5.2, shadow 0.4) · prem 0/fr · 2 steps/frame · at 30-cap 100 % · 258 fr / 8.6 s · WORKER step 43.8 ms (p90 43.8), dilation min 1 · loop JS p90 9.1
           lengths: <20 0 % · 20-40 100 % · 40-60 0 % · 60-100 0 % · 100-250 0 % · 250-1000 0 % · >1000 0 % | p50 33.3 p90 33.4 p99 33.6 p99.9 34.1 ms | >1.5x cap 0 %, >3x 0 % | >100 ms 0, >1 s 0 (258 fr)
  taxi        30 fps delivered, 100 % doubled (median 30; dt med 33.3 p90 33.4 p99 33.5 max 167) · loop JS 8.1 · solver 0.1 (p90 0.2; 0.05 a step) · world 0.9 (p90 1.1) · render 5 (p90 5.7, shadow 0) · prem 0/fr · 2 steps/frame · at 30-cap 100 % · 2805 fr / 93.6 s · WORKER step 2.99 ms (p90 3.18), dilation min 0.994 · loop JS p90 9
           lengths: <20 7 fr · 20-40 100 % · 40-60 5 fr · 60-100 0 % · 100-250 1 fr · 250-1000 0 % · >1000 0 % | p50 33.3 p90 33.4 p99 33.5 p99.9 50 ms | >1.5x cap 0.040 %, >3x 0.040 % | >100 ms 1, >1 s 0 (2805 fr)
  takeoff     30 fps delivered, 100 % doubled (median 29.9; dt med 33.4 p90 33.4 p99 33.4 max 33) · loop JS 14.1 · solver 0.1 (p90 2.5; 0.33 a step) · world 1.4 (p90 3.1) · render 9.2 (p90 10.7, shadow 0) · prem 0/fr · 2 steps/frame · at 30-cap 100 % · 6 fr / 0.2 s · WORKER step 0 ms (p90 0), dilation min 1 · loop JS p90 23.3
           lengths: <20 0 % · 20-40 100 % · 40-60 0 % · 60-100 0 % · 100-250 0 % · 250-1000 0 % · >1000 0 % | p50 33.4 p90 33.4 p99 33.4 p99.9 33.4 ms | >1.5x cap 0 %, >3x 0 % | >100 ms 0, >1 s 0 (6 fr)
  FRAME LENGTHS (every frame after the reveal):
    <20 ms             7    0.23 %  .
    20-40 ms        3056     100 %  ########################################
    40-60 ms           5    0.16 %  .
    60-100 ms          0       0 %  
    100-250 ms         1   0.030 %  .
    250-1000 ms        0       0 %  
    >1000 ms           0       0 %  
    p50 33.3 · p90 33.4 · p99 33.5 · p99.9 50 · worst 166.7 ms
    over 1.5x the cap's frame time 1 (0.030 %) · over 3x 1 (0.030 %) · over 100 ms 1 · over 1 s 0  (3069 frames)
  ROLLOUT over100ms: FAIL {"n":1,"worst":166,"pass":false}
  ROLLOUT below30run: PASS {"sec":0.3,"pass":true}
  ROLLOUT standTaxiMedianFps: FAIL {"fps":30,"pass":false}
  ROLLOUT standTaxiDeliveredFps: FAIL {"fps":30,"doubled":0.998,"dtP90":33.4,"dtP99":33.5,"pass":false}
  ROLLOUT longTask1s: PASS {"n":0,"worst":848,"pass":true}
  long tasks > 200 ms: 19 · worst 8: 848@18s 664@1s 542@3s 511@7s 492@4s 441@1s 438@25s 381@25s
  -> D:/Dev/wt-fleetb/flyDiy/reports/evidence/FLEET-PROPS-B/timed/rp_potato_3.json
