rollout_perf [fb_potato_off] http://localhost:8695/flyDiy/index.html?gfx=potato
  garage ready: ready after 27.9 s
  ANGLE (NVIDIA, NVIDIA GeForce RTX 3080 (0x00002216) Direct3D11 vs_5_0 ps_5_0, D3D11) · gfx {"preset":"potato","build":"potato","pv":8,"fps":30,"fpsOwn":false,"ground":"plain","scale":0.67,"cover":"off","scenery":"low","drawDist":"vis","terrain":6,"aa":"off","density":100,"bands":"near","shadows":"off","canopy":"off","rails":"off","poles":"off","glare":"off","sway":"off","mist":"on","clouds":"off","water":"simple","mirror":"off","lighting":"sunset","tone":"cineon","exposure":1,"colour":"managed","bloom":"off","look":"off","lens":"off","rays":"off","ao":"off","eye":"off","compositing":"linear","own":false,"hw":null,"town":"nearby"}
  TOWN step 0.6 s · long tasks >= 50 ms: 1 (57 ms), over 100 ms: 0, worst 57 ms
  SETTLE step 5.5 s · long tasks >= 50 ms: 8 (790 ms), over 100 ms: 3, worst 192 ms
  HOUSE WORKER {"on":true,"why":"on","ready":true,"failed":false,"results":8,"initMs":1462,"composeMs":489,"built":0,"hits":6,"misses":0,"genMs":0,"cache":true,"mb":6,"moved":353,"kept":0,"tallies":2} · page: {"dispatched":8,"placed":50,"here":2}
  roll-out screen: gone after 3.3 s
  SHOT {"frames":349,"fps":30,"med":33.3,"p90":33.4,"max":34.1,"over33":24,"secs":11.9,"trip":{"anim":"played","where":null,"ms":11843,"dissolveMs":0.4},"longTasks":1,"worstTask":148,"slowFrames":[[263,33.3],[296,33.3],[329,33.3],[363,33.3],[396,33.4],[429,33.4],[463,33.4],[496,33.3],[529,33.3],[563,33.4],[596,33.3],[630,33.5],[663,33.2],[696,33.4],[730,33.4],[763,33.3],[796,33.3],[830,33.3],[863,33.5],[896,33.2],[930,33.4],[963,33.3],[996,33.3],[1030,33.4],[1063,33.6],[1097,33.3],[1130,33.3],[1163,33.2],[1196,33.4],[1230,33.3],[1263,33.3],[1296,33.4],[1330,33.3],[1363,33.4],[1396,33.3],[1430,33.3],[1463,33.4],[1497,33.4],[1530,33.4],[1563,33.2],[1597,33.4],[1630,33.3],[1663,33.4],[1697,33.4],[1730,33.4],[1763,33.2],[1797,33.5],[1830,33.3],[1863,33.3],[1897,33.3],[1930,33.4],[1963,33.3],[1997,33.5],[2030,33.2],[2063,33.4],[2097,33.3],[2130,33.5],[2163,33.2],[2197,33.4],[2230,33.2],[2264,33.5],[2297,33.3],[2330,33.5],[2364,33.2],[2397,33.3],[2430,33.4],[2464,33.3],[2497,33.4],[2530,33.3],[2564,33.3],[2597,33.4],[2630,33.4],[2664,33.3],[2697,33.3],[2730,33.4],[2764,33.3],[2797,33.4],[2830,33.3],[2864,33.4],[2897,33.3],[2930,33.3],[2964,33.4],[2997,33.4],[3030,33.3],[3064,33.3],[3097,33.3],[3130,33.4],[3164,33.4],[3197,33.4],[3231,33.3],[3264,33.3],[3297,33.3],[3331,33.4],[3364,33.4],[3397,33.3],[3431,33.3],[3464,33.4],[3497,33.3],[3531,33.3],[3564,33.5],[3597,33.3],[3631,33.4],[3664,33.3],[3697,33.4],[3731,33.2],[3765,34.1],[3797,32.6],[3831,33.4],[3864,33.4],[3897,33.3],[3931,33.3],[3964,33.3],[3998,33.5],[4031,33.4],[4064,33.3],[4098,33.3],[4131,33.3],[4164,33.4],[4198,33.4],[4231,33.3],[4264,33.3],[4298,33.4],[4331,33.2],[4364,33.4],[4398,33.3],[4431,33.4],[4464,33.4],[4498,33.4],[4531,33.3],[4564,33.4],[4598,33.3],[4631,33.3],[4664,33.4],[4698,33.2],[4731,33.5],[4765,33.4],[4798,33.3],[4831,33.2],[4864,33.4],[4898,33.3],[4931,33.4],[4965,33.4],[4998,33.4],[5031,33.3],[5065,33.3],[5098,33.3],[5131,33.4],[5165,33.3],[5198,33.5],[5231,33.3],[5265,33.3],[5298,33.3],[5331,33.3],[5365,33.4],[5398,33.5],[5431,33.2],[5465,33.3],[5498,33.4],[5531,33.3],[5565,33.4],[5598,33.4],[5631,33.3],[5665,33.3],[5698,33.4],[5731,33.3],[5765,33.3],[5798,33.4],[5831,33.3],[5865,33.4],[5898,33.3],[5932,33.4],[5965,33.3],[5998,33.5],[6032,33.2],[6065,33.4],[6098,33.4],[6132,33.3],[6165,33.4],[6198,33.3],[6232,33.3],[6265,33.4],[6298,33.3],[6332,33.4],[6365,33.3],[6398,33.4],[6432,33.3],[6465,33.4],[6498,33.3],[6532,33.3],[6565,33.4],[6598,33.3],[6632,33.3],[6665,33.4],[6699,33.4],[6732,33.3],[6765,33.3],[6799,33.4],[6832,33.3],[6865,33.4],[6899,33.4],[6932,33.3],[6965,33.4],[6999,33.3],[7032,33.4],[7065,33.2],[7099,34],[7132,32.8],[7165,33.3],[7199,33.3],[7232,33.5],[7265,33.2],[7299,33.3],[7332,33.5],[7366,33.4],[7399,33.2],[7432,33.4],[7466,33.4],[7499,33.2],[7532,33.4],[7566,33.7],[7599,33],[7632,33.4],[7666,33.3],[7699,33.3],[7732,33.4],[7766,33.4],[7799,33.3],[7832,33.3],[7866,33.4],[7899,33.3],[7932,33.4],[7966,33.3],[7999,33.4],[8032,33.3],[8066,33.4],[8099,33.4],[8133,33.4],[8166,33.2],[8199,33.5],[8233,33.3],[8266,33.3],[8299,33.3],[8332,33.3],[8366,33.3],[8399,33.4],[8432,33.3],[8466,33.4],[8499,33.4],[8533,33.3],[8566,33.4],[8599,33.3],[8633,33.3],[8666,33.4],[8699,33.4],[8733,33.3],[8766,33.5],[8799,33.2],[8833,33.3],[8866,33.4],[8899,33.4],[8933,33.2],[8966,33.4],[8999,33.3],[9033,33.4],[9066,33.3],[9099,33.3],[9133,33.4],[9166,33.4],[9199,33.3],[9233,33.4],[9266,33.4],[9300,33.3],[9333,33.3],[9366,33.3],[9400,33.4],[9433,33.4],[9466,33.3],[9500,33.3],[9533,33.4],[9566,33.3],[9600,33.4],[9633,33.3],[9666,33.3],[9700,33.4],[9733,33.3],[9766,33.4],[9800,33.4],[9833,33.3],[9866,33.4],[9900,33.4],[9933,33.2],[9966,33.4],[10000,33.3],[10033,33.4],[10066,33.3],[10100,33.4],[10133,33.3],[10167,33.4],[10200,33.4],[10233,33.3],[10267,33.3],[10300,33.4],[10333,33.3],[10367,33.3],[10400,33.4],[10433,33.3],[10467,33.4],[10500,33.4],[10533,33.2],[10567,33.4],[10600,33.5],[10633,33.2],[10667,33.5],[10700,33.1],[10733,33.4],[10767,33.4],[10800,33.4],[10833,33.3],[10867,33.3],[10900,33.4],[10933,33.3],[10967,33.4],[11000,33.3],[11034,33.4],[11067,33.3],[11100,33.3],[11134,33.4],[11167,33.3],[11200,33.5],[11234,33.3],[11267,33.3],[11300,33.4],[11334,33.2],[11367,33.4],[11400,33.4],[11434,33.4],[11467,33.3],[11500,33.3],[11534,33.3],[11567,33.4],[11600,33.3],[11634,33.4],[11667,33.3],[11700,33.3],[11734,33.4],[11767,33.3],[11800,33.4],[11834,33.4],[11867,33.3]],"tasks":[[25,148]]}
  start: {"route":{"from":"HOME","dest":"CIRCUIT","to":"CIRCUIT","base":"HOME","spawn":null},"hydro":false,"substeps":74,"substepsTrue":null,"hydroEvery":null,"nodes":93,"mass":462,"cg":[-150.3,31.6,706.9],"near":["HOME",509],"phase":"TAXI","manual":false,"cam":"chase"}
  + 10 s {"ph":"TAXI","ap":"TAXI","wph":"","pace":{"mode":30,"cap":30,"legacy":false,"steps":2,"dt":0.03330000000000291,"stats":{"down":0,"up":0,"trialsFailed":0,"guarded":0,"cut":0,"stalls":2},"holdUpS":0,"dilation":1.0026944191246938,"stepMs":2.398179246398005,"otherMs":33.21502368156592,"droppedS":0,"workMs":0,"rateFps":0,"trials":0,"simw":true},"q":165,"t":13.66666666667733}
  + 20 s {"ph":"TAXI","ap":"TAXI","wph":"","pace":{"mode":30,"cap":30,"legacy":false,"steps":2,"dt":0.03329999999998836,"stats":{"down":0,"up":0,"trialsFailed":0,"guarded":0,"cut":0,"stalls":2},"holdUpS":0,"dilation":0.9987864855437854,"stepMs":2.446905347088365,"otherMs":33.26584097686199,"droppedS":0,"workMs":0,"rateFps":0,"trials":0,"simw":true},"q":165,"t":23.85000000002311}
  + 30 s {"ph":"TAXI","ap":"TAXI","wph":"","pace":{"mode":30,"cap":30,"legacy":false,"steps":2,"dt":0.03330000000000291,"stats":{"down":0,"up":0,"trialsFailed":0,"guarded":0,"cut":0,"stalls":2},"holdUpS":0,"dilation":1.002234743894534,"stepMs":2.3617849963455773,"otherMs":33.24013733054069,"droppedS":0,"workMs":0,"rateFps":0,"trials":0,"simw":true},"q":165,"t":33.55000000001051}
  + 40 s {"ph":"TAXI","ap":"TAXI","wph":"","pace":{"mode":30,"cap":30,"legacy":false,"steps":1,"dt":0.01669999999999709,"stats":{"down":0,"up":0,"trialsFailed":0,"guarded":0,"cut":0,"stalls":2},"holdUpS":0,"dilation":0.9985228857311269,"stepMs":3.0446584284043907,"otherMs":31.657631973038395,"droppedS":0,"workMs":0,"rateFps":0,"trials":0,"simw":true},"q":165,"t":43.76666666652851}
  + 51 s {"ph":"TAXI","ap":"TAXI","wph":"","pace":{"mode":30,"cap":30,"legacy":false,"steps":2,"dt":0.03330000000000291,"stats":{"down":0,"up":0,"trialsFailed":0,"guarded":0,"cut":0,"stalls":2},"holdUpS":0,"dilation":0.9980185080528158,"stepMs":3.059613372271597,"otherMs":33.24501795251956,"droppedS":0,"workMs":0,"rateFps":0,"trials":0,"simw":true},"q":165,"t":53.96666666638008}
  + 60 s {"ph":"TAXI","ap":"TAXI","wph":"","pace":{"mode":30,"cap":30,"legacy":false,"steps":2,"dt":0.03330000000000291,"stats":{"down":0,"up":0,"trialsFailed":0,"guarded":0,"cut":0,"stalls":2},"holdUpS":0,"dilation":0.9970081368958438,"stepMs":3.003624897428097,"otherMs":33.246844958751765,"droppedS":0,"workMs":0,"rateFps":0,"trials":0,"simw":true},"q":165,"t":63.6499999995725}
  + 70 s {"ph":"TAXI","ap":"TAXI","wph":"","pace":{"mode":30,"cap":30,"legacy":false,"steps":2,"dt":0.03339999999999418,"stats":{"down":0,"up":0,"trialsFailed":0,"guarded":0,"cut":0,"stalls":2},"holdUpS":0,"dilation":1.0028665352197728,"stepMs":3.1368935341747117,"otherMs":33.220581263344044,"droppedS":0,"workMs":0,"rateFps":0,"trials":0,"simw":true},"q":165,"t":73.8666666660905}
  + 80 s {"ph":"TAXI","ap":"TAXI","wph":"","pace":{"mode":30,"cap":30,"legacy":false,"steps":2,"dt":0.03329999999998836,"stats":{"down":0,"up":0,"trialsFailed":0,"guarded":0,"cut":0,"stalls":2},"holdUpS":0,"dilation":1.0014481388537642,"stepMs":3.1059763743631095,"otherMs":33.25092563921806,"droppedS":0,"workMs":0,"rateFps":0,"trials":0,"simw":true},"q":165,"t":83.56666666594934}
  physics: the WORKER - live, placed true, 1 flights (0 inline), world made in 861 ms, held 3 frames, world-version lag max 1 frames
  eval: {"build":"f9145510da7b","preset":"potato","gfxBuild":"potato","fleetOn":false,"limit":null,"taxi":{"n":2785,"gpuN":2781,"gpu":7.406,"gpuP90":9.772,"calls":501,"tris":2875442},"air":{"n":0,"gpuN":0,"gpu":null,"gpuP90":null,"calls":null,"tris":null},"stand":{"key":null,"n":0,"miss":null,"stats":{"stands":0,"placed":0,"kept":0,"miss":0,"held":0,"waitMs":0}},"fleet":{"stats":{"queued":0,"captures":0,"bakes":0,"hits":0,"stored":0,"decodes":0,"worldRefused":0,"flightRefused":0,"evicted":0,"bakeInWorld":0,"notWanted":0,"inputWaits":0},"why":{},"lru":[]},"holders":[]}
  world step: 364 yields in 6048 ms, the longest slice 491 ms
  HWSTEP none · {"on":false,"why":"localhost (a rig or a dev server)","kind":null,"reading":null,"explicit":"?gfx="}
  per 5 s after the reveal [s, fps, GPU ms, M tris]: -10/25.3/6.7/0.77 -5/29.3/6.6/0.9 0/30/6.8/1.08 5/30/6.6/3.65 10/29.2/7.8/3.65 15/30/7.1/3.67 20/30/6.9/3.79 25/30/7.1/3.58 30/30/7.1/3.32 35/30/7.5/3.41 40/30/7.5/3.26 45/30/7.7/3.23 50/30.1/7.2/2.86 55/30/7.2/2.86 60/30/7.5/2.74 65/30/7.9/2.67 70/30/7.8/2.59 75/30/7.6/2.51 80/30/7.5/2.29 85/30/5.7/2.2 90/30/7.4/2.16 95/30.1/7.1/2.1 100/30/7.1/2.09
  ---- fb_potato_off · garage 27.9 s · roll-out screen 3.3 s · premises queue empty at +null s
  stand       30 fps delivered, 100 % doubled (median 30; dt med 33.3 p90 33.4 p99 33.7 max 34) · loop JS 7.7 · solver 0 (p90 0; 0 a step) · world 0 (p90 0) · render 4.6 (p90 5.6, shadow 0.5) · prem 0/fr · 2 steps/frame · at 30-cap 100 % · 263 fr / 8.8 s · WORKER step 24.72 ms (p90 40.9), dilation min 0.98 · loop JS p90 9.6
           lengths: <20 0 % · 20-40 100 % · 40-60 0 % · 60-100 0 % · 100-250 0 % · 250-1000 0 % · >1000 0 % | p50 33.3 p90 33.4 p99 33.7 p99.9 34.1 ms | >1.5x cap 0 %, >3x 0 % | >100 ms 0, >1 s 0 (263 fr)
  taxi        30 fps delivered, 100 % doubled (median 30; dt med 33.3 p90 33.4 p99 33.5 max 167) · loop JS 8.3 · solver 0.1 (p90 0.2; 0.05 a step) · world 0.8 (p90 1.1) · render 5.2 (p90 5.9, shadow 0) · prem 0/fr · 2 steps/frame · at 30-cap 100 % · 2803 fr / 93.6 s · WORKER step 3.02 ms (p90 3.22), dilation min 0.99 · loop JS p90 9.2
           lengths: <20 5 fr · 20-40 100 % · 40-60 3 fr · 60-100 0 % · 100-250 1 fr · 250-1000 0 % · >1000 0 % | p50 33.3 p90 33.4 p99 33.5 p99.9 49.8 ms | >1.5x cap 0.070 %, >3x 0.040 % | >100 ms 1, >1 s 0 (2803 fr)
  takeoff     30 fps delivered, 100 % doubled (median 30; dt med 33.3 p90 33.4 p99 33.4 max 33) · loop JS 11.1 · solver 0.1 (p90 2.5; 0.32 a step) · world 1 (p90 3.3) · render 7 (p90 11.4, shadow 0) · prem 0/fr · 2 steps/frame · at 30-cap 100 % · 5 fr / 0.2 s · WORKER step 0 ms (p90 0), dilation min 1 · loop JS p90 24.7
           lengths: <20 0 % · 20-40 100 % · 40-60 0 % · 60-100 0 % · 100-250 0 % · 250-1000 0 % · >1000 0 % | p50 33.3 p90 33.4 p99 33.4 p99.9 33.4 ms | >1.5x cap 0 %, >3x 0 % | >100 ms 0, >1 s 0 (5 fr)
  FRAME LENGTHS (every frame after the reveal):
    <20 ms             5    0.16 %  .
    20-40 ms        3062     100 %  ########################################
    40-60 ms           3    0.10 %  .
    60-100 ms          0       0 %  
    100-250 ms         1   0.030 %  .
    250-1000 ms        0       0 %  
    >1000 ms           0       0 %  
    p50 33.3 · p90 33.4 · p99 33.5 · p99.9 49.6 · worst 166.6 ms
    over 1.5x the cap's frame time 2 (0.070 %) · over 3x 1 (0.030 %) · over 100 ms 1 · over 1 s 0  (3071 frames)
  ROLLOUT over100ms: FAIL {"n":1,"worst":166,"pass":false}
  ROLLOUT below30run: PASS {"sec":0.2,"pass":true}
  ROLLOUT standTaxiMedianFps: FAIL {"fps":30,"pass":false}
  ROLLOUT standTaxiDeliveredFps: FAIL {"fps":30,"doubled":0.998,"dtP90":33.4,"dtP99":33.5,"pass":false}
  ROLLOUT longTask1s: PASS {"n":0,"worst":788,"pass":true}
  long tasks > 200 ms: 18 · worst 8: 788@18s 757@25s 664@1s 543@3s 510@7s 496@4s 453@1s 368@25s
  -> D:/Dev/wt-fleetb/flyDiy/reports/evidence/FLEET-PROPS-B/timed/rp_potato_off.json
