rollout_perf [fb_potato_6] http://localhost:8695/flyDiy/index.html?gfx=potato&fleet=1&fleetn=6
  garage ready: ready after 28.1 s
  ANGLE (NVIDIA, NVIDIA GeForce RTX 3080 (0x00002216) Direct3D11 vs_5_0 ps_5_0, D3D11) · gfx {"preset":"potato","build":"potato","pv":8,"fps":30,"fpsOwn":false,"ground":"plain","scale":0.67,"cover":"off","scenery":"low","drawDist":"vis","terrain":6,"aa":"off","density":100,"bands":"near","shadows":"off","canopy":"off","rails":"off","poles":"off","glare":"off","sway":"off","mist":"on","clouds":"off","water":"simple","mirror":"off","lighting":"sunset","tone":"cineon","exposure":1,"colour":"managed","bloom":"off","look":"off","lens":"off","rays":"off","ao":"off","eye":"off","compositing":"linear","own":false,"hw":null,"town":"nearby"}
  TOWN step 1.2 s · long tasks >= 50 ms: 6 (409 ms), over 100 ms: 1, worst 103 ms
  SETTLE step 5.1 s · long tasks >= 50 ms: 5 (522 ms), over 100 ms: 2, worst 185 ms
  HOUSE WORKER {"on":true,"why":"on","ready":true,"failed":false,"results":8,"initMs":1415,"composeMs":482,"built":0,"hits":6,"misses":0,"genMs":0,"cache":true,"mb":6,"moved":353,"kept":0,"tallies":2} · page: {"dispatched":8,"placed":50,"here":2}
  roll-out screen: gone after 3.3 s
  SHOT {"frames":352,"fps":30,"med":33.3,"p90":33.4,"max":33.9,"over33":34,"secs":11.97,"trip":{"anim":"played","where":null,"ms":11871,"dissolveMs":0.3},"longTasks":1,"worstTask":165,"slowFrames":[[256,33.3],[290,33.4],[323,33.4],[356,33.3],[390,33.4],[423,33.4],[457,33.3],[490,33.3],[523,33.4],[557,33.3],[590,33.3],[623,33.4],[657,33.3],[690,33.5],[723,33.2],[757,33.4],[790,33.3],[823,33.4],[857,33.3],[890,33.4],[923,33.3],[957,33.5],[990,33.2],[1023,33.4],[1057,33.4],[1090,33.2],[1123,33.4],[1157,33.4],[1190,33.3],[1223,33.3],[1257,33.4],[1290,33.4],[1324,33.3],[1357,33.3],[1390,33.4],[1424,33.3],[1457,33.4],[1490,33.3],[1524,33.3],[1557,33.5],[1591,33.5],[1624,33],[1657,33.4],[1690,33.4],[1724,33.3],[1757,33.3],[1790,33.5],[1824,33.3],[1857,33.4],[1890,33.3],[1924,33.4],[1957,33.2],[1990,33.4],[2024,33.4],[2057,33.3],[2091,33.4],[2124,33.2],[2157,33.4],[2191,33.4],[2224,33.2],[2257,33.5],[2291,33.4],[2324,33.3],[2357,33.3],[2391,33.4],[2424,33.3],[2457,33.3],[2491,33.4],[2524,33.4],[2557,33.3],[2591,33.3],[2624,33.4],[2657,33.3],[2691,33.4],[2724,33.3],[2757,33.3],[2791,33.5],[2824,33.3],[2857,33.2],[2891,33.5],[2924,33.3],[2957,33.3],[2991,33.3],[3024,33.5],[3058,33.3],[3091,33.3],[3124,33.4],[3158,33.3],[3191,33.4],[3224,33.3],[3258,33.3],[3291,33.4],[3324,33.3],[3358,33.4],[3391,33.3],[3424,33.4],[3458,33.3],[3491,33.3],[3524,33.4],[3558,33.3],[3591,33.4],[3625,33.5],[3658,33.2],[3691,33.4],[3724,33.3],[3758,33.3],[3791,33.5],[3824,33.2],[3858,33.3],[3891,33.4],[3924,33.3],[3958,33.4],[3991,33.3],[4025,33.4],[4058,33.3],[4091,33.4],[4125,33.3],[4158,33.3],[4191,33.5],[4225,33.3],[4258,33.3],[4291,33.4],[4325,33.3],[4358,33.3],[4391,33.4],[4425,33.3],[4458,33.4],[4491,33.4],[4525,33.2],[4558,33.4],[4591,33.3],[4625,33.5],[4658,33.3],[4691,33.3],[4725,33.4],[4758,33.3],[4792,33.4],[4825,33.2],[4858,33.4],[4892,33.4],[4925,33.4],[4958,33.3],[4992,33.3],[5025,33.4],[5058,33.3],[5092,33.4],[5125,33.3],[5158,33.3],[5192,33.4],[5225,33.4],[5258,33.3],[5292,33.3],[5325,33.4],[5358,33.3],[5392,33.4],[5425,33.4],[5458,33.2],[5492,33.5],[5525,33.3],[5559,33.4],[5592,33.3],[5625,33.3],[5659,33.4],[5692,33.3],[5725,33.3],[5759,33.4],[5792,33.3],[5825,33.4],[5859,33.3],[5892,33.4],[5925,33.4],[5959,33.3],[5992,33.3],[6025,33.4],[6059,33.3],[6092,33.3],[6125,33.5],[6159,33.3],[6192,33.3],[6225,33.4],[6259,33.2],[6292,33.5],[6325,33.2],[6359,33.5],[6392,33.2],[6426,33.5],[6459,33.2],[6492,33.4],[6526,33.4],[6559,33.4],[6592,33.3],[6626,33.3],[6659,33.4],[6692,33.3],[6726,33.4],[6759,33.3],[6792,33.4],[6826,33.3],[6859,33.4],[6892,33.3],[6926,33.3],[6959,33.5],[6992,33.2],[7026,33.3],[7059,33.4],[7092,33.3],[7126,33.4],[7159,33.3],[7192,33.4],[7226,33.5],[7259,33.1],[7293,33.5],[7326,33.2],[7359,33.4],[7393,33.4],[7426,33.2],[7459,33.5],[7493,33.3],[7526,33.3],[7559,33.4],[7593,33.3],[7626,33.4],[7659,33.3],[7693,33.6],[7726,33.2],[7759,33.3],[7793,33.3],[7826,33.4],[7859,33.3],[7893,33.3],[7926,33.4],[7959,33.4],[7993,33.3],[8026,33.4],[8059,33.3],[8093,33.3],[8126,33.4],[8159,33.3],[8193,33.3],[8226,33.4],[8260,33.4],[8293,33.4],[8326,33.3],[8360,33.3],[8393,33.4],[8426,33.3],[8460,33.3],[8493,33.3],[8526,33.4],[8560,33.4],[8593,33.3],[8626,33.4],[8660,33.2],[8693,33.5],[8726,33.4],[8760,33.2],[8794,33.9],[8826,32.8],[8860,33.4],[8893,33.4],[8926,33.3],[8960,33.3],[8993,33.5],[9026,33.2],[9060,33.4],[9093,33.3],[9127,33.4],[9160,33.2],[9193,33.4],[9227,33.4],[9260,33.3],[9293,33.4],[9327,33.3],[9360,33.4],[9393,33.4],[9427,33.2],[9460,33.4],[9493,33.4],[9527,33.2],[9560,33.5],[9593,33.4],[9627,33.2],[9660,33.4],[9693,33.4],[9727,33.3],[9760,33.3],[9794,33.5],[9827,33.2],[9860,33.3],[9893,33.4],[9927,33.4],[9960,33.3],[9993,33.3],[10027,33.4],[10060,33.3],[10094,33.5],[10127,33.2],[10160,33.3],[10194,33.4],[10227,33.4],[10260,33.3],[10294,33.4],[10327,33.4],[10360,33.2],[10394,33.3],[10427,33.5],[10460,33.2],[10494,33.4],[10527,33.4],[10560,33.3],[10594,33.4],[10627,33.3],[10660,33.3],[10694,33.5],[10727,33.2],[10761,33.5],[10794,33.3],[10827,33.3],[10860,33.3],[10894,33.4],[10927,33.3],[10960,33.3],[10994,33.4],[11027,33.4],[11061,33.3],[11094,33.4],[11127,33.4],[11161,33.2],[11194,33.4],[11227,33.5],[11261,33.2],[11294,33.4],[11327,33.3],[11361,33.3],[11394,33.4],[11427,33.4],[11461,33.3],[11494,33.4],[11527,33.3],[11561,33.3],[11594,33.4],[11627,33.3],[11661,33.4],[11694,33.4],[11728,33.3],[11761,33.3],[11794,33.4],[11828,33.3],[11861,33.3],[11894,33.3],[11928,33.5],[11961,33.3]],"tasks":[[35,165]]}
  start: {"route":{"from":"HOME","dest":"CIRCUIT","to":"CIRCUIT","base":"HOME","spawn":null},"hydro":false,"substeps":74,"substepsTrue":null,"hydroEvery":null,"nodes":93,"mass":462,"cg":[-150.1,31.6,706.7],"near":["HOME",509],"phase":"TAXI","manual":false,"cam":"chase"}
  + 10 s {"ph":"TAXI","ap":"TAXI","wph":"","pace":{"mode":30,"cap":30,"legacy":false,"steps":2,"dt":0.03339999999999418,"stats":{"down":0,"up":0,"trialsFailed":0,"guarded":0,"cut":0,"stalls":2},"holdUpS":0,"dilation":1.0020680052935502,"stepMs":2.331132283173542,"otherMs":33.234600395210194,"droppedS":0,"workMs":0,"rateFps":0,"trials":0,"simw":true},"q":165,"t":13.733333333344078}
  + 20 s {"ph":"TAXI","ap":"TAXI","wph":"","pace":{"mode":30,"cap":30,"legacy":false,"steps":2,"dt":0.03330000000000291,"stats":{"down":0,"up":0,"trialsFailed":0,"guarded":0,"cut":0,"stalls":2},"holdUpS":0,"dilation":0.9985865292600928,"stepMs":2.479278109022831,"otherMs":33.245574731533424,"droppedS":0,"workMs":0,"rateFps":0,"trials":0,"simw":true},"q":165,"t":23.933333333356543}
  + 30 s {"ph":"TAXI","ap":"TAXI","wph":"","pace":{"mode":30,"cap":30,"legacy":false,"steps":2,"dt":0.03330000000000291,"stats":{"down":0,"up":0,"trialsFailed":0,"guarded":0,"cut":0,"stalls":2},"holdUpS":0,"dilation":1.0026188361319317,"stepMs":2.3252119636255366,"otherMs":33.230783891959504,"droppedS":0,"workMs":0,"rateFps":0,"trials":0,"simw":true},"q":165,"t":33.65000000000906}
  + 40 s {"ph":"TAXI","ap":"TAXI","wph":"","pace":{"mode":30,"cap":30,"legacy":false,"steps":2,"dt":0.03339999999999418,"stats":{"down":0,"up":0,"trialsFailed":0,"guarded":0,"cut":0,"stalls":2},"holdUpS":0,"dilation":0.9993141490247186,"stepMs":3.065601353456346,"otherMs":32.92592643273743,"droppedS":0,"workMs":0,"rateFps":0,"trials":0,"simw":true},"q":165,"t":43.88333333319348}
  + 50 s {"ph":"TAXI","ap":"TAXI","wph":"","pace":{"mode":30,"cap":30,"legacy":false,"steps":2,"dt":0.03330000000000291,"stats":{"down":0,"up":0,"trialsFailed":0,"guarded":0,"cut":0,"stalls":2},"holdUpS":0,"dilation":1.0019773744051879,"stepMs":2.9448485135960714,"otherMs":33.223681355064386,"droppedS":0,"workMs":0,"rateFps":0,"trials":0,"simw":true},"q":165,"t":53.58333333305232}
  + 60 s {"ph":"TAXI","ap":"TAXI","wph":"","pace":{"mode":30,"cap":30,"legacy":false,"steps":2,"dt":0.03339999999999418,"stats":{"down":0,"up":0,"trialsFailed":0,"guarded":0,"cut":0,"stalls":2},"holdUpS":0,"dilation":1.0020782712325664,"stepMs":3.035436633906474,"otherMs":33.2399799473876,"droppedS":0,"workMs":0,"rateFps":0,"trials":0,"simw":true},"q":165,"t":63.833333332903166}
  + 70 s {"ph":"TAXI","ap":"TAXI","wph":"","pace":{"mode":30,"cap":30,"legacy":false,"steps":2,"dt":0.03329999999998836,"stats":{"down":0,"up":0,"trialsFailed":0,"guarded":0,"cut":0,"stalls":2},"holdUpS":0,"dilation":0.997611938641274,"stepMs":3.1471271994998853,"otherMs":33.255087365076065,"droppedS":0,"workMs":0,"rateFps":0,"trials":0,"simw":true},"q":165,"t":73.53333333276201}
  + 80 s {"ph":"TAXI","ap":"TAXI","wph":"","pace":{"mode":30,"cap":30,"legacy":false,"steps":2,"dt":0.03339999999999418,"stats":{"down":0,"up":0,"trialsFailed":0,"guarded":0,"cut":0,"stalls":2},"holdUpS":0,"dilation":1.0025208901044322,"stepMs":2.9338419973485355,"otherMs":33.253025977864596,"droppedS":0,"workMs":0,"rateFps":0,"trials":0,"simw":true},"q":165,"t":83.78333333261286}
  physics: the WORKER - live, placed true, 1 flights (0 inline), world made in 860 ms, held 3 frames, world-version lag max 1 frames
  eval: {"build":"f9145510da7b","preset":"potato","gfxBuild":"potato","fleetOn":true,"limit":6,"taxi":{"n":2792,"gpuN":2789,"gpu":7.298,"gpuP90":9.888,"calls":501,"tris":2874898},"air":{"n":0,"gpuN":0,"gpu":null,"gpuP90":null,"calls":null,"tris":null},"stand":{"key":"jolene|fleet-1-cub@stand:af_m_park:5,fleet-2-jodel@apron:22:0,fleet-3-c172@apron:22:75,fleet-4-c172floats@apron:22:210","n":4,"miss":[],"stats":{"stands":1,"placed":4,"kept":0,"miss":0,"held":2,"waitMs":243}},"fleet":{"stats":{"queued":0,"captures":0,"bakes":0,"hits":0,"stored":0,"decodes":4,"worldRefused":0,"flightRefused":0,"evicted":0,"bakeInWorld":0,"notWanted":0,"inputWaits":0},"why":{},"lru":["mine:fleet-1-cub","mine:fleet-2-jodel","mine:fleet-3-c172","mine:fleet-4-c172floats"]},"holders":[{"slot":"fleet-1-cub","level":0,"ladder":[0,2500],"d":508},{"slot":"fleet-2-jodel","level":0,"ladder":[0,2500],"d":441},{"slot":"fleet-3-c172","level":0,"ladder":[0,2500],"d":467},{"slot":"fleet-4-c172floats","level":0,"ladder":[0,2500],"d":469}]}
  world step: 364 yields in 6039 ms, the longest slice 506 ms
  HWSTEP none · {"on":false,"why":"localhost (a rig or a dev server)","kind":null,"reading":null,"explicit":"?gfx="}
  per 5 s after the reveal [s, fps, GPU ms, M tris]: -10/25.1/7.8/0.77 -5/29.2/6.6/0.9 0/30/6/1.08 5/30/6.6/3.65 10/29.2/7.5/3.65 15/30/6.8/3.68 20/30/7.1/3.78 25/30/6.9/3.58 30/30/6.9/3.32 35/30/7.2/3.41 40/30/7.2/3.27 45/30/7.6/3.23 50/30.1/7.3/2.86 55/30/7.5/2.86 60/30/7.6/2.74 65/30/7.9/2.67 70/30/7.5/2.59 75/30/7.8/2.51 80/30/7.4/2.29 85/30/5.9/2.2 90/30/7.2/2.16 95/30.1/7.1/2.1 100/30/6.6/2.09
  ---- fb_potato_6 · garage 28.1 s · roll-out screen 3.3 s · premises queue empty at +null s
  stand       30 fps delivered, 100 % doubled (median 30; dt med 33.3 p90 33.4 p99 33.5 max 34) · loop JS 7.5 · solver 0 (p90 0; 0 a step) · world 0 (p90 0) · render 4.5 (p90 5.2, shadow 0.4) · prem 0/fr · 2 steps/frame · at 30-cap 100 % · 264 fr / 8.8 s · WORKER step 25.21 ms (p90 42), dilation min 1 · loop JS p90 9.4
           lengths: <20 0 % · 20-40 100 % · 40-60 0 % · 60-100 0 % · 100-250 0 % · 250-1000 0 % · >1000 0 % | p50 33.3 p90 33.4 p99 33.5 p99.9 33.9 ms | >1.5x cap 0 %, >3x 0 % | >100 ms 0, >1 s 0 (264 fr)
  taxi        30 fps delivered, 100 % doubled (median 30; dt med 33.3 p90 33.4 p99 33.5 max 167) · loop JS 8.4 · solver 0.1 (p90 0.2; 0.05 a step) · world 0.9 (p90 1.2) · render 5.3 (p90 6.1, shadow 0) · prem 0.01/fr · 2 steps/frame · at 30-cap 100 % · 2810 fr / 93.8 s · WORKER step 2.98 ms (p90 3.19), dilation min 0.985 · loop JS p90 9.4
           lengths: <20 5 fr · 20-40 100 % · 40-60 3 fr · 60-100 0 % · 100-250 1 fr · 250-1000 0 % · >1000 0 % | p50 33.3 p90 33.4 p99 33.5 p99.9 50 ms | >1.5x cap 0.070 %, >3x 0.040 % | >100 ms 1, >1 s 0 (2810 fr)
  takeoff     30 fps delivered, 100 % doubled (median 30; dt med 33.3 p90 33.5 p99 33.5 max 34) · loop JS 11.8 · solver 0.1 (p90 2.5; 0.34 a step) · world 1.4 (p90 3.4) · render 7.3 (p90 12.7, shadow 0) · prem 0/fr · 2 steps/frame · at 30-cap 100 % · 5 fr / 0.2 s · WORKER step 0 ms (p90 0), dilation min 1 · loop JS p90 27.4
           lengths: <20 0 % · 20-40 100 % · 40-60 0 % · 60-100 0 % · 100-250 0 % · 250-1000 0 % · >1000 0 % | p50 33.3 p90 33.5 p99 33.5 p99.9 33.5 ms | >1.5x cap 0 %, >3x 0 % | >100 ms 0, >1 s 0 (5 fr)
  FRAME LENGTHS (every frame after the reveal):
    <20 ms             5    0.16 %  .
    20-40 ms        3070     100 %  ########################################
    40-60 ms           3    0.10 %  .
    60-100 ms          0       0 %  
    100-250 ms         1   0.030 %  .
    250-1000 ms        0       0 %  
    >1000 ms           0       0 %  
    p50 33.3 · p90 33.4 · p99 33.5 · p99.9 50 · worst 166.7 ms
    over 1.5x the cap's frame time 2 (0.060 %) · over 3x 1 (0.030 %) · over 100 ms 1 · over 1 s 0  (3079 frames)
  ROLLOUT over100ms: FAIL {"n":1,"worst":166,"pass":false}
  ROLLOUT below30run: PASS {"sec":0.17,"pass":true}
  ROLLOUT standTaxiMedianFps: FAIL {"fps":30,"pass":false}
  ROLLOUT standTaxiDeliveredFps: FAIL {"fps":30,"doubled":0.998,"dtP90":33.4,"dtP99":33.5,"pass":false}
  ROLLOUT longTask1s: FAIL {"n":1,"worst":1552,"pass":false}
  long tasks > 200 ms: 23 · worst 8: 1552@24s 788@19s 674@1s 540@3s 524@7s 489@1s 486@4s 432@22s
  -> D:/Dev/wt-fleetb/flyDiy/reports/evidence/FLEET-PROPS-B/timed/rp_potato_6.json
