rollout_perf [fb_retro_6] http://localhost:8695/flyDiy/index.html?gfx=retro&fleet=1&fleetn=6
  garage ready: ready after 40.6 s
  ANGLE (NVIDIA, NVIDIA GeForce RTX 3080 (0x00002216) Direct3D11 vs_5_0 ps_5_0, D3D11) · gfx {"preset":"retro","build":"retro","pv":8,"fps":30,"fpsOwn":false,"ground":"lean","scale":0.85,"cover":"lean","scenery":"lean","drawDist":"vis","terrain":2,"aa":"off","density":100,"bands":"near","shadows":"near","canopy":"off","rails":"on","poles":"off","glare":"on","sway":"off","mist":"on","clouds":"off","water":"simple","mirror":"off","lighting":"sunset","tone":"cineon","exposure":1,"colour":"managed","bloom":"off","look":"off","lens":"off","rays":"off","ao":"off","eye":"off","compositing":"linear","own":false,"hw":null,"town":"nearby"}
  TOWN step 7.4 s · long tasks >= 50 ms: 62 (4676 ms), over 100 ms: 10, worst 247 ms
  SETTLE step 7.8 s · long tasks >= 50 ms: 16 (1235 ms), over 100 ms: 2, worst 225 ms
  HOUSE WORKER {"on":true,"why":"on","ready":true,"failed":false,"results":95,"initMs":1446,"composeMs":483,"built":0,"hits":92,"misses":0,"genMs":0,"cache":true,"mb":223.1,"moved":15956,"kept":0,"tallies":3} · page: {"dispatched":95,"placed":137,"here":3}
  roll-out screen: gone after 3.4 s
  SHOT {"frames":347,"fps":30,"med":33.3,"p90":33.4,"max":33.9,"over33":30,"secs":11.89,"trip":{"anim":"played","where":null,"ms":11888,"dissolveMs":0.4},"longTasks":2,"worstTask":185,"slowFrames":[[339,33.4],[372,33.2],[406,33.4],[439,33.3],[473,33.4],[506,33.3],[539,33.4],[573,33.3],[606,33.4],[639,33.3],[673,33.4],[706,33.3],[739,33.3],[773,33.3],[806,33.4],[839,33.4],[873,33.3],[906,33.4],[939,33.3],[973,33.4],[1006,33.3],[1039,33.4],[1073,33.3],[1106,33.4],[1139,33.3],[1173,33.3],[1206,33.3],[1239,33.4],[1273,33.3],[1306,33.4],[1340,33.4],[1373,33.4],[1406,33.2],[1440,33.4],[1473,33.3],[1506,33.5],[1540,33.3],[1573,33.3],[1606,33.4],[1640,33.2],[1673,33.4],[1706,33.4],[1740,33.3],[1773,33.4],[1806,33.3],[1840,33.4],[1873,33.3],[1906,33.4],[1940,33.3],[1973,33.3],[2007,33.5],[2040,33.3],[2073,33.5],[2106,33.1],[2140,33.3],[2173,33.4],[2206,33.3],[2240,33.4],[2273,33.4],[2307,33.3],[2340,33.3],[2373,33.4],[2407,33.4],[2440,33.3],[2473,33.4],[2507,33.3],[2540,33.3],[2573,33.4],[2607,33.3],[2640,33.3],[2673,33.5],[2707,33.3],[2740,33.3],[2773,33.3],[2807,33.3],[2840,33.5],[2873,33.2],[2907,33.5],[2940,33.3],[2973,33.3],[3007,33.4],[3040,33.3],[3073,33.3],[3107,33.5],[3140,33.3],[3174,33.3],[3207,33.3],[3240,33.4],[3274,33.3],[3307,33.4],[3340,33.5],[3374,33.2],[3407,33.4],[3440,33.2],[3474,33.5],[3507,33.3],[3540,33.4],[3574,33.2],[3607,33.4],[3640,33.4],[3674,33.2],[3707,33.5],[3740,33.3],[3774,33.3],[3807,33.4],[3840,33.3],[3874,33.4],[3907,33.3],[3940,33.3],[3974,33.4],[4007,33.3],[4040,33.3],[4074,33.6],[4107,33.2],[4141,33.4],[4174,33.3],[4207,33.3],[4241,33.3],[4274,33.5],[4307,33.2],[4341,33.4],[4374,33.4],[4407,33.4],[4441,33.2],[4474,33.5],[4507,33.3],[4541,33.3],[4574,33.3],[4607,33.4],[4641,33.4],[4674,33.3],[4707,33.3],[4741,33.3],[4774,33.4],[4808,33.4],[4841,33.3],[4874,33.4],[4908,33.3],[4941,33.3],[4974,33.4],[5008,33.4],[5041,33.3],[5074,33.4],[5108,33.4],[5141,33.3],[5174,33.2],[5208,33.5],[5241,33.3],[5274,33.3],[5308,33.4],[5341,33.3],[5375,33.5],[5408,33.3],[5441,33.3],[5474,33.3],[5508,33.3],[5541,33.4],[5574,33.3],[5608,33.4],[5641,33.3],[5675,33.4],[5708,33.3],[5741,33.3],[5775,33.5],[5808,33.3],[5841,33.4],[5875,33.2],[5908,33.4],[5941,33.3],[5975,33.4],[6008,33.3],[6041,33.4],[6075,33.4],[6108,33.2],[6141,33.4],[6175,33.4],[6208,33.3],[6241,33.4],[6275,33.3],[6308,33.3],[6341,33.3],[6375,33.4],[6408,33.3],[6441,33.4],[6475,33.3],[6508,33.4],[6542,33.4],[6575,33.3],[6608,33.4],[6642,33.3],[6675,33.4],[6708,33.2],[6742,33.4],[6775,33.3],[6808,33.5],[6842,33.3],[6875,33.3],[6908,33.4],[6942,33.3],[6975,33.4],[7008,33.3],[7042,33.3],[7075,33.4],[7108,33.4],[7142,33.3],[7175,33.4],[7208,33.2],[7242,33.4],[7275,33.4],[7308,33.3],[7342,33.4],[7375,33.4],[7409,33.3],[7442,33.3],[7475,33.4],[7509,33.3],[7542,33.4],[7575,33.3],[7609,33.4],[7642,33.3],[7675,33.3],[7709,33.4],[7742,33.3],[7775,33.4],[7809,33.3],[7842,33.4],[7875,33.3],[7909,33.3],[7942,33.4],[7975,33.3],[8009,33.4],[8042,33.4],[8075,33.3],[8109,33.3],[8142,33.3],[8175,33.4],[8209,33.3],[8242,33.5],[8276,33.3],[8309,33.3],[8342,33.4],[8375,33.2],[8409,33.4],[8442,33.4],[8476,33.3],[8509,33.4],[8542,33.3],[8576,33.4],[8609,33.3],[8642,33.3],[8676,33.5],[8709,33.2],[8743,33.6],[8776,33.2],[8809,33.2],[8842,33.5],[8876,33.3],[8909,33.3],[8943,33.5],[8976,33.3],[9009,33.2],[9042,33.4],[9076,33.4],[9109,33.3],[9143,33.4],[9176,33.3],[9209,33.4],[9243,33.3],[9276,33.4],[9309,33.2],[9343,33.4],[9376,33.3],[9409,33.4],[9443,33.4],[9476,33.4],[9509,33.4],[9543,33.2],[9576,33.5],[9609,33.2],[9643,33.3],[9676,33.4],[9709,33.3],[9743,33.5],[9776,33.2],[9810,33.5],[9843,33.3],[9876,33.3],[9909,33.3],[9943,33.4],[9976,33.3],[10010,33.4],[10043,33.4],[10076,33.2],[10110,33.4],[10143,33.3],[10176,33.4],[10210,33.4],[10243,33.3],[10276,33.3],[10310,33.3],[10343,33.4],[10376,33.4],[10410,33.3],[10443,33.3],[10476,33.4],[10510,33.4],[10543,33.3],[10576,33.4],[10610,33.4],[10643,33.2],[10676,33.4],[10710,33.3],[10743,33.3],[10776,33.4],[10810,33.4],[10843,33.3],[10876,33.3],[10910,33.5],[10944,33.9],[10977,32.7],[11010,33.5],[11043,33.2],[11077,33.4],[11110,33.3],[11143,33.3],[11177,33.4],[11210,33.3],[11243,33.4],[11277,33.3],[11310,33.3],[11343,33.3],[11377,33.5],[11410,33.3],[11443,33.4],[11477,33.3],[11510,33.3],[11543,33.4],[11577,33.3],[11610,33.4],[11643,33.3],[11677,33.4],[11710,33.3],[11744,33.4],[11777,33.3],[11810,33.4],[11843,33.2],[11877,33.5]],"tasks":[[22,185],[209,68]]}
  start: {"route":{"from":"HOME","dest":"CIRCUIT","to":"CIRCUIT","base":"HOME","spawn":null},"hydro":false,"substeps":74,"substepsTrue":null,"hydroEvery":null,"nodes":93,"mass":462,"cg":[-150.3,31.6,706.9],"near":["HOME",509],"phase":"TAXI","manual":false,"cam":"chase"}
  + 10 s {"ph":"TAXI","ap":"TAXI","wph":"","pace":{"mode":30,"cap":30,"legacy":false,"steps":2,"dt":0.03319999999999709,"stats":{"down":0,"up":0,"trialsFailed":0,"guarded":0,"cut":0,"stalls":3},"holdUpS":0,"dilation":0.998134844948633,"stepMs":2.5999744179611968,"otherMs":33.2140161777095,"droppedS":0,"workMs":0,"rateFps":0,"trials":0,"simw":true},"q":78,"t":13.633333333343955}
  + 20 s {"ph":"TAXI","ap":"TAXI","wph":"","pace":{"mode":30,"cap":30,"legacy":false,"steps":2,"dt":0.03330000000000291,"stats":{"down":0,"up":0,"trialsFailed":0,"guarded":0,"cut":0,"stalls":3},"holdUpS":0,"dilation":0.9982455817501603,"stepMs":2.382391826347896,"otherMs":33.24451147074378,"droppedS":0,"workMs":0,"rateFps":0,"trials":0,"simw":true},"q":78,"t":23.85000000002311}
  + 30 s {"ph":"TAXI","ap":"TAXI","wph":"","pace":{"mode":30,"cap":30,"legacy":false,"steps":2,"dt":0.03330000000000291,"stats":{"down":0,"up":0,"trialsFailed":0,"guarded":0,"cut":0,"stalls":3},"holdUpS":0,"dilation":1.0032618004645986,"stepMs":2.3940767924358357,"otherMs":33.252707246891916,"droppedS":0,"workMs":0,"rateFps":0,"trials":0,"simw":true},"q":78,"t":33.58333333334336}
  + 40 s {"ph":"TAXI","ap":"TAXI","wph":"","pace":{"mode":30,"cap":30,"legacy":false,"steps":2,"dt":0.0335,"stats":{"down":0,"up":0,"trialsFailed":0,"guarded":0,"cut":0,"stalls":3},"holdUpS":0,"dilation":0.9993790794994029,"stepMs":3.2319038139688625,"otherMs":33.254068464903696,"droppedS":0,"workMs":0,"rateFps":0,"trials":0,"simw":true},"q":78,"t":43.78333333319493}
  + 50 s {"ph":"TAXI","ap":"TAXI","wph":"","pace":{"mode":30,"cap":30,"legacy":false,"steps":2,"dt":0.03330000000000291,"stats":{"down":0,"up":0,"trialsFailed":0,"guarded":0,"cut":0,"stalls":3},"holdUpS":0,"dilation":0.9988013022416925,"stepMs":2.996373125540691,"otherMs":33.224373294800344,"droppedS":0,"workMs":0,"rateFps":0,"trials":0,"simw":true},"q":78,"t":53.4999999997202}
  + 60 s {"ph":"TAXI","ap":"TAXI","wph":"","pace":{"mode":30,"cap":30,"legacy":false,"steps":2,"dt":0.03319999999999709,"stats":{"down":0,"up":0,"trialsFailed":0,"guarded":0,"cut":0,"stalls":3},"holdUpS":0,"dilation":0.9984314271802478,"stepMs":3.101273306246963,"otherMs":33.2447968239927,"droppedS":0,"workMs":0,"rateFps":0,"trials":0,"simw":true},"q":78,"t":63.69999999957177}
  + 70 s {"ph":"TAXI","ap":"TAXI","wph":"","pace":{"mode":30,"cap":30,"legacy":false,"steps":2,"dt":0.03329999999998836,"stats":{"down":0,"up":0,"trialsFailed":0,"guarded":0,"cut":0,"stalls":3},"holdUpS":0,"dilation":0.9989156562602372,"stepMs":3.173175728406375,"otherMs":33.26752376711478,"droppedS":0,"workMs":0,"rateFps":0,"trials":0,"simw":true},"q":78,"t":73.43333333276347}
  + 80 s {"ph":"TAXI","ap":"TAXI","wph":"","pace":{"mode":30,"cap":30,"legacy":false,"steps":2,"dt":0.03330000000001746,"stats":{"down":0,"up":0,"trialsFailed":0,"guarded":0,"cut":0,"stalls":3},"holdUpS":0,"dilation":1.0021663152218834,"stepMs":2.9961010404590307,"otherMs":33.19735432777354,"droppedS":0,"workMs":0,"rateFps":0,"trials":0,"simw":true},"q":78,"t":83.59999999928219}
  physics: the WORKER - live, placed true, 1 flights (0 inline), world made in 848 ms, held 3 frames, world-version lag max 1 frames
  eval: {"build":"f9145510da7b","preset":"retro","gfxBuild":"retro","fleetOn":true,"limit":6,"taxi":{"n":2790,"gpuN":2789,"gpu":13.03,"gpuP90":13.625,"calls":791,"tris":6856969},"air":{"n":0,"gpuN":0,"gpu":null,"gpuP90":null,"calls":null,"tris":null},"stand":{"key":"jolene|fleet-1-cub@stand:af_m_park:5,fleet-2-jodel@apron:22:0,fleet-3-c172@apron:22:75,fleet-4-c172floats@apron:22:210,fleet-5-twinfloats@apron:34:0,fleet-6-metal@apron:34:60","n":6,"miss":[],"stats":{"stands":1,"placed":6,"kept":0,"miss":0,"held":0,"waitMs":341}},"fleet":{"stats":{"queued":0,"captures":0,"bakes":0,"hits":0,"stored":0,"decodes":6,"worldRefused":0,"flightRefused":0,"evicted":0,"bakeInWorld":0,"notWanted":0,"inputWaits":0},"why":{},"lru":["mine:fleet-1-cub","mine:fleet-2-jodel","mine:fleet-3-c172","mine:fleet-4-c172floats","mine:fleet-5-twinfloats","mine:fleet-6-metal"]},"holders":[{"slot":"fleet-1-cub","level":2,"ladder":[0,30,450,2500],"d":507},{"slot":"fleet-2-jodel","level":1,"ladder":[0,30,450,2500],"d":440},{"slot":"fleet-3-c172","level":2,"ladder":[0,30,450,2500],"d":466},{"slot":"fleet-4-c172floats","level":2,"ladder":[0,30,450,2500],"d":467},{"slot":"fleet-5-twinfloats","level":1,"ladder":[0,30,450,2500],"d":430},{"slot":"fleet-6-metal","level":2,"ladder":[0,30,450,2500],"d":462}]}
  world step: 364 yields in 6304 ms, the longest slice 503 ms
  premises slow builds: z_harbour:v_north:7 168, z_harbour:v_north:4 123, z_harbour:v_north:6 123, z_harbour:v_north:8 119, z_village:v_north:6 112, z_harbour:v_north:5 110, z_village:v_shore_e:27 102, z_harbour:v_north:9 96, z_village:r_village:19 95, z_village:r_village:11 94, z_harbour:v_north:3 82, z_village:v_west:2 66
  HWSTEP none · {"on":false,"why":"localhost (a rig or a dev server)","kind":null,"reading":null,"explicit":"?gfx="}
  per 5 s after the reveal [s, fps, GPU ms, M tris]: -15/344.8/41/5.51 -10/23.9/8.7/1.17 -5/28.8/8/1.54 0/30/10.1/2.64 5/28.6/11.5/11.38 10/30/13.5/11.12 15/30/13.3/11.69 20/30/13.3/12.29 25/30/12.9/8.44 30/30/12.8/8.53 35/30/13/7.58 40/30/12.9/7.95 45/30.1/13/7.87 50/30/13/6.94 55/30/13.2/6.52 60/30/13.1/6.15 65/30/13.1/6.07 70/30/12.7/6.35 75/30/13.3/5.44 80/30/13.1/5.13 85/30/12.9/5.27 90/30.1/12.7/5.95 95/30/12.6/5.28 100/30/12.3/5.46
  ---- fb_retro_6 · garage 40.6 s · roll-out screen 3.4 s · premises queue empty at +null s
  stand     29.2 fps delivered, 100 % doubled (median 30; dt med 33.3 p90 33.4 p99 33.6 max 267) · loop JS 9.1 · solver 0 (p90 0; 0 a step) · world 0 (p90 0) · render 6.6 (p90 7.4, shadow 1.7) · prem 0/fr · 2 steps/frame · at 30-cap 100 % · 257 fr / 8.8 s · WORKER step 11.83 ms (p90 11.83), dilation min 0.987 · loop JS p90 10.6
           lengths: <20 0 % · 20-40 100 % · 40-60 0 % · 60-100 0 % · 100-250 0 % · 250-1000 1 fr · >1000 0 % | p50 33.3 p90 33.4 p99 33.6 p99.9 266.8 ms | >1.5x cap 0.39 %, >3x 0.39 % | >100 ms 1, >1 s 0 (257 fr)
  taxi        30 fps delivered, 100 % doubled (median 30; dt med 33.3 p90 33.4 p99 33.5 max 50) · loop JS 11 · solver 0.1 (p90 0.2; 0.05 a step) · world 1.1 (p90 1.9) · render 7.6 (p90 9.7, shadow 0.6) · prem 0/fr · 2 steps/frame · at 30-cap 100 % · 2806 fr / 93.5 s · WORKER step 3.01 ms (p90 3.23), dilation min 0.988 · loop JS p90 13.5
           lengths: <20 6 fr · 20-40 100 % · 40-60 4 fr · 60-100 0 % · 100-250 0 % · 250-1000 0 % · >1000 0 % | p50 33.3 p90 33.4 p99 33.5 p99.9 50 ms | >1.5x cap 0 %, >3x 0 % | >100 ms 0, >1 s 0 (2806 fr)
  takeoff     30 fps delivered, 100 % doubled (median 29.9; dt med 33.4 p90 33.4 p99 33.4 max 33) · loop JS 21.4 · solver 0.2 (p90 2.9; 0.38 a step) · world 1.8 (p90 10.6) · render 12.6 (p90 251.1, shadow 0.8) · prem 0.02/fr · 2 steps/frame · at 30-cap 100 % · 5 fr / 0.2 s · WORKER step 0 ms (p90 0), dilation min 1 · loop JS p90 256.7
           lengths: <20 0 % · 20-40 100 % · 40-60 0 % · 60-100 0 % · 100-250 0 % · 250-1000 0 % · >1000 0 % | p50 33.4 p90 33.4 p99 33.4 p99.9 33.4 ms | >1.5x cap 0 %, >3x 0 % | >100 ms 0, >1 s 0 (5 fr)
  FRAME LENGTHS (every frame after the reveal):
    <20 ms             6    0.20 %  .
    20-40 ms        3057     100 %  ########################################
    40-60 ms           4    0.13 %  .
    60-100 ms          0       0 %  
    100-250 ms         0       0 %  
    250-1000 ms        1   0.030 %  .
    >1000 ms           0       0 %  
    p50 33.3 · p90 33.4 · p99 33.5 · p99.9 50 · worst 266.8 ms
    over 1.5x the cap's frame time 1 (0.030 %) · over 3x 1 (0.030 %) · over 100 ms 1 · over 1 s 0  (3068 frames)
  ROLLOUT over100ms: FAIL {"n":1,"worst":266,"pass":false}
  ROLLOUT below30run: PASS {"sec":0.3,"pass":true}
  ROLLOUT standTaxiMedianFps: FAIL {"fps":30,"pass":false}
  ROLLOUT standTaxiDeliveredFps: FAIL {"fps":29.9,"doubled":0.998,"dtP90":33.4,"dtP99":33.5,"pass":false}
  ROLLOUT longTask1s: FAIL {"n":1,"worst":3279,"pass":false}
  long tasks > 200 ms: 23 · worst 8: 3279@28s 999@35s 968@36s 674@2s 591@3s 534@3s 520@7s 487@4s
  -> D:/Dev/wt-fleetb/flyDiy/reports/evidence/FLEET-PROPS-B/timed/rp_retro_6.json
