rollout_perf [fb_retro_3] http://localhost:8695/flyDiy/index.html?gfx=retro&fleet=1&fleetn=3
  garage ready: ready after 40.5 s
  ANGLE (NVIDIA, NVIDIA GeForce RTX 3080 (0x00002216) Direct3D11 vs_5_0 ps_5_0, D3D11) · gfx {"preset":"retro","build":"retro","pv":8,"fps":30,"fpsOwn":false,"ground":"lean","scale":0.85,"cover":"lean","scenery":"lean","drawDist":"vis","terrain":2,"aa":"off","density":100,"bands":"near","shadows":"near","canopy":"off","rails":"on","poles":"off","glare":"on","sway":"off","mist":"on","clouds":"off","water":"simple","mirror":"off","lighting":"sunset","tone":"cineon","exposure":1,"colour":"managed","bloom":"off","look":"off","lens":"off","rays":"off","ao":"off","eye":"off","compositing":"linear","own":false,"hw":null,"town":"nearby"}
  TOWN step 7.5 s · long tasks >= 50 ms: 60 (4583 ms), over 100 ms: 11, worst 251 ms
  SETTLE step 7.9 s · long tasks >= 50 ms: 14 (1194 ms), over 100 ms: 3, worst 226 ms
  HOUSE WORKER {"on":true,"why":"on","ready":true,"failed":false,"results":95,"initMs":1459,"composeMs":473,"built":0,"hits":92,"misses":0,"genMs":0,"cache":true,"mb":223.1,"moved":15956,"kept":0,"tallies":3} · page: {"dispatched":95,"placed":137,"here":3}
  roll-out screen: gone after 3.3 s
  SHOT {"frames":348,"fps":30,"med":33.3,"p90":33.4,"max":33.6,"over33":21,"secs":11.91,"trip":{"anim":"played","where":null,"ms":11898,"dissolveMs":0.3},"longTasks":1,"worstTask":194,"slowFrames":[[314,33.3],[348,33.4],[381,33.3],[414,33.4],[448,33.3],[481,33.4],[514,33.3],[548,33.4],[581,33.3],[614,33.3],[648,33.4],[681,33.4],[714,33.3],[748,33.4],[781,33.4],[814,33.2],[848,33.4],[881,33.3],[915,33.4],[948,33.3],[981,33.4],[1015,33.3],[1048,33.4],[1081,33.3],[1115,33.5],[1148,33.3],[1181,33.3],[1215,33.3],[1248,33.4],[1281,33.4],[1315,33.2],[1348,33.3],[1381,33.4],[1415,33.3],[1448,33.4],[1481,33.4],[1515,33.4],[1548,33.3],[1581,33.3],[1615,33.4],[1648,33.3],[1682,33.4],[1715,33.3],[1748,33.4],[1782,33.3],[1815,33.3],[1848,33.3],[1882,33.4],[1915,33.3],[1948,33.4],[1982,33.4],[2015,33.2],[2048,33.5],[2082,33.3],[2115,33.3],[2148,33.3],[2182,33.4],[2215,33.4],[2248,33.3],[2282,33.4],[2315,33.3],[2348,33.3],[2382,33.4],[2415,33.3],[2448,33.4],[2482,33.4],[2515,33.3],[2548,33.3],[2582,33.4],[2615,33.3],[2649,33.4],[2682,33.3],[2715,33.4],[2749,33.3],[2782,33.4],[2815,33.3],[2849,33.4],[2882,33.3],[2915,33.4],[2949,33.3],[2982,33.3],[3015,33.3],[3049,33.4],[3082,33.4],[3115,33.4],[3149,33.3],[3182,33.2],[3215,33.4],[3249,33.3],[3282,33.4],[3315,33.4],[3349,33.5],[3382,33.2],[3415,33.3],[3449,33.4],[3482,33.3],[3516,33.5],[3549,33.2],[3582,33.4],[3616,33.3],[3649,33.3],[3682,33.4],[3716,33.3],[3749,33.4],[3782,33.3],[3816,33.4],[3849,33.3],[3882,33.4],[3916,33.4],[3949,33.3],[3982,33.3],[4016,33.4],[4049,33.3],[4082,33.4],[4116,33.3],[4149,33.3],[4182,33.3],[4216,33.5],[4249,33.3],[4283,33.4],[4316,33.3],[4349,33.3],[4383,33.4],[4416,33.3],[4449,33.3],[4483,33.4],[4516,33.4],[4549,33.3],[4583,33.4],[4616,33.3],[4649,33.4],[4683,33.3],[4716,33.3],[4749,33.5],[4783,33.2],[4816,33.4],[4849,33.3],[4883,33.4],[4916,33.3],[4949,33.3],[4983,33.4],[5016,33.4],[5050,33.4],[5083,33.3],[5116,33.3],[5149,33.3],[5183,33.4],[5216,33.3],[5250,33.5],[5283,33.2],[5316,33.3],[5350,33.4],[5383,33.4],[5416,33.3],[5450,33.4],[5483,33.3],[5516,33.4],[5550,33.3],[5583,33.4],[5616,33.3],[5650,33.3],[5683,33.4],[5716,33.3],[5750,33.4],[5783,33.3],[5816,33.3],[5850,33.4],[5883,33.3],[5916,33.4],[5950,33.3],[5983,33.4],[6016,33.3],[6050,33.4],[6083,33.3],[6117,33.4],[6150,33.3],[6183,33.4],[6217,33.3],[6250,33.4],[6283,33.2],[6317,33.4],[6350,33.4],[6383,33.3],[6417,33.4],[6450,33.4],[6483,33.2],[6517,33.4],[6550,33.3],[6583,33.5],[6617,33.3],[6650,33.3],[6683,33.4],[6717,33.3],[6750,33.4],[6783,33.3],[6817,33.3],[6850,33.3],[6883,33.4],[6917,33.3],[6950,33.5],[6984,33.3],[7017,33.3],[7050,33.4],[7084,33.3],[7117,33.3],[7150,33.4],[7184,33.4],[7217,33.3],[7250,33.3],[7284,33.4],[7317,33.4],[7350,33.3],[7384,33.3],[7417,33.3],[7450,33.4],[7484,33.3],[7517,33.5],[7550,33.2],[7584,33.4],[7617,33.4],[7651,33.4],[7684,33.2],[7717,33.3],[7751,33.5],[7784,33.3],[7817,33.3],[7851,33.4],[7884,33.3],[7917,33.4],[7951,33.3],[7984,33.4],[8017,33.3],[8051,33.4],[8084,33.3],[8117,33.4],[8151,33.3],[8184,33.3],[8217,33.4],[8251,33.3],[8284,33.4],[8317,33.4],[8351,33.3],[8384,33.3],[8417,33.3],[8451,33.4],[8484,33.3],[8517,33.4],[8551,33.3],[8584,33.4],[8617,33.3],[8651,33.3],[8684,33.5],[8717,33.2],[8751,33.5],[8784,33.3],[8818,33.3],[8851,33.3],[8884,33.4],[8918,33.3],[8951,33.4],[8984,33.4],[9018,33.2],[9051,33.5],[9084,33.2],[9118,33.5],[9151,33.3],[9184,33.3],[9218,33.3],[9251,33.3],[9284,33.5],[9318,33.3],[9351,33.3],[9384,33.4],[9418,33.3],[9451,33.4],[9484,33.3],[9518,33.4],[9551,33.3],[9585,33.4],[9618,33.3],[9651,33.4],[9685,33.3],[9718,33.4],[9751,33.2],[9785,33.5],[9818,33.3],[9851,33.3],[9885,33.3],[9918,33.4],[9951,33.4],[9985,33.3],[10018,33.4],[10051,33.3],[10085,33.4],[10118,33.3],[10151,33.3],[10185,33.4],[10218,33.3],[10252,33.5],[10285,33.3],[10318,33.3],[10351,33.3],[10385,33.3],[10418,33.4],[10452,33.4],[10485,33.4],[10518,33.3],[10552,33.3],[10585,33.3],[10618,33.4],[10652,33.3],[10685,33.4],[10718,33.3],[10752,33.4],[10785,33.4],[10818,33.2],[10852,33.4],[10885,33.3],[10918,33.4],[10952,33.3],[10985,33.5],[11018,33.3],[11052,33.3],[11085,33.4],[11118,33.2],[11152,33.5],[11185,33.3],[11219,33.4],[11252,33.4],[11285,33.2],[11318,33.3],[11352,33.4],[11385,33.3],[11419,33.4],[11452,33.4],[11485,33.3],[11519,33.3],[11552,33.4],[11585,33.3],[11619,33.4],[11652,33.3],[11685,33.4],[11719,33.3],[11752,33.6],[11785,33.1],[11819,33.4],[11852,33.3],[11885,33.3]],"tasks":[[20,194]]}
  start: {"route":{"from":"HOME","dest":"CIRCUIT","to":"CIRCUIT","base":"HOME","spawn":null},"hydro":false,"substeps":74,"substepsTrue":null,"hydroEvery":null,"nodes":93,"mass":462,"cg":[-150.3,31.6,707],"near":["HOME",509],"phase":"TAXI","manual":false,"cam":"chase"}
  + 10 s {"ph":"TAXI","ap":"TAXI","wph":"","pace":{"mode":30,"cap":30,"legacy":false,"steps":2,"dt":0.03329999999998836,"stats":{"down":0,"up":0,"trialsFailed":0,"guarded":0,"cut":0,"stalls":3},"holdUpS":0,"dilation":1.001292185829998,"stepMs":2.5672894006870974,"otherMs":33.23167456132926,"droppedS":0,"workMs":0,"rateFps":0,"trials":0,"simw":true},"q":78,"t":13.600000000010581}
  + 20 s {"ph":"TAXI","ap":"TAXI","wph":"","pace":{"mode":30,"cap":30,"legacy":false,"steps":2,"dt":0.03340000000000873,"stats":{"down":0,"up":0,"trialsFailed":0,"guarded":0,"cut":0,"stalls":3},"holdUpS":0,"dilation":1.0032970820733824,"stepMs":2.445420836152106,"otherMs":33.26092265100707,"droppedS":0,"workMs":0,"rateFps":0,"trials":0,"simw":true},"q":78,"t":23.816666666689734}
  + 30 s {"ph":"TAXI","ap":"TAXI","wph":"","pace":{"mode":30,"cap":30,"legacy":false,"steps":2,"dt":0.03339999999999418,"stats":{"down":0,"up":0,"trialsFailed":0,"guarded":0,"cut":0,"stalls":3},"holdUpS":0,"dilation":0.9975897826867527,"stepMs":2.4584351957137818,"otherMs":33.26843253801868,"droppedS":0,"workMs":0,"rateFps":0,"trials":0,"simw":true},"q":78,"t":33.55000000001051}
  + 40 s {"ph":"TAXI","ap":"TAXI","wph":"","pace":{"mode":30,"cap":30,"legacy":false,"steps":2,"dt":0.033200000000011644,"stats":{"down":0,"up":0,"trialsFailed":0,"guarded":0,"cut":0,"stalls":3},"holdUpS":0,"dilation":0.9998986796171622,"stepMs":2.9721438812610392,"otherMs":33.23385195342351,"droppedS":0,"workMs":0,"rateFps":0,"trials":0,"simw":true},"q":78,"t":43.73333333319566}
  + 50 s {"ph":"TAXI","ap":"TAXI","wph":"","pace":{"mode":30,"cap":30,"legacy":false,"steps":2,"dt":0.03329999999998836,"stats":{"down":0,"up":0,"trialsFailed":0,"guarded":0,"cut":0,"stalls":3},"holdUpS":0,"dilation":1.002608368538979,"stepMs":3.258874141992297,"otherMs":33.240905791011556,"droppedS":0,"workMs":0,"rateFps":0,"trials":0,"simw":true},"q":78,"t":53.433333333054506}
  + 60 s {"ph":"TAXI","ap":"TAXI","wph":"","pace":{"mode":30,"cap":30,"legacy":false,"steps":2,"dt":0.03339999999999418,"stats":{"down":0,"up":0,"trialsFailed":0,"guarded":0,"cut":0,"stalls":3},"holdUpS":0,"dilation":1.002082277918179,"stepMs":3.0673430423987296,"otherMs":33.237425198046424,"droppedS":0,"workMs":0,"rateFps":0,"trials":0,"simw":true},"q":78,"t":63.666666666238925}
  + 70 s {"ph":"TAXI","ap":"TAXI","wph":"","pace":{"mode":30,"cap":30,"legacy":false,"steps":2,"dt":0.03319999999999709,"stats":{"down":0,"up":0,"trialsFailed":0,"guarded":0,"cut":0,"stalls":3},"holdUpS":0,"dilation":1.0035862497635744,"stepMs":3.0918934308449737,"otherMs":33.24948690588999,"droppedS":0,"workMs":0,"rateFps":0,"trials":0,"simw":true},"q":78,"t":73.8666666660905}
  + 80 s {"ph":"TAXI","ap":"TAXI","wph":"","pace":{"mode":30,"cap":30,"legacy":false,"steps":2,"dt":0.03330000000001746,"stats":{"down":0,"up":0,"trialsFailed":0,"guarded":0,"cut":0,"stalls":3},"holdUpS":0,"dilation":1.0013388988122125,"stepMs":2.985008475377534,"otherMs":33.21434903105979,"droppedS":0,"workMs":0,"rateFps":0,"trials":0,"simw":true},"q":78,"t":83.56666666594934}
  physics: the WORKER - live, placed true, 1 flights (0 inline), world made in 859 ms, held 3 frames, world-version lag max 1 frames
  eval: {"build":"f9145510da7b","preset":"retro","gfxBuild":"retro","fleetOn":true,"limit":3,"taxi":{"n":2789,"gpuN":2785,"gpu":13.049,"gpuP90":13.645,"calls":791,"tris":6857619},"air":{"n":0,"gpuN":0,"gpu":null,"gpuP90":null,"calls":null,"tris":null},"stand":{"key":"jolene|fleet-1-cub@stand:af_m_park:5,fleet-2-jodel@apron:22:0,fleet-3-c172@apron:22:75","n":3,"miss":[],"stats":{"stands":1,"placed":3,"kept":0,"miss":0,"held":3,"waitMs":183}},"fleet":{"stats":{"queued":0,"captures":0,"bakes":0,"hits":0,"stored":0,"decodes":3,"worldRefused":0,"flightRefused":0,"evicted":0,"bakeInWorld":0,"notWanted":0,"inputWaits":0},"why":{},"lru":["mine:fleet-1-cub","mine:fleet-2-jodel","mine:fleet-3-c172"]},"holders":[{"slot":"fleet-1-cub","level":2,"ladder":[0,30,450,2500],"d":507},{"slot":"fleet-2-jodel","level":1,"ladder":[0,30,450,2500],"d":440},{"slot":"fleet-3-c172","level":2,"ladder":[0,30,450,2500],"d":466}]}
  world step: 364 yields in 6391 ms, the longest slice 458 ms
  premises slow builds: z_harbour:v_north:8 177, z_harbour:v_north:6 129, z_harbour:v_north:4 124, z_harbour:v_north:7 118, z_harbour:v_north:5 111, z_village:v_north:6 111, z_village:v_shore_e:29 109, z_harbour:v_north:9 98, z_village:v_shore_e:8 93, z_village:v_west:1 89, z_harbour:v_north:3 84, z_village:r_village:3 66
  HWSTEP none · {"on":false,"why":"localhost (a rig or a dev server)","kind":null,"reading":null,"explicit":"?gfx="}
  per 5 s after the reveal [s, fps, GPU ms, M tris]: -15/112.4/79.7/5.51 -10/23.4/8.2/1.17 -5/29/8.8/1.54 0/30/9.8/2.64 5/28.5/11.2/10.95 10/30/13.5/10.89 15/30/13.3/11.51 20/30/13.3/12.12 25/30/12.9/8.44 30/30/12.8/8.53 35/30/12.7/7.58 40/30/12.7/7.93 45/30.1/12.9/7.88 50/30/13/6.94 55/30/13.1/6.52 60/30/13.1/6.15 65/30/13.2/6.08 70/30/13/6.35 75/30/13.4/5.38 80/30/13.2/5.13 85/30/12.9/5.27 90/30.1/12.5/5.95 95/30/12.7/5.28 100/30/12.2/5.46
  ---- fb_retro_3 · garage 40.5 s · roll-out screen 3.3 s · premises queue empty at +null s
  stand     29.1 fps delivered, 100 % doubled (median 30; dt med 33.3 p90 33.4 p99 33.5 max 283) · loop JS 9.3 · solver 0 (p90 0; 0 a step) · world 0 (p90 0) · render 6.6 (p90 7.6, shadow 1.7) · prem 0/fr · 2 steps/frame · at 30-cap 100 % · 258 fr / 8.9 s · WORKER step 13.38 ms (p90 13.38), dilation min 1.002 · loop JS p90 10.8
           lengths: <20 0 % · 20-40 100 % · 40-60 0 % · 60-100 0 % · 100-250 0 % · 250-1000 1 fr · >1000 0 % | p50 33.3 p90 33.4 p99 33.5 p99.9 283.4 ms | >1.5x cap 0.39 %, >3x 0.39 % | >100 ms 1, >1 s 0 (258 fr)
  taxi        30 fps delivered, 100 % doubled (median 30; dt med 33.3 p90 33.4 p99 33.5 max 50) · loop JS 10.9 · solver 0.1 (p90 0.2; 0.05 a step) · world 1.1 (p90 2) · render 7.5 (p90 9.7, shadow 0.6) · prem 0.01/fr · 2 steps/frame · at 30-cap 100 % · 2805 fr / 93.5 s · WORKER step 3 ms (p90 3.21), dilation min 0.991 · loop JS p90 13.4
           lengths: <20 9 fr · 20-40 99 % · 40-60 7 fr · 60-100 0 % · 100-250 0 % · 250-1000 0 % · >1000 0 % | p50 33.3 p90 33.4 p99 33.5 p99.9 50.1 ms | >1.5x cap 0.11 %, >3x 0 % | >100 ms 0, >1 s 0 (2805 fr)
  takeoff     30 fps delivered, 100 % doubled (median 29.9; dt med 33.4 p90 33.5 p99 33.5 max 34) · loop JS 21.6 · solver 0.1 (p90 3.1; 0.38 a step) · world 2.6 (p90 10.7) · render 13.2 (p90 276.4, shadow 1) · prem 0/fr · 2 steps/frame · at 30-cap 100 % · 5 fr / 0.2 s · WORKER step 0 ms (p90 0), dilation min 1 · loop JS p90 282.3
           lengths: <20 0 % · 20-40 100 % · 40-60 0 % · 60-100 0 % · 100-250 0 % · 250-1000 0 % · >1000 0 % | p50 33.4 p90 33.5 p99 33.5 p99.9 33.5 ms | >1.5x cap 0 %, >3x 0 % | >100 ms 0, >1 s 0 (5 fr)
  FRAME LENGTHS (every frame after the reveal):
    <20 ms             9    0.29 %  .
    20-40 ms        3051      99 %  ########################################
    40-60 ms           7    0.23 %  .
    60-100 ms          0       0 %  
    100-250 ms         0       0 %  
    250-1000 ms        1   0.030 %  .
    >1000 ms           0       0 %  
    p50 33.3 · p90 33.4 · p99 33.5 · p99.9 50.1 · worst 283.4 ms
    over 1.5x the cap's frame time 4 (0.13 %) · over 3x 1 (0.030 %) · over 100 ms 1 · over 1 s 0  (3068 frames)
  ROLLOUT over100ms: FAIL {"n":1,"worst":283,"pass":false}
  ROLLOUT below30run: PASS {"sec":0.37,"pass":true}
  ROLLOUT standTaxiMedianFps: FAIL {"fps":30,"pass":false}
  ROLLOUT standTaxiDeliveredFps: FAIL {"fps":29.9,"doubled":0.997,"dtP90":33.4,"dtP99":33.5,"pass":false}
  ROLLOUT longTask1s: FAIL {"n":2,"worst":3316,"pass":false}
  long tasks > 200 ms: 26 · worst 8: 3316@28s 1295@36s 673@2s 576@3s 543@3s 503@4s 492@37s 480@35s
  -> D:/Dev/wt-fleetb/flyDiy/reports/evidence/FLEET-PROPS-B/timed/rp_retro_3.json
