rollout_perf [fb_retro_6] http://localhost:8697/flyDiy/index.html?gfx=retro&fleet=1&fleetn=6
  garage ready: ready after 62.0 s
  ANGLE (NVIDIA, NVIDIA GeForce RTX 3080 (0x00002216) Direct3D11 vs_5_0 ps_5_0, D3D11) · gfx {"preset":"retro","build":"retro","pv":8,"fps":30,"fpsOwn":false,"ground":"lean","scale":0.85,"cover":"lean","scenery":"lean","drawDist":"vis","terrain":2,"aa":"off","density":100,"bands":"near","shadows":"near","canopy":"off","rails":"on","poles":"off","glare":"on","sway":"off","mist":"on","clouds":"off","water":"simple","mirror":"off","lighting":"sunset","tone":"cineon","exposure":1,"colour":"managed","bloom":"off","look":"off","lens":"off","rays":"off","ao":"off","eye":"off","compositing":"linear","own":false,"hw":null,"town":"nearby"}
  TOWN step 9.1 s · long tasks >= 50 ms: 79 (6271 ms), over 100 ms: 13, worst 257 ms
  SETTLE step 13.3 s · long tasks >= 50 ms: 26 (5532 ms), over 100 ms: 10, worst 1724 ms
  HOUSE WORKER {"on":true,"why":"on","ready":true,"failed":false,"results":95,"initMs":2246,"composeMs":537,"built":92,"hits":0,"misses":0,"genMs":5145,"cache":true,"mb":223.1,"moved":15956,"kept":0,"tallies":3} · page: {"dispatched":95,"placed":137,"here":3}
  roll-out screen: gone after 3.5 s
  SHOT {"frames":346,"fps":22.7,"med":33.3,"p90":33.4,"max":1784.1,"over33":19,"secs":15.64,"trip":{"anim":"played","where":null,"ms":15529,"dissolveMs":0.5},"longTasks":11,"worstTask":1635,"slowFrames":[[393,33.2],[426,33.4],[459,33.4],[493,33.3],[526,33.3],[559,33.4],[593,33.3],[626,33.4],[659,33.3],[693,33.4],[726,33.4],[759,33.2],[793,33.4],[826,33.4],[860,33.3],[893,33.4],[926,33.3],[960,33.4],[993,33.3],[1026,33.3],[1060,33.3],[1093,33.4],[1126,33.3],[1160,33.4],[1193,33.3],[1226,33.4],[1260,33.3],[1293,33.5],[1326,33.3],[1360,33.3],[1393,33.4],[1426,33.3],[1460,33.3],[1493,33.4],[1526,33.3],[1560,33.4],[1593,33.3],[1627,33.4],[1660,33.3],[1693,33.3],[1727,33.4],[1760,33.3],[1910,150.1],[1943,33.3],[1977,33.5],[2010,33.4],[2043,33.2],[2077,33.3],[2110,33.5],[2143,33.2],[2177,33.3],[2210,33.5],[2243,33.2],[2277,33.4],[2310,33.3],[2343,33.4],[2377,33.3],[2410,33.4],[2443,33.3],[2477,33.4],[2510,33.4],[2544,33.3],[2577,33.3],[2610,33.3],[2644,33.4],[2677,33.4],[2710,33.3],[2744,33.4],[2777,33.3],[2810,33.4],[2844,33.3],[2877,33.3],[2910,33.4],[2944,33.3],[2977,33.4],[3010,33.3],[3044,33.4],[3077,33.3],[3110,33.3],[3144,33.4],[3177,33.3],[3210,33.4],[3244,33.3],[3277,33.5],[3311,33.3],[3344,33.4],[3377,33.2],[3411,33.4],[3444,33.3],[3477,33.4],[3511,33.3],[3544,33.4],[3577,33.3],[3611,33.4],[3644,33.3],[3677,33.4],[3711,33.3],[3744,33.3],[3777,33.4],[3811,33.4],[3844,33.3],[3877,33.3],[3911,33.4],[3944,33.3],[3977,33.4],[4011,33.3],[4044,33.4],[4077,33.2],[4111,33.4],[4144,33.4],[4178,33.4],[4211,33.3],[4244,33.3],[4278,33.4],[4311,33.4],[4344,33.3],[4378,33.3],[4411,33.3],[4444,33.4],[4478,33.4],[4511,33.3],[4544,33.4],[4578,33.3],[4611,33.4],[4644,33.2],[4678,33.4],[4711,33.4],[4744,33.4],[4778,33.3],[4811,33.3],[4844,33.4],[4878,33.3],[4911,33.4],[4944,33.3],[4978,33.3],[6478,1500.6],[6512,33.4],[6545,33.3],[6578,33.4],[6612,33.3],[6645,33.3],[6678,33.4],[6712,33.3],[6745,33.4],[6778,33.3],[6812,33.4],[6845,33.4],[6879,33.3],[6912,33.3],[7062,150],[7095,33.4],[7129,33.4],[7162,33.3],[7195,33.4],[7229,33.3],[7262,33.4],[7295,33.3],[7329,33.4],[7362,33.4],[7395,33.3],[7429,33.3],[7462,33.4],[7495,33.3],[7529,33.3],[7562,33.4],[7595,33.3],[7629,33.3],[7662,33.5],[7696,33.3],[7729,33.3],[7762,33.4],[7796,33.3],[7829,33.4],[7862,33.3],[7896,33.3],[7929,33.4],[7962,33.3],[7996,33.4],[8029,33.3],[8062,33.4],[8096,33.4],[8129,33.4],[8162,33.3],[8196,33.3],[8229,33.3],[8262,33.4],[8296,33.3],[8329,33.4],[8362,33.2],[8396,33.5],[8429,33.3],[8463,33.4],[8496,33.3],[8529,33.3],[8563,33.4],[8596,33.3],[8629,33.4],[8663,33.3],[8696,33.3],[8729,33.4],[8763,33.4],[8796,33.3],[8946,150],[8979,33.4],[9013,33.4],[9046,33.3],[9079,33.3],[9113,33.4],[9146,33.3],[9179,33.4],[9213,33.4],[9246,33.3],[9280,33.4],[9313,33.2],[9346,33.4],[9379,33.3],[9413,33.4],[9446,33.3],[9479,33.3],[9513,33.4],[9546,33.5],[9580,33.2],[9613,33.4],[9646,33.3],[9680,33.4],[9713,33.3],[9746,33.4],[9780,33.2],[9813,33.4],[9846,33.4],[9880,33.4],[9913,33.3],[9946,33.3],[9980,33.4],[10013,33.3],[10046,33.3],[10080,33.4],[10113,33.4],[10146,33.3],[10180,33.3],[10213,33.4],[10247,33.4],[10280,33.3],[10313,33.3],[10347,33.4],[10380,33.3],[10413,33.4],[10447,33.3],[10480,33.4],[10513,33.3],[10547,33.4],[10580,33.3],[10613,33.3],[10647,33.5],[10680,33.2],[10713,33.3],[10747,33.5],[10780,33.3],[10813,33.4],[10847,33.3],[10880,33.2],[10913,33.5],[10947,33.4],[10980,33.2],[11013,33.4],[11047,33.3],[11080,33.5],[11114,33.3],[11147,33.3],[11180,33.3],[11213,33.3],[11247,33.4],[11280,33.3],[11314,33.4],[11347,33.4],[11380,33.3],[11414,33.3],[11447,33.4],[11480,33.4],[11514,33.3],[11547,33.4],[11580,33.2],[11614,33.4],[11647,33.4],[11680,33.3],[11714,33.4],[11747,33.3],[11780,33.4],[11814,33.3],[11847,33.3],[11880,33.3],[11914,33.4],[11947,33.4],[11981,33.4],[12014,33.2],[13798,1784.1],[13831,33.4],[14015,183.3],[14048,33.3],[14081,33.4],[14115,33.4],[14148,33.3],[14181,33.4],[14215,33.3],[14248,33.4],[14281,33.3],[14315,33.4],[14348,33.3],[14381,33.4],[14415,33.3],[14448,33.3],[14481,33.4],[14515,33.3],[14548,33.4],[14581,33.3],[14615,33.4],[14648,33.3],[14682,33.4],[14715,33.4],[14748,33.3],[14782,33.3],[14815,33.4],[14848,33.4],[14882,33.3],[14915,33.3],[14948,33.4],[14982,33.4],[15015,33.2],[15048,33.4],[15082,33.3],[15115,33.4],[15148,33.3],[15182,33.4],[15215,33.3],[15248,33.4],[15282,33.3],[15315,33.4],[15348,33.3],[15382,33.4],[15415,33.3],[15449,33.4],[15482,33.2],[15515,33.4],[15549,33.4],[15599,50],[15632,33.3]],"tasks":[[28,227],[258,75],[1783,134],[4964,1289],[6298,191],[6901,159],[8807,143],[12002,1635],[13638,171],[13832,179],[15549,62]]}
  start: {"route":{"from":"HOME","dest":"CIRCUIT","to":"CIRCUIT","base":"HOME","spawn":null},"hydro":false,"substeps":74,"substepsTrue":null,"hydroEvery":null,"nodes":93,"mass":462,"cg":[-149.3,31.6,705.5],"near":["HOME",508],"phase":"TAXI","manual":false,"cam":"chase"}
  + 10 s {"ph":"TAXI","ap":"TAXI","wph":"","pace":{"mode":30,"cap":30,"legacy":false,"steps":2,"dt":0.03330000000000291,"stats":{"down":0,"up":0,"trialsFailed":0,"guarded":0,"cut":0,"stalls":6},"holdUpS":0,"dilation":0.9983001270909718,"stepMs":2.612958874138205,"otherMs":33.206401012739086,"droppedS":0,"workMs":0,"rateFps":0,"trials":0,"simw":true},"q":78,"t":14.11666666667788}
  + 20 s {"ph":"TAXI","ap":"TAXI","wph":"","pace":{"mode":30,"cap":30,"legacy":false,"steps":2,"dt":0.03330000000000291,"stats":{"down":0,"up":0,"trialsFailed":0,"guarded":0,"cut":0,"stalls":6},"holdUpS":0,"dilation":1.0028844579913023,"stepMs":2.584638576959622,"otherMs":33.26767679174778,"droppedS":0,"workMs":0,"rateFps":0,"trials":0,"simw":true},"q":78,"t":24.35000000002372}
  + 30 s {"ph":"TAXI","ap":"TAXI","wph":"","pace":{"mode":30,"cap":30,"legacy":false,"steps":2,"dt":0.03330000000000291,"stats":{"down":0,"up":0,"trialsFailed":0,"guarded":0,"cut":0,"stalls":6},"holdUpS":0,"dilation":1.0029955867559064,"stepMs":2.5758854417458323,"otherMs":33.22339188861238,"droppedS":0,"workMs":0,"rateFps":0,"trials":0,"simw":true},"q":78,"t":34.05000000000324}
  physics: the WORKER - live, placed true, 1 flights (0 inline), world made in 897 ms, held 2 frames, world-version lag max 1 frames
  eval: {"build":"149a69c6c849","preset":"retro","gfxBuild":"retro","fleetOn":true,"limit":6,"taxi":{"n":1305,"gpuN":1302,"gpu":13.193,"gpuP90":13.879,"calls":865,"tris":8479118},"air":{"n":0,"gpuN":0,"gpu":null,"gpuP90":null,"calls":null,"tris":null},"stand":{"key":"jolene|fleet-1-cub@stand:af_m_park:5,fleet-2-jodel@apron:22:0,fleet-3-c172@apron:22:75,fleet-4-c172floats@apron:22:210,fleet-5-twinfloats@apron:34:0,fleet-6-metal@apron:34:60","n":6,"miss":[],"stats":{"stands":1,"placed":6,"kept":0,"miss":0,"held":0,"waitMs":12}},"fleet":{"stats":{"queued":6,"captures":6,"bakes":6,"hits":0,"stored":6,"decodes":0,"worldRefused":0,"flightRefused":0,"evicted":0,"bakeInWorld":1,"notWanted":0,"inputWaits":0},"why":{"mine:fleet-1-cub":"not baked","mine:fleet-2-jodel":"not baked","mine:fleet-3-c172":"not baked","mine:fleet-4-c172floats":"not baked","mine:fleet-5-twinfloats":"not baked","mine:fleet-6-metal":"not baked"},"lru":[]},"holders":[{"slot":"fleet-1-cub","level":1,"ladder":[0,120,450,2500],"d":222},{"slot":"fleet-2-jodel","level":1,"ladder":[0,120,450,2500],"d":149},{"slot":"fleet-3-c172","level":1,"ladder":[0,120,450,2500],"d":175},{"slot":"fleet-4-c172floats","level":1,"ladder":[0,120,450,2500],"d":159},{"slot":"fleet-5-twinfloats","level":1,"ladder":[0,120,450,2500],"d":146},{"slot":"fleet-6-metal","level":1,"ladder":[0,120,450,2500],"d":179}]}
  world step: 364 yields in 6748 ms, the longest slice 477 ms
  premises slow builds: z_harbour:v_north:9 177, z_harbour:v_north:4 150, z_harbour:v_north:8 132, z_harbour:v_north:6 132, z_village:v_north:6 129, z_harbour:v_north:7 129, z_harbour:v_north:5 122, z_village:v_shore_e:24 111, z_harbour:v_north:3 91, z_village:v_shore_e:33 89, z_village:v_shore_e:17 81, z_village:v_shore_e:29 72
  HWSTEP none · {"on":false,"why":"localhost (a rig or a dev server)","kind":null,"reading":null,"explicit":"?gfx="}
  per 5 s after the reveal [s, fps, GPU ms, M tris]: -15/18.7/16.1/1.17 -10/26.4/7.5/5.51 -5/16.6/8.3/1.54 0/20.5/10/2.64 5/29/11.1/2.64 10/18.8/13.3/11.76 15/30/13.6/11.98 20/30/13.4/11.63 25/30/13.5/11.93 30/30/13/7.64 35/30/12.8/7.34 40/30/13.2/5.75 45/30/13/7.97 50/30.1/13/7.68 55/30/13/7.59
  ---- fb_retro_6 · garage 62.0 s · roll-out screen 3.5 s · premises queue empty at +null s
  stand     20.6 fps delivered, 100 % doubled (median 29.9; dt med 33.4 p90 33.4 p99 316.9 max 1784) · loop JS 10.5 · solver 0 (p90 0; 0 a step) · world 0 (p90 0) · render 7.6 (p90 8.9, shadow 1.7) · prem 0/fr · 2.02 steps/frame · at 30-cap 100 % · 255 fr / 12.4 s · WORKER step 13.85 ms (p90 13.85), dilation min 1 · loop JS p90 12.5
           lengths: <20 0 % · 20-40 98 % · 40-60 0 % · 60-100 0 % · 100-250 1.2 % · 250-1000 1 fr · >1000 2 fr | p50 33.4 p90 33.4 p99 316.9 p99.9 1784.1 ms | >1.5x cap 2.4 %, >3x 2.4 % | >100 ms 6, >1 s 2 (255 fr)
  taxi      29.9 fps delivered, 100 % doubled (median 30; dt med 33.3 p90 33.4 p99 33.5 max 200) · loop JS 13.2 · solver 0.1 (p90 0.2; 0.06 a step) · world 1.3 (p90 2.2) · render 9 (p90 11.3, shadow 0.7) · prem 0/fr · 2 steps/frame · at 30-cap 100 % · 1313 fr / 44 s · WORKER step 2.65 ms (p90 3.08), dilation min 0.989 · loop JS p90 16
           lengths: <20 1 fr · 20-40 100 % · 40-60 0 % · 60-100 1 fr · 100-250 1 fr · 250-1000 0 % · >1000 0 % | p50 33.3 p90 33.4 p99 33.5 p99.9 66.8 ms | >1.5x cap 0.15 %, >3x 0.080 % | >100 ms 1, >1 s 0 (1313 fr)
  takeoff     30 fps delivered, 75 % doubled (median 29.9; dt med 33.4 p90 50 p99 50 max 50) · loop JS 61.8 · solver 0.5 (p90 3.1; 0.48 a step) · world 7.6 (p90 13.3) · render 23.2 (p90 290.3, shadow 1.1) · prem 0.03/fr · 2 steps/frame · at 30-cap 100 % · 4 fr / 0.1 s · WORKER step 0 ms (p90 0), dilation min 1 · loop JS p90 297.7
           lengths: <20 25 % · 20-40 50 % · 40-60 25 % · 60-100 0 % · 100-250 0 % · 250-1000 0 % · >1000 0 % | p50 33.4 p90 50 p99 50 p99.9 50 ms | >1.5x cap 0 %, >3x 0 % | >100 ms 0, >1 s 0 (4 fr)
  FRAME LENGTHS (every frame after the reveal):
    <20 ms             2    0.13 %  .
    20-40 ms        1561      99 %  ########################################
    40-60 ms           1   0.060 %  .
    60-100 ms          1   0.060 %  .
    100-250 ms         4    0.25 %  .
    250-1000 ms        1   0.060 %  .
    >1000 ms           2    0.13 %  .
    p50 33.3 · p90 33.4 · p99 33.5 · p99.9 1500.6 · worst 1784.1 ms
    over 1.5x the cap's frame time 8 (0.51 %) · over 3x 7 (0.45 %) · over 100 ms 7 · over 1 s 2  (1572 frames)
  ROLLOUT over100ms: FAIL {"n":7,"worst":1784,"pass":false}
  ROLLOUT below30run: PASS {"sec":2,"pass":true}
  ROLLOUT standTaxiMedianFps: FAIL {"fps":30,"pass":false}
  ROLLOUT standTaxiDeliveredFps: FAIL {"fps":27.8,"doubled":0.999,"dtP90":33.4,"dtP99":33.5,"pass":false}
  ROLLOUT longTask1s: FAIL {"n":7,"worst":6459,"pass":false}
  long tasks > 200 ms: 44 · worst 8: 6459@38s 3537@53s 1901@65s 1724@35s 1635@80s 1289@73s 1080@27s 841@3s
  -> D:/Dev/wt-fleetb/flyDiy/reports/evidence/FLEET-PROPS-B/dry/rp_retro_6.json
