rollout_perf [fb_retro_off] http://localhost:8695/flyDiy/index.html?gfx=retro
  garage ready: ready after 40.7 s
  ANGLE (NVIDIA, NVIDIA GeForce RTX 3080 (0x00002216) Direct3D11 vs_5_0 ps_5_0, D3D11) · gfx {"preset":"retro","build":"retro","pv":8,"fps":30,"fpsOwn":false,"ground":"lean","scale":0.85,"cover":"lean","scenery":"lean","drawDist":"vis","terrain":2,"aa":"off","density":100,"bands":"near","shadows":"near","canopy":"off","rails":"on","poles":"off","glare":"on","sway":"off","mist":"on","clouds":"off","water":"simple","mirror":"off","lighting":"sunset","tone":"cineon","exposure":1,"colour":"managed","bloom":"off","look":"off","lens":"off","rays":"off","ao":"off","eye":"off","compositing":"linear","own":false,"hw":null,"town":"nearby"}
  TOWN step 7.5 s · long tasks >= 50 ms: 62 (4681 ms), over 100 ms: 9, worst 254 ms
  SETTLE step 7.9 s · long tasks >= 50 ms: 14 (1168 ms), over 100 ms: 3, worst 218 ms
  HOUSE WORKER {"on":true,"why":"on","ready":true,"failed":false,"results":95,"initMs":1432,"composeMs":495,"built":0,"hits":92,"misses":0,"genMs":0,"cache":true,"mb":223.1,"moved":15956,"kept":0,"tallies":3} · page: {"dispatched":95,"placed":137,"here":3}
  roll-out screen: gone after 3.3 s
  SHOT {"frames":351,"fps":30,"med":33.3,"p90":33.4,"max":33.6,"over33":20,"secs":11.99,"trip":{"anim":"played","where":null,"ms":11904,"dissolveMs":0.4},"longTasks":1,"worstTask":199,"slowFrames":[[289,33.3],[322,33.3],[355,33.4],[389,33.4],[422,33.3],[455,33.3],[489,33.4],[522,33.3],[555,33.4],[589,33.4],[622,33.4],[655,33.2],[689,33.4],[722,33.4],[755,33.2],[789,33.5],[822,33.3],[855,33.3],[889,33.4],[922,33.4],[955,33.2],[989,33.4],[1022,33.3],[1056,33.4],[1089,33.4],[1122,33.3],[1156,33.3],[1189,33.4],[1222,33.4],[1256,33.2],[1289,33.4],[1322,33.4],[1356,33.3],[1389,33.3],[1422,33.4],[1456,33.3],[1489,33.5],[1522,33.2],[1556,33.3],[1589,33.4],[1622,33.4],[1656,33.4],[1689,33.4],[1722,33.2],[1756,33.3],[1789,33.5],[1822,33.2],[1856,33.4],[1889,33.4],[1922,33.2],[1956,33.5],[1989,33.3],[2023,33.5],[2056,33.1],[2089,33.4],[2123,33.4],[2156,33.3],[2189,33.3],[2223,33.4],[2256,33.4],[2289,33.3],[2323,33.3],[2356,33.4],[2389,33.4],[2423,33.4],[2456,33.5],[2489,33.1],[2523,33.3],[2556,33.3],[2589,33.4],[2623,33.4],[2656,33.4],[2690,33.4],[2723,33.2],[2756,33.4],[2790,33.3],[2823,33.3],[2856,33.4],[2890,33.3],[2923,33.4],[2956,33.4],[2990,33.2],[3023,33.4],[3056,33.4],[3090,33.3],[3123,33.3],[3156,33.4],[3190,33.3],[3223,33.4],[3256,33.3],[3290,33.4],[3323,33.3],[3356,33.4],[3390,33.3],[3423,33.4],[3456,33.3],[3490,33.4],[3523,33.4],[3556,33.2],[3590,33.4],[3623,33.3],[3657,33.4],[3690,33.3],[3723,33.3],[3757,33.5],[3790,33.2],[3823,33.4],[3857,33.4],[3890,33.3],[3923,33.3],[3957,33.4],[3990,33.4],[4023,33.3],[4057,33.4],[4090,33.4],[4123,33.3],[4157,33.2],[4190,33.5],[4223,33.3],[4257,33.4],[4290,33.3],[4323,33.3],[4357,33.4],[4390,33.3],[4424,33.4],[4457,33.3],[4490,33.3],[4524,33.4],[4557,33.4],[4590,33.2],[4624,33.4],[4657,33.3],[4690,33.5],[4724,33.3],[4757,33.3],[4790,33.4],[4824,33.3],[4857,33.4],[4890,33.3],[4924,33.3],[4957,33.4],[4990,33.3],[5024,33.4],[5057,33.3],[5091,33.5],[5124,33.2],[5157,33.4],[5190,33.3],[5224,33.4],[5257,33.3],[5291,33.4],[5324,33.3],[5357,33.3],[5391,33.4],[5424,33.3],[5457,33.5],[5491,33.2],[5524,33.4],[5557,33.3],[5591,33.4],[5624,33.4],[5657,33.3],[5691,33.4],[5724,33.4],[5757,33.2],[5791,33.3],[5824,33.4],[5857,33.4],[5891,33.3],[5924,33.3],[5957,33.4],[5991,33.3],[6024,33.4],[6057,33.2],[6091,33.5],[6124,33.3],[6158,33.4],[6191,33.3],[6224,33.3],[6258,33.4],[6291,33.3],[6324,33.4],[6358,33.3],[6391,33.4],[6424,33.3],[6458,33.4],[6491,33.3],[6524,33.3],[6558,33.4],[6591,33.4],[6624,33.3],[6658,33.3],[6691,33.3],[6724,33.4],[6758,33.3],[6791,33.4],[6824,33.3],[6858,33.5],[6891,33.3],[6924,33.3],[6958,33.4],[6991,33.3],[7024,33.3],[7058,33.4],[7091,33.4],[7125,33.3],[7158,33.3],[7191,33.4],[7225,33.3],[7258,33.3],[7291,33.5],[7325,33.3],[7358,33.3],[7391,33.4],[7425,33.4],[7458,33.3],[7491,33.3],[7525,33.4],[7558,33.2],[7591,33.4],[7625,33.4],[7658,33.3],[7691,33.4],[7725,33.3],[7758,33.6],[7791,33.1],[7825,33.4],[7858,33.3],[7892,33.4],[7925,33.4],[7958,33.2],[7991,33.3],[8025,33.5],[8058,33.3],[8092,33.3],[8125,33.3],[8158,33.4],[8192,33.3],[8225,33.4],[8258,33.4],[8292,33.3],[8325,33.4],[8358,33.4],[8392,33.3],[8425,33.4],[8458,33.3],[8492,33.3],[8525,33.3],[8558,33.4],[8592,33.4],[8625,33.3],[8658,33.3],[8692,33.4],[8725,33.3],[8758,33.3],[8792,33.4],[8825,33.4],[8859,33.3],[8892,33.4],[8925,33.3],[8959,33.3],[8992,33.4],[9025,33.3],[9059,33.3],[9092,33.4],[9125,33.4],[9159,33.4],[9192,33.3],[9225,33.2],[9259,33.4],[9292,33.4],[9325,33.3],[9359,33.4],[9392,33.3],[9425,33.4],[9459,33.3],[9492,33.3],[9525,33.4],[9559,33.4],[9592,33.3],[9626,33.4],[9659,33.3],[9692,33.4],[9725,33.2],[9759,33.5],[9792,33.3],[9826,33.3],[9859,33.4],[9892,33.3],[9926,33.4],[9959,33.3],[9992,33.4],[10026,33.4],[10059,33.3],[10093,33.5],[10126,33.2],[10159,33.3],[10192,33.4],[10226,33.3],[10259,33.4],[10292,33.3],[10326,33.3],[10359,33.4],[10392,33.3],[10426,33.3],[10459,33.4],[10493,33.4],[10526,33.3],[10559,33.3],[10593,33.4],[10626,33.4],[10659,33.3],[10693,33.4],[10726,33.2],[10759,33.5],[10793,33.3],[10826,33.4],[10859,33.3],[10893,33.3],[10926,33.3],[10959,33.4],[10993,33.3],[11026,33.3],[11059,33.5],[11093,33.3],[11126,33.3],[11159,33.3],[11193,33.4],[11226,33.4],[11259,33.3],[11293,33.3],[11326,33.4],[11360,33.4],[11393,33.3],[11426,33.3],[11460,33.4],[11493,33.4],[11526,33.3],[11560,33.3],[11593,33.4],[11626,33.3],[11660,33.4],[11693,33.3],[11726,33.3],[11760,33.4],[11793,33.4],[11826,33.3],[11860,33.3],[11893,33.4],[11926,33.4],[11960,33.3]],"tasks":[[33,199]]}
  start: {"route":{"from":"HOME","dest":"CIRCUIT","to":"CIRCUIT","base":"HOME","spawn":null},"hydro":false,"substeps":74,"substepsTrue":null,"hydroEvery":null,"nodes":93,"mass":462,"cg":[-150.2,31.6,706.8],"near":["HOME",509],"phase":"TAXI","manual":false,"cam":"chase"}
  + 10 s {"ph":"TAXI","ap":"TAXI","wph":"","pace":{"mode":30,"cap":30,"legacy":false,"steps":2,"dt":0.03330000000000291,"stats":{"down":0,"up":0,"trialsFailed":0,"guarded":0,"cut":0,"stalls":3},"holdUpS":0,"dilation":1.0025989578270544,"stepMs":2.6183007754627647,"otherMs":33.23459694830535,"droppedS":0,"workMs":0,"rateFps":0,"trials":0,"simw":true},"q":78,"t":13.650000000010643}
  + 20 s {"ph":"TAXI","ap":"TAXI","wph":"","pace":{"mode":30,"cap":30,"legacy":false,"steps":2,"dt":0.03339999999999418,"stats":{"down":0,"up":0,"trialsFailed":0,"guarded":0,"cut":0,"stalls":3},"holdUpS":0,"dilation":1.0030986098835306,"stepMs":2.4765464870910763,"otherMs":33.25678604098762,"droppedS":0,"workMs":0,"rateFps":0,"trials":0,"simw":true},"q":78,"t":23.866666666689795}
  + 30 s {"ph":"TAXI","ap":"TAXI","wph":"","pace":{"mode":30,"cap":30,"legacy":false,"steps":2,"dt":0.03329999999998836,"stats":{"down":0,"up":0,"trialsFailed":0,"guarded":0,"cut":0,"stalls":3},"holdUpS":0,"dilation":1.002005400292032,"stepMs":2.377856743671971,"otherMs":33.24918425473133,"droppedS":0,"workMs":0,"rateFps":0,"trials":0,"simw":true},"q":78,"t":33.55000000001051}
  + 40 s {"ph":"TAXI","ap":"TAXI","wph":"","pace":{"mode":30,"cap":30,"legacy":false,"steps":2,"dt":0.03339999999999418,"stats":{"down":0,"up":0,"trialsFailed":0,"guarded":0,"cut":0,"stalls":3},"holdUpS":0,"dilation":1.0015940217880075,"stepMs":3.084622165615762,"otherMs":33.2620575081625,"droppedS":0,"workMs":0,"rateFps":0,"trials":0,"simw":true},"q":78,"t":43.716666666529235}
  + 50 s {"ph":"TAXI","ap":"TAXI","wph":"","pace":{"mode":30,"cap":30,"legacy":false,"steps":2,"dt":0.03319999999999709,"stats":{"down":0,"up":0,"trialsFailed":0,"guarded":0,"cut":0,"stalls":3},"holdUpS":0,"dilation":1.0028995511996885,"stepMs":3.1467952730693782,"otherMs":33.26718883540364,"droppedS":0,"workMs":0,"rateFps":0,"trials":0,"simw":true},"q":78,"t":53.916666666380806}
  + 60 s {"ph":"TAXI","ap":"TAXI","wph":"","pace":{"mode":30,"cap":30,"legacy":false,"steps":2,"dt":0.03319999999999709,"stats":{"down":0,"up":0,"trialsFailed":0,"guarded":0,"cut":0,"stalls":3},"holdUpS":0,"dilation":1.0018387278657341,"stepMs":3.1844586734497278,"otherMs":33.23971437377514,"droppedS":0,"workMs":0,"rateFps":0,"trials":0,"simw":true},"q":78,"t":63.61666666623965}
  + 70 s {"ph":"TAXI","ap":"TAXI","wph":"","pace":{"mode":30,"cap":30,"legacy":false,"steps":2,"dt":0.03339999999999418,"stats":{"down":0,"up":0,"trialsFailed":0,"guarded":0,"cut":0,"stalls":3},"holdUpS":0,"dilation":0.9996367313478007,"stepMs":3.314360012695707,"otherMs":33.26576954879141,"droppedS":0,"workMs":0,"rateFps":0,"trials":0,"simw":true},"q":78,"t":73.7999999994248}
  + 81 s {"ph":"TAXI","ap":"TAXI","wph":"","pace":{"mode":30,"cap":30,"legacy":false,"steps":2,"dt":0.03330000000001746,"stats":{"down":0,"up":0,"trialsFailed":0,"guarded":0,"cut":0,"stalls":3},"holdUpS":0,"dilation":1.0013284756103142,"stepMs":3.078579449333815,"otherMs":33.24599180881342,"droppedS":0,"workMs":0,"rateFps":0,"trials":0,"simw":true},"q":78,"t":83.98333333260994}
  physics: the WORKER - live, placed true, 1 flights (0 inline), world made in 859 ms, held 3 frames, world-version lag max 1 frames
  eval: {"build":"f9145510da7b","preset":"retro","gfxBuild":"retro","fleetOn":false,"limit":null,"taxi":{"n":2787,"gpuN":2783,"gpu":13.013,"gpuP90":13.584,"calls":792,"tris":6860295},"air":{"n":0,"gpuN":0,"gpu":null,"gpuP90":null,"calls":null,"tris":null},"stand":{"key":null,"n":0,"miss":null,"stats":{"stands":0,"placed":0,"kept":0,"miss":0,"held":0,"waitMs":0}},"fleet":{"stats":{"queued":0,"captures":0,"bakes":0,"hits":0,"stored":0,"decodes":0,"worldRefused":0,"flightRefused":0,"evicted":0,"bakeInWorld":0,"notWanted":0,"inputWaits":0},"why":{},"lru":[]},"holders":[]}
  world step: 364 yields in 6620 ms, the longest slice 494 ms
  premises slow builds: z_harbour:v_north:8 167, z_harbour:v_north:4 127, z_harbour:v_north:6 125, z_harbour:v_north:5 117, z_village:v_north:6 115, z_harbour:v_north:7 115, z_harbour:v_north:9 99, z_village:r_village:11 93, z_harbour:v_north:3 86, z_village:v_north:1 70, z_village:v_north:7 67, z_village:v_shore_e:2 66
  HWSTEP none · {"on":false,"why":"localhost (a rig or a dev server)","kind":null,"reading":null,"explicit":"?gfx="}
  per 5 s after the reveal [s, fps, GPU ms, M tris]: -15/97.1/42.7/5.51 -10/23.9/9/1.17 -5/29/8/1.54 0/30/10.4/2.64 5/28.2/11.6/10.6 10/30/13.5/10.71 15/30/13.3/11.51 20/30/13.2/12.09 25/30/12.9/8.46 30/30/12.8/8.53 35/30/13.1/7.58 40/30/12.9/7.94 45/30.1/12.7/7.88 50/30/12.9/6.94 55/30/13.2/6.52 60/30/12.8/6.16 65/30/12.9/6.08 70/30/12.9/6.35 75/30/13.3/5.38 80/30/13.2/5.13 85/30/13/5.27 90/30.1/12.9/5.95 95/30/12.8/5.28 100/30/12.3/5.46
  ---- fb_retro_off · garage 40.7 s · roll-out screen 3.3 s · premises queue empty at +null s
  stand       29 fps delivered, 100 % doubled (median 30; dt med 33.3 p90 33.4 p99 33.5 max 333) · loop JS 9.2 · solver 0 (p90 0; 0 a step) · world 0 (p90 0) · render 6.5 (p90 7.3, shadow 1.7) · prem 0/fr · 2 steps/frame · at 30-cap 100 % · 260 fr / 9 s · WORKER step 12.87 ms (p90 13.77), dilation min 0.958 · loop JS p90 10.9
           lengths: <20 0 % · 20-40 100 % · 40-60 0 % · 60-100 0 % · 100-250 0 % · 250-1000 1 fr · >1000 0 % | p50 33.3 p90 33.4 p99 33.5 p99.9 333.3 ms | >1.5x cap 0.38 %, >3x 0.38 % | >100 ms 1, >1 s 0 (260 fr)
  taxi        30 fps delivered, 100 % doubled (median 30; dt med 33.3 p90 33.4 p99 33.5 max 50) · loop JS 10.7 · solver 0.1 (p90 0.2; 0.05 a step) · world 1 (p90 1.9) · render 7.3 (p90 9.5, shadow 0.6) · prem 0.01/fr · 2 steps/frame · at 30-cap 100 % · 2800 fr / 93.3 s · WORKER step 3.03 ms (p90 3.21), dilation min 0.963 · loop JS p90 13.3
           lengths: <20 7 fr · 20-40 100 % · 40-60 5 fr · 60-100 0 % · 100-250 0 % · 250-1000 0 % · >1000 0 % | p50 33.3 p90 33.4 p99 33.5 p99.9 50 ms | >1.5x cap 0 %, >3x 0 % | >100 ms 0, >1 s 0 (2800 fr)
  takeoff     30 fps delivered, 100 % doubled (median 29.9; dt med 33.4 p90 33.4 p99 33.4 max 33) · loop JS 22.4 · solver 0.3 (p90 2.6; 0.4 a step) · world 3.8 (p90 8.8) · render 13.2 (p90 321.6, shadow 1.3) · prem 0/fr · 2 steps/frame · at 30-cap 100 % · 5 fr / 0.2 s · WORKER step 0 ms (p90 0), dilation min 1 · loop JS p90 329.5
           lengths: <20 0 % · 20-40 100 % · 40-60 0 % · 60-100 0 % · 100-250 0 % · 250-1000 0 % · >1000 0 % | p50 33.4 p90 33.4 p99 33.4 p99.9 33.4 ms | >1.5x cap 0 %, >3x 0 % | >100 ms 0, >1 s 0 (5 fr)
  FRAME LENGTHS (every frame after the reveal):
    <20 ms             7    0.23 %  .
    20-40 ms        3052     100 %  ########################################
    40-60 ms           5    0.16 %  .
    60-100 ms          0       0 %  
    100-250 ms         0       0 %  
    250-1000 ms        1   0.030 %  .
    >1000 ms           0       0 %  
    p50 33.3 · p90 33.4 · p99 33.5 · p99.9 50 · worst 333.3 ms
    over 1.5x the cap's frame time 1 (0.030 %) · over 3x 1 (0.030 %) · over 100 ms 1 · over 1 s 0  (3065 frames)
  ROLLOUT over100ms: FAIL {"n":1,"worst":333,"pass":false}
  ROLLOUT below30run: PASS {"sec":0.47,"pass":true}
  ROLLOUT standTaxiMedianFps: FAIL {"fps":30,"pass":false}
  ROLLOUT standTaxiDeliveredFps: FAIL {"fps":29.9,"doubled":0.998,"dtP90":33.4,"dtP99":33.5,"pass":false}
  ROLLOUT longTask1s: FAIL {"n":2,"worst":3287,"pass":false}
  long tasks > 200 ms: 22 · worst 8: 3287@28s 1028@36s 677@2s 565@3s 541@3s 509@4s 494@8s 437@1s
  -> D:/Dev/wt-fleetb/flyDiy/reports/evidence/FLEET-PROPS-B/timed/rp_retro_off.json
