rollout_perf: GPU 8 % after 8 s of waiting
rollout_perf [ratchet_cub_1] http://localhost:8645/flyDiy/index.html
  garage ready: ready after 42.8 s
  ANGLE (NVIDIA, NVIDIA GeForce RTX 3080 (0x00002216) Direct3D11 vs_5_0 ps_5_0, D3D11) · gfx {"preset":"gamer","pv":4,"fps":"auto","ground":"far1","scale":1,"cover":"full","scenery":"full","drawDist":"vis","terrain":1,"aa":"msaa","density":128,"bands":"near","shadows":"full","canopy":"on","rails":"on","poles":"on","glare":"on","sway":"on","mist":"land","clouds":"half","water":"full","mirror":"periodic","lighting":"sunset","tone":"cineon","exposure":1,"colour":"managed","bloom":"soft","look":"off","lens":"off","rays":"off","ao":"off","eye":"off","compositing":"linear","town":"nearby"}
  TOWN step 7.3 s · long tasks >= 50 ms: 60 (4309 ms), over 100 ms: 5, worst 186 ms
  SETTLE step 10.9 s · long tasks >= 50 ms: 31 (2978 ms), over 100 ms: 9, worst 363 ms
  HOUSE WORKER {"on":true,"why":"on","ready":true,"failed":false,"results":95,"initMs":1360,"composeMs":486,"built":0,"hits":92,"misses":0,"genMs":0,"cache":true,"mb":220.8,"moved":12577,"kept":0,"tallies":3} · page: {"dispatched":95,"placed":137,"here":3}
  roll-out screen: gone after 3.4 s
  start: {"route":{"from":"HOME","dest":"CIRCUIT"},"hydro":false,"substeps":74,"substepsTrue":null,"hydroEvery":null,"nodes":93,"mass":462,"cg":[-143.2,31.6,697.2],"near":["HOME",502],"phase":"TAXI","manual":false}
  + 10 s {"ph":"TAXI","ap":"TAXI","wph":"","pace":{"mode":"auto","cap":60,"legacy":false,"steps":1,"dt":0.016700000000004364,"stats":{"down":2,"up":2,"trialsFailed":1,"guarded":0},"holdUpS":0,"dilation":1.0020928023559572,"stepMs":2.5317081529769205,"otherMs":19.07899665712056,"droppedS":0,"workMs":13.450000002980232,"rateFps":29.986506072267456,"trials":1,"simw":true},"q":78,"t":16.450000000014064}
  + 20 s {"ph":"TAXI","ap":"TAXI","wph":"","pace":{"mode":"auto","cap":30,"legacy":false,"steps":2,"dt":0.03340000000000873,"stats":{"down":3,"up":2,"trialsFailed":2,"guarded":0},"holdUpS":1,"dilation":1.0030504291774598,"stepMs":2.3832607614444212,"otherMs":33.235724858709936,"droppedS":0,"workMs":13.299999997019768,"rateFps":29.988004798080723,"trials":2,"simw":true},"q":78,"t":26.666666666693217}
  + 30 s {"ph":"TAXI","ap":"TAXI","wph":"","pace":{"mode":"auto","cap":30,"legacy":false,"steps":2,"dt":0.03330000000000291,"stats":{"down":4,"up":3,"trialsFailed":3,"guarded":0},"holdUpS":16,"dilation":1.0027952714636348,"stepMs":2.6657729998295507,"otherMs":33.23647610677187,"droppedS":0,"workMs":13.299999997019768,"rateFps":30.240411269593398,"trials":3,"simw":true},"q":78,"t":36.333333333303344}
  + 40 s {"ph":"TAXI","ap":"TAXI","wph":"","pace":{"mode":"auto","cap":30,"legacy":false,"steps":2,"dt":0.03340000000000873,"stats":{"down":4,"up":3,"trialsFailed":3,"guarded":0},"holdUpS":6,"dilation":1.0026958209531347,"stepMs":2.999134340579224,"otherMs":33.225918132079805,"droppedS":0,"workMs":13.24999999254942,"rateFps":29.985007496251875,"trials":3,"simw":true},"q":78,"t":46.533333333154914}
  + 50 s {"ph":"TAXI","ap":"TAXI","wph":"","pace":{"mode":"auto","cap":60,"legacy":false,"steps":2,"dt":0.03339999999999418,"stats":{"down":4,"up":4,"trialsFailed":3,"guarded":0},"holdUpS":0,"dilation":1.0027169937978706,"stepMs":2.9323304809258897,"otherMs":23.983681391914565,"droppedS":0,"workMs":13.350000008940697,"rateFps":29.989503673714243,"trials":3,"simw":true},"q":78,"t":56.76666666633933}
  + 60 s {"ph":"TAXI","ap":"TAXI","wph":"","pace":{"mode":"auto","cap":30,"legacy":false,"steps":2,"dt":0.03330000000000291,"stats":{"down":5,"up":4,"trialsFailed":4,"guarded":0},"holdUpS":21,"dilation":1.0028739416278911,"stepMs":2.925949811703461,"otherMs":33.257964169224856,"droppedS":0,"workMs":12.950000002980232,"rateFps":29.988004798080723,"trials":4,"simw":true},"q":78,"t":66.44999999953176}
  + 70 s {"ph":"TAXI","ap":"TAXI","wph":"","pace":{"mode":"auto","cap":30,"legacy":false,"steps":2,"dt":0.03339999999999418,"stats":{"down":5,"up":4,"trialsFailed":4,"guarded":0},"holdUpS":11,"dilation":1.002669122550968,"stepMs":2.943585860768309,"otherMs":33.24097385351483,"droppedS":0,"workMs":13.200000010430813,"rateFps":29.989503673714243,"trials":4,"simw":true},"q":78,"t":76.6999999993826}
  + 80 s {"ph":"TAXI","ap":"TAXI","wph":"","pace":{"mode":"auto","cap":30,"legacy":false,"steps":2,"dt":0.033400000000023286,"stats":{"down":5,"up":4,"trialsFailed":4,"guarded":0},"holdUpS":1,"dilation":1.0027798425041468,"stepMs":3.189717999960578,"otherMs":33.233051190629375,"droppedS":0,"workMs":13.050000004470348,"rateFps":29.988004798080507,"trials":4,"simw":true},"q":78,"t":86.39999999924144}
  + 90 s {"ph":"TAXI","ap":"TAXI","wph":"","pace":{"mode":"auto","cap":30,"legacy":false,"steps":2,"dt":0.03329999999998836,"stats":{"down":6,"up":5,"trialsFailed":5,"guarded":0},"holdUpS":25,"dilation":1.0025915998648183,"stepMs":2.947512083410595,"otherMs":33.23991014664435,"droppedS":0,"workMs":12.799999997019768,"rateFps":29.988004798080944,"trials":5,"simw":true},"q":78,"t":96.58333333242659}
  +100 s {"ph":"TAXI","ap":"TAXI","wph":"","pace":{"mode":"auto","cap":30,"legacy":false,"steps":2,"dt":0.03339999999999418,"stats":{"down":6,"up":5,"trialsFailed":5,"guarded":0},"holdUpS":16,"dilation":0.9995328576968028,"stepMs":3.0178413943623292,"otherMs":33.265253413400245,"droppedS":0,"workMs":12.5,"rateFps":29.989503673714026,"trials":5,"simw":true},"q":78,"t":106.29999999895186}
  +110 s {"ph":"TAXI","ap":"TAXI","wph":"","pace":{"mode":"auto","cap":30,"legacy":false,"steps":2,"dt":0.03329999999998836,"stats":{"down":6,"up":5,"trialsFailed":5,"guarded":0},"holdUpS":5,"dilation":1.0019236012568136,"stepMs":3.004024264027427,"otherMs":33.291323522641285,"droppedS":0,"workMs":11.949999995529652,"rateFps":29.988004798080507,"trials":5,"simw":true},"q":78,"t":116.5499999988027}
  +120 s {"ph":"TAXI","ap":"TAXI","wph":"","pace":{"mode":"auto","cap":30,"legacy":false,"steps":1,"dt":0.016700000000011643,"stats":{"down":7,"up":6,"trialsFailed":6,"guarded":0},"holdUpS":29,"dilation":1.0017563103055054,"stepMs":3.1791481724575497,"otherMs":21.34295140535469,"droppedS":0,"workMs":16.299999997019768,"rateFps":50.68851905043458,"trials":6,"simw":true},"q":78,"t":126.74999999865427}
  +130 s {"ph":"TAXI","ap":"TAXI","wph":"","pace":{"mode":"auto","cap":30,"legacy":false,"steps":2,"dt":0.03329999999998836,"stats":{"down":7,"up":6,"trialsFailed":6,"guarded":0},"holdUpS":20,"dilation":1.0025605087358385,"stepMs":3.2284524144930113,"otherMs":33.22236447388897,"droppedS":0,"workMs":12.899999991059303,"rateFps":29.988004798080944,"trials":6,"simw":true},"q":78,"t":136.46666666517956}
  +140 s {"ph":"TAXI","ap":"TAXI","wph":"","pace":{"mode":"auto","cap":30,"legacy":false,"steps":2,"dt":0.03329999999998836,"stats":{"down":7,"up":6,"trialsFailed":6,"guarded":0},"holdUpS":9,"dilation":1.0021537706480892,"stepMs":2.961269123412542,"otherMs":33.22134054897698,"droppedS":0,"workMs":12.650000005960464,"rateFps":29.988004798080507,"trials":6,"simw":true},"q":78,"t":146.68333333169755}
  physics: the WORKER - live, placed true, 1 flights (0 inline), world made in 814 ms, held 1 frames, world-version lag max 1 frames
  world step: 362 yields in 7050 ms, the longest slice 458 ms
  premises slow builds: z_village:v_shore_e:10 117, z_village:r_village:3 105, z_village:v_shore_e:34 99, z_harbour:v_north:5 86, z_harbour:v_north:0 82, z_harbour:v_north:6 76, z_village:v_shore_e:15 75, z_harbour:v_north:3 74, z_village:r_village:9 73, z_harbour:v_north:7 73, z_harbour:v_north:1 72, z_harbour:v_north:8 71
  ---- ratchet_cub_1 · garage 42.8 s · roll-out screen 3.4 s · premises queue empty at +null s
  stand     60.2 fps delivered, 0 % doubled (median 60.2; dt med 16.6 p90 16.6 p99 16.6 max 17) · loop JS 16.6 · solver 0.1 (p90 0.1; 0.1 a step) · world 1.2 (p90 1.2) · render 13.5 (p90 13.5, shadow 3.3) · prem 0/fr · 1 steps/frame · at 30-cap 0 % · 1 fr / 0 s · WORKER step 3.67 ms (p90 3.67), dilation min 0.997 · loop JS p90 16.6
  taxi      31.8 fps delivered, 88 % doubled (median 30; dt med 33.3 p90 33.4 p99 33.5 max 50) · loop JS 13.2 · solver 0.1 (p90 0.2; 0.05 a step) · world 1.4 (p90 2.9) · render 9.7 (p90 13.9, shadow 1.8) · prem 0/fr · 1.88 steps/frame · at 30-cap 85 % · 4875 fr / 153.1 s · WORKER step 2.98 ms (p90 3.17), dilation min 0.996 · loop JS p90 18.2
  ROLLOUT over100ms: PASS {"n":0,"worst":0,"pass":true}
  ROLLOUT below30run: PASS {"sec":0.13,"pass":true}
  ROLLOUT standTaxiMedianFps: FAIL {"fps":30,"pass":false}
  ROLLOUT standTaxiDeliveredFps: FAIL {"fps":31.8,"doubled":0.882,"dtP90":33.4,"dtP99":33.5,"pass":false}
  ROLLOUT longTask1s: PASS {"n":0,"worst":943,"pass":true}
  long tasks > 200 ms: 20 · worst 8: 943@1s 804@5s 678@4s 657@2s 649@7s 637@33s 616@7s 581@3s
  -> D:/Dev/wt-c3b/flyDiy/tools/perf/c3b/rollout_base_cub_1.json
