rollout_perf: GPU 6 % after 8 s of waiting
rollout_perf [ratchet_cub_1] http://localhost:8645/flyDiy/index.html
  garage ready: ready after 40.7 s
  ANGLE (NVIDIA, NVIDIA GeForce RTX 3080 (0x00002216) Direct3D11 vs_5_0 ps_5_0, D3D11) · gfx {"preset":"gamer","pv":4,"fps":"auto","ground":"far1","scale":1,"cover":"full","scenery":"full","drawDist":"vis","terrain":1,"aa":"msaa","density":128,"bands":"near","shadows":"full","canopy":"on","rails":"on","poles":"on","glare":"on","sway":"on","mist":"land","clouds":"half","water":"full","mirror":"periodic","lighting":"sunset","tone":"cineon","exposure":1,"colour":"managed","bloom":"soft","look":"off","lens":"off","rays":"off","ao":"off","eye":"off","compositing":"linear","town":"nearby"}
  TOWN step 7.3 s · long tasks >= 50 ms: 58 (4214 ms), over 100 ms: 6, worst 186 ms
  SETTLE step 10.6 s · long tasks >= 50 ms: 25 (2636 ms), over 100 ms: 9, worst 349 ms
  HOUSE WORKER {"on":true,"why":"on","ready":true,"failed":false,"results":95,"initMs":1350,"composeMs":486,"built":0,"hits":92,"misses":0,"genMs":0,"cache":true,"mb":220.8,"moved":12577,"kept":0,"tallies":3} · page: {"dispatched":95,"placed":137,"here":3}
  roll-out screen: gone after 3.3 s
  start: {"route":{"from":"HOME","dest":"CIRCUIT"},"hydro":false,"substeps":74,"substepsTrue":null,"hydroEvery":null,"nodes":93,"mass":462,"cg":[-143.3,31.6,697.3],"near":["HOME",502],"phase":"TAXI","manual":false}
  + 10 s {"ph":"TAXI","ap":"TAXI","wph":"","pace":{"mode":"auto","cap":60,"legacy":false,"steps":1,"dt":0.016700000000004364,"stats":{"down":2,"up":2,"trialsFailed":1,"guarded":0},"holdUpS":0,"dilation":1.003101382823332,"stepMs":2.5173309921820706,"otherMs":18.894179339889938,"droppedS":0,"workMs":13.549999997019768,"rateFps":29.989503673714243,"trials":1,"simw":true},"q":78,"t":16.41666666668069}
  + 20 s {"ph":"TAXI","ap":"TAXI","wph":"","pace":{"mode":"auto","cap":30,"legacy":false,"steps":2,"dt":0.03339999999999418,"stats":{"down":3,"up":2,"trialsFailed":2,"guarded":0},"holdUpS":1,"dilation":1.002952572317875,"stepMs":2.355363923300615,"otherMs":33.246335600584075,"droppedS":0,"workMs":13.099999994039536,"rateFps":29.986506072267566,"trials":2,"simw":true},"q":78,"t":26.633333333359843}
  + 30 s {"ph":"TAXI","ap":"TAXI","wph":"","pace":{"mode":"auto","cap":30,"legacy":false,"steps":2,"dt":0.03330000000000291,"stats":{"down":4,"up":3,"trialsFailed":3,"guarded":0},"holdUpS":16,"dilation":0.999074572625081,"stepMs":2.6351725819719483,"otherMs":33.25276429198532,"droppedS":0,"workMs":13.450000002980232,"rateFps":30.240411269593398,"trials":3,"simw":true},"q":78,"t":36.34999999996977}
  + 40 s {"ph":"TAXI","ap":"TAXI","wph":"","pace":{"mode":"auto","cap":30,"legacy":false,"steps":2,"dt":0.03340000000000873,"stats":{"down":4,"up":3,"trialsFailed":3,"guarded":0},"holdUpS":6,"dilation":1.0011419661363532,"stepMs":2.888744415261395,"otherMs":33.265039488035306,"droppedS":0,"workMs":13.350000008940697,"rateFps":29.988004798080723,"trials":3,"simw":true},"q":78,"t":46.54999999982134}
  + 50 s {"ph":"TAXI","ap":"TAXI","wph":"","pace":{"mode":"auto","cap":60,"legacy":false,"steps":1,"dt":0.01669999999999709,"stats":{"down":4,"up":4,"trialsFailed":3,"guarded":0},"holdUpS":0,"dilation":1.002705739512108,"stepMs":2.9024295914937333,"otherMs":22.494504490294638,"droppedS":0,"workMs":13.400000005960464,"rateFps":29.989503673714243,"trials":3,"simw":true},"q":78,"t":56.249999999680185}
  + 60 s {"ph":"TAXI","ap":"TAXI","wph":"","pace":{"mode":"auto","cap":30,"legacy":false,"steps":2,"dt":0.03329999999998836,"stats":{"down":5,"up":4,"trialsFailed":4,"guarded":0},"holdUpS":20,"dilation":0.998945487077421,"stepMs":2.8252460605787655,"otherMs":33.28820585734155,"droppedS":0,"workMs":13.400000005960464,"rateFps":29.988004798080723,"trials":4,"simw":true},"q":78,"t":66.44999999953176}
  + 70 s {"ph":"TAXI","ap":"TAXI","wph":"","pace":{"mode":"auto","cap":30,"legacy":false,"steps":2,"dt":0.03330000000000291,"stats":{"down":5,"up":4,"trialsFailed":4,"guarded":0},"holdUpS":10,"dilation":0.9979632225803623,"stepMs":2.9318552920893044,"otherMs":33.253885934243215,"droppedS":0,"workMs":13.350000008940697,"rateFps":29.988004798080723,"trials":4,"simw":true},"q":78,"t":76.66666666604975}
  + 80 s {"ph":"TAXI","ap":"TAXI","wph":"","pace":{"mode":"auto","cap":30,"legacy":false,"steps":2,"dt":0.03330000000000291,"stats":{"down":5,"up":4,"trialsFailed":4,"guarded":0},"holdUpS":0,"dilation":1.0031034774547158,"stepMs":3.135726793602065,"otherMs":33.243001800243896,"droppedS":0,"workMs":13.350000008940697,"rateFps":29.988004798080723,"trials":4,"simw":true},"q":78,"t":86.3666666659086}
  + 90 s {"ph":"TAXI","ap":"TAXI","wph":"","pace":{"mode":"auto","cap":30,"legacy":false,"steps":2,"dt":0.03339999999999418,"stats":{"down":6,"up":5,"trialsFailed":5,"guarded":0},"holdUpS":25,"dilation":0.9990465770067936,"stepMs":2.8964036904151307,"otherMs":33.276564331065465,"droppedS":0,"workMs":13.399999976158142,"rateFps":29.991002699190155,"trials":5,"simw":true},"q":78,"t":96.56666666576017}
  +100 s {"ph":"TAXI","ap":"TAXI","wph":"","pace":{"mode":"auto","cap":30,"legacy":false,"steps":2,"dt":0.033200000000011644,"stats":{"down":6,"up":5,"trialsFailed":5,"guarded":0},"holdUpS":15,"dilation":0.9982489803677556,"stepMs":2.9150351831735613,"otherMs":33.25894766189959,"droppedS":0,"workMs":12.149999991059303,"rateFps":29.988004798080507,"trials":5,"simw":true},"q":78,"t":106.23333333228616}
  +110 s {"ph":"TAXI","ap":"TAXI","wph":"","pace":{"mode":"auto","cap":30,"legacy":false,"steps":2,"dt":0.03339999999999418,"stats":{"down":6,"up":5,"trialsFailed":5,"guarded":0},"holdUpS":5,"dilation":1.0029285402084618,"stepMs":2.9987431605762063,"otherMs":33.261882053887696,"droppedS":0,"workMs":11.699999988079071,"rateFps":29.989503673714463,"trials":5,"simw":true},"q":78,"t":116.43333333213774}
  +120 s {"ph":"TAXI","ap":"TAXI","wph":"","pace":{"mode":"auto","cap":30,"legacy":false,"steps":2,"dt":0.03330000000001746,"stats":{"down":7,"up":6,"trialsFailed":6,"guarded":0},"holdUpS":27,"dilation":0.9995609210198176,"stepMs":3.141369922824496,"otherMs":33.275944573664034,"droppedS":0,"workMs":13.049999997019768,"rateFps":30.240411269593178,"trials":6,"simw":true},"q":78,"t":126.61666666532288}
  +130 s {"ph":"TAXI","ap":"TAXI","wph":"","pace":{"mode":"auto","cap":30,"legacy":false,"steps":2,"dt":0.03339999999999418,"stats":{"down":7,"up":6,"trialsFailed":6,"guarded":0},"holdUpS":17,"dilation":1.0028282390619412,"stepMs":3.1284496552039185,"otherMs":33.26096900043811,"droppedS":0,"workMs":12.900000005960464,"rateFps":29.989503673714026,"trials":6,"simw":true},"q":78,"t":136.31666666518174}
  +140 s {"ph":"TAXI","ap":"TAXI","wph":"","pace":{"mode":"auto","cap":30,"legacy":false,"steps":2,"dt":0.03339999999999418,"stats":{"down":7,"up":6,"trialsFailed":6,"guarded":0},"holdUpS":7,"dilation":0.9981932162173648,"stepMs":2.9800346580875843,"otherMs":33.26779357222187,"droppedS":0,"workMs":12.649999991059303,"rateFps":29.988004798080507,"trials":6,"simw":true},"q":78,"t":146.53333333169974}
  physics: the WORKER - live, placed true, 1 flights (0 inline), world made in 822 ms, held 1 frames, world-version lag max 1 frames
  world step: 362 yields in 6745 ms, the longest slice 480 ms
  premises slow builds: z_village:v_shore_e:16 116, z_village:v_north:7 112, z_village:v_shore_e:1 106, z_harbour:v_north:5 88, z_harbour:v_north:0 80, z_village:v_shore_e:15 79, z_harbour:v_north:3 75, z_harbour:v_north:6 75, z_village:r_village:9 74, z_harbour:v_north:8 72, z_village:v_north:6 70, z_village:v_west:2 69
  ---- ratchet_cub_1 · garage 40.7 s · roll-out screen 3.3 s · premises queue empty at +null s
  stand     29.9 fps delivered, 100 % doubled (median 29.9; dt med 33.4 p90 33.4 p99 33.4 max 33) · loop JS 17.8 · solver 0.2 (p90 0.2; 0.1 a step) · world 1.8 (p90 1.8) · render 13.7 (p90 13.7, shadow 2) · prem 0/fr · 2 steps/frame · at 30-cap 0 % · 1 fr / 0 s · WORKER step 2.58 ms (p90 2.58), dilation min 1.003 · loop JS p90 17.8
  taxi        32 fps delivered, 88 % doubled (median 30; dt med 33.3 p90 33.4 p99 33.5 max 50) · loop JS 13.3 · solver 0.1 (p90 0.2; 0.05 a step) · world 1.3 (p90 2.7) · render 9.8 (p90 13.3, shadow 1.8) · prem 0/fr · 1.88 steps/frame · at 30-cap 85 % · 4891 fr / 153.1 s · WORKER step 2.91 ms (p90 3.13), dilation min 0.996 · loop JS p90 17.9
  ROLLOUT over100ms: PASS {"n":0,"worst":0,"pass":true}
  ROLLOUT below30run: PASS {"sec":0.13,"pass":true}
  ROLLOUT standTaxiMedianFps: FAIL {"fps":30,"pass":false}
  ROLLOUT standTaxiDeliveredFps: FAIL {"fps":32,"doubled":0.877,"dtP90":33.4,"dtP99":33.5,"pass":false}
  ROLLOUT longTask1s: PASS {"n":0,"worst":796,"pass":true}
  long tasks > 200 ms: 22 · worst 8: 796@4s 650@1s 642@5s 642@31s 585@6s 542@40s 541@2s 540@37s
  -> D:/Dev/wt-c3b/flyDiy/tools/perf/c3b/rollout_after_cub_1.json
