rollout_perf: GPU 3 % after 8 s of waiting
rollout_perf [ratchet_cub_2] http://localhost:8645/flyDiy/index.html
  garage ready: ready after 39.3 s
  ANGLE (NVIDIA, NVIDIA GeForce RTX 3080 (0x00002216) Direct3D11 vs_5_0 ps_5_0, D3D11) · gfx {"preset":"gamer","pv":4,"fps":"auto","ground":"far1","scale":1,"cover":"full","scenery":"full","drawDist":"vis","terrain":1,"aa":"msaa","density":128,"bands":"near","shadows":"full","canopy":"on","rails":"on","poles":"on","glare":"on","sway":"on","mist":"land","clouds":"half","water":"full","mirror":"periodic","lighting":"sunset","tone":"cineon","exposure":1,"colour":"managed","bloom":"soft","look":"off","lens":"off","rays":"off","ao":"off","eye":"off","compositing":"linear","town":"nearby"}
  TOWN step 7.1 s · long tasks >= 50 ms: 57 (4142 ms), over 100 ms: 7, worst 184 ms
  SETTLE step 11.2 s · long tasks >= 50 ms: 26 (2878 ms), over 100 ms: 11, worst 368 ms
  HOUSE WORKER {"on":true,"why":"on","ready":true,"failed":false,"results":95,"initMs":1327,"composeMs":466,"built":0,"hits":92,"misses":0,"genMs":0,"cache":true,"mb":220.8,"moved":12577,"kept":0,"tallies":3} · page: {"dispatched":95,"placed":137,"here":3}
  roll-out screen: gone after 3.3 s
  start: {"route":{"from":"HOME","dest":"CIRCUIT"},"hydro":false,"substeps":74,"substepsTrue":null,"hydroEvery":null,"nodes":93,"mass":462,"cg":[-143.3,31.6,697.3],"near":["HOME",502],"phase":"TAXI","manual":false}
  + 10 s {"ph":"TAXI","ap":"TAXI","wph":"","pace":{"mode":"auto","cap":60,"legacy":false,"steps":2,"dt":0.033400000000001456,"stats":{"down":2,"up":2,"trialsFailed":1,"guarded":0},"holdUpS":0,"dilation":0.9981025305503485,"stepMs":2.4157552190081604,"otherMs":20.518011635301583,"droppedS":0,"workMs":13.450000002980232,"rateFps":29.992501874531367,"trials":1,"simw":true},"q":78,"t":16.400000000014003}
  + 20 s {"ph":"TAXI","ap":"TAXI","wph":"","pace":{"mode":"auto","cap":30,"legacy":false,"steps":2,"dt":0.03309999999999127,"stats":{"down":3,"up":2,"trialsFailed":2,"guarded":0},"holdUpS":0,"dilation":1.001897446349212,"stepMs":2.3315909423167462,"otherMs":33.26305918367797,"droppedS":0,"workMs":12.950000002980232,"rateFps":29.988004798080723,"trials":2,"simw":true},"q":78,"t":26.616666666693156}
  + 30 s {"ph":"TAXI","ap":"TAXI","wph":"","pace":{"mode":"auto","cap":30,"legacy":false,"steps":2,"dt":0.03330000000000291,"stats":{"down":4,"up":3,"trialsFailed":3,"guarded":0},"holdUpS":15,"dilation":0.997865774840314,"stepMs":2.6598380233427585,"otherMs":33.24185402033565,"droppedS":0,"workMs":13.549999997019768,"rateFps":29.988004798080723,"trials":3,"simw":true},"q":78,"t":36.28333333330407}
  + 40 s {"ph":"TAXI","ap":"TAXI","wph":"","pace":{"mode":"auto","cap":30,"legacy":false,"steps":2,"dt":0.03339999999999418,"stats":{"down":4,"up":3,"trialsFailed":3,"guarded":0},"holdUpS":5,"dilation":0.9977278942887661,"stepMs":3.0518185981148727,"otherMs":33.24279492756369,"droppedS":0,"workMs":13.299999982118607,"rateFps":29.989503673714243,"trials":3,"simw":true},"q":78,"t":46.43333333315637}
  + 50 s {"ph":"TAXI","ap":"TAXI","wph":"","pace":{"mode":"auto","cap":30,"legacy":false,"steps":2,"dt":0.03330000000000291,"stats":{"down":5,"up":4,"trialsFailed":4,"guarded":0},"holdUpS":29,"dilation":1.0023533314089859,"stepMs":2.9562005879303697,"otherMs":23.500641569429565,"droppedS":0,"workMs":20,"rateFps":43.88531304856604,"trials":4,"simw":true},"q":78,"t":56.63333333300794}
  + 60 s {"ph":"TAXI","ap":"TAXI","wph":"","pace":{"mode":"auto","cap":30,"legacy":false,"steps":2,"dt":0.03329999999998836,"stats":{"down":5,"up":4,"trialsFailed":4,"guarded":0},"holdUpS":20,"dilation":1.0027416718202717,"stepMs":2.9541338968480924,"otherMs":33.25540768619336,"droppedS":0,"workMs":13.650000005960464,"rateFps":29.988004798080723,"trials":4,"simw":true},"q":78,"t":66.31666666620036}
  + 70 s {"ph":"TAXI","ap":"TAXI","wph":"","pace":{"mode":"auto","cap":30,"legacy":false,"steps":2,"dt":0.03330000000000291,"stats":{"down":5,"up":4,"trialsFailed":4,"guarded":0},"holdUpS":10,"dilation":1.0023268645738443,"stepMs":3.0157488970262563,"otherMs":33.247097743243806,"droppedS":0,"workMs":13.249999985098839,"rateFps":29.988004798080723,"trials":4,"simw":true},"q":78,"t":76.5666666660512}
  + 80 s {"ph":"TAXI","ap":"TAXI","wph":"","pace":{"mode":"auto","cap":30,"legacy":false,"steps":2,"dt":0.03329999999998836,"stats":{"down":5,"up":4,"trialsFailed":4,"guarded":0},"holdUpS":0,"dilation":0.9986916716259936,"stepMs":3.254642962844363,"otherMs":33.23291646665424,"droppedS":0,"workMs":13.55000002682209,"rateFps":29.988004798080944,"trials":4,"simw":true},"q":78,"t":86.2333333325772}
  + 90 s {"ph":"TAXI","ap":"TAXI","wph":"","pace":{"mode":"auto","cap":30,"legacy":false,"steps":2,"dt":0.03329999999998836,"stats":{"down":6,"up":5,"trialsFailed":5,"guarded":0},"holdUpS":24,"dilation":1.0022421773644041,"stepMs":3.04743597550874,"otherMs":33.249514894806595,"droppedS":0,"workMs":13.350000008940697,"rateFps":29.988004798080507,"trials":5,"simw":true},"q":78,"t":96.3833333324295}
  +100 s {"ph":"TAXI","ap":"TAXI","wph":"","pace":{"mode":"auto","cap":30,"legacy":false,"steps":2,"dt":0.03339999999999418,"stats":{"down":6,"up":5,"trialsFailed":5,"guarded":0},"holdUpS":14,"dilation":0.9981587734930654,"stepMs":3.249389338095346,"otherMs":33.255364019375776,"droppedS":0,"workMs":12.250000014901161,"rateFps":29.988004798080944,"trials":5,"simw":true},"q":78,"t":106.56666666561465}
  +110 s {"ph":"TAXI","ap":"TAXI","wph":"","pace":{"mode":"auto","cap":30,"legacy":false,"steps":2,"dt":0.03329999999998836,"stats":{"down":6,"up":5,"trialsFailed":5,"guarded":0},"holdUpS":5,"dilation":0.998122997407252,"stepMs":3.012481184505246,"otherMs":33.23509253118415,"droppedS":0,"workMs":11.800000011920929,"rateFps":29.988004798080944,"trials":5,"simw":true},"q":78,"t":116.21666666547422}
  +120 s {"ph":"TAXI","ap":"TAXI","wph":"","pace":{"mode":"auto","cap":30,"legacy":false,"steps":2,"dt":0.03339999999999418,"stats":{"down":7,"up":6,"trialsFailed":6,"guarded":0},"holdUpS":28,"dilation":0.9988826451647265,"stepMs":3.1716344318161678,"otherMs":32.52956737465262,"droppedS":0,"workMs":15.049999997019768,"rateFps":53.71050040282847,"trials":6,"simw":true},"q":78,"t":126.43333333199222}
  +130 s {"ph":"TAXI","ap":"TAXI","wph":"","pace":{"mode":"auto","cap":30,"legacy":false,"steps":2,"dt":0.03329999999998836,"stats":{"down":7,"up":6,"trialsFailed":6,"guarded":0},"holdUpS":18,"dilation":0.9998622650809083,"stepMs":3.146730297456141,"otherMs":33.249099219116346,"droppedS":0,"workMs":12.800000011920929,"rateFps":29.989503673714463,"trials":6,"simw":true},"q":78,"t":136.6333333318438}
  +140 s {"ph":"TAXI","ap":"TAXI","wph":"","pace":{"mode":"auto","cap":30,"legacy":false,"steps":2,"dt":0.03339999999999418,"stats":{"down":7,"up":6,"trialsFailed":6,"guarded":0},"holdUpS":9,"dilation":0.9982282415277207,"stepMs":3.012396417562301,"otherMs":33.27749268266659,"droppedS":0,"workMs":12.549999997019768,"rateFps":29.988004798080507,"trials":6,"simw":true},"q":78,"t":146.33333333170265}
  physics: the WORKER - live, placed true, 1 flights (0 inline), world made in 815 ms, held 1 frames, world-version lag max 1 frames
  world step: 362 yields in 6747 ms, the longest slice 471 ms
  premises slow builds: z_village:r_village:9 118, z_village:v_shore_e:16 114, z_village:v_shore_e:33 111, z_harbour:v_north:5 90, z_village:v_shore_e:15 79, z_harbour:v_north:0 79, z_harbour:v_north:6 75, z_harbour:v_north:3 74, z_harbour:v_north:1 71, z_harbour:v_north:8 71, z_village:v_north:6 70, z_village:v_north:1 68
  ---- ratchet_cub_2 · garage 39.3 s · roll-out screen 3.3 s · premises queue empty at +null s
  stand       30 fps delivered, 100 % doubled (median 30; dt med 33.3 p90 33.3 p99 33.3 max 33) · loop JS 13.2 · solver 0.1 (p90 0.1; 0.05 a step) · world 1.2 (p90 1.2) · render 9.9 (p90 9.9, shadow 1.5) · prem 0/fr · 2 steps/frame · at 30-cap 100 % · 1 fr / 0 s · WORKER step 2.96 ms (p90 2.96), dilation min 0.999 · loop JS p90 13.2
  taxi      31.9 fps delivered, 88 % doubled (median 30; dt med 33.3 p90 33.4 p99 33.5 max 50) · loop JS 13.4 · solver 0.1 (p90 0.2; 0.05 a step) · world 1.3 (p90 2.7) · render 9.8 (p90 12.8, shadow 1.8) · prem 0/fr · 1.88 steps/frame · at 30-cap 85 % · 4884 fr / 153.3 s · WORKER step 3.01 ms (p90 3.19), dilation min 0.996 · loop JS p90 17.5
  ROLLOUT over100ms: PASS {"n":0,"worst":0,"pass":true}
  ROLLOUT below30run: PASS {"sec":0.1,"pass":true}
  ROLLOUT standTaxiMedianFps: FAIL {"fps":30,"pass":false}
  ROLLOUT standTaxiDeliveredFps: FAIL {"fps":31.9,"doubled":0.882,"dtP90":33.4,"dtP99":33.5,"pass":false}
  ROLLOUT longTask1s: FAIL {"n":1,"worst":1135,"pass":false}
  long tasks > 200 ms: 19 · worst 8: 1135@37s 794@4s 645@1s 637@32s 625@6s 602@6s 587@2s 527@3s
  -> D:/Dev/wt-c3b/flyDiy/tools/perf/c3b/rollout_after_cub_2.json
