rollout_perf: GPU 7 % after 8 s of waiting
rollout_perf [ratchet_metal_2] http://localhost:8645/flyDiy/index.html
  garage ready: ready after 38.9 s
  ANGLE (NVIDIA, NVIDIA GeForce RTX 3080 (0x00002216) Direct3D11 vs_5_0 ps_5_0, D3D11) · gfx {"preset":"gamer","pv":4,"fps":"auto","ground":"far1","scale":1,"cover":"full","scenery":"full","drawDist":"vis","terrain":1,"aa":"msaa","density":128,"bands":"near","shadows":"full","canopy":"on","rails":"on","poles":"on","glare":"on","sway":"on","mist":"land","clouds":"half","water":"full","mirror":"periodic","lighting":"sunset","tone":"cineon","exposure":1,"colour":"managed","bloom":"soft","look":"off","lens":"off","rays":"off","ao":"off","eye":"off","compositing":"linear","town":"nearby"}
  TOWN step 7.1 s · long tasks >= 50 ms: 57 (4085 ms), over 100 ms: 5, worst 185 ms
  SETTLE step 10.7 s · long tasks >= 50 ms: 29 (2756 ms), over 100 ms: 8, worst 355 ms
  HOUSE WORKER {"on":true,"why":"on","ready":true,"failed":false,"results":95,"initMs":1429,"composeMs":484,"built":0,"hits":92,"misses":0,"genMs":0,"cache":true,"mb":220.8,"moved":12577,"kept":0,"tallies":3} · page: {"dispatched":95,"placed":137,"here":3}
  roll-out screen: gone after 3.3 s
  start: {"route":{"from":"HOME","dest":"CIRCUIT"},"hydro":false,"substeps":120,"substepsTrue":200,"hydroEvery":null,"nodes":103,"mass":887,"cg":[-142.8,31.7,696.6],"near":["HOME",501],"phase":"TAXI","manual":false}
  + 10 s {"ph":"TAXI","ap":"TAXI","wph":"","pace":{"mode":"auto","cap":30,"legacy":false,"steps":2,"dt":0.033400000000001456,"stats":{"down":3,"up":2,"trialsFailed":2,"guarded":0},"holdUpS":8,"dilation":1.0018352311755416,"stepMs":4.066990378313998,"otherMs":33.193557979047206,"droppedS":0,"workMs":17.80000001192093,"rateFps":49.29751047572103,"trials":2,"simw":true},"q":78,"t":16.30000000001241}
  + 20 s {"ph":"TAXI","ap":"TAXI","wph":"","pace":{"mode":"auto","cap":30,"legacy":false,"steps":2,"dt":0.03339999999999418,"stats":{"down":3,"up":2,"trialsFailed":2,"guarded":0},"holdUpS":0,"dilation":1.0025842912212162,"stepMs":3.8990818077614278,"otherMs":33.24884026186026,"droppedS":0,"workMs":13.849999994039536,"rateFps":29.988004798080834,"trials":2,"simw":true},"q":78,"t":26.499999999916163}
  + 30 s {"ph":"TAXI","ap":"TAXI","wph":"","pace":{"mode":"auto","cap":30,"legacy":false,"steps":2,"dt":0.03339999999999418,"stats":{"down":4,"up":3,"trialsFailed":3,"guarded":0},"holdUpS":12,"dilation":1.001956955282282,"stepMs":3.9323225388573695,"otherMs":33.23123323175323,"droppedS":0,"workMs":13.800000011920929,"rateFps":29.988004798080944,"trials":3,"simw":true},"q":78,"t":36.64999999993933}
  + 40 s {"ph":"TAXI","ap":"TAXI","wph":"","pace":{"mode":"auto","cap":30,"legacy":false,"steps":2,"dt":0.03330000000000291,"stats":{"down":4,"up":3,"trialsFailed":3,"guarded":0},"holdUpS":2,"dilation":1.0030202480302985,"stepMs":4.54520000382921,"otherMs":33.23038219712739,"droppedS":0,"workMs":14.149999991059303,"rateFps":29.988004798080723,"trials":3,"simw":true},"q":78,"t":46.350000000095925}
  + 50 s {"ph":"TAXI","ap":"TAXI","wph":"","pace":{"mode":"auto","cap":30,"legacy":false,"steps":2,"dt":0.03339999999999418,"stats":{"down":5,"up":4,"trialsFailed":4,"guarded":0},"holdUpS":27,"dilation":1.0019913978409611,"stepMs":4.528237864970105,"otherMs":33.264878608072834,"droppedS":0,"workMs":14,"rateFps":30.49710277523622,"trials":4,"simw":true},"q":78,"t":56.566666666927524}
  + 60 s {"ph":"TAXI","ap":"TAXI","wph":"","pace":{"mode":"auto","cap":30,"legacy":false,"steps":2,"dt":0.03330000000000291,"stats":{"down":5,"up":4,"trialsFailed":4,"guarded":0},"holdUpS":17,"dilation":1.0027489363283204,"stepMs":4.451628572052683,"otherMs":33.24336785100684,"droppedS":0,"workMs":13.950000002980232,"rateFps":29.986506072267566,"trials":4,"simw":true},"q":78,"t":66.23333333363598}
  + 70 s {"ph":"TAXI","ap":"TAXI","wph":"","pace":{"mode":"auto","cap":30,"legacy":false,"steps":2,"dt":0.03339999999999418,"stats":{"down":5,"up":4,"trialsFailed":4,"guarded":0},"holdUpS":7,"dilation":0.998883063452831,"stepMs":4.571306724039335,"otherMs":33.24247964576693,"droppedS":0,"workMs":13.700000002980232,"rateFps":29.988004798080723,"trials":4,"simw":true},"q":78,"t":76.38333333328058}
  + 80 s {"ph":"TAXI","ap":"TAXI","wph":"","pace":{"mode":"auto","cap":60,"legacy":false,"steps":1,"dt":0.01669999999999709,"stats":{"down":5,"up":5,"trialsFailed":4,"guarded":0},"holdUpS":0,"dilation":1.0033165520263336,"stepMs":5.626312970658596,"otherMs":23.23581971534707,"droppedS":0,"workMs":13.949999995529652,"rateFps":29.989503673714026,"trials":4,"simw":true},"q":78,"t":86.61666666625558}
  + 90 s {"ph":"TAXI","ap":"TAXI","wph":"","pace":{"mode":"auto","cap":30,"legacy":false,"steps":2,"dt":0.03329999999998836,"stats":{"down":6,"up":5,"trialsFailed":5,"guarded":0},"holdUpS":22,"dilation":1.0011147018461006,"stepMs":4.236541215351247,"otherMs":33.661841265685446,"droppedS":0,"workMs":13.049999997019768,"rateFps":29.988004798080944,"trials":5,"simw":true},"q":78,"t":96.31666666591593}
  +100 s {"ph":"TAXI","ap":"TAXI","wph":"","pace":{"mode":"auto","cap":30,"legacy":false,"steps":2,"dt":0.03329999999998836,"stats":{"down":6,"up":5,"trialsFailed":5,"guarded":0},"holdUpS":11,"dilation":1.0025021700804868,"stepMs":4.844869479732399,"otherMs":33.21420645326802,"droppedS":0,"workMs":11.949999995529652,"rateFps":29.988004798080944,"trials":5,"simw":true},"q":78,"t":106.53333333222486}
  +110 s {"ph":"TAXI","ap":"TAXI","wph":"","pace":{"mode":"auto","cap":30,"legacy":false,"steps":2,"dt":0.03330000000001746,"stats":{"down":6,"up":5,"trialsFailed":5,"guarded":0},"holdUpS":2,"dilation":1.0022488487711567,"stepMs":4.746105109693505,"otherMs":33.2472891977435,"droppedS":0,"workMs":12,"rateFps":29.989503673714463,"trials":5,"simw":true},"q":78,"t":116.21666666521912}
  +120 s {"ph":"TAXI","ap":"TAXI","wph":"","pace":{"mode":"auto","cap":30,"legacy":false,"steps":2,"dt":0.03330000000001746,"stats":{"down":7,"up":6,"trialsFailed":6,"guarded":0},"holdUpS":24,"dilation":1.002633035592778,"stepMs":4.834183234413629,"otherMs":33.23290227987942,"droppedS":0,"workMs":12.549999989569187,"rateFps":29.989503673714463,"trials":6,"simw":true},"q":78,"t":126.43333333152805}
  +130 s {"ph":"TAXI","ap":"TAXI","wph":"","pace":{"mode":"auto","cap":30,"legacy":false,"steps":2,"dt":0.03330000000001746,"stats":{"down":7,"up":6,"trialsFailed":6,"guarded":0},"holdUpS":14,"dilation":1.0026980167281876,"stepMs":4.850700944741713,"otherMs":33.27440406638336,"droppedS":0,"workMs":12.550000004470348,"rateFps":29.988004798080944,"trials":6,"simw":true},"q":78,"t":136.59999999871866}
  +140 s {"ph":"TAXI","ap":"TAXI","wph":"","pace":{"mode":"auto","cap":30,"legacy":false,"steps":2,"dt":0.03339999999999418,"stats":{"down":7,"up":6,"trialsFailed":6,"guarded":0},"holdUpS":4,"dilation":0.9986004813215759,"stepMs":4.583274239832034,"otherMs":33.23963432549248,"droppedS":0,"workMs":13.25,"rateFps":29.988004798080507,"trials":6,"simw":true},"q":78,"t":146.24999999936813}
  physics: the WORKER - live, placed true, 1 flights (0 inline), world made in 812 ms, held 2 frames, world-version lag max 1 frames
  world step: 362 yields in 6823 ms, the longest slice 458 ms
  premises slow builds: z_village:r_village:9 113, z_village:r_village:23 107, z_harbour:v_north:5 88, z_harbour:v_north:0 79, z_village:v_shore_e:15 77, z_harbour:v_north:6 73, z_harbour:v_north:8 72, z_harbour:v_north:1 71, z_village:v_north:6 70, z_village:v_west:2 69, z_village:v_north:7 69, z_harbour:v_north:3 69
  ---- ratchet_metal_2 · garage 38.9 s · roll-out screen 3.3 s · premises queue empty at +null s
  stand     29.9 fps delivered, 100 % doubled (median 29.9; dt med 33.4 p90 33.4 p99 33.4 max 33) · loop JS 13 · solver 0.1 (p90 0.1; 0.05 a step) · world 1.2 (p90 1.2) · render 9.8 (p90 9.8, shadow 1.4) · prem 0/fr · 2 steps/frame · at 30-cap 100 % · 1 fr / 0 s · WORKER step 3.94 ms (p90 3.94), dilation min 1.003 · loop JS p90 13
  taxi      32.1 fps delivered, 87 % doubled (median 30; dt med 33.3 p90 33.4 p99 33.5 max 67) · loop JS 13.6 · solver 0.1 (p90 0.2; 0.05 a step) · world 1.4 (p90 2.8) · render 10.1 (p90 13.3, shadow 1.9) · prem 0/fr · 1.87 steps/frame · at 30-cap 83 % · 4925 fr / 153.3 s · WORKER step 4.58 ms (p90 5), dilation min 0.996 · loop JS p90 18
  ROLLOUT over100ms: PASS {"n":0,"worst":0,"pass":true}
  ROLLOUT below30run: PASS {"sec":0.13,"pass":true}
  ROLLOUT standTaxiMedianFps: FAIL {"fps":30,"pass":false}
  ROLLOUT standTaxiDeliveredFps: FAIL {"fps":32.1,"doubled":0.866,"dtP90":33.4,"dtP99":33.5,"pass":false}
  ROLLOUT longTask1s: FAIL {"n":1,"worst":1101,"pass":false}
  long tasks > 200 ms: 21 · worst 8: 1101@36s 681@6s 665@31s 657@1s 641@4s 618@38s 597@3s 580@6s
  -> D:/Dev/wt-c3b/flyDiy/tools/perf/c3b/rollout_base_metal_2.json
