rollout_perf: GPU 4 % after 8 s of waiting
rollout_perf [ratchet_metal_1] http://localhost:8645/flyDiy/index.html
  garage ready: ready after 46.2 s
  ANGLE (NVIDIA, NVIDIA GeForce RTX 3080 (0x00002216) Direct3D11 vs_5_0 ps_5_0, D3D11) · gfx {"preset":"gamer","pv":4,"fps":"auto","ground":"far1","scale":1,"cover":"full","scenery":"full","drawDist":"vis","terrain":1,"aa":"msaa","density":128,"bands":"near","shadows":"full","canopy":"on","rails":"on","poles":"on","glare":"on","sway":"on","mist":"land","clouds":"half","water":"full","mirror":"periodic","lighting":"sunset","tone":"cineon","exposure":1,"colour":"managed","bloom":"soft","look":"off","lens":"off","rays":"off","ao":"off","eye":"off","compositing":"linear","town":"nearby"}
  TOWN step 7.4 s · long tasks >= 50 ms: 60 (4450 ms), over 100 ms: 7, worst 188 ms
  SETTLE step 11.3 s · long tasks >= 50 ms: 31 (2916 ms), over 100 ms: 8, worst 395 ms
  HOUSE WORKER {"on":true,"why":"on","ready":true,"failed":false,"results":95,"initMs":1355,"composeMs":484,"built":0,"hits":92,"misses":0,"genMs":0,"cache":true,"mb":220.8,"moved":12577,"kept":0,"tallies":3} · page: {"dispatched":95,"placed":137,"here":3}
  roll-out screen: gone after 3.4 s
  start: {"route":{"from":"HOME","dest":"CIRCUIT"},"hydro":false,"substeps":120,"substepsTrue":200,"hydroEvery":null,"nodes":103,"mass":887,"cg":[-142.7,31.7,696.5],"near":["HOME",501],"phase":"TAXI","manual":false}
  + 10 s {"ph":"TAXI","ap":"TAXI","wph":"","pace":{"mode":"auto","cap":30,"legacy":false,"steps":2,"dt":0.03330000000000291,"stats":{"down":3,"up":2,"trialsFailed":2,"guarded":0},"holdUpS":7,"dilation":1.0024378739577315,"stepMs":3.977977934053473,"otherMs":33.23839200854791,"droppedS":0,"workMs":13.899999998509884,"rateFps":30.240411269593178,"trials":2,"simw":true},"q":78,"t":16.366666666678448}
  + 20 s {"ph":"TAXI","ap":"TAXI","wph":"","pace":{"mode":"auto","cap":60,"legacy":false,"steps":1,"dt":0.016599999999991268,"stats":{"down":3,"up":3,"trialsFailed":2,"guarded":0},"holdUpS":0,"dilation":1.0026645531470837,"stepMs":3.8985927937300415,"otherMs":20.72780789471141,"droppedS":0,"workMs":13.649999991059303,"rateFps":29.988004798080723,"trials":2,"simw":true},"q":78,"t":26.59999999991522}
  + 30 s {"ph":"TAXI","ap":"TAXI","wph":"","pace":{"mode":"auto","cap":30,"legacy":false,"steps":2,"dt":0.03330000000000291,"stats":{"down":4,"up":3,"trialsFailed":3,"guarded":0},"holdUpS":12,"dilation":1.0014392230322786,"stepMs":3.8445910588704417,"otherMs":33.228962309693166,"droppedS":0,"workMs":13.649999998509884,"rateFps":29.989503673714026,"trials":3,"simw":true},"q":78,"t":36.333333333267554}
  + 40 s {"ph":"TAXI","ap":"TAXI","wph":"","pace":{"mode":"auto","cap":30,"legacy":false,"steps":2,"dt":0.03340000000000873,"stats":{"down":4,"up":3,"trialsFailed":3,"guarded":0},"holdUpS":1,"dilation":1.0032579293834507,"stepMs":4.333436051754757,"otherMs":33.259064409643514,"droppedS":0,"workMs":13.850000001490116,"rateFps":29.988004798080723,"trials":3,"simw":true},"q":78,"t":46.56666666676609}
  + 50 s {"ph":"TAXI","ap":"TAXI","wph":"","pace":{"mode":"auto","cap":30,"legacy":false,"steps":2,"dt":0.03340000000000873,"stats":{"down":5,"up":4,"trialsFailed":4,"guarded":0},"holdUpS":26,"dilation":1.0003337997949653,"stepMs":4.466637906720673,"otherMs":33.253287994860436,"droppedS":0,"workMs":13.950000002980232,"rateFps":30.498652976160173,"trials":4,"simw":true},"q":78,"t":56.31666666692349}
  + 60 s {"ph":"TAXI","ap":"TAXI","wph":"","pace":{"mode":"auto","cap":30,"legacy":false,"steps":2,"dt":0.03339999999999418,"stats":{"down":5,"up":4,"trialsFailed":4,"guarded":0},"holdUpS":16,"dilation":1.0032628895423747,"stepMs":4.301820025832837,"otherMs":33.22636833196662,"droppedS":0,"workMs":13.74999999254942,"rateFps":29.989503673714243,"trials":4,"simw":true},"q":78,"t":66.5166666669594}
  + 70 s {"ph":"TAXI","ap":"TAXI","wph":"","pace":{"mode":"auto","cap":30,"legacy":false,"steps":2,"dt":0.03330000000000291,"stats":{"down":5,"up":4,"trialsFailed":4,"guarded":0},"holdUpS":7,"dilation":0.9992738933896843,"stepMs":4.766079733626332,"otherMs":33.225711621706935,"droppedS":0,"workMs":13.5,"rateFps":29.989503673714243,"trials":4,"simw":true},"q":78,"t":76.19999999995366}
  + 80 s {"ph":"TAXI","ap":"TAXI","wph":"","pace":{"mode":"auto","cap":60,"legacy":false,"steps":2,"dt":0.03339999999999418,"stats":{"down":5,"up":5,"trialsFailed":4,"guarded":0},"holdUpS":0,"dilation":0.9966099776748332,"stepMs":5.348105988627256,"otherMs":25.532469603994283,"droppedS":0,"workMs":13.850000008940697,"rateFps":29.989503673714463,"trials":4,"simw":true},"q":78,"t":86.43333333292867}
  + 90 s {"ph":"TAXI","ap":"TAXI","wph":"","pace":{"mode":"auto","cap":30,"legacy":false,"steps":2,"dt":0.03329999999998836,"stats":{"down":6,"up":5,"trialsFailed":5,"guarded":0},"holdUpS":21,"dilation":1.0026996921229618,"stepMs":4.169464940143279,"otherMs":33.24368765379449,"droppedS":0,"workMs":13.700000002980232,"rateFps":29.988004798080507,"trials":5,"simw":true},"q":78,"t":96.66666666590368}
  +100 s {"ph":"TAXI","ap":"TAXI","wph":"","pace":{"mode":"auto","cap":30,"legacy":false,"steps":2,"dt":0.03339999999999418,"stats":{"down":6,"up":5,"trialsFailed":5,"guarded":0},"holdUpS":11,"dilation":0.9984345071169093,"stepMs":4.650681347223517,"otherMs":33.25541434638204,"droppedS":0,"workMs":11.75000000745058,"rateFps":29.988004798080944,"trials":5,"simw":true},"q":78,"t":106.38333333223011}
  +110 s {"ph":"TAXI","ap":"TAXI","wph":"","pace":{"mode":"auto","cap":30,"legacy":false,"steps":2,"dt":0.033400000000023286,"stats":{"down":6,"up":5,"trialsFailed":5,"guarded":0},"holdUpS":1,"dilation":1.0036286220080834,"stepMs":4.736938753147083,"otherMs":33.251068442896404,"droppedS":0,"workMs":11.649999991059303,"rateFps":29.989503673714463,"trials":5,"simw":true},"q":78,"t":116.61666666520512}
  +120 s {"ph":"TAXI","ap":"TAXI","wph":"","pace":{"mode":"auto","cap":30,"legacy":false,"steps":2,"dt":0.03329999999998836,"stats":{"down":7,"up":6,"trialsFailed":6,"guarded":0},"holdUpS":25,"dilation":1.0027245697572238,"stepMs":4.936366690452537,"otherMs":33.251728070087935,"droppedS":0,"workMs":13.350000008940697,"rateFps":29.989503673714026,"trials":6,"simw":true},"q":78,"t":126.29999999819938}
  +130 s {"ph":"TAXI","ap":"TAXI","wph":"","pace":{"mode":"auto","cap":30,"legacy":false,"steps":2,"dt":0.03329999999998836,"stats":{"down":7,"up":6,"trialsFailed":6,"guarded":0},"holdUpS":15,"dilation":1.002029325484422,"stepMs":4.8641175053377665,"otherMs":33.25547104313182,"droppedS":0,"workMs":13.399999998509884,"rateFps":29.989503673714463,"trials":6,"simw":true},"q":78,"t":136.51666666537972}
  +140 s {"ph":"TAXI","ap":"TAXI","wph":"","pace":{"mode":"auto","cap":30,"legacy":false,"steps":2,"dt":0.03330000000001746,"stats":{"down":7,"up":6,"trialsFailed":6,"guarded":0},"holdUpS":6,"dilation":0.9986249423396267,"stepMs":4.566790629137777,"otherMs":33.25038657272477,"droppedS":0,"workMs":13.25,"rateFps":29.986506072267566,"trials":6,"simw":true},"q":78,"t":146.21666666603255}
  physics: the WORKER - live, placed true, 1 flights (0 inline), world made in 821 ms, held 2 frames, world-version lag max 1 frames
  world step: 362 yields in 7797 ms, the longest slice 469 ms
  premises slow builds: z_village:v_shore_e:13 121, z_village:v_west:2 109, z_village:r_village:9 107, z_village:v_shore_e:1 101, z_village:v_shore_e:0 95, z_village:v_shore_e:7 91, z_harbour:v_north:5 88, z_village:v_shore_e:15 85, z_harbour:v_north:0 79, z_harbour:v_north:8 77, z_village:v_shore_e:5 75, z_harbour:v_north:6 73
  ---- ratchet_metal_1 · garage 46.2 s · roll-out screen 3.4 s · premises queue empty at +null s
  stand       30 fps delivered, 100 % doubled (median 30; dt med 33.3 p90 33.3 p99 33.3 max 33) · loop JS 14.2 · solver 0.1 (p90 0.1; 0.05 a step) · world 1.4 (p90 1.4) · render 10.4 (p90 10.4, shadow 2.2) · prem 0/fr · 2 steps/frame · at 30-cap 100 % · 1 fr / 0 s · WORKER step 3.85 ms (p90 3.85), dilation min 1.002 · loop JS p90 14.2
  taxi      32.1 fps delivered, 87 % doubled (median 30; dt med 33.3 p90 33.4 p99 33.5 max 50) · loop JS 13.6 · solver 0.1 (p90 0.2; 0.05 a step) · world 1.6 (p90 3) · render 9.9 (p90 12.2, shadow 1.8) · prem 0/fr · 1.87 steps/frame · at 30-cap 83 % · 4919 fr / 153.3 s · WORKER step 4.5 ms (p90 4.82), dilation min 0.996 · loop JS p90 17.8
  ROLLOUT over100ms: PASS {"n":0,"worst":0,"pass":true}
  ROLLOUT below30run: PASS {"sec":0.1,"pass":true}
  ROLLOUT standTaxiMedianFps: FAIL {"fps":30,"pass":false}
  ROLLOUT standTaxiDeliveredFps: FAIL {"fps":32.1,"doubled":0.867,"dtP90":33.4,"dtP99":33.5,"pass":false}
  ROLLOUT longTask1s: FAIL {"n":1,"worst":1545,"pass":false}
  long tasks > 200 ms: 22 · worst 8: 1545@43s 988@39s 805@2s 683@34s 675@7s 670@8s 657@45s 642@1s
  -> D:/Dev/wt-c3b/flyDiy/tools/perf/c3b/rollout_base_metal_1.json
