rollout_perf: GPU 4 % after 20 s of waiting
rollout_perf [ratchet_cub_2] http://localhost:8645/flyDiy/index.html
  garage ready: ready after 41.6 s
  ANGLE (NVIDIA, NVIDIA GeForce RTX 3080 (0x00002216) Direct3D11 vs_5_0 ps_5_0, D3D11) · gfx {"preset":"gamer","pv":4,"fps":"auto","ground":"far1","scale":1,"cover":"full","scenery":"full","drawDist":"vis","terrain":1,"aa":"msaa","density":128,"bands":"near","shadows":"full","canopy":"on","rails":"on","poles":"on","glare":"on","sway":"on","mist":"land","clouds":"half","water":"full","mirror":"periodic","lighting":"sunset","tone":"cineon","exposure":1,"colour":"managed","bloom":"soft","look":"off","lens":"off","rays":"off","ao":"off","eye":"off","compositing":"linear","town":"nearby"}
  TOWN step 7.2 s · long tasks >= 50 ms: 57 (4165 ms), over 100 ms: 6, worst 187 ms
  SETTLE step 10.9 s · long tasks >= 50 ms: 28 (2751 ms), over 100 ms: 8, worst 343 ms
  HOUSE WORKER {"on":true,"why":"on","ready":true,"failed":false,"results":95,"initMs":1345,"composeMs":479,"built":0,"hits":92,"misses":0,"genMs":0,"cache":true,"mb":220.8,"moved":12577,"kept":0,"tallies":3} · page: {"dispatched":95,"placed":137,"here":3}
  roll-out screen: gone after 3.3 s
  start: {"route":{"from":"HOME","dest":"CIRCUIT"},"hydro":false,"substeps":74,"substepsTrue":null,"hydroEvery":null,"nodes":93,"mass":462,"cg":[-143.3,31.6,697.3],"near":["HOME",502],"phase":"TAXI","manual":false}
  + 10 s {"ph":"TAXI","ap":"TAXI","wph":"","pace":{"mode":"auto","cap":60,"legacy":false,"steps":1,"dt":0.016599999999998546,"stats":{"down":2,"up":2,"trialsFailed":1,"guarded":0},"holdUpS":0,"dilation":1.0033950521397375,"stepMs":2.3818023303733487,"otherMs":19.57010164824631,"droppedS":0,"workMs":13.799999989569187,"rateFps":29.988004798080834,"trials":1,"simw":true},"q":78,"t":16.450000000014064}
  + 20 s {"ph":"TAXI","ap":"TAXI","wph":"","pace":{"mode":"auto","cap":30,"legacy":false,"steps":2,"dt":0.03339999999999418,"stats":{"down":3,"up":2,"trialsFailed":2,"guarded":0},"holdUpS":1,"dilation":0.9983956217871905,"stepMs":2.5200187682964135,"otherMs":33.21682424775629,"droppedS":0,"workMs":13.49999999254942,"rateFps":29.988004798080723,"trials":2,"simw":true},"q":78,"t":26.666666666693217}
  + 30 s {"ph":"TAXI","ap":"TAXI","wph":"","pace":{"mode":"auto","cap":30,"legacy":false,"steps":2,"dt":0.03330000000000291,"stats":{"down":4,"up":3,"trialsFailed":3,"guarded":0},"holdUpS":16,"dilation":0.9994509079317244,"stepMs":2.7791063006750236,"otherMs":33.23317903981204,"droppedS":0,"workMs":13.450000002980232,"rateFps":30.49710277523622,"trials":3,"simw":true},"q":78,"t":36.383333333302616}
  + 40 s {"ph":"TAXI","ap":"TAXI","wph":"","pace":{"mode":"auto","cap":30,"legacy":false,"steps":2,"dt":0.033200000000011644,"stats":{"down":4,"up":3,"trialsFailed":3,"guarded":0},"holdUpS":6,"dilation":0.997297996509375,"stepMs":3.0336260242859043,"otherMs":33.231077446517524,"droppedS":0,"workMs":13.699999995529652,"rateFps":29.988004798080723,"trials":3,"simw":true},"q":78,"t":46.56666666648776}
  + 50 s {"ph":"TAXI","ap":"TAXI","wph":"","pace":{"mode":"auto","cap":60,"legacy":false,"steps":1,"dt":0.0165,"stats":{"down":4,"up":4,"trialsFailed":3,"guarded":0},"holdUpS":0,"dilation":1.0019695471565466,"stepMs":2.96408277614358,"otherMs":23.569038309300467,"droppedS":0,"workMs":13.649999998509884,"rateFps":29.988004798080723,"trials":3,"simw":true},"q":78,"t":56.71666666634006}
  + 60 s {"ph":"TAXI","ap":"TAXI","wph":"","pace":{"mode":"auto","cap":30,"legacy":false,"steps":2,"dt":0.03330000000000291,"stats":{"down":5,"up":4,"trialsFailed":4,"guarded":0},"holdUpS":21,"dilation":1.0024576372808722,"stepMs":2.885411395177182,"otherMs":33.25082165535278,"droppedS":0,"workMs":13.449999995529652,"rateFps":29.988004798080723,"trials":4,"simw":true},"q":78,"t":66.43333333286533}
  + 70 s {"ph":"TAXI","ap":"TAXI","wph":"","pace":{"mode":"auto","cap":30,"legacy":false,"steps":2,"dt":0.03339999999999418,"stats":{"down":5,"up":4,"trialsFailed":4,"guarded":0},"holdUpS":10,"dilation":0.9987228480179531,"stepMs":3.015848509922314,"otherMs":33.248473538577315,"droppedS":0,"workMs":13.550000004470348,"rateFps":29.989503673714243,"trials":4,"simw":true},"q":78,"t":76.6333333327169}
  + 80 s {"ph":"TAXI","ap":"TAXI","wph":"","pace":{"mode":"auto","cap":30,"legacy":false,"steps":2,"dt":0.03339999999999418,"stats":{"down":5,"up":4,"trialsFailed":4,"guarded":0},"holdUpS":1,"dilation":1.002821193240577,"stepMs":3.2439592134899207,"otherMs":33.24815865070509,"droppedS":0,"workMs":13.650000005960464,"rateFps":29.991002699190375,"trials":4,"simw":true},"q":78,"t":86.34999999924217}
  + 90 s {"ph":"TAXI","ap":"TAXI","wph":"","pace":{"mode":"auto","cap":30,"legacy":false,"steps":2,"dt":0.03330000000001746,"stats":{"down":6,"up":5,"trialsFailed":5,"guarded":0},"holdUpS":25,"dilation":1.002016820399123,"stepMs":2.8715897401242243,"otherMs":33.26000540802633,"droppedS":0,"workMs":13.399999991059303,"rateFps":29.989503673714463,"trials":5,"simw":true},"q":78,"t":96.53333333242732}
  +100 s {"ph":"TAXI","ap":"TAXI","wph":"","pace":{"mode":"auto","cap":30,"legacy":false,"steps":2,"dt":0.03339999999999418,"stats":{"down":6,"up":5,"trialsFailed":5,"guarded":0},"holdUpS":15,"dilation":1.0025285348938422,"stepMs":3.1563913513286073,"otherMs":33.26877050770996,"droppedS":0,"workMs":11.950000002980232,"rateFps":29.989503673714026,"trials":5,"simw":true},"q":78,"t":106.73333333227889}
  +110 s {"ph":"TAXI","ap":"TAXI","wph":"","pace":{"mode":"auto","cap":30,"legacy":false,"steps":2,"dt":0.03339999999999418,"stats":{"down":6,"up":5,"trialsFailed":5,"guarded":0},"holdUpS":5,"dilation":0.9983299945840822,"stepMs":2.969784795345421,"otherMs":33.24491409018487,"droppedS":0,"workMs":11.950000002980232,"rateFps":29.988004798080944,"trials":5,"simw":true},"q":78,"t":116.41666666547131}
  +120 s {"ph":"TAXI","ap":"TAXI","wph":"","pace":{"mode":"auto","cap":30,"legacy":false,"steps":2,"dt":0.03339999999999418,"stats":{"down":7,"up":6,"trialsFailed":6,"guarded":0},"holdUpS":29,"dilation":1.0026085811021554,"stepMs":3.298052692201977,"otherMs":22.57374078352017,"droppedS":0,"workMs":16.299999997019768,"rateFps":50.684237202230605,"trials":6,"simw":true},"q":78,"t":126.61666666532288}
  +130 s {"ph":"TAXI","ap":"TAXI","wph":"","pace":{"mode":"auto","cap":30,"legacy":false,"steps":2,"dt":0.03330000000001746,"stats":{"down":7,"up":6,"trialsFailed":6,"guarded":0},"holdUpS":20,"dilation":1.003052818315964,"stepMs":3.2709769615936115,"otherMs":33.257542176968116,"droppedS":0,"workMs":13.099999994039536,"rateFps":29.988004798080944,"trials":6,"simw":true},"q":78,"t":136.2833333318489}
  +140 s {"ph":"TAXI","ap":"TAXI","wph":"","pace":{"mode":"auto","cap":30,"legacy":false,"steps":2,"dt":0.033400000000023286,"stats":{"down":7,"up":6,"trialsFailed":6,"guarded":0},"holdUpS":10,"dilation":1.0018469162362935,"stepMs":2.9083793385316903,"otherMs":33.26139446334723,"droppedS":0,"workMs":13.050000004470348,"rateFps":29.988004798080507,"trials":6,"simw":true},"q":78,"t":146.4333333317012}
  physics: the WORKER - live, placed true, 1 flights (0 inline), world made in 805 ms, held 1 frames, world-version lag max 1 frames
  world step: 362 yields in 6781 ms, the longest slice 475 ms
  premises slow builds: z_harbour:v_north:7 120, z_village:v_shore_e:4 110, z_village:v_north:0 110, z_harbour:v_north:5 89, z_harbour:v_north:0 79, z_village:v_shore_e:15 77, z_village:v_north:7 77, z_harbour:v_north:6 77, z_harbour:v_north:1 73, z_harbour:v_north:8 72, z_village:r_village:9 71, z_village:v_north:6 71
  ---- ratchet_cub_2 · garage 41.6 s · roll-out screen 3.3 s · premises queue empty at +null s
  stand     59.9 fps delivered, 0 % doubled (median 59.9; dt med 16.7 p90 16.7 p99 16.7 max 17) · loop JS 17.6 · solver 0.1 (p90 0.1; 0.1 a step) · world 1.4 (p90 1.4) · render 14.2 (p90 14.2, shadow 1.2) · prem 0/fr · 1 steps/frame · at 30-cap 0 % · 1 fr / 0 s · WORKER step 2.41 ms (p90 2.41), dilation min 1.003 · loop JS p90 17.6
  taxi      31.9 fps delivered, 88 % doubled (median 30; dt med 33.3 p90 33.4 p99 33.5 max 50) · loop JS 13.4 · solver 0.1 (p90 0.2; 0.05 a step) · world 1.4 (p90 2.8) · render 9.8 (p90 13.8, shadow 1.8) · prem 0/fr · 1.88 steps/frame · at 30-cap 85 % · 4889 fr / 153.4 s · WORKER step 2.99 ms (p90 3.2), dilation min 0.996 · loop JS p90 18.1
  ROLLOUT over100ms: PASS {"n":0,"worst":0,"pass":true}
  ROLLOUT below30run: PASS {"sec":0.13,"pass":true}
  ROLLOUT standTaxiMedianFps: FAIL {"fps":30,"pass":false}
  ROLLOUT standTaxiDeliveredFps: FAIL {"fps":31.9,"doubled":0.881,"dtP90":33.4,"dtP99":33.5,"pass":false}
  ROLLOUT longTask1s: FAIL {"n":2,"worst":1568,"pass":false}
  long tasks > 200 ms: 25 · worst 8: 1568@39s 1164@36s 787@4s 648@1s 641@31s 623@6s 593@2s 578@6s
  -> D:/Dev/wt-c3b/flyDiy/tools/perf/c3b/rollout_base_cub_2.json
