rollout_perf: GPU 3 % after 8 s of waiting
rollout_perf [ratchet_metal_2] http://localhost:8645/flyDiy/index.html
  garage ready: ready after 39.1 s
  ANGLE (NVIDIA, NVIDIA GeForce RTX 3080 (0x00002216) Direct3D11 vs_5_0 ps_5_0, D3D11) · gfx {"preset":"gamer","pv":4,"fps":"auto","ground":"far1","scale":1,"cover":"full","scenery":"full","drawDist":"vis","terrain":1,"aa":"msaa","density":128,"bands":"near","shadows":"full","canopy":"on","rails":"on","poles":"on","glare":"on","sway":"on","mist":"land","clouds":"half","water":"full","mirror":"periodic","lighting":"sunset","tone":"cineon","exposure":1,"colour":"managed","bloom":"soft","look":"off","lens":"off","rays":"off","ao":"off","eye":"off","compositing":"linear","town":"nearby"}
  TOWN step 7.1 s · long tasks >= 50 ms: 56 (4065 ms), over 100 ms: 5, worst 186 ms
  SETTLE step 10.9 s · long tasks >= 50 ms: 30 (2888 ms), over 100 ms: 10, worst 327 ms
  HOUSE WORKER {"on":true,"why":"on","ready":true,"failed":false,"results":95,"initMs":1363,"composeMs":477,"built":0,"hits":92,"misses":0,"genMs":0,"cache":true,"mb":220.8,"moved":12577,"kept":0,"tallies":3} · page: {"dispatched":95,"placed":137,"here":3}
  roll-out screen: gone after 3.3 s
  start: {"route":{"from":"HOME","dest":"CIRCUIT"},"hydro":false,"substeps":120,"substepsTrue":200,"hydroEvery":null,"nodes":103,"mass":887,"cg":[-142.7,31.7,696.5],"near":["HOME",501],"phase":"TAXI","manual":false}
  + 10 s {"ph":"TAXI","ap":"TAXI","wph":"","pace":{"mode":"auto","cap":30,"legacy":false,"steps":2,"dt":0.033400000000001456,"stats":{"down":3,"up":2,"trialsFailed":2,"guarded":0},"holdUpS":8,"dilation":1.0019140070978867,"stepMs":3.9835384567787586,"otherMs":33.22686659463178,"droppedS":0,"workMs":17.599999994039536,"rateFps":49.9833388870376,"trials":2,"simw":true},"q":78,"t":16.383333333344957}
  + 20 s {"ph":"TAXI","ap":"TAXI","wph":"","pace":{"mode":"auto","cap":60,"legacy":false,"steps":1,"dt":0.016600000000005822,"stats":{"down":3,"up":3,"trialsFailed":2,"guarded":0},"holdUpS":0,"dilation":1.0024392709362209,"stepMs":3.7799601055266283,"otherMs":21.81506848731082,"droppedS":0,"workMs":13.599999994039536,"rateFps":29.988004798080723,"trials":2,"simw":true},"q":78,"t":26.61666666658173}
  + 30 s {"ph":"TAXI","ap":"TAXI","wph":"","pace":{"mode":"auto","cap":30,"legacy":false,"steps":2,"dt":0.03339999999999418,"stats":{"down":4,"up":3,"trialsFailed":3,"guarded":0},"holdUpS":12,"dilation":1.002674198100116,"stepMs":3.8512379762160482,"otherMs":33.264940461495996,"droppedS":0,"workMs":13.649999991059303,"rateFps":29.988004798080723,"trials":3,"simw":true},"q":78,"t":36.34999999993449}
  + 40 s {"ph":"TAXI","ap":"TAXI","wph":"","pace":{"mode":"auto","cap":30,"legacy":false,"steps":2,"dt":0.03330000000000291,"stats":{"down":4,"up":3,"trialsFailed":3,"guarded":0},"holdUpS":2,"dilation":1.0023153750390466,"stepMs":4.439911572143312,"otherMs":33.24068871404508,"droppedS":0,"workMs":13.849999994039536,"rateFps":29.988004798080723,"trials":3,"simw":true},"q":78,"t":46.56666666676609}
  + 50 s {"ph":"TAXI","ap":"TAXI","wph":"","pace":{"mode":"auto","cap":30,"legacy":false,"steps":2,"dt":0.03330000000000291,"stats":{"down":5,"up":4,"trialsFailed":4,"guarded":0},"holdUpS":27,"dilation":1.0002603748596555,"stepMs":4.58991767176964,"otherMs":33.25427492154362,"droppedS":0,"workMs":13.799999982118607,"rateFps":30.240411269593398,"trials":4,"simw":true},"q":78,"t":56.250000000255746}
  + 60 s {"ph":"TAXI","ap":"TAXI","wph":"","pace":{"mode":"auto","cap":30,"legacy":false,"steps":2,"dt":0.03339999999999418,"stats":{"down":5,"up":4,"trialsFailed":4,"guarded":0},"holdUpS":16,"dilation":0.9998695946795719,"stepMs":4.300594949330481,"otherMs":33.252871027737335,"droppedS":0,"workMs":13.650000020861626,"rateFps":29.989503673714243,"trials":4,"simw":true},"q":78,"t":66.43333333362898}
  + 70 s {"ph":"TAXI","ap":"TAXI","wph":"","pace":{"mode":"auto","cap":30,"legacy":false,"steps":2,"dt":0.03330000000000291,"stats":{"down":5,"up":4,"trialsFailed":4,"guarded":0},"holdUpS":7,"dilation":0.9992001142293004,"stepMs":4.575875707397325,"otherMs":33.249326026254614,"droppedS":0,"workMs":13.400000005960464,"rateFps":29.988004798080723,"trials":4,"simw":true},"q":78,"t":76.1666666666215}
  + 80 s {"ph":"TAXI","ap":"TAXI","wph":"","pace":{"mode":"auto","cap":60,"legacy":false,"steps":1,"dt":0.0165,"stats":{"down":5,"up":5,"trialsFailed":4,"guarded":0},"holdUpS":0,"dilation":1.0026168326108633,"stepMs":5.422713245812297,"otherMs":24.08359923164298,"droppedS":0,"workMs":13.850000008940697,"rateFps":29.988004798080723,"trials":4,"simw":true},"q":78,"t":86.3999999995965}
  + 90 s {"ph":"TAXI","ap":"TAXI","wph":"","pace":{"mode":"auto","cap":30,"legacy":false,"steps":2,"dt":0.03329999999998836,"stats":{"down":6,"up":5,"trialsFailed":5,"guarded":0},"holdUpS":21,"dilation":1.0031265069926143,"stepMs":4.338631365693608,"otherMs":33.231759488380746,"droppedS":0,"workMs":13.750000014901161,"rateFps":29.989503673714026,"trials":5,"simw":true},"q":78,"t":96.58333333257326}
  +100 s {"ph":"TAXI","ap":"TAXI","wph":"","pace":{"mode":"auto","cap":30,"legacy":false,"steps":2,"dt":0.03339999999999418,"stats":{"down":6,"up":5,"trialsFailed":5,"guarded":0},"holdUpS":11,"dilation":0.9999058176904245,"stepMs":4.629058800308897,"otherMs":33.273298867437354,"droppedS":0,"workMs":11.549999997019768,"rateFps":29.989503673714026,"trials":5,"simw":true},"q":78,"t":106.23333333223536}
  +110 s {"ph":"TAXI","ap":"TAXI","wph":"","pace":{"mode":"auto","cap":30,"legacy":false,"steps":2,"dt":0.033400000000023286,"stats":{"down":6,"up":5,"trialsFailed":5,"guarded":0},"holdUpS":1,"dilation":1.002347464435483,"stepMs":4.727647303681932,"otherMs":33.25894032232001,"droppedS":0,"workMs":11.649999991059303,"rateFps":29.988004798080944,"trials":5,"simw":true},"q":78,"t":116.46666666521037}
  +120 s {"ph":"TAXI","ap":"TAXI","wph":"","pace":{"mode":"auto","cap":30,"legacy":false,"steps":2,"dt":0.033400000000023286,"stats":{"down":7,"up":6,"trialsFailed":6,"guarded":0},"holdUpS":25,"dilation":1.0028741273813866,"stepMs":4.837929882536324,"otherMs":33.24223772387574,"droppedS":0,"workMs":13.5,"rateFps":29.988004798080944,"trials":6,"simw":true},"q":78,"t":126.64999999818713}
  +130 s {"ph":"TAXI","ap":"TAXI","wph":"","pace":{"mode":"auto","cap":30,"legacy":false,"steps":2,"dt":0.03330000000001746,"stats":{"down":7,"up":6,"trialsFailed":6,"guarded":0},"holdUpS":16,"dilation":0.9994788980697292,"stepMs":4.824851679954827,"otherMs":33.24492282469832,"droppedS":0,"workMs":11.800000011920929,"rateFps":29.988004798080944,"trials":6,"simw":true},"q":78,"t":136.28333333203068}
  +140 s {"ph":"TAXI","ap":"TAXI","wph":"","pace":{"mode":"auto","cap":30,"legacy":false,"steps":2,"dt":0.03330000000001746,"stats":{"down":7,"up":6,"trialsFailed":6,"guarded":0},"holdUpS":5,"dilation":1.002925283631977,"stepMs":4.6629808935200865,"otherMs":33.259423512750146,"droppedS":0,"workMs":13.099999994039536,"rateFps":29.988004798080944,"trials":6,"simw":true},"q":78,"t":146.4499999993816}
  physics: the WORKER - live, placed true, 1 flights (0 inline), world made in 808 ms, held 2 frames, world-version lag max 1 frames
  world step: 362 yields in 6812 ms, the longest slice 499 ms
  premises slow builds: z_village:r_village:9 123, z_harbour:v_north:2 121, z_village:v_shore_e:13 106, z_harbour:v_north:5 88, z_harbour:v_north:0 79, z_village:v_shore_e:15 77, z_harbour:v_north:8 74, z_harbour:v_north:6 73, z_village:v_north:6 72, z_harbour:v_north:3 70, z_harbour:v_north:1 69, z_village:v_north:7 69
  ---- ratchet_metal_2 · garage 39.1 s · roll-out screen 3.3 s · premises queue empty at +null s
  stand     29.9 fps delivered, 100 % doubled (median 29.9; dt med 33.4 p90 33.4 p99 33.4 max 33) · loop JS 13.1 · solver 0 (p90 0; 0 a step) · world 1.3 (p90 1.3) · render 9.9 (p90 9.9, shadow 1.5) · prem 0/fr · 2 steps/frame · at 30-cap 100 % · 1 fr / 0 s · WORKER step 3.84 ms (p90 3.84), dilation min 1.002 · loop JS p90 13.1
  taxi      32.2 fps delivered, 86 % doubled (median 30; dt med 33.3 p90 33.4 p99 33.5 max 50) · loop JS 13.4 · solver 0.1 (p90 0.2; 0.05 a step) · world 1.4 (p90 2.7) · render 10 (p90 12.4, shadow 1.8) · prem 0/fr · 1.87 steps/frame · at 30-cap 83 % · 4936 fr / 153.5 s · WORKER step 4.51 ms (p90 4.85), dilation min 0.997 · loop JS p90 17.6
  ROLLOUT over100ms: PASS {"n":0,"worst":0,"pass":true}
  ROLLOUT below30run: PASS {"sec":0.13,"pass":true}
  ROLLOUT standTaxiMedianFps: FAIL {"fps":30,"pass":false}
  ROLLOUT standTaxiDeliveredFps: FAIL {"fps":32.2,"doubled":0.863,"dtP90":33.4,"dtP99":33.5,"pass":false}
  ROLLOUT longTask1s: FAIL {"n":1,"worst":1416,"pass":false}
  long tasks > 200 ms: 20 · worst 8: 1416@36s 683@5s 664@31s 653@1s 642@4s 607@6s 570@38s 565@3s
  -> D:/Dev/wt-c3b/flyDiy/tools/perf/c3b/rollout_after_metal_2.json
