rollout_perf: GPU 1 % after 8 s of waiting
rollout_perf [ratchet_metal_1] http://localhost:8645/flyDiy/index.html
  garage ready: ready after 45.4 s
  ANGLE (NVIDIA, NVIDIA GeForce RTX 3080 (0x00002216) Direct3D11 vs_5_0 ps_5_0, D3D11) · gfx {"preset":"gamer","pv":4,"fps":"auto","ground":"far1","scale":1,"cover":"full","scenery":"full","drawDist":"vis","terrain":1,"aa":"msaa","density":128,"bands":"near","shadows":"full","canopy":"on","rails":"on","poles":"on","glare":"on","sway":"on","mist":"land","clouds":"half","water":"full","mirror":"periodic","lighting":"sunset","tone":"cineon","exposure":1,"colour":"managed","bloom":"soft","look":"off","lens":"off","rays":"off","ao":"off","eye":"off","compositing":"linear","town":"nearby"}
  TOWN step 7.2 s · long tasks >= 50 ms: 57 (4075 ms), over 100 ms: 2, worst 235 ms
  SETTLE step 10.8 s · long tasks >= 50 ms: 27 (2649 ms), over 100 ms: 9, worst 340 ms
  HOUSE WORKER {"on":true,"why":"on","ready":true,"failed":false,"results":95,"initMs":1347,"composeMs":467,"built":0,"hits":92,"misses":0,"genMs":0,"cache":true,"mb":220.8,"moved":12577,"kept":0,"tallies":3} · page: {"dispatched":95,"placed":137,"here":3}
  roll-out screen: gone after 3.3 s
  start: {"route":{"from":"HOME","dest":"CIRCUIT"},"hydro":false,"substeps":120,"substepsTrue":200,"hydroEvery":null,"nodes":103,"mass":887,"cg":[-142.7,31.7,696.5],"near":["HOME",501],"phase":"TAXI","manual":false}
  + 10 s {"ph":"TAXI","ap":"TAXI","wph":"","pace":{"mode":"auto","cap":30,"legacy":false,"steps":2,"dt":0.03339999999999418,"stats":{"down":3,"up":2,"trialsFailed":2,"guarded":0},"holdUpS":8,"dilation":1.0024683035124615,"stepMs":4.068336978217939,"otherMs":33.089330942791975,"droppedS":0,"workMs":17.5,"rateFps":49.97917534360683,"trials":2,"simw":true},"q":78,"t":16.383333333344957}
  + 20 s {"ph":"TAXI","ap":"TAXI","wph":"","pace":{"mode":"auto","cap":30,"legacy":false,"steps":2,"dt":0.03329999999998836,"stats":{"down":3,"up":2,"trialsFailed":2,"guarded":0},"holdUpS":0,"dilation":1.0028434007096576,"stepMs":3.7883212985203656,"otherMs":33.24212418998302,"droppedS":0,"workMs":13.250000014901161,"rateFps":29.988004798080723,"trials":2,"simw":true},"q":78,"t":26.59999999991522}
  + 30 s {"ph":"TAXI","ap":"TAXI","wph":"","pace":{"mode":"auto","cap":30,"legacy":false,"steps":2,"dt":0.03339999999999418,"stats":{"down":4,"up":3,"trialsFailed":3,"guarded":0},"holdUpS":12,"dilation":1.0022340776461083,"stepMs":3.96804080105362,"otherMs":33.25244901164737,"droppedS":0,"workMs":13.549999997019768,"rateFps":29.988004798080723,"trials":3,"simw":true},"q":78,"t":36.31666666660062}
  + 40 s {"ph":"TAXI","ap":"TAXI","wph":"","pace":{"mode":"auto","cap":30,"legacy":false,"steps":2,"dt":0.0335,"stats":{"down":4,"up":3,"trialsFailed":3,"guarded":0},"holdUpS":2,"dilation":0.9989460234333454,"stepMs":4.454695234626712,"otherMs":33.25064222475639,"droppedS":0,"workMs":13.199999988079071,"rateFps":29.989503673714243,"trials":3,"simw":true},"q":78,"t":46.53333333343222}
  + 50 s {"ph":"TAXI","ap":"TAXI","wph":"","pace":{"mode":"auto","cap":30,"legacy":false,"steps":2,"dt":0.03329999999998836,"stats":{"down":5,"up":4,"trialsFailed":4,"guarded":0},"holdUpS":27,"dilation":1.003274118238274,"stepMs":4.490386214844026,"otherMs":33.23303840516404,"droppedS":0,"workMs":13.700000017881393,"rateFps":30.241935483870968,"trials":4,"simw":true},"q":78,"t":56.250000000255746}
  + 60 s {"ph":"TAXI","ap":"TAXI","wph":"","pace":{"mode":"auto","cap":30,"legacy":false,"steps":2,"dt":0.03330000000000291,"stats":{"down":5,"up":4,"trialsFailed":4,"guarded":0},"holdUpS":17,"dilation":1.002990599255741,"stepMs":4.218177865358654,"otherMs":33.23184199052469,"droppedS":0,"workMs":13.550000011920929,"rateFps":29.988004798080723,"trials":4,"simw":true},"q":78,"t":66.45000000029506}
  + 70 s {"ph":"TAXI","ap":"TAXI","wph":"","pace":{"mode":"auto","cap":30,"legacy":false,"steps":2,"dt":0.03340000000000873,"stats":{"down":5,"up":4,"trialsFailed":4,"guarded":0},"holdUpS":7,"dilation":1.0018700066803925,"stepMs":4.659783539300407,"otherMs":33.27169759770037,"droppedS":0,"workMs":13.400000005960464,"rateFps":29.988004798080723,"trials":4,"simw":true},"q":78,"t":76.63333333327182}
  + 80 s {"ph":"TAXI","ap":"TAXI","wph":"","pace":{"mode":"auto","cap":60,"legacy":false,"steps":2,"dt":0.03339999999999418,"stats":{"down":5,"up":5,"trialsFailed":4,"guarded":0},"holdUpS":0,"dilation":0.9981301895175465,"stepMs":5.27265988248731,"otherMs":23.17503701740522,"droppedS":0,"workMs":13.200000017881393,"rateFps":29.988004798080944,"trials":4,"simw":true},"q":78,"t":86.2999999996}
  + 90 s {"ph":"TAXI","ap":"TAXI","wph":"","pace":{"mode":"auto","cap":30,"legacy":false,"steps":2,"dt":0.03330000000001746,"stats":{"down":6,"up":5,"trialsFailed":5,"guarded":0},"holdUpS":22,"dilation":1.00278778738754,"stepMs":4.2659112911153825,"otherMs":33.248732518031645,"droppedS":0,"workMs":13.099999994039536,"rateFps":29.988004798080507,"trials":5,"simw":true},"q":78,"t":96.48333333257676}
  +100 s {"ph":"TAXI","ap":"TAXI","wph":"","pace":{"mode":"auto","cap":30,"legacy":false,"steps":2,"dt":0.033400000000023286,"stats":{"down":6,"up":5,"trialsFailed":5,"guarded":0},"holdUpS":11,"dilation":1.0009954742237426,"stepMs":4.6797289586648745,"otherMs":33.26610920396552,"droppedS":0,"workMs":11.5,"rateFps":29.988004798080507,"trials":5,"simw":true},"q":78,"t":106.64999999888744}
  +110 s {"ph":"TAXI","ap":"TAXI","wph":"","pace":{"mode":"auto","cap":30,"legacy":false,"steps":2,"dt":0.03339999999999418,"stats":{"down":6,"up":5,"trialsFailed":5,"guarded":0},"holdUpS":2,"dilation":1.0027240146252914,"stepMs":4.631465309409406,"otherMs":33.247033582375224,"droppedS":0,"workMs":11.349999979138374,"rateFps":29.988004798080944,"trials":5,"simw":true},"q":78,"t":116.3333333318817}
  +120 s {"ph":"TAXI","ap":"TAXI","wph":"","pace":{"mode":"auto","cap":30,"legacy":false,"steps":2,"dt":0.03329999999998836,"stats":{"down":7,"up":6,"trialsFailed":6,"guarded":0},"holdUpS":26,"dilation":1.002898767923997,"stepMs":4.732447302812972,"otherMs":33.251127931386186,"droppedS":0,"workMs":12.149999991059303,"rateFps":30.240411269593178,"trials":6,"simw":true},"q":78,"t":126.51666666485846}
  +130 s {"ph":"TAXI","ap":"TAXI","wph":"","pace":{"mode":"auto","cap":30,"legacy":false,"steps":2,"dt":0.03330000000001746,"stats":{"down":7,"up":6,"trialsFailed":6,"guarded":0},"holdUpS":16,"dilation":0.9986623145942976,"stepMs":4.817158442657407,"otherMs":33.25771239916837,"droppedS":0,"workMs":12.099999994039536,"rateFps":29.988004798080944,"trials":6,"simw":true},"q":78,"t":136.19999999869174}
  +140 s {"ph":"TAXI","ap":"TAXI","wph":"","pace":{"mode":"auto","cap":30,"legacy":false,"steps":2,"dt":0.03329999999998836,"stats":{"down":7,"up":6,"trialsFailed":6,"guarded":0},"holdUpS":6,"dilation":1.0027481132836813,"stepMs":4.6358435347651445,"otherMs":33.264790473872054,"droppedS":0,"workMs":13,"rateFps":29.988004798080507,"trials":6,"simw":true},"q":78,"t":146.39999999937822}
  physics: the WORKER - live, placed true, 1 flights (0 inline), world made in 818 ms, held 2 frames, world-version lag max 1 frames
  world step: 362 yields in 7416 ms, the longest slice 471 ms
  premises slow builds: z_harbour:v_north:6 123, z_village:v_shore_e:28 97, z_harbour:v_north:5 87, s_strip/hut 83, z_harbour:v_north:0 80, z_village:v_shore_e:15 76, z_village:r_village:9 73, z_harbour:v_north:1 73, z_harbour:v_north:3 71, z_harbour:v_north:8 71, z_village:v_north:6 70, z_village:v_north:1 68
  ---- ratchet_metal_1 · garage 45.4 s · roll-out screen 3.3 s · premises queue empty at +null s
  stand     30.1 fps delivered, 100 % doubled (median 30.1; dt med 33.2 p90 33.2 p99 33.2 max 33) · loop JS 13.3 · solver 0.1 (p90 0.1; 0.05 a step) · world 1.2 (p90 1.2) · render 10 (p90 10, shadow 2.4) · prem 0/fr · 2 steps/frame · at 30-cap 100 % · 1 fr / 0 s · WORKER step 3.88 ms (p90 3.88), dilation min 0.997 · loop JS p90 13.3
  taxi      32.1 fps delivered, 87 % doubled (median 30; dt med 33.3 p90 33.4 p99 33.5 max 50) · loop JS 13.1 · solver 0.1 (p90 0.2; 0.05 a step) · world 1.4 (p90 2.8) · render 9.7 (p90 12.1, shadow 1.8) · prem 0/fr · 1.87 steps/frame · at 30-cap 83 % · 4933 fr / 153.5 s · WORKER step 4.47 ms (p90 4.84), dilation min 0.997 · loop JS p90 17.4
  ROLLOUT over100ms: PASS {"n":0,"worst":0,"pass":true}
  ROLLOUT below30run: PASS {"sec":0.1,"pass":true}
  ROLLOUT standTaxiMedianFps: FAIL {"fps":30,"pass":false}
  ROLLOUT standTaxiDeliveredFps: FAIL {"fps":32.1,"doubled":0.865,"dtP90":33.4,"dtP99":33.5,"pass":false}
  ROLLOUT longTask1s: FAIL {"n":2,"worst":1320,"pass":false}
  long tasks > 200 ms: 26 · worst 8: 1320@41s 1033@37s 799@2s 679@33s 652@6s 645@5s 645@8s 642@1s
  -> D:/Dev/wt-c3b/flyDiy/tools/perf/c3b/rollout_after_metal_1.json
