[run_gates] 0/5 jobs done · running DMGGEAR 30 s, DMGINST 30 s
[run_gates] 0/5 jobs done · running DMGGEAR 60 s, DMGINST 60 s
[run_gates] 0/5 jobs done · running DMGGEAR 90 s, DMGINST 90 s
[run_gates] 0/5 jobs done · running DMGGEAR 120 s, DMGINST 120 s
[run_gates] 0/5 jobs done · running DMGGEAR 150 s, DMGINST 150 s
[run_gates] 0/5 jobs done · running DMGGEAR 180 s, DMGINST 180 s
[run_gates] 0/5 jobs done · running DMGGEAR 210 s, DMGINST 210 s
[run_gates] 1/5 jobs done · running DMGGEAR 240 s
[run_gates] 1/5 jobs done · running DMGGEAR 270 s
[run_gates] 1/5 jobs done · running DMGGEAR 300 s
[run_gates] 1/5 jobs done · running DMGGEAR 330 s
[run_gates] 1/5 jobs done · running DMGGEAR 360 s
[run_gates] 1/5 jobs done · running DMGGEAR 390 s
[run_gates] 1/5 jobs done · running DMGGEAR 420 s
[run_gates] 1/5 jobs done · running DMGGEAR 450 s
[run_gates] 1/5 jobs done · running DMGGEAR 480 s
[run_gates] 1/5 jobs done · running DMGGEAR 510 s
[run_gates] 1/5 jobs done · running DMGGEAR 540 s
[run_gates] 1/5 jobs done · running DMGGEAR 571 s
[run_gates] 1/5 jobs done · running DMGGEAR 601 s
[run_gates] 1/5 jobs done · running DMGGEAR 631 s
[run_gates] 1/5 jobs done · running DMGGEAR 661 s
[run_gates] 1/5 jobs done · running DMGGEAR 691 s
[run_gates] 1/5 jobs done · running DMGGEAR 721 s
[run_gates] 1/5 jobs done · running DMGGEAR 751 s
[run_gates] 1/5 jobs done · running DMGGEAR 781 s
[run_gates] 1/5 jobs done · running DMGGEAR 811 s
[run_gates] 1/5 jobs done · running DMGGEAR 841 s
[run_gates] 1/5 jobs done · running DMGGEAR 871 s
[run_gates] 1/5 jobs done · running DMGGEAR 901 s
[run_gates] 1/5 jobs done · running DMGGEAR 931 s
[run_gates] 1/5 jobs done · running DMGGEAR 961 s
[run_gates] 2/5 jobs done · running TREECRASH 4 s
[run_gates] 2/5 jobs done · running TREECRASH 34 s
[run_gates] 2/5 jobs done · running TREECRASH 64 s
[run_gates] 2/5 jobs done · running TREECRASH 94 s
[run_gates] 2/5 jobs done · running TREECRASH 124 s
[run_gates] 2/5 jobs done · running TREECRASH 154 s
[run_gates] 2/5 jobs done · running TREECRASH 184 s
[run_gates] 2/5 jobs done · running TREECRASH 214 s
[run_gates] 2/5 jobs done · running TREECRASH 244 s
[run_gates] 2/5 jobs done · running TREECRASH 274 s
[run_gates] 2/5 jobs done · running TREECRASH 304 s
[run_gates] 2/5 jobs done · running TREECRASH 334 s
[run_gates] 2/5 jobs done · running TREECRASH 364 s
[run_gates] 2/5 jobs done · running TREECRASH 394 s
[run_gates] 2/5 jobs done · running TREECRASH 424 s
[run_gates] 2/5 jobs done · running TREECRASH 454 s
[run_gates] 2/5 jobs done · running TREECRASH 484 s
[run_gates] 2/5 jobs done · running TREECRASH 514 s
[run_gates] 2/5 jobs done · running TREECRASH 544 s
[run_gates] 2/5 jobs done · running TREECRASH 574 s
[run_gates] 2/5 jobs done · running TREECRASH 604 s
=== TREECRASH ===
(611 s, 5 builds; the certificate's limits (DMG-D2a, 66_gen_cert.js))
Cub:
1. the table
  ok    394 members, every one with a section and a GEN_CRASH material (tubeFabric, wood)
2. nothing yields in what it was built for (the margin: the worst member's peak force over its yield)
  ok    the load test (the certificate): nothing yields to its 3.8 g limit (the worst member 0.64 (wing, tension)); at 5.7 g HELD, 0 members set (its first set is past the limit, by design), nothing broken; the worst member at 5.7 g 0.95 (wing, tension)
  ok    a flown pull from 42 m/s to the limit (the wing's load 3.83 W; the CG then reading 3.00 g): nothing yields; the worst member 0.95 (fus, tension)
  ok    a drop at 2.13 m/s (7.00 ft/s, FAR 23.473): 1.67 g, nothing yields; the worst member 0.70 (gear, compression)
  ok    a drop at 3.05 m/s (10.00 ft/s, its cap): 1.93 g, nothing yields; the worst member 0.84 (gear, compression)
  ok    a circuit with the pilot (completed, 335 s, 1.32 g at the most): nothing yields; the worst member 0.33 (gear, tension)
3. a taxi into a trunk, a wingtip brush
  ok    taxied at 3 m/s into a trunk: a dent (10 members set, 0 of the nose broken, 731 J), no crash; the prop struck, the engine stopped; back 1.18 m from where it stopped
  ok    a wingtip into a trunk at walking pace (1.4 m/s): touched (5156 contacts), 0 members set, no crash
4. a flight into a trunk at 30 m/s
  ok    the centreline: CRASHED (broke up: the fuselage parted (TPB off the core) at 1.32 s), 169 members broken (37 of the wing), 29.9 kJ of plastic work, 24.12 g; finite; the kinetic energy at most 100.0 % of the impact's
  ok    the wing 2.5 m out: CRASHED (a wing member broke at 1.37 s), 121 members broken (41 of the wing), 13.8 kJ of plastic work, 9.39 g; finite; the kinetic energy at most 100.0 % of the impact's
5. reset heals
  ok    after a crash, reset() and the same taxi: the fresh sim's bits (fe182fe64103 / fe182fe64103)
Jodel:
1. the table
  ok    492 members, every one with a section and a GEN_CRASH material (wood, tubeFabric)
2. nothing yields in what it was built for (the margin: the worst member's peak force over its yield)
  ok    the load test (the certificate): nothing yields to its 3.8 g limit (the worst member 0.64 (wing, tension)); at 5.7 g HELD, 0 members set (its first set is past the limit, by design), nothing broken; the worst member at 5.7 g 0.95 (wing, tension)
  ok    a flown pull from 49 m/s to the limit (the wing's load 4.23 W; the CG then reading 2.04 g): nothing yields; the worst member 0.56 (gear, tension)
  ok    a drop at 2.17 m/s (7.12 ft/s, FAR 23.473): 1.86 g, nothing yields; the worst member 0.64 (gear, compression)
  ok    a drop at 3.05 m/s (10.00 ft/s, its cap): 2.21 g, nothing yields; the worst member 0.84 (gear, compression)
  ok    a circuit with the pilot (null, 340 s, 1.67 g at the most): nothing yields; the worst member 0.29 (gear, compression)
3. a taxi into a trunk, a wingtip brush
  ok    taxied at 3 m/s into a trunk: a dent (10 members set, 1 of the nose broken, 1120 J), no crash; the prop struck, the engine stopped; back 0.21 m from where it stopped
  ok    a wingtip into a trunk at walking pace (1.4 m/s): touched (6941 contacts), 0 members set, no crash
4. a flight into a trunk at 30 m/s
  ok    the centreline: CRASHED (broke up: the fuselage parted (TPB off the core) at 1.30 s), 204 members broken (32 of the wing), 39.6 kJ of plastic work, 26.08 g; finite; the kinetic energy at most 100.0 % of the impact's
  ok    the wing 2.5 m out: CRASHED (a wing member broke at 1.33 s), 65 members broken (65 of the wing), 2.0 kJ of plastic work, 6.43 g; finite; the kinetic energy at most 100.0 % of the impact's
5. reset heals
  ok    after a crash, reset() and the same taxi: the fresh sim's bits (c903ac6134ae / c903ac6134ae)
metal Cessna:
1. the table
  ok    442 members, every one with a section and a GEN_CRASH material (alloy, tubeFabric)
2. nothing yields in what it was built for (the margin: the worst member's peak force over its yield)
  ok    the load test (the certificate): nothing yields to its 3.8 g limit (the worst member 1.00 (wing, tension)); at 5.7 g HELD, 32 members set (its first set is past the limit, by design), nothing broken; the worst member at 5.7 g 1.47 (wing, tension)
  ok    a flown pull from 58 m/s to the limit (the wing's load 3.82 W; the CG then reading 2.72 g): nothing yields; the worst member 0.93 (fus, tension)
  ok    a drop at 2.38 m/s (7.79 ft/s, FAR 23.473): 2.12 g, nothing yields; the worst member 0.69 (gear, compression)
  ok    a drop at 3.05 m/s (10.00 ft/s, its cap): 2.43 g, nothing yields; the worst member 0.84 (gear, compression)
  ok    a circuit with the pilot (completed, 271 s, 1.76 g at the most): nothing yields; the worst member 0.36 (fus, tension)
3. a taxi into a trunk, a wingtip brush
  ok    taxied at 3 m/s into a trunk: a dent (11 members set, 1 of the nose broken, 929 J), no crash; the prop struck, the engine stopped; back 1.25 m from where it stopped
  ok    a wingtip into a trunk at walking pace (1.4 m/s): touched (26134 contacts), 1 members set, no crash
4. a flight into a trunk at 30 m/s
  ok    the centreline: CRASHED (broke up: the fuselage parted (TPB off the core) at 1.30 s), 208 members broken (34 of the wing), 51.3 kJ of plastic work, 29.61 g; finite; the kinetic energy at most 100.0 % of the impact's
  ok    the wing 2.5 m out: CRASHED (a wing member broke at 1.33 s), 90 members broken (36 of the wing), 10.0 kJ of plastic work, 4.28 g; finite; the kinetic energy at most 100.0 % of the impact's
5. reset heals
  ok    after a crash, reset() and the same taxi: the fresh sim's bits (470be4bbf1e7 / 470be4bbf1e7)
Cessna floats:
1. the table
  ok    533 members, every one with a section and a GEN_CRASH material (alloy, tubeFabric)
2. nothing yields in what it was built for (the margin: the worst member's peak force over its yield)
  ok    the load test (the certificate): nothing yields to its 3.8 g limit (the worst member 1.00 (wing, tension)); at 5.7 g HELD, 35 members set (its first set is past the limit, by design), nothing broken; the worst member at 5.7 g 1.48 (wing, tension)
  ok    a flown pull from 67 m/s to the limit (the wing's load 3.86 W; the CG then reading 2.89 g): nothing yields; the worst member 0.97 (fus, tension)
  ok    a drop at 2.54 m/s (8.33 ft/s, FAR 23.473): 1.66 g, nothing yields; the worst member 0.47 (wing, tension)
  ok    a drop at 3.05 m/s (10.00 ft/s, its cap): 1.75 g, nothing yields; the worst member 0.64 (wing, tension)
  ok    a circuit with the pilot (null, 340 s, 2.22 g at the most): nothing yields; the worst member 0.37 (fus, tension)
   (a floatplane: the trunk runs are the land builds')
twin floatplane:
1. the table
  ok    519 members, every one with a section and a GEN_CRASH material (tubeFabric, wood)
2. nothing yields in what it was built for (the margin: the worst member's peak force over its yield)
  ok    the load test (the certificate): nothing yields to its 3.8 g limit (the worst member 0.64 (wing, tension)); at 5.7 g HELD, 0 members set (its first set is past the limit, by design), nothing broken; the worst member at 5.7 g 0.95 (wing, tension)
  ok    a flown pull from 43 m/s to the limit (the wing's load 3.94 W; the CG then reading 3.00 g): nothing yields; the worst member 0.99 (fus, tension)
  ok    a drop at 2.13 m/s (7.00 ft/s, FAR 23.473): 1.49 g, nothing yields; the worst member 0.42 (gear, tension)
  ok    a drop at 3.05 m/s (10.00 ft/s, its cap): 1.55 g, nothing yields; the worst member 0.62 (gear, tension)
  ok    a circuit with the pilot (completed, 292 s, 1.73 g at the most): nothing yields; the worst member 0.27 (fus, tension)
   (a floatplane: the trunk runs are the land builds')
6. the water - Cub
  ok    a 5 m/s level pancake: the worst member 4.40 (fus, tension); 35 set {"fus":25,"wing":10}, 13 broken, the slam 523 kPa, 2 hull slice(s) holed, 7.78 g, CRASHED (a fus member broke); the damage follows the beams' own loads
  ok    a 100 km/h nose-in ditch (4 m/s, 10 deg): the worst member 4.11 (fus, compression); 58 set {"fus":45,"wing":10,"tail":3}, 70 broken, the slam 302 kPa, 3 hull slice(s) holed, 12.16 g, CRASHED (a gear member broke); the damage follows the beams' own loads
  ok    SEVERE: 180 km/h, 10 m/s, 60 deg nose-in: the worst member 17.20 (fus, compression); 157 set {"fus":54,"wing":31,"tail":72}, 177 broken, the slam 288 kPa, 5 hull slice(s) holed, 12.82 g, CRASHED (broke up: the fuselage parted (S0BR off the core)) - must yield, break and crash; the damage follows the beams' own loads
6. the water - twin floatplane
  ok    a float nose-in (90 km/h, 5 m/s, 20 deg): the worst member 0.83 (fus, compression); 0 set, 0 broken, 5.62 g, no damage; the damage follows the beams' own loads
  ok    SEVERE: 150 km/h, 10 m/s, 60 deg nose-in: the worst member 14.30 (gear, tension); 205 set {"fus":67,"wing":37,"tail":101}, 220 broken, 20.60 g, CRASHED (broke up: the fuselage parted (TPB off the core)) - must yield, break and crash; the damage follows the beams' own loads
  50/50 checks
GATE TREECRASH: PASS
[run_gates] 3/5 jobs done · running DMGFPS 23 s
[run_gates] 3/5 jobs done · running DMGFPS 53 s
[run_gates] 3/5 jobs done · running DMGFPS 83 s
[run_gates] 3/5 jobs done · running DMGFPS 113 s
[run_gates] 3/5 jobs done · running DMGFPS 143 s
[run_gates] 3/5 jobs done · running DMGFPS 174 s
[run_gates] 4/5 jobs done · running DMGCERT 24 s
[run_gates] 4/5 jobs done · running DMGCERT 54 s
[run_gates] 4/5 jobs done · running DMGCERT 84 s
[run_gates] 4/5 jobs done · running DMGCERT 114 s
[run_gates] 4/5 jobs done · running DMGCERT 144 s
[run_gates] 4/5 jobs done · running DMGCERT 174 s
[run_gates] 4/5 jobs done · running DMGCERT 204 s
[run_gates] 4/5 jobs done · running DMGCERT 234 s
[run_gates] 4/5 jobs done · running DMGCERT 264 s
[run_gates] 4/5 jobs done · running DMGCERT 294 s
[run_gates] 4/5 jobs done · running DMGCERT 324 s
[run_gates] 4/5 jobs done · running DMGCERT 354 s
=== DMGCERT ===
(356 s, 5 builds)
the rules: kappa 0.1, m 1.05, a joint at 1.5 F_l m x 1, a member at 1.5 F_l m x 1.15, the first set at 1.01 x F_l, the controls' cases x 2
Cub:
1. the certificate (38 cases: pullA, pullD, negC, pullAq, pullDq, rollR, rollL, flapF, elevUpD, elevUpDuL, elevUpDuR, elevDownD, elevDownDuL, elevDownDuR, rudRA, rudLA, crashFwd, crashUp, crashDown, crashSideR, crashSideL, impactNose, bench, drop, dropLevel, dropOne, drop473, taxiRough, gSideR, gSideL, gBrake, gTailObs, gTailSideR, gTailSideL, flown, flownElev, flownRud, flownElevF)
  ok    379 members certified (the gear's 15 apart), every one with an envelope, none past its physics; tension: 182 on the certificate, 197 on the floor; compression: 229 / 146
  ok    the gear's 15 members: its 15 joints stamped by the gear bracket (DMG-D2b, GATE DMGGEAR), the rest (a float's hull) on D1a's limits
  ok    with the layer off nothing is stamped (every limit infinite, the stamp refused); a garage build carries no certificate
  ok    computed once per build (13621 ms in node: flight cases 779.89, bench 6.50, the dynamic ones 12341.42); a second build of the same spec takes it from the cache in 0 ms
2. the card on the bench (LIMIT 3.80 g / ULTIMATE 5.70 g)
  ok    to the limit x 1.0 (3.80 g): HELD, no set
  ok    to the limit x 1.2 (4.56 g): 0 set, nothing broken
  REPORT  a brittle wing (spruce, its joints fittings): no member of it can take a set - past its limit it holds until it breaks
  ok    to the ultimate (5.70 g): HELD, 0 set, nothing broken
  ok    to the ultimate x 1.1 (6.27 g): it breaks (23 members), the first group wing0R:strut, the first member a fitting (S1BR-WF, tension)
3. to destruction
  ok    BROKE AT 6.01 g (wing0R:strut, fitting) - within [5.70, 5.99] g (+2.5 % for the ramp's lag); first set 6.01 g
  ok    the first member broken: fitting (wing S1BR-WF, tubeFabric, tension) - a joint, never the middle of a ductile member
  ok    the page's bench thread (bench_worker.js benchLoadRun, the roll-out's certificate handed in) breaks it the same: the card reads "LIMIT 3.8 g · ULTIMATE 5.7 g · BROKE AT 6.01 g (the right wing's strut, a fitting, let go first) — the test to destruction, free"
4. the flight
  ok    the flown pull to the limit (the wing's load 3.83 W, the CG reading 3.00 g): nothing yields; the worst member 0.95 of its certified limit
  ok    parked 10 s on its wheels and 10 s in the air (1.6 Vs, 0.75 throttle): nothing yields, no frame armed once settled (6 armed while it settled) - the quiet path stays quiet on the certificate's limits
5. a bad design
  ok    the lift struts (12 members) built at half the section their certificate asks (x 0.06 and less), certified as built: the bench BROKE UP (first broken at 2.94 g, under its 5.70 g ultimate)
  REPORT  the drawn lift struts in compression: member 146 certified 4.5 kN (elevDownDuR) -> crushes at 8.2 kN (physics 36.5); member 147 certified 1.8 kN (flownElev) -> crushes at 3.7 kN (physics 36.5); member 148 certified 2.9 kN (elevDownD) -> crushes at 5.3 kN (physics 36.5); member 149 certified 2.2 kN (flownElevF) -> crushes at 4.0 kN (physics 36.5)
Jodel:
1. the certificate (38 cases: pullA, pullD, negC, pullAq, pullDq, rollR, rollL, flapF, elevUpD, elevUpDuL, elevUpDuR, elevDownD, elevDownDuL, elevDownDuR, rudRA, rudLA, crashFwd, crashUp, crashDown, crashSideR, crashSideL, impactNose, bench, drop, dropLevel, dropOne, drop473, taxiRough, gSideR, gSideL, gBrake, gTailObs, gTailSideR, gTailSideL, flown, flownElev, flownRud, flownElevF)
  ok    477 members certified (the gear's 15 apart), every one with an envelope, none past its physics; tension: 160 on the certificate, 317 on the floor; compression: 236 / 237
  ok    the gear's 15 members: its 15 joints stamped by the gear bracket (DMG-D2b, GATE DMGGEAR), the rest (a float's hull) on D1a's limits
  ok    with the layer off nothing is stamped (every limit infinite, the stamp refused); a garage build carries no certificate
  ok    computed once per build (24500 ms in node: flight cases 1672.40, bench 11.77, the dynamic ones 22366.50); a second build of the same spec takes it from the cache in 0 ms
2. the card on the bench (LIMIT 3.80 g / ULTIMATE 5.70 g)
  ok    to the limit x 1.0 (3.80 g): HELD, no set
  ok    to the limit x 1.2 (4.56 g): 0 set, nothing broken
  REPORT  a brittle wing (spruce, its joints fittings): no member of it can take a set - past its limit it holds until it breaks
  ok    to the ultimate (5.70 g): HELD, 0 set, nothing broken
  ok    to the ultimate x 1.1 (6.27 g): it breaks (79 members), the first group wing0L:root, the first member a bond (WB-WF, tension)
3. to destruction
  ok    BROKE AT 6.02 g (wing0L:root, fitting) - within [5.70, 5.99] g (+2.5 % for the ramp's lag); first set 6.01 g
  ok    the first member broken: bond (wing WB-WF, wood, tension) - a joint, never the middle of a ductile member
  ok    the page's bench thread (bench_worker.js benchLoadRun, the roll-out's certificate handed in) breaks it the same: the card reads "LIMIT 3.8 g · ULTIMATE 5.7 g · BROKE AT 6.02 g (the left wing's root, a fitting, let go first) — the test to destruction, free"
4. the flight
  ok    the flown pull to the limit (the wing's load 4.23 W, the CG reading 2.04 g): nothing yields; the worst member 0.56 of its certified limit
  ok    parked 10 s on its wheels and 10 s in the air (1.6 Vs, 0.75 throttle): nothing yields, no frame armed once settled (4 armed while it settled) - the quiet path stays quiet on the certificate's limits
5. a bad design
  ok    the wing root (20 members) built at half the section their certificate asks (x 0.05 and less), certified as built: the bench BROKE UP (first broken at 3.92 g, under its 5.70 g ultimate)
  REPORT  the Jodel's first member broken on the bench to destruction: bond WB-WF (wood, tension); its first group wing0L:root
metal Cessna:
1. the certificate (39 cases: pullA, pullD, negC, pullAq, pullDq, rollR, rollL, flapF, elevUpD, elevUpDuL, elevUpDuR, elevDownD, elevDownDuL, elevDownDuR, rudRA, rudLA, crashFwd, crashUp, crashDown, crashSideR, crashSideL, impactNose, bench, drop, dropNoseUp, dropOne, drop473, taxiRough, gSideR, gSideL, gBrake, gNoseAft, gNoseFwd, gNoseSideR, gNoseSideL, flown, flownElev, flownRud, flownElevF)
  ok    427 members certified (the gear's 15 apart), every one with an envelope, none past its physics; tension: 260 on the certificate, 167 on the floor; compression: 264 / 159
  ok    the gear's 15 members: its 15 joints stamped by the gear bracket (DMG-D2b, GATE DMGGEAR), the rest (a float's hull) on D1a's limits
  ok    with the layer off nothing is stamped (every limit infinite, the stamp refused); a garage build carries no certificate
  ok    computed once per build (21641 ms in node: flight cases 883.12, bench 15.99, the dynamic ones 20256.69); a second build of the same spec takes it from the cache in 1 ms
2. the card on the bench (LIMIT 3.80 g / ULTIMATE 5.70 g)
  ok    to the limit x 1.0 (3.80 g): HELD, no set
  ok    to the limit x 1.2 (4.56 g): 16 members set (the largest 0.18 %), nothing broken - the first set is just past the limit
  ok    to the ultimate (5.70 g): HELD, 32 set, nothing broken
  ok    to the ultimate x 1.1 (6.27 g): it breaks (37 members), the first group wing0R:strut, the first member a fitting (S1BR-WB, tension)
3. to destruction
  ok    BROKE AT 6.06 g (wing0R:strut, fitting) - within [5.70, 5.99] g (+2.5 % for the ramp's lag); first set 3.85 g
  ok    the first member broken: fitting (wing S1BR-WB, alloy, tension) - a joint, never the middle of a ductile member
  ok    the page's bench thread (bench_worker.js benchLoadRun, the roll-out's certificate handed in) breaks it the same: the card reads "LIMIT 3.8 g · ULTIMATE 5.7 g · BROKE AT 6.06 g (the right wing's strut, a fitting, let go first) — the test to destruction, free"
4. the flight
  ok    the flown pull to the limit (the wing's load 3.82 W, the CG reading 2.72 g): nothing yields; the worst member 0.93 of its certified limit
  ok    parked 10 s on its wheels and 10 s in the air (1.6 Vs, 0.75 throttle): nothing yields, no frame armed once settled - the quiet path stays quiet on the certificate's limits
5. a bad design
  ok    the lift struts (12 members) built at half the section their certificate asks (x 0.05 and less), certified as built: the bench BROKE UP (first broken at 2.14 g, under its 5.70 g ultimate)
  REPORT  the drawn lift struts in compression: member 151 certified 14.6 kN (bench) -> crushes at 26.5 kN (physics 68.3); member 152 certified 19.2 kN (bench) -> crushes at 34.8 kN (physics 68.3); member 153 certified 3.0 kN (flownElev) -> crushes at 6.8 kN (physics 68.3); member 154 certified 2.6 kN (flownElevF) -> crushes at 6.8 kN (physics 68.3)
Cessna floats:
1. the certificate (40 cases: pullA, pullD, negC, pullAq, pullDq, rollR, rollL, flapF, elevUpD, elevUpDuL, elevUpDuR, elevDownD, elevDownDuL, elevDownDuR, rudRA, rudLA, crashFwd, crashUp, crashDown, crashSideR, crashSideL, impactNose, bench, drop, bow, dropStep, dropOne, dropDriftR, dropDriftL, drop473, wWeave, wStep, wUnsymR, wUnsymL, wOneL, wOneR, flown, flownElev, flownRud, flownElevF)
  ok    427 members certified (the gear's 106 apart), every one with an envelope, none past its physics; tension: 315 on the certificate, 112 on the floor; compression: 315 / 108
  ok    the gear's 106 members: its 20 joints stamped by the gear bracket (DMG-D2b, GATE DMGGEAR), the rest (a float's hull) on D1a's limits
  ok    with the layer off nothing is stamped (every limit infinite, the stamp refused); a garage build carries no certificate
  ok    computed once per build (36765 ms in node: flight cases 1251.63, bench 20.41, the dynamic ones 33854.09); a second build of the same spec takes it from the cache in 1 ms
2. the card on the bench (LIMIT 3.80 g / ULTIMATE 5.70 g)
  ok    to the limit x 1.0 (3.80 g): HELD, no set
  ok    to the limit x 1.2 (4.56 g): 17 members set (the largest 0.18 %), nothing broken - the first set is just past the limit
  ok    to the ultimate (5.70 g): HELD, 35 set, nothing broken
  ok    to the ultimate x 1.1 (6.27 g): it breaks (33 members), the first group wing0R:strut, the first member a fitting (S1BR-WB, tension)
3. to destruction
  ok    BROKE AT 6.08 g (wing0R:strut, fitting) - within [5.70, 5.99] g (+2.5 % for the ramp's lag); first set 3.85 g
  ok    the first member broken: fitting (wing S1BR-WB, alloy, tension) - a joint, never the middle of a ductile member
  ok    the page's bench thread (bench_worker.js benchLoadRun, the roll-out's certificate handed in) breaks it the same: the card reads "LIMIT 3.8 g · ULTIMATE 5.7 g · BROKE AT 6.08 g (the right wing's strut, a fitting, let go first) — the test to destruction, free"
4. the flight
  ok    the flown pull to the limit (the wing's load 3.86 W, the CG reading 2.89 g): nothing yields; the worst member 0.97 of its certified limit
  ok    parked 10 s on the water and 10 s in the air (1.6 Vs, 0.75 throttle): nothing yields, no frame armed once settled (39 armed while it settled) - the quiet path stays quiet on the certificate's limits
5. a bad design
  ok    the lift struts (28 members) built at half the section their certificate asks (x 0.04 and less), certified as built: the bench BROKE UP (first broken at 2.04 g, under its 5.70 g ultimate)
  REPORT  the drawn lift struts in compression: member 151 certified 18.4 kN (bench) -> crushes at 33.3 kN (physics 70.3); member 152 certified 24.4 kN (bench) -> crushes at 44.2 kN (physics 70.3); member 153 certified 4.0 kN (flownElev) -> crushes at 7.2 kN (physics 70.3); member 154 certified 3.2 kN (flownElevF) -> crushes at 7.0 kN (physics 70.3)
twin floatplane:
1. the certificate (40 cases: pullA, pullD, negC, pullAq, pullDq, rollR, rollL, flapF, elevUpD, elevUpDuL, elevUpDuR, elevDownD, elevDownDuL, elevDownDuR, rudRA, rudLA, crashFwd, crashUp, crashDown, crashSideR, crashSideL, impactNose, bench, drop, bow, dropStep, dropOne, dropDriftR, dropDriftL, drop473, wWeave, wStep, wUnsymR, wUnsymL, wOneL, wOneR, flown, flownElev, flownRud, flownElevF)
  ok    413 members certified (the gear's 106 apart), every one with an envelope, none past its physics; tension: 223 on the certificate, 190 on the floor; compression: 277 / 132
  ok    the gear's 106 members: its 20 joints stamped by the gear bracket (DMG-D2b, GATE DMGGEAR), the rest (a float's hull) on D1a's limits
  ok    with the layer off nothing is stamped (every limit infinite, the stamp refused); a garage build carries no certificate
  ok    computed once per build (42354 ms in node: flight cases 1592.98, bench 13.99, the dynamic ones 39069.03); a second build of the same spec takes it from the cache in 0 ms
2. the card on the bench (LIMIT 3.80 g / ULTIMATE 5.70 g)
  ok    to the limit x 1.0 (3.80 g): HELD, no set
  ok    to the limit x 1.2 (4.56 g): 0 set, nothing broken
  REPORT  a brittle wing (spruce, its joints fittings): no member of it can take a set - past its limit it holds until it breaks
  ok    to the ultimate (5.70 g): HELD, 0 set, nothing broken
  ok    to the ultimate x 1.1 (6.27 g): it breaks (62 members), the first group wing0R:strut, the first member a fitting (S1BR-WF, tension)
3. to destruction
  ok    BROKE AT 6.01 g (wing0R:strut, fitting) - within [5.70, 5.99] g (+2.5 % for the ramp's lag); first set 6.02 g
  ok    the first member broken: fitting (wing S1BR-WF, tubeFabric, tension) - a joint, never the middle of a ductile member
  ok    the page's bench thread (bench_worker.js benchLoadRun, the roll-out's certificate handed in) breaks it the same: the card reads "LIMIT 3.8 g · ULTIMATE 5.7 g · BROKE AT 6.01 g (the right wing's strut, a fitting, let go first) — the test to destruction, free"
4. the flight
  ok    the flown pull to the limit (the wing's load 3.94 W, the CG reading 3.00 g): nothing yields; the worst member 0.99 of its certified limit
  ok    parked 10 s on the water and 10 s in the air (1.6 Vs, 0.75 throttle): nothing yields, no frame armed once settled (43 armed while it settled) - the quiet path stays quiet on the certificate's limits
5. a bad design
  ok    the lift struts (28 members) built at half the section their certificate asks (x 0.01 and less), certified as built: the bench BROKE UP (first broken at 2.97 g, under its 5.70 g ultimate)
  REPORT  the drawn lift struts in compression: member 133 certified 5.8 kN (bow) -> crushes at 10.5 kN (physics 36.3); member 134 certified 3.2 kN (dropDriftR) -> crushes at 5.9 kN (physics 36.3); member 135 certified 12.6 kN (dropDriftR) -> crushes at 22.8 kN (physics 36.3); member 136 certified 3.6 kN (flownElevF) -> crushes at 6.5 kN (physics 36.3)
  70/70 checks
GATE DMGCERT: PASS
=== DMGGEAR ===
(987 s, 5 builds; on the certificate, 66_gen_cert.js)
Cub:
1. the bracket (taildragger, bungee)
  ok    15 gear joints, every one stamped from its own envelope
  ok    a wheel's gear gives in compression past its limit (F_l,c x 1.18, where its steel sized for the ultimate yields) over its travel (0.04 of a member's length); limits 1.38-7.42 kN
  ok    in tension every gear joint is its lug, brittle at 1.5 F_l,t m: 1.84-4.52 kN
  ok    the drop at its FAR 23.473 limit sink (2.13 m/s): no set - set 0 gear / 0 airframe, broken 0 / 0, 1.67 g
  ok    the drop at 1.2 x the certificate's sink (3.66 m/s, 23.727): the gear yields, nothing breaks, the airframe takes no set - set 1 gear / 0 airframe, broken 0 / 0, 2.09 g
  ok    NASA 172 Test 1 (7 m/s down, 18 m/s forward): it breaks, the gear first (TW-TPT, kink) - set 0 gear / 88 airframe, broken 15 / 72, the first group tw:gear, 1.87 g, a gear member broke
2. the headroom (the worst member over its certified yield; ordinary operations at most 2/3)
  ok    a touchdown at the normal sink, 1.0 m/s: 0.34 (gear AXLEL-AXLER, tension)
  ok    a touchdown at a firm one, 1.5 m/s: 0.38 (gear AXLEL-AXLER, tension)
  ok    a touchdown at the build's FAR 23.473 limit sink, 2.13 m/s (the gear's own limit case): the airframe 0.39 (S0BR-S0TR), the gear 0.51 (AXLEL-S0TL)
  ok    a taxi on grass at 8 m/s: 0.32 (gear AXLEL-AXLER, tension)
  ok    a taxi on a rough field (2 cm bumps, 3 m apart) at 8 m/s: 0.32 (gear AXLEL-AXLER, tension)
  ok    a taxi on the rough field at 12 m/s: 0.32 (gear AXLEL-AXLER, tension)
  ok    the circuit (completed, 335 s, touchdown 0.65 m/s): 0.33 (gear AXLEL-AXLER, tension, ROLLOUT)
  ok    a crosswind circuit (3.26 m/s across, 0.2 V_S0) (null, 340 s): 0.33 (gear AXLEL-S0BR, compression, ROLLOUT)
3. §7.4's gear rows
  ok    the ground loop (15 m/s, swung 20 deg at 120 deg/s): a main gear folds (gearL:gear, gearR:gear), the low wing strikes (at 4.67 s); the groups in order stab:attach > gearL:gear > gearR:gear > eng:mount; a tail member broke
Jodel:
1. the bracket (taildragger, oleo)
  ok    15 gear joints, every one stamped from its own envelope
  ok    a wheel's gear gives in compression past its limit (F_l,c x 1.18, where its steel sized for the ultimate yields) over its travel (0.1 of a member's length); limits 1.34-9.11 kN
  ok    in tension every gear joint is its lug, brittle at 1.5 F_l,t m: 1.79-8.22 kN
  ok    the drop at its FAR 23.473 limit sink (2.17 m/s): no set - set 0 gear / 0 airframe, broken 0 / 0, 1.86 g
  ok    the drop at 1.2 x the certificate's sink (3.66 m/s, 23.727): the gear holds, just under its yield (1.18 F_l), nothing breaks, the airframe takes no set - set 0 gear / 0 airframe, broken 0 / 0, 2.45 g
  ok    NASA 172 Test 1 (7 m/s down, 18 m/s forward): it breaks, the gear first (AXLEL-AXLER, ragged) - set 8 gear / 1 airframe, broken 1 / 0, 2.24 g, a gear member broke
2. the headroom (the worst member over its certified yield; ordinary operations at most 2/3)
  ok    a touchdown at the normal sink, 1.0 m/s: 0.34 (gear TW-TPB, compression)
  ok    a touchdown at a firm one, 1.5 m/s: 0.46 (gear TW-TPB, compression)
  ok    a touchdown at the build's FAR 23.473 limit sink, 2.17 m/s (the gear's own limit case): the airframe 0.38 (VSNL-VSNR), the gear 0.64 (TW-TPB)
  ok    a taxi on grass at 8 m/s: 0.15 (gear AXLEL-S0TL, compression)
  ok    a taxi on a rough field (2 cm bumps, 3 m apart) at 8 m/s: 0.39 (gear AXLER-S0BL, compression)
  ok    a taxi on the rough field at 12 m/s: 0.44 (gear AXLER-S0BL, compression)
  ok    the circuit (null, 340 s): 0.29 (gear AXLEL-S0BL, compression, ROLLOUT)
  ok    a crosswind circuit (3.78 m/s across, 0.2 V_S0) (null, 340 s): 0.20 (wing WR-S2BL, compression, FINAL)
3. §7.4's gear rows
  --    REPORT the ground loop (15 m/s, swung 20 deg at 120 deg/s): groups none, the lowest wingtip 1.00 m - on flat grass the wheels slide (friction-limited side load)
metal Cessna:
1. the bracket (tricycle, spring)
  ok    15 gear joints, every one stamped from its own envelope
  ok    a wheel's gear gives in compression past its limit (F_l,c x 1.18, where its steel sized for the ultimate yields) over its travel (0.15 / 0.06 of a member's length); limits 2.57-19.77 kN
  ok    in tension every gear joint is its lug, brittle at 1.5 F_l,t m: 3.41-11.26 kN
  ok    the drop at its FAR 23.473 limit sink (2.38 m/s): no set - set 0 gear / 0 airframe, broken 0 / 0, 2.12 g
  ok    the drop at 1.2 x the certificate's sink (3.66 m/s, 23.727): the gear holds, just under its yield (1.18 F_l), nothing breaks, the airframe takes no set - set 0 gear / 0 airframe, broken 0 / 0, 2.72 g
  ok    NASA 172 Test 1 (7 m/s down, 18 m/s forward): it breaks, the gear first (TW-ENGR, kink) - set 0 gear / 41 airframe, broken 15 / 16, the first group tw:gear, 2.00 g, a gear member broke
2. the headroom (the worst member over its certified yield; ordinary operations at most 2/3)
  ok    a touchdown at the normal sink, 1.0 m/s: 0.36 (gear AXLEL-S2BL, compression)
  ok    a touchdown at a firm one, 1.5 m/s: 0.48 (gear AXLEL-S2BL, compression)
  ok    a touchdown at the build's FAR 23.473 limit sink, 2.38 m/s (the gear's own limit case): the airframe 0.52 (WR-WR), the gear 0.70 (AXLEL-S2BL)
  ok    a taxi on grass at 8 m/s: 0.18 (fus ENGR-S0BR, tension)
  ok    a taxi on a rough field (2 cm bumps, 3 m apart) at 8 m/s: 0.63 (gear TW-S0BR, compression)
  ok    a taxi on the rough field at 12 m/s: 0.55 (gear TW-S0BR, compression)
  ok    the circuit (completed, 271 s, touchdown 1.13 m/s): 0.36 (fus S1BL-S1BR, tension, FINAL)
  ok    a crosswind circuit (3.78 m/s across, 0.2 V_S0) (completed, 279 s, touchdown 1.20 m/s): 0.61 (gear AXLER-S1BL, tension, ROLLOUT)
3. §7.4's gear rows
  ok    the porpoise (nose-first at 25 m/s, 5 deg down, the bounces at 3 / 4 / 5 m/s): the nose gear collapses on bounce 3 (the reference: the third) - 1: whole; 2: whole; 3: tw:gear+eng:mount+gearL:gear+wing0R:root+wing0L:root+wing0L:strut+wing0R:strut; the prop strikes; a gear member broke
Cessna floats:
1. the bracket (floats, spring)
  ok    20 gear joints, every one stamped from its own envelope
  ok    a float's struts and spreaders crush at the ultimate (no spring): 5.92-103.77 kN
  ok    in tension every gear joint is its lug, brittle at 1.5 F_l,t m: 13.94-79.49 kN
  ok    the drop at its FAR 23.473 limit sink (2.54 m/s): no set - set 0 gear / 0 airframe, broken 0 / 0, 1.66 g
  ok    the drop at 1.2 x the certificate's sink (3.66 m/s, 23.727): the gear holds (a float installation has no spring), nothing breaks, the airframe takes no set - set 0 gear / 0 airframe, broken 0 / 0, 1.84 g
2. the headroom (the worst member over its certified yield; ordinary operations at most 2/3)
  ok    a touchdown at the normal sink, 1.0 m/s: 0.38 (fus VSNL-VSNR, tension)
  ok    a touchdown at a firm one, 1.5 m/s: 0.43 (fus VSNL-VSNR, tension)
  ok    a touchdown at the build's FAR 23.473 limit sink, 2.54 m/s (the gear's own limit case): the airframe 0.66 (WF-WF), the gear 0.54 (FLD-S2BL)
  ok    a taxi on the water at 4 m/s: 0.10 (fus ENGR-S0BR, tension)
  ok    a taxi on the water at 4 m/s in a light chop (5 m/s of wind): 0.18 (fus S1BL-S1TR, tension)
  ok    the circuit (null, 340 s): 0.37 (fus S0BL-S0TL, tension, ROLLOUT)
  ok    a crosswind circuit (4.23 m/s across, 0.2 V_S0) (null, 340 s): 0.36 (gear FLD-FLD, compression, ROLLOUT)
3. §7.4's gear rows
  ok    the float nose-in at 90 km/h, 5 m/s, 20 deg (the WATER CASE): nothing breaks (0 set)
  ok    the float dig-in at 150 km/h, 10 m/s, 60 deg: the floats' strut fittings fail in overload (floatR:strut, floatL:strut) - the first group floatR:strut (FLD-S2TR, tension); then floatL:strut, eng:mount, wing0R:strut, wing0R:root, wing0L:root, fin:attach, stab:attach, wing0L:strut; broke up: the fuselage parted (S0BR off the core)
twin floatplane:
1. the bracket (floats, spring)
  ok    20 gear joints, every one stamped from its own envelope
  ok    a float's struts and spreaders crush at the ultimate (no spring): 2.11-32.41 kN
  ok    in tension every gear joint is its lug, brittle at 1.5 F_l,t m: 2.48-15.22 kN
  ok    the drop at its FAR 23.473 limit sink (2.13 m/s): no set - set 0 gear / 0 airframe, broken 0 / 0, 1.49 g
  ok    the drop at 1.2 x the certificate's sink (3.66 m/s, 23.727): the gear holds (a float installation has no spring), nothing breaks, the airframe takes no set - set 0 gear / 0 airframe, broken 0 / 0, 1.57 g
2. the headroom (the worst member over its certified yield; ordinary operations at most 2/3)
  ok    a touchdown at the normal sink, 1.0 m/s: 0.33 (fus S1TR-S2TR, tension)
  ok    a touchdown at a firm one, 1.5 m/s: 0.39 (fus MNTL-WF, compression)
  ok    a touchdown at the build's FAR 23.473 limit sink, 2.13 m/s (the gear's own limit case): the airframe 0.46 (MNTL-WF), the gear 0.40 (FLD-S2BR)
  ok    a taxi on the water at 4 m/s: 0.19 (gear FLD-FLD, tension)
  ok    a taxi on the water at 4 m/s in a light chop (5 m/s of wind): 0.19 (gear FLD-FLD, tension)
  ok    the circuit (completed, 292 s, touchdown 1.63 m/s): 0.27 (fus S1BL-S1BR, tension, BASE)
  ok    a crosswind circuit (3.28 m/s across, 0.2 V_S0) (completed, 294 s, touchdown 1.35 m/s): 0.40 (gear FLD-FLD, compression, ROLLOUT)
3. §7.4's gear rows
  ok    the float nose-in at 90 km/h, 5 m/s, 20 deg (the WATER CASE): nothing breaks (0 set)
  ok    the float dig-in at 150 km/h, 10 m/s, 60 deg: the floats' strut fittings fail in overload (floatR:strut, floatL:strut) - the first group engL:mount (MNTL-WF, tension); then engR:mount, floatR:strut, floatL:strut, wing0L:root, wing0R:root, wing0L:strut, wing0R:strut, stab:attach, fin:attach; broke up: the fuselage parted (TPB off the core)
THE HEADROOM TABLE (the worst member over its certified yield; the 23.473 row: the airframe):
  Cub             td 1.0 0.34 | td 1.5 0.38 | td 23.473 0.39 | taxi on grass at 8 m/s 0.32 | taxi on a rough field (2 cm bumps, 3 m apart) at 8 m/s 0.32 | taxi on the rough field at 12 m/s 0.32 | circuit 0.33 | crosswind circuit 0.33
  Jodel           td 1.0 0.34 | td 1.5 0.46 | td 23.473 0.38 | taxi on grass at 8 m/s 0.15 | taxi on a rough field (2 cm bumps, 3 m apart) at 8 m/s 0.39 | taxi on the rough field at 12 m/s 0.44 | circuit 0.29 | crosswind circuit 0.20
  metal Cessna    td 1.0 0.36 | td 1.5 0.48 | td 23.473 0.52 | taxi on grass at 8 m/s 0.18 | taxi on a rough field (2 cm bumps, 3 m apart) at 8 m/s 0.63 | taxi on the rough field at 12 m/s 0.55 | circuit 0.36 | crosswind circuit 0.61
  Cessna floats   td 1.0 0.38 | td 1.5 0.43 | td 23.473 0.66 | taxi on the water at 4 m/s 0.10 | taxi on the water at 4 m/s in a light chop (5 m/s of wind) 0.18 | circuit 0.37 | crosswind circuit 0.36
  twin floatplane td 1.0 0.33 | td 1.5 0.39 | td 23.473 0.46 | taxi on the water at 4 m/s 0.19 | taxi on the water at 4 m/s in a light chop (5 m/s of wind) 0.19 | circuit 0.27 | crosswind circuit 0.40
  72/72 checks
GATE DMGGEAR: PASS
=== DMGINST ===
1. G1800: sim-diverged (the numbers) vs broke-up (the structure)
  ok    the page's watchdog ends a NaN / guarded flight 'sim-diverged' (the message "SIM DIVERGED — RESET" stays); 'broke-up' only when the structure's refs part (DMG.brokeUp)
  ok    the load test's NaN verdict is 'SIM DIVERGED' (65_gen_loadtest.js); 'BROKE UP' only on the damage layer's breaks (1)
  ok    the crosswind probe's NaN ending is 'sim-diverged' (42_crosswind.js)
  ok    no code writes 'broke-up' but the structure's ending (DMG.brokeUp): none of the 12 readers / writers
  ok    the Cub's load test with a 1e300 kick in its ramp: 'SIM DIVERGED'
  ok    the bench card: SIM DIVERGED - "the simulation diverged before the ultimate load (a numerical fault, not a member)"
  ok    a BROKE UP (the structure, D1b / D2) still reads as a member that let go: "a member let go before the ultimate load"
2. G1801: the velocity guard (150 m/s off the CG)
  ok    every k x 5 in flight (past the integrator's limit): tripped at frame 0 as 'speed' (node 61 at 989.87 m/s off the CG), every number finite, stats().bad; it never went NaN in 600 frames - the old watchdog would have flown it on (at rest the fastest node read 0.17 m/s)
  ok    reset() clears it
  ok    damage OFF, every k x 5: no speed fault, the guard not run (G1898.10: the layer off runs the master path)
  ok    a 1e300 kick (GATE SIMWORKER-EDGES' divergence): tripped the first frame ('nan')
  ok    the whole aeroplane at 195.21 m/s (200 m/s true at 20 km): not tripped - the fastest node 4.44 m/s off the CG
  ok    the worker host's diverged() (its snapshot's F_DIVERGED, the page's sw.diverged): false, then true on the blown lattice with p still finite
        Cub: a flown 3.8 g pull: the fastest node 7.77 m/s off the CG
        Cub: a 10 ft/s drop: the fastest node 3.15 m/s off the CG
        Jodel: a flown 3.8 g pull: the fastest node 13.27 m/s off the CG
        Jodel: a 10 ft/s drop: the fastest node 3.51 m/s off the CG
        metal Cessna: a flown 3.8 g pull: the fastest node 10.31 m/s off the CG
        metal Cessna: a 10 ft/s drop: the fastest node 1.13 m/s off the CG
        Cessna floats: a flown 3.8 g pull: the fastest node 9.18 m/s off the CG
        Cessna floats: a 10 ft/s drop: the fastest node 3.47 m/s off the CG
        twin floatplane: a flown 3.8 g pull: the fastest node 8.37 m/s off the CG
        twin floatplane: a 10 ft/s drop: the fastest node 3.10 m/s off the CG
        the Cub: a circuit with the pilot: the fastest node 2.93 m/s off the CG
        the Cub: 30 m/s into a trunk (crash): the fastest node 31.96 m/s off the CG
        the metal Cessna: 30 m/s into a trunk (crash): the fastest node 52.84 m/s off the CG
        the Cub: 30 m/s, the wing 2.5 m out (crash): the fastest node 25.84 m/s off the CG
        the Cub: SEVERE 180 km/h, 10 m/s, 60 deg into the water: the fastest node 48.04 m/s off the CG
        the twin: SEVERE 150 km/h, 10 m/s, 60 deg float nose-in: the fastest node 40.01 m/s off the CG
  ok    the census: 16 runs, never tripped; the worst 52.84 m/s (the metal Cessna: 30 m/s into a trunk (crash)), under 3/4 of the guard
3. G1802: the plastic work per beam
  ok    DMG.wB: a Float64Array, one per beam (394), on sim.damage()
  ok    the Cub at 30 m/s into a trunk: the beams' work sums to the total (50484.954 J against 50484.954 J)
  ok    81 beams carry work, every one of them yielded or bent; none negative
        by section: fuselage 21.5 kJ, wings 10.8 kJ, engines 8.4 kJ, vessel 8.2 kJ, gear 0.7 kJ, tail 0.6 kJ, bracing 0.3 kJ
  ok    the metal Cessna's: 76476.823 J against 76476.823 J
  ok    reset() after a crash zeroes every beam's work
4. G1803: every beam carries its ledger section
  ok    Cub: 394 beams, every one stamped (the def's and the solver's copy), every section a ledger row: fus > fuselage 109, fus > engines 13, wing > wings 52, wing > bracing 12, tail > tail 180, wire > tail 4, gear > gear 15, fus > vessel 9
  ok    Jodel: 492 beams, every one stamped (the def's and the solver's copy), every section a ledger row: fus > fuselage 109, fus > engines 13, wing > wings 68, wing > bracing 118, tail > tail 156, wire > tail 4, gear > gear 15, fus > vessel 9
  ok    metal Cessna: 442 beams, every one stamped (the def's and the solver's copy), every section a ledger row: fus > fuselage 109, fus > engines 13, wing > wings 62, wing > bracing 74, tail > tail 156, wire > tail 4, gear > gear 15, fus > vessel 9
  ok    Cessna floats: 533 beams, every one stamped (the def's and the solver's copy), every section a ledger row: fus > fuselage 109, fus > engines 13, wing > wings 62, wing > bracing 74, tail > tail 156, wire > tail 4, gear > gear 106, fus > vessel 9
  ok    twin floatplane: 519 beams, every one stamped (the def's and the solver's copy), every section a ledger row: fus > fuselage 109, wing > wings 52, wing > bracing 12, fus > engines 28, tail > tail 199, wire > tail 4, gear > gear 106, fus > vessel 9
5. G1804: the damage view's colours (src/viewer/dmg_overlay.js)
  ok    calm: |F| / limit up to 0.25 draws the frame's neutral [0.34,0.49,0.69]
  ok    stress: ramps to amber [1,0.78,0.12] at the limit, held past it; between the ends in between
  ok    set: from 0.01 % (orange stretched, cyan crushed), full at 3 %; under it no set
  ok    the precedence: broken > set > stress > calm
  ok    the Cub's 30 m/s crash drawn: {"calm":278,"stress":0,"set":34,"broken":82} - every broken member red, every set member orange / cyan
  ok    a member stretched to its yield reads 1.000000, crushed to its crush load 1.000000
  ok    the layer off (params.damage false): all 2380 members of the five builds calm
  ok    under the probe (sim.damagePeak()) the ratio is the member's peak, tension or compression
  ok    app.js: the view is off unless ?dmgview=1 or the overlays pill; off, sync() is the strain colouring; dmg_overlay.js is in the page (build.js) before app.js
        the legend:
          calm   |F| / limit <= 0.25    rgb 0.340 0.490 0.690  #577db0
          stress |F| / limit = 0.625    rgb 0.670 0.635 0.405  #aba267
          stress |F| / limit >= 1       rgb 1.000 0.780 0.120  #ffc71f
          set    stretched 0.01 %       rgb 0.737 0.556 0.419  #bc8e6b
          set    stretched >= 3 %       rgb 1.000 0.600 0.240  #ff993d
          set    crushed 0.01 %         rgb 0.322 0.706 0.822  #52b4d2
          set    crushed >= 3 %         rgb 0.310 0.850 0.910  #4fd9e8
          broken k = 0                  rgb 0.890 0.180 0.170  #e32e2b
  33/33 checks
GATE DMGINST: PASS
=== DMGFPS ===
(179 s, 9 cases, damage on)
  ok    the PACE block lifted out of app.js: page 30 fps, cap 30 2; page 30 fps, cap 30, 2x 4; page 10 fps, cap 30 4; page 10 fps, cap 30, 2x 8; page 5 fps, cap 30 4; page 5 fps, cap 30, 2x 8; page 2 fps, cap 30 2; page 2 fps, cap 30, 2x 4; page 30 fps, cap 60 2; page 30 fps, cap 60, 2x 4; page 10 fps, cap 60 4; page 10 fps, cap 60, 2x 8; page 5 fps, cap 60 4; page 5 fps, cap 60, 2x 8; page 2 fps, cap 60 1; page 2 fps, cap 60, 2x 2
the Cub into a trunk at 30 m/s, the centreline:
  the 60 fps run: 153 of 300 steps (over: the page ends it); CRASHED (the airframe crushed (6.7 kJ of plastic work) at 1.32 s), 81 members set, 82 broken, 50424.2 J; the fastest node 31.96 m/s off the CG (47 s)
  ok    the setup is TREE-CRASH's case to the bit (the lib's atTrunk a581d8a0398a, here a581d8a0398a)
  ok    at 60 fps it crashes and the flight is over
  ok    the velocity guard never trips (the fastest node 31.96 m/s off the CG, the guard 150)
  ok    nominal 2 fps (30 steps a read) [30 steps a frame]: ends at step 180 (its first read at or after 153); bitwise the 60 fps run there, the same verdict (50458.1 J, 82 broken, 12720 yields; past the 60 fps end +33.903 J, +0 broken)
  ok    nominal 5 fps (12 steps a read) [12 steps a frame]: ends at step 156 (its first read at or after 153); bitwise the 60 fps run there, the same verdict (50424.2 J, 82 broken, 12528 yields; past the 60 fps end +0.000 J, +0 broken)
  ok    nominal 10 fps (6 steps a read) [6 steps a frame]: ends at step 156 (its first read at or after 153); bitwise the 60 fps run there, the same verdict (50424.2 J, 82 broken, 12528 yields; past the 60 fps end +0.000 J, +0 broken)
  ok    nominal 30 fps (2 steps a read) = page 30 fps, cap 30 = page 2 fps, cap 30 = page 30 fps, cap 60 = page 2 fps, cap 60, 2x [2 steps a frame]: ends at step 154 (its first read at or after 153); bitwise the 60 fps run there, the same verdict (50424.2 J, 82 broken, 12528 yields; past the 60 fps end +0.000 J, +0 broken)
  ok    page 30 fps, cap 30, 2x = page 10 fps, cap 30 = page 5 fps, cap 30 = page 2 fps, cap 30, 2x = page 30 fps, cap 60, 2x = page 10 fps, cap 60 = page 5 fps, cap 60 [4 steps a frame]: ends at step 156 (its first read at or after 153); bitwise the 60 fps run there, the same verdict (50424.2 J, 82 broken, 12528 yields; past the 60 fps end +0.000 J, +0 broken)
  ok    page 10 fps, cap 30, 2x = page 5 fps, cap 30, 2x = page 10 fps, cap 60, 2x = page 5 fps, cap 60, 2x [8 steps a frame]: ends at step 160 (its first read at or after 153); bitwise the 60 fps run there, the same verdict (50432.6 J, 82 broken, 12629 yields; past the 60 fps end +8.367 J, +0 broken)
  ok    worker host, turns of 1, the page reading every 30: ends at step 180 (its first read at or after 153), the snapshot flagged at 153; bitwise the 60 fps run there, the same verdict (50458.1 J, 82 broken, 12720 yields; past the 60 fps end +33.903 J, +0 broken)
  ok    worker host, turns of 1, the page reading every 12: ends at step 156 (its first read at or after 153), the snapshot flagged at 153; bitwise the 60 fps run there, the same verdict (50424.2 J, 82 broken, 12528 yields; past the 60 fps end +0.000 J, +0 broken)
  ok    worker host, turns of 1, the page reading every 6: ends at step 156 (its first read at or after 153), the snapshot flagged at 153; bitwise the 60 fps run there, the same verdict (50424.2 J, 82 broken, 12528 yields; past the 60 fps end +0.000 J, +0 broken)
  ok    worker host, turns of 1, the page reading every 2: ends at step 154 (its first read at or after 153), the snapshot flagged at 153; bitwise the 60 fps run there, the same verdict (50424.2 J, 82 broken, 12528 yields; past the 60 fps end +0.000 J, +0 broken)
  ok    worker host, turns of 4, the page reading every 30: ends at step 180 (its first read at or after 153), the snapshot flagged at 156; bitwise the 60 fps run there, the same verdict (50458.1 J, 82 broken, 12720 yields; past the 60 fps end +33.903 J, +0 broken)
  ok    worker host, turns of 4, the page reading every 12: ends at step 156 (its first read at or after 153), the snapshot flagged at 156; bitwise the 60 fps run there, the same verdict (50424.2 J, 82 broken, 12528 yields; past the 60 fps end +0.000 J, +0 broken)
  ok    worker host, turns of 4, the page reading every 6: ends at step 156 (its first read at or after 153), the snapshot flagged at 156; bitwise the 60 fps run there, the same verdict (50424.2 J, 82 broken, 12528 yields; past the 60 fps end +0.000 J, +0 broken)
  ok    worker host, turns of 4, the page reading every 2: ends at step 156 (its first read at or after 153), the snapshot flagged at 156; bitwise the 60 fps run there, the same verdict (50424.2 J, 82 broken, 12528 yields; past the 60 fps end +0.000 J, +0 broken)
the metal Cessna into a trunk at 30 m/s, the centreline:
  the 60 fps run: 166 of 300 steps (over: the page ends it); CRASHED (the airframe crushed (3.4 kJ of plastic work) at 1.30 s), 85 members set, 106 broken, 76408.9 J; the fastest node 52.84 m/s off the CG (64 s)
  ok    the setup is TREE-CRASH's case to the bit (the lib's atTrunk 38dae0d3f8e4, here 38dae0d3f8e4)
  ok    at 60 fps it crashes and the flight is over
  ok    the velocity guard never trips (the fastest node 52.84 m/s off the CG, the guard 150)
  ok    nominal 2 fps (30 steps a read) [30 steps a frame]: ends at step 180 (its first read at or after 166); bitwise the 60 fps run there, the same verdict (76476.8 J, 107 broken, 9992 yields; past the 60 fps end +67.920 J, +1 broken)
  ok    nominal 5 fps (12 steps a read) [12 steps a frame]: ends at step 168 (its first read at or after 166); bitwise the 60 fps run there, the same verdict (76408.9 J, 106 broken, 9885 yields; past the 60 fps end +0.000 J, +0 broken)
  ok    nominal 10 fps (6 steps a read) [6 steps a frame]: ends at step 168 (its first read at or after 166); bitwise the 60 fps run there, the same verdict (76408.9 J, 106 broken, 9885 yields; past the 60 fps end +0.000 J, +0 broken)
  ok    nominal 30 fps (2 steps a read) = page 30 fps, cap 30 = page 2 fps, cap 30 = page 30 fps, cap 60 = page 2 fps, cap 60, 2x [2 steps a frame]: ends at step 166 (its first read at or after 166); bitwise the 60 fps run there, the same verdict (76408.9 J, 106 broken, 9885 yields; past the 60 fps end +0.000 J, +0 broken)
  ok    page 30 fps, cap 30, 2x = page 10 fps, cap 30 = page 5 fps, cap 30 = page 2 fps, cap 30, 2x = page 30 fps, cap 60, 2x = page 10 fps, cap 60 = page 5 fps, cap 60 [4 steps a frame]: ends at step 168 (its first read at or after 166); bitwise the 60 fps run there, the same verdict (76408.9 J, 106 broken, 9885 yields; past the 60 fps end +0.000 J, +0 broken)
  ok    page 10 fps, cap 30, 2x = page 5 fps, cap 30, 2x = page 10 fps, cap 60, 2x = page 5 fps, cap 60, 2x [8 steps a frame]: ends at step 168 (its first read at or after 166); bitwise the 60 fps run there, the same verdict (76408.9 J, 106 broken, 9885 yields; past the 60 fps end +0.000 J, +0 broken)
  ok    worker host, turns of 1, the page reading every 30: ends at step 180 (its first read at or after 166), the snapshot flagged at 166; bitwise the 60 fps run there, the same verdict (76476.8 J, 107 broken, 9992 yields; past the 60 fps end +67.920 J, +1 broken)
  ok    worker host, turns of 1, the page reading every 12: ends at step 168 (its first read at or after 166), the snapshot flagged at 166; bitwise the 60 fps run there, the same verdict (76408.9 J, 106 broken, 9885 yields; past the 60 fps end +0.000 J, +0 broken)
  ok    worker host, turns of 1, the page reading every 6: ends at step 168 (its first read at or after 166), the snapshot flagged at 166; bitwise the 60 fps run there, the same verdict (76408.9 J, 106 broken, 9885 yields; past the 60 fps end +0.000 J, +0 broken)
  ok    worker host, turns of 1, the page reading every 2: ends at step 166 (its first read at or after 166), the snapshot flagged at 166; bitwise the 60 fps run there, the same verdict (76408.9 J, 106 broken, 9885 yields; past the 60 fps end +0.000 J, +0 broken)
  ok    worker host, turns of 4, the page reading every 30: ends at step 180 (its first read at or after 166), the snapshot flagged at 168; bitwise the 60 fps run there, the same verdict (76476.8 J, 107 broken, 9992 yields; past the 60 fps end +67.920 J, +1 broken)
  ok    worker host, turns of 4, the page reading every 12: ends at step 168 (its first read at or after 166), the snapshot flagged at 168; bitwise the 60 fps run there, the same verdict (76408.9 J, 106 broken, 9885 yields; past the 60 fps end +0.000 J, +0 broken)
  ok    worker host, turns of 4, the page reading every 6: ends at step 168 (its first read at or after 166), the snapshot flagged at 168; bitwise the 60 fps run there, the same verdict (76408.9 J, 106 broken, 9885 yields; past the 60 fps end +0.000 J, +0 broken)
  ok    worker host, turns of 4, the page reading every 2: ends at step 168 (its first read at or after 166), the snapshot flagged at 168; bitwise the 60 fps run there, the same verdict (76408.9 J, 106 broken, 9885 yields; past the 60 fps end +0.000 J, +0 broken)
the Cub into a trunk at 30 m/s, the wing 2.5 m out:
  the 60 fps run: 323 of 360 steps (over: the page ends it); CRASHED (a wing member broke at 1.37 s), 29 members set, 17 broken, 13690.7 J; the fastest node 25.84 m/s off the CG (65 s)
  ok    the setup is TREE-CRASH's case to the bit (the lib's atTrunk 0afa7ac6f71d, here 0afa7ac6f71d)
  ok    at 60 fps it crashes and the flight is over
  ok    the velocity guard never trips (the fastest node 25.84 m/s off the CG, the guard 150)
  ok    nominal 2 fps (30 steps a read) [30 steps a frame]: ends at step 330 (its first read at or after 323); bitwise the 60 fps run there, the same verdict (13713.6 J, 17 broken, 3729 yields; past the 60 fps end +22.844 J, +0 broken)
  ok    nominal 5 fps (12 steps a read) [12 steps a frame]: ends at step 324 (its first read at or after 323); bitwise the 60 fps run there, the same verdict (13713.4 J, 17 broken, 3724 yields; past the 60 fps end +22.655 J, +0 broken)
  ok    nominal 10 fps (6 steps a read) [6 steps a frame]: ends at step 324 (its first read at or after 323); bitwise the 60 fps run there, the same verdict (13713.4 J, 17 broken, 3724 yields; past the 60 fps end +22.655 J, +0 broken)
  ok    nominal 30 fps (2 steps a read) = page 30 fps, cap 30 = page 2 fps, cap 30 = page 30 fps, cap 60 = page 2 fps, cap 60, 2x [2 steps a frame]: ends at step 324 (its first read at or after 323); bitwise the 60 fps run there, the same verdict (13713.4 J, 17 broken, 3724 yields; past the 60 fps end +22.655 J, +0 broken)
  ok    page 30 fps, cap 30, 2x = page 10 fps, cap 30 = page 5 fps, cap 30 = page 2 fps, cap 30, 2x = page 30 fps, cap 60, 2x = page 10 fps, cap 60 = page 5 fps, cap 60 [4 steps a frame]: ends at step 324 (its first read at or after 323); bitwise the 60 fps run there, the same verdict (13713.4 J, 17 broken, 3724 yields; past the 60 fps end +22.655 J, +0 broken)
  ok    page 10 fps, cap 30, 2x = page 5 fps, cap 30, 2x = page 10 fps, cap 60, 2x = page 5 fps, cap 60, 2x [8 steps a frame]: ends at step 328 (its first read at or after 323); bitwise the 60 fps run there, the same verdict (13713.6 J, 17 broken, 3729 yields; past the 60 fps end +22.844 J, +0 broken)
  ok    worker host, turns of 1, the page reading every 30: ends at step 330 (its first read at or after 323), the snapshot flagged at 323; bitwise the 60 fps run there, the same verdict (13713.6 J, 17 broken, 3729 yields; past the 60 fps end +22.844 J, +0 broken)
  ok    worker host, turns of 1, the page reading every 12: ends at step 324 (its first read at or after 323), the snapshot flagged at 323; bitwise the 60 fps run there, the same verdict (13713.4 J, 17 broken, 3724 yields; past the 60 fps end +22.655 J, +0 broken)
  ok    worker host, turns of 1, the page reading every 6: ends at step 324 (its first read at or after 323), the snapshot flagged at 323; bitwise the 60 fps run there, the same verdict (13713.4 J, 17 broken, 3724 yields; past the 60 fps end +22.655 J, +0 broken)
  ok    worker host, turns of 1, the page reading every 2: ends at step 324 (its first read at or after 323), the snapshot flagged at 323; bitwise the 60 fps run there, the same verdict (13713.4 J, 17 broken, 3724 yields; past the 60 fps end +22.655 J, +0 broken)
  ok    worker host, turns of 4, the page reading every 30: ends at step 332 (its first read at or after 323), the snapshot flagged at 324; bitwise the 60 fps run there, the same verdict (13713.6 J, 17 broken, 3729 yields; past the 60 fps end +22.844 J, +0 broken)
  ok    worker host, turns of 4, the page reading every 12: ends at step 324 (its first read at or after 323), the snapshot flagged at 324; bitwise the 60 fps run there, the same verdict (13713.4 J, 17 broken, 3724 yields; past the 60 fps end +22.655 J, +0 broken)
  ok    worker host, turns of 4, the page reading every 6: ends at step 324 (its first read at or after 323), the snapshot flagged at 324; bitwise the 60 fps run there, the same verdict (13713.4 J, 17 broken, 3724 yields; past the 60 fps end +22.655 J, +0 broken)
  ok    worker host, turns of 4, the page reading every 2: ends at step 324 (its first read at or after 323), the snapshot flagged at 324; bitwise the 60 fps run there, the same verdict (13713.4 J, 17 broken, 3724 yields; past the 60 fps end +22.655 J, +0 broken)
the Cub dropped at FAR 23.473's limit sink:
  the 60 fps run: 120 of 120 steps; no crash, 0 members set, 0 broken, 0.0 J; the fastest node 2.93 m/s off the CG (46 s)
  ok    at 60 fps nothing yields (0 yields, 0 J, nothing broken, no crash)
  ok    the velocity guard never trips (the fastest node 2.93 m/s off the CG, the guard 150)
  ok    nominal 2 fps (30 steps a read) [30 steps a frame]: ends at step 120 (its first read at or after 120); bitwise the 60 fps run there, the same verdict (0.0 J, 0 broken, 0 yields; past the 60 fps end +0.000 J, +0 broken)
  ok    nominal 5 fps (12 steps a read) [12 steps a frame]: ends at step 120 (its first read at or after 120); bitwise the 60 fps run there, the same verdict (0.0 J, 0 broken, 0 yields; past the 60 fps end +0.000 J, +0 broken)
  ok    nominal 10 fps (6 steps a read) [6 steps a frame]: ends at step 120 (its first read at or after 120); bitwise the 60 fps run there, the same verdict (0.0 J, 0 broken, 0 yields; past the 60 fps end +0.000 J, +0 broken)
  ok    nominal 30 fps (2 steps a read) = page 30 fps, cap 30 = page 2 fps, cap 30 = page 30 fps, cap 60 = page 2 fps, cap 60, 2x [2 steps a frame]: ends at step 120 (its first read at or after 120); bitwise the 60 fps run there, the same verdict (0.0 J, 0 broken, 0 yields; past the 60 fps end +0.000 J, +0 broken)
  ok    page 30 fps, cap 30, 2x = page 10 fps, cap 30 = page 5 fps, cap 30 = page 2 fps, cap 30, 2x = page 30 fps, cap 60, 2x = page 10 fps, cap 60 = page 5 fps, cap 60 [4 steps a frame]: ends at step 120 (its first read at or after 120); bitwise the 60 fps run there, the same verdict (0.0 J, 0 broken, 0 yields; past the 60 fps end +0.000 J, +0 broken)
  ok    page 10 fps, cap 30, 2x = page 5 fps, cap 30, 2x = page 10 fps, cap 60, 2x = page 5 fps, cap 60, 2x [8 steps a frame]: ends at step 120 (its first read at or after 120); bitwise the 60 fps run there, the same verdict (0.0 J, 0 broken, 0 yields; past the 60 fps end +0.000 J, +0 broken)
  ok    worker host, turns of 1, the page reading every 30: ends at step 120 (its first read at or after 120); bitwise the 60 fps run there, the same verdict (0.0 J, 0 broken, 0 yields; past the 60 fps end +0.000 J, +0 broken)
  ok    worker host, turns of 1, the page reading every 12: ends at step 120 (its first read at or after 120); bitwise the 60 fps run there, the same verdict (0.0 J, 0 broken, 0 yields; past the 60 fps end +0.000 J, +0 broken)
  ok    worker host, turns of 1, the page reading every 6: ends at step 120 (its first read at or after 120); bitwise the 60 fps run there, the same verdict (0.0 J, 0 broken, 0 yields; past the 60 fps end +0.000 J, +0 broken)
  ok    worker host, turns of 1, the page reading every 2: ends at step 120 (its first read at or after 120); bitwise the 60 fps run there, the same verdict (0.0 J, 0 broken, 0 yields; past the 60 fps end +0.000 J, +0 broken)
  ok    worker host, turns of 4, the page reading every 30: ends at step 120 (its first read at or after 120); bitwise the 60 fps run there, the same verdict (0.0 J, 0 broken, 0 yields; past the 60 fps end +0.000 J, +0 broken)
  ok    worker host, turns of 4, the page reading every 12: ends at step 120 (its first read at or after 120); bitwise the 60 fps run there, the same verdict (0.0 J, 0 broken, 0 yields; past the 60 fps end +0.000 J, +0 broken)
  ok    worker host, turns of 4, the page reading every 6: ends at step 120 (its first read at or after 120); bitwise the 60 fps run there, the same verdict (0.0 J, 0 broken, 0 yields; past the 60 fps end +0.000 J, +0 broken)
  ok    worker host, turns of 4, the page reading every 2: ends at step 120 (its first read at or after 120); bitwise the 60 fps run there, the same verdict (0.0 J, 0 broken, 0 yields; past the 60 fps end +0.000 J, +0 broken)
the metal Cessna dropped at FAR 23.473's limit sink:
  the 60 fps run: 120 of 120 steps; no crash, 0 members set, 0 broken, 0.0 J; the fastest node 0.78 m/s off the CG (56 s)
  ok    at 60 fps nothing yields (0 yields, 0 J, nothing broken, no crash)
  ok    the velocity guard never trips (the fastest node 0.78 m/s off the CG, the guard 150)
  ok    nominal 2 fps (30 steps a read) [30 steps a frame]: ends at step 120 (its first read at or after 120); bitwise the 60 fps run there, the same verdict (0.0 J, 0 broken, 0 yields; past the 60 fps end +0.000 J, +0 broken)
  ok    nominal 5 fps (12 steps a read) [12 steps a frame]: ends at step 120 (its first read at or after 120); bitwise the 60 fps run there, the same verdict (0.0 J, 0 broken, 0 yields; past the 60 fps end +0.000 J, +0 broken)
  ok    nominal 10 fps (6 steps a read) [6 steps a frame]: ends at step 120 (its first read at or after 120); bitwise the 60 fps run there, the same verdict (0.0 J, 0 broken, 0 yields; past the 60 fps end +0.000 J, +0 broken)
  ok    nominal 30 fps (2 steps a read) = page 30 fps, cap 30 = page 2 fps, cap 30 = page 30 fps, cap 60 = page 2 fps, cap 60, 2x [2 steps a frame]: ends at step 120 (its first read at or after 120); bitwise the 60 fps run there, the same verdict (0.0 J, 0 broken, 0 yields; past the 60 fps end +0.000 J, +0 broken)
  ok    page 30 fps, cap 30, 2x = page 10 fps, cap 30 = page 5 fps, cap 30 = page 2 fps, cap 30, 2x = page 30 fps, cap 60, 2x = page 10 fps, cap 60 = page 5 fps, cap 60 [4 steps a frame]: ends at step 120 (its first read at or after 120); bitwise the 60 fps run there, the same verdict (0.0 J, 0 broken, 0 yields; past the 60 fps end +0.000 J, +0 broken)
  ok    page 10 fps, cap 30, 2x = page 5 fps, cap 30, 2x = page 10 fps, cap 60, 2x = page 5 fps, cap 60, 2x [8 steps a frame]: ends at step 120 (its first read at or after 120); bitwise the 60 fps run there, the same verdict (0.0 J, 0 broken, 0 yields; past the 60 fps end +0.000 J, +0 broken)
  ok    worker host, turns of 1, the page reading every 30: ends at step 120 (its first read at or after 120); bitwise the 60 fps run there, the same verdict (0.0 J, 0 broken, 0 yields; past the 60 fps end +0.000 J, +0 broken)
  ok    worker host, turns of 1, the page reading every 12: ends at step 120 (its first read at or after 120); bitwise the 60 fps run there, the same verdict (0.0 J, 0 broken, 0 yields; past the 60 fps end +0.000 J, +0 broken)
  ok    worker host, turns of 1, the page reading every 6: ends at step 120 (its first read at or after 120); bitwise the 60 fps run there, the same verdict (0.0 J, 0 broken, 0 yields; past the 60 fps end +0.000 J, +0 broken)
  ok    worker host, turns of 1, the page reading every 2: ends at step 120 (its first read at or after 120); bitwise the 60 fps run there, the same verdict (0.0 J, 0 broken, 0 yields; past the 60 fps end +0.000 J, +0 broken)
  ok    worker host, turns of 4, the page reading every 30: ends at step 120 (its first read at or after 120); bitwise the 60 fps run there, the same verdict (0.0 J, 0 broken, 0 yields; past the 60 fps end +0.000 J, +0 broken)
  ok    worker host, turns of 4, the page reading every 12: ends at step 120 (its first read at or after 120); bitwise the 60 fps run there, the same verdict (0.0 J, 0 broken, 0 yields; past the 60 fps end +0.000 J, +0 broken)
  ok    worker host, turns of 4, the page reading every 6: ends at step 120 (its first read at or after 120); bitwise the 60 fps run there, the same verdict (0.0 J, 0 broken, 0 yields; past the 60 fps end +0.000 J, +0 broken)
  ok    worker host, turns of 4, the page reading every 2: ends at step 120 (its first read at or after 120); bitwise the 60 fps run there, the same verdict (0.0 J, 0 broken, 0 yields; past the 60 fps end +0.000 J, +0 broken)
the Cessna on floats dropped onto the water at FAR 23.473's limit sink:
  the 60 fps run: 120 of 120 steps; no crash, 0 members set, 0 broken, 0.0 J; the fastest node 2.86 m/s off the CG (88 s)
  ok    at 60 fps nothing yields (0 yields, 0 J, nothing broken, no crash)
  ok    the velocity guard never trips (the fastest node 2.86 m/s off the CG, the guard 150)
  ok    nominal 2 fps (30 steps a read) [30 steps a frame]: ends at step 120 (its first read at or after 120); bitwise the 60 fps run there, the same verdict (0.0 J, 0 broken, 0 yields; past the 60 fps end +0.000 J, +0 broken)
  ok    nominal 5 fps (12 steps a read) [12 steps a frame]: ends at step 120 (its first read at or after 120); bitwise the 60 fps run there, the same verdict (0.0 J, 0 broken, 0 yields; past the 60 fps end +0.000 J, +0 broken)
  ok    nominal 10 fps (6 steps a read) [6 steps a frame]: ends at step 120 (its first read at or after 120); bitwise the 60 fps run there, the same verdict (0.0 J, 0 broken, 0 yields; past the 60 fps end +0.000 J, +0 broken)
  ok    nominal 30 fps (2 steps a read) = page 30 fps, cap 30 = page 2 fps, cap 30 = page 30 fps, cap 60 = page 2 fps, cap 60, 2x [2 steps a frame]: ends at step 120 (its first read at or after 120); bitwise the 60 fps run there, the same verdict (0.0 J, 0 broken, 0 yields; past the 60 fps end +0.000 J, +0 broken)
  ok    page 30 fps, cap 30, 2x = page 10 fps, cap 30 = page 5 fps, cap 30 = page 2 fps, cap 30, 2x = page 30 fps, cap 60, 2x = page 10 fps, cap 60 = page 5 fps, cap 60 [4 steps a frame]: ends at step 120 (its first read at or after 120); bitwise the 60 fps run there, the same verdict (0.0 J, 0 broken, 0 yields; past the 60 fps end +0.000 J, +0 broken)
  ok    page 10 fps, cap 30, 2x = page 5 fps, cap 30, 2x = page 10 fps, cap 60, 2x = page 5 fps, cap 60, 2x [8 steps a frame]: ends at step 120 (its first read at or after 120); bitwise the 60 fps run there, the same verdict (0.0 J, 0 broken, 0 yields; past the 60 fps end +0.000 J, +0 broken)
  ok    worker host, turns of 1, the page reading every 30: ends at step 120 (its first read at or after 120); bitwise the 60 fps run there, the same verdict (0.0 J, 0 broken, 0 yields; past the 60 fps end +0.000 J, +0 broken)
  ok    worker host, turns of 1, the page reading every 12: ends at step 120 (its first read at or after 120); bitwise the 60 fps run there, the same verdict (0.0 J, 0 broken, 0 yields; past the 60 fps end +0.000 J, +0 broken)
  ok    worker host, turns of 1, the page reading every 6: ends at step 120 (its first read at or after 120); bitwise the 60 fps run there, the same verdict (0.0 J, 0 broken, 0 yields; past the 60 fps end +0.000 J, +0 broken)
  ok    worker host, turns of 1, the page reading every 2: ends at step 120 (its first read at or after 120); bitwise the 60 fps run there, the same verdict (0.0 J, 0 broken, 0 yields; past the 60 fps end +0.000 J, +0 broken)
  ok    worker host, turns of 4, the page reading every 30: ends at step 120 (its first read at or after 120); bitwise the 60 fps run there, the same verdict (0.0 J, 0 broken, 0 yields; past the 60 fps end +0.000 J, +0 broken)
  ok    worker host, turns of 4, the page reading every 12: ends at step 120 (its first read at or after 120); bitwise the 60 fps run there, the same verdict (0.0 J, 0 broken, 0 yields; past the 60 fps end +0.000 J, +0 broken)
  ok    worker host, turns of 4, the page reading every 6: ends at step 120 (its first read at or after 120); bitwise the 60 fps run there, the same verdict (0.0 J, 0 broken, 0 yields; past the 60 fps end +0.000 J, +0 broken)
  ok    worker host, turns of 4, the page reading every 2: ends at step 120 (its first read at or after 120); bitwise the 60 fps run there, the same verdict (0.0 J, 0 broken, 0 yields; past the 60 fps end +0.000 J, +0 broken)
the Cub's 5 m/s level pancake on the water:
  the 60 fps run: 240 of 240 steps; no crash, 7 members set, 0 broken, 198.7 J; the fastest node 8.54 m/s off the CG (45 s)
  ok    the velocity guard never trips (the fastest node 8.54 m/s off the CG, the guard 150)
  ok    nominal 2 fps (30 steps a read) [30 steps a frame]: ends at step 240 (its first read at or after 240); bitwise the 60 fps run there, the same verdict (198.7 J, 0 broken, 422 yields; past the 60 fps end +0.000 J, +0 broken)
  ok    nominal 5 fps (12 steps a read) [12 steps a frame]: ends at step 240 (its first read at or after 240); bitwise the 60 fps run there, the same verdict (198.7 J, 0 broken, 422 yields; past the 60 fps end +0.000 J, +0 broken)
  ok    nominal 10 fps (6 steps a read) [6 steps a frame]: ends at step 240 (its first read at or after 240); bitwise the 60 fps run there, the same verdict (198.7 J, 0 broken, 422 yields; past the 60 fps end +0.000 J, +0 broken)
  ok    nominal 30 fps (2 steps a read) = page 30 fps, cap 30 = page 2 fps, cap 30 = page 30 fps, cap 60 = page 2 fps, cap 60, 2x [2 steps a frame]: ends at step 240 (its first read at or after 240); bitwise the 60 fps run there, the same verdict (198.7 J, 0 broken, 422 yields; past the 60 fps end +0.000 J, +0 broken)
  ok    page 30 fps, cap 30, 2x = page 10 fps, cap 30 = page 5 fps, cap 30 = page 2 fps, cap 30, 2x = page 30 fps, cap 60, 2x = page 10 fps, cap 60 = page 5 fps, cap 60 [4 steps a frame]: ends at step 240 (its first read at or after 240); bitwise the 60 fps run there, the same verdict (198.7 J, 0 broken, 422 yields; past the 60 fps end +0.000 J, +0 broken)
  ok    page 10 fps, cap 30, 2x = page 5 fps, cap 30, 2x = page 10 fps, cap 60, 2x = page 5 fps, cap 60, 2x [8 steps a frame]: ends at step 240 (its first read at or after 240); bitwise the 60 fps run there, the same verdict (198.7 J, 0 broken, 422 yields; past the 60 fps end +0.000 J, +0 broken)
  ok    worker host, turns of 1, the page reading every 30: ends at step 240 (its first read at or after 240); bitwise the 60 fps run there, the same verdict (198.7 J, 0 broken, 422 yields; past the 60 fps end +0.000 J, +0 broken)
  ok    worker host, turns of 1, the page reading every 12: ends at step 240 (its first read at or after 240); bitwise the 60 fps run there, the same verdict (198.7 J, 0 broken, 422 yields; past the 60 fps end +0.000 J, +0 broken)
  ok    worker host, turns of 1, the page reading every 6: ends at step 240 (its first read at or after 240); bitwise the 60 fps run there, the same verdict (198.7 J, 0 broken, 422 yields; past the 60 fps end +0.000 J, +0 broken)
  ok    worker host, turns of 1, the page reading every 2: ends at step 240 (its first read at or after 240); bitwise the 60 fps run there, the same verdict (198.7 J, 0 broken, 422 yields; past the 60 fps end +0.000 J, +0 broken)
  ok    worker host, turns of 4, the page reading every 30: ends at step 240 (its first read at or after 240); bitwise the 60 fps run there, the same verdict (198.7 J, 0 broken, 422 yields; past the 60 fps end +0.000 J, +0 broken)
  ok    worker host, turns of 4, the page reading every 12: ends at step 240 (its first read at or after 240); bitwise the 60 fps run there, the same verdict (198.7 J, 0 broken, 422 yields; past the 60 fps end +0.000 J, +0 broken)
  ok    worker host, turns of 4, the page reading every 6: ends at step 240 (its first read at or after 240); bitwise the 60 fps run there, the same verdict (198.7 J, 0 broken, 422 yields; past the 60 fps end +0.000 J, +0 broken)
  ok    worker host, turns of 4, the page reading every 2: ends at step 240 (its first read at or after 240); bitwise the 60 fps run there, the same verdict (198.7 J, 0 broken, 422 yields; past the 60 fps end +0.000 J, +0 broken)
the Cessna on floats' 5 m/s level pancake on the water:
  the 60 fps run: 240 of 240 steps; no crash, 0 members set, 0 broken, 0.0 J; the fastest node 3.98 m/s off the CG (70 s)
  ok    the velocity guard never trips (the fastest node 3.98 m/s off the CG, the guard 150)
  ok    nominal 2 fps (30 steps a read) [30 steps a frame]: ends at step 240 (its first read at or after 240); bitwise the 60 fps run there, the same verdict (0.0 J, 0 broken, 0 yields; past the 60 fps end +0.000 J, +0 broken)
  ok    nominal 5 fps (12 steps a read) [12 steps a frame]: ends at step 240 (its first read at or after 240); bitwise the 60 fps run there, the same verdict (0.0 J, 0 broken, 0 yields; past the 60 fps end +0.000 J, +0 broken)
  ok    nominal 10 fps (6 steps a read) [6 steps a frame]: ends at step 240 (its first read at or after 240); bitwise the 60 fps run there, the same verdict (0.0 J, 0 broken, 0 yields; past the 60 fps end +0.000 J, +0 broken)
  ok    nominal 30 fps (2 steps a read) = page 30 fps, cap 30 = page 2 fps, cap 30 = page 30 fps, cap 60 = page 2 fps, cap 60, 2x [2 steps a frame]: ends at step 240 (its first read at or after 240); bitwise the 60 fps run there, the same verdict (0.0 J, 0 broken, 0 yields; past the 60 fps end +0.000 J, +0 broken)
  ok    page 30 fps, cap 30, 2x = page 10 fps, cap 30 = page 5 fps, cap 30 = page 2 fps, cap 30, 2x = page 30 fps, cap 60, 2x = page 10 fps, cap 60 = page 5 fps, cap 60 [4 steps a frame]: ends at step 240 (its first read at or after 240); bitwise the 60 fps run there, the same verdict (0.0 J, 0 broken, 0 yields; past the 60 fps end +0.000 J, +0 broken)
  ok    page 10 fps, cap 30, 2x = page 5 fps, cap 30, 2x = page 10 fps, cap 60, 2x = page 5 fps, cap 60, 2x [8 steps a frame]: ends at step 240 (its first read at or after 240); bitwise the 60 fps run there, the same verdict (0.0 J, 0 broken, 0 yields; past the 60 fps end +0.000 J, +0 broken)
  ok    worker host, turns of 1, the page reading every 30: ends at step 240 (its first read at or after 240); bitwise the 60 fps run there, the same verdict (0.0 J, 0 broken, 0 yields; past the 60 fps end +0.000 J, +0 broken)
  ok    worker host, turns of 1, the page reading every 12: ends at step 240 (its first read at or after 240); bitwise the 60 fps run there, the same verdict (0.0 J, 0 broken, 0 yields; past the 60 fps end +0.000 J, +0 broken)
  ok    worker host, turns of 1, the page reading every 6: ends at step 240 (its first read at or after 240); bitwise the 60 fps run there, the same verdict (0.0 J, 0 broken, 0 yields; past the 60 fps end +0.000 J, +0 broken)
  ok    worker host, turns of 1, the page reading every 2: ends at step 240 (its first read at or after 240); bitwise the 60 fps run there, the same verdict (0.0 J, 0 broken, 0 yields; past the 60 fps end +0.000 J, +0 broken)
  ok    worker host, turns of 4, the page reading every 30: ends at step 240 (its first read at or after 240); bitwise the 60 fps run there, the same verdict (0.0 J, 0 broken, 0 yields; past the 60 fps end +0.000 J, +0 broken)
  ok    worker host, turns of 4, the page reading every 12: ends at step 240 (its first read at or after 240); bitwise the 60 fps run there, the same verdict (0.0 J, 0 broken, 0 yields; past the 60 fps end +0.000 J, +0 broken)
  ok    worker host, turns of 4, the page reading every 6: ends at step 240 (its first read at or after 240); bitwise the 60 fps run there, the same verdict (0.0 J, 0 broken, 0 yields; past the 60 fps end +0.000 J, +0 broken)
  ok    worker host, turns of 4, the page reading every 2: ends at step 240 (its first read at or after 240); bitwise the 60 fps run there, the same verdict (0.0 J, 0 broken, 0 yields; past the 60 fps end +0.000 J, +0 broken)
the twin's float nose-in (90 km/h, 5 m/s, 20 deg):
  the 60 fps run: 240 of 240 steps; no crash, 0 members set, 0 broken, 0.0 J; the fastest node 15.79 m/s off the CG (77 s)
  ok    the velocity guard never trips (the fastest node 15.79 m/s off the CG, the guard 150)
  ok    nominal 2 fps (30 steps a read) [30 steps a frame]: ends at step 240 (its first read at or after 240); bitwise the 60 fps run there, the same verdict (0.0 J, 0 broken, 0 yields; past the 60 fps end +0.000 J, +0 broken)
  ok    nominal 5 fps (12 steps a read) [12 steps a frame]: ends at step 240 (its first read at or after 240); bitwise the 60 fps run there, the same verdict (0.0 J, 0 broken, 0 yields; past the 60 fps end +0.000 J, +0 broken)
  ok    nominal 10 fps (6 steps a read) [6 steps a frame]: ends at step 240 (its first read at or after 240); bitwise the 60 fps run there, the same verdict (0.0 J, 0 broken, 0 yields; past the 60 fps end +0.000 J, +0 broken)
  ok    nominal 30 fps (2 steps a read) = page 30 fps, cap 30 = page 2 fps, cap 30 = page 30 fps, cap 60 = page 2 fps, cap 60, 2x [2 steps a frame]: ends at step 240 (its first read at or after 240); bitwise the 60 fps run there, the same verdict (0.0 J, 0 broken, 0 yields; past the 60 fps end +0.000 J, +0 broken)
  ok    page 30 fps, cap 30, 2x = page 10 fps, cap 30 = page 5 fps, cap 30 = page 2 fps, cap 30, 2x = page 30 fps, cap 60, 2x = page 10 fps, cap 60 = page 5 fps, cap 60 [4 steps a frame]: ends at step 240 (its first read at or after 240); bitwise the 60 fps run there, the same verdict (0.0 J, 0 broken, 0 yields; past the 60 fps end +0.000 J, +0 broken)
  ok    page 10 fps, cap 30, 2x = page 5 fps, cap 30, 2x = page 10 fps, cap 60, 2x = page 5 fps, cap 60, 2x [8 steps a frame]: ends at step 240 (its first read at or after 240); bitwise the 60 fps run there, the same verdict (0.0 J, 0 broken, 0 yields; past the 60 fps end +0.000 J, +0 broken)
  ok    worker host, turns of 1, the page reading every 30: ends at step 240 (its first read at or after 240); bitwise the 60 fps run there, the same verdict (0.0 J, 0 broken, 0 yields; past the 60 fps end +0.000 J, +0 broken)
  ok    worker host, turns of 1, the page reading every 12: ends at step 240 (its first read at or after 240); bitwise the 60 fps run there, the same verdict (0.0 J, 0 broken, 0 yields; past the 60 fps end +0.000 J, +0 broken)
  ok    worker host, turns of 1, the page reading every 6: ends at step 240 (its first read at or after 240); bitwise the 60 fps run there, the same verdict (0.0 J, 0 broken, 0 yields; past the 60 fps end +0.000 J, +0 broken)
  ok    worker host, turns of 1, the page reading every 2: ends at step 240 (its first read at or after 240); bitwise the 60 fps run there, the same verdict (0.0 J, 0 broken, 0 yields; past the 60 fps end +0.000 J, +0 broken)
  ok    worker host, turns of 4, the page reading every 30: ends at step 240 (its first read at or after 240); bitwise the 60 fps run there, the same verdict (0.0 J, 0 broken, 0 yields; past the 60 fps end +0.000 J, +0 broken)
  ok    worker host, turns of 4, the page reading every 12: ends at step 240 (its first read at or after 240); bitwise the 60 fps run there, the same verdict (0.0 J, 0 broken, 0 yields; past the 60 fps end +0.000 J, +0 broken)
  ok    worker host, turns of 4, the page reading every 6: ends at step 240 (its first read at or after 240); bitwise the 60 fps run there, the same verdict (0.0 J, 0 broken, 0 yields; past the 60 fps end +0.000 J, +0 broken)
  ok    worker host, turns of 4, the page reading every 2: ends at step 240 (its first read at or after 240); bitwise the 60 fps run there, the same verdict (0.0 J, 0 broken, 0 yields; past the 60 fps end +0.000 J, +0 broken)
  145/145 checks
GATE DMGFPS: PASS

──────── summary ────────
TREECRASH PASS   611.0 s
DMGCERT   PASS   356.6 s
DMGGEAR   PASS   987.2 s
DMGINST   PASS   229.6 s
DMGFPS    PASS   179.4 s
total           2363.8 s
wall            2134.2 s  (jobs 4)

BATTERY: PASS
