[run_gates] 0/10 jobs done · running FLEX/0 30 s, FLEX/1 30 s, FLEX/2 30 s, SOAR 30 s
[run_gates] 0/10 jobs done · running FLEX/0 60 s, FLEX/1 60 s, FLEX/2 60 s, SOAR 60 s
[run_gates] 0/10 jobs done · running FLEX/0 90 s, FLEX/1 90 s, FLEX/2 90 s, SOAR 90 s
[run_gates] 0/10 jobs done · running FLEX/0 120 s, FLEX/1 120 s, FLEX/2 120 s, SOAR 120 s
[run_gates] 0/10 jobs done · running FLEX/0 150 s, FLEX/1 150 s, FLEX/2 150 s, SOAR 150 s
[run_gates] 2/10 jobs done · running FLEX/0 180 s, SOAR 180 s, UISMOKE 15 s, LOAD 3 s
[run_gates] 2/10 jobs done · running FLEX/0 210 s, SOAR 210 s, UISMOKE 45 s, LOAD 33 s
[run_gates] 3/10 jobs done · running SOAR 240 s, UISMOKE 75 s, LOAD 63 s, BENCH 20 s
[run_gates] 3/10 jobs done · running SOAR 270 s, UISMOKE 105 s, LOAD 93 s, BENCH 50 s
=== UISMOKE ===
the loading screen: 24 steps in order, lifted on frame 0
the Fly button: no pulse untouched; touched, it pulses (an outline while it loads, lit when ready); reduced motion: a still ring
manual controls: a key flew it, the AP took it back in TAXI
honest readings: AGL 0.00 m standing, 40.00 m lifted 40 (the pilot's own datum read -0.05); IAS "13" at 12.9 km/h; fly on: a new leg in place (TAXI), not a reset
load test: HELD — limit 0.59% ultimate 0.88% of semispan
bench check: FLIES A CIRCUIT — 459 kg, climb 3.38 m/s, take-off 214 m
bench density altitude: DA 1614 m — 326 m take-off, 2.52 m/s climb on 83% power, service ceiling 5286 m
bench crosswind limit: the plaque row reads 2.0 m/s · roll 10.1 m · 13° off, and "> 10 m/s" above the cap
bench wing loading: HELD — limit 0.59% ultimate 0.88% of semispan
roll out reads the certificate, and is never locked
mode: workshop in the garage
editor panel bridge wired; width reaches the inset
garage -> roll out -> TAXI, mode: flight
skip to line-up: 120 m from the taxi to the hold, pilot in HOLD, the button stands down
rail fly: route / start / patterns / engines / controls - 12 rows, 4 pills
rail view: camera / instruments / map / trace / screen - 22 rows, 12 pills
rail sky: night / weather / clouds / ground - 6 rows, 2 pills
rail graphics: gfx.perf / gfx.light / gfx.terrain / gfx.water / gfx.sky / gfx.post / gfx.town - 33 rows, 106 pills
rail audio: sound - 12 rows, 0 pills
rail dev (behind the dev toggle): scenery / world / log / overlays - 4 rows, 3 pills (the covering hidden with #bSkin: no model on the stand here)
graphics: 36 rows and 112 pills flat, every one reached through the rail (7 folds + the map, the meter, the log)
the test mode: entered from DEV, the solver held 60 frames, its way out offered, left
the shed rail: 8 items (camera display night explode controls graphics audio legend), the clouds a fold of night, the graphics in folds
the seam holds: 22 flight ids, 20 workshop ids, 17 retired
G1090 the top bar holds one size over 47 texts (29 phase labels): desktop 440 x 143, desktop small 372 x 76, phone screen x 132, phone small screen x 76; the pilot's area 35 px, two lines clamped + the plan line
ran app block: raf x1847, handlers wired: _ce100 _ce1001 _ce1007 _ce1011 _ce1019 _ce1022 _ce103 _ce1031 _ce1035 _ce1039 _ce1047 _ce1050 _ce1059 _ce106 _ce1063 _ce1067 _ce1075 _ce1078 _ce1082 _ce109 _ce1091 _ce1095 _ce1099 _ce1107 _ce1110 _ce1114 _ce112 _ce1123 _ce1131 _ce1132 _ce1135 _ce1144 _ce115 _ce1152 _ce1155 _ce1159 _ce1168 _ce1172 _ce1176 _ce118 _ce1184 _ce1187 _ce1196 _ce1200 _ce121 _ce124 _ce132 _ce142 _ce146 _ce150 _ce156 _ce161 _ce162 _ce164 _ce165 _ce166 _ce169 _ce173 _ce177 _ce181 _ce185 _ce189 _ce193 _ce199 _ce204 _ce210 _ce217 _ce218 _ce219 _ce220 _ce221 _ce222 _ce227 _ce228 _ce229 _ce230 _ce234 _ce235 _ce236 _ce237 _ce238 _ce239 _ce243 _ce244 _ce245 _ce246 _ce250 _ce251 _ce254 _ce258 _ce262 _ce266 _ce270 _ce274 _ce281 _ce291 _ce301 _ce307 _ce311 _ce317 _ce321 _ce325 _ce329 _ce333 _ce341 _ce347 _ce350 _ce357 _ce358 _ce363 _ce366 _ce37 _ce371 _ce372 _ce374 _ce375 _ce376 _ce379 _ce383 _ce387 _ce391 _ce397 _ce404 _ce408 _ce412 _ce416 _ce420 _ce424 _ce428 _ce432 _ce436 _ce440 _ce444 _ce450 _ce454 _ce458 _ce461 _ce467 _ce470 _ce471 _ce472 _ce475 _ce485 _ce486 _ce49 _ce490 _ce493 _ce498 _ce520 _ce526 _ce534 _ce535 _ce538 _ce545 _ce546 _ce547 _ce548 _ce549 _ce550 _ce555 _ce556 _ce557 _ce558 _ce562 _ce563 _ce564 _ce565 _ce566 _ce567 _ce571 _ce572 _ce573 _ce574 _ce578 _ce579 _ce582 _ce589 _ce590 _ce591 _ce592 _ce596 _ce597 _ce601 _ce602 _ce606 _ce607 _ce608 _ce609 _ce610 _ce611 _ce615 _ce616 _ce617 _ce618 _ce619 _ce62 _ce620 _ce624 _ce625 _ce629 _ce630 _ce632 _ce639 _ce640 _ce641 _ce642 _ce646 _ce647 _ce648 _ce649 _ce653 _ce654 _ce655 _ce656 _ce660 _ce661 _ce662 _ce663 _ce667 _ce668 _ce672 _ce673 _ce674 _ce676 _ce683 _ce684 _ce688 _ce689 _ce691 _ce698 _ce699 _ce700 _ce704 _ce705 _ce706 _ce707 _ce711 _ce712 _ce714 _ce721 _ce722 _ce723 _ce727 _ce728 _ce729 _ce730 _ce734 _ce735 _ce736 _ce74 _ce740 _ce741 _ce745 _ce746 _ce750 _ce751 _ce753 _ce760 _ce761 _ce765 _ce766 _ce767 _ce771 _ce772 _ce776 _ce777 _ce780 _ce786 _ce791 _ce795 _ce799 _ce803 _ce807 _ce811 _ce815 _ce819 _ce823 _ce827 _ce831 _ce834 _ce842 _ce845 _ce85 _ce854 _ce86 _ce862 _ce863 _ce866 _ce87 _ce875 _ce88 _ce880 _ce884 _ce89 _ce890 _ce894 _ce899 _ce90 _ce900 _ce902 _ce903 _ce904 _ce907 _ce91 _ce911 _ce915 _ce919 _ce92 _ce923 _ce927 _ce931 _ce935 _ce94 _ce945 _ce949 _ce953 _ce961 _ce967 _ce97 _ce970 _ce974 _ce979 bEdit bGo bHangar2 bLog bMood bPause bReset bSkin bSkip bWhy bootFly edClose flLine mm pfdFold selAc selCond selDest selFrom selPilot tabBench tabDesign
GATE UISMOKE: PASS
=== BUILD ===
ok     the shelf published window.GARAGE_SPEC
  ok     the shelf has an update door
  ok     the stock spec carries derived nulls (76)
  ok     the envelope is tagged flydiy-build
  ok     the envelope stamps the spec version
  ok     the envelope carries the plaque and the logbook beside the spec
  ok     ...and NOT inside it — a result is not a design decision
  ok     every derived null comes back a null, same paths
  ok     P -> cageToSpec -> cageFromSpec is identity
  ok     ...and the layer keys ride through, not just the cage ones
  ok     there are stock designs to check (6)
  ok     every stock design loads exactly as its preset applied
  ok     negative: the un-baked preset keys alone do NOT reproduce it
  ok     the shelf lists all 6 of them
  ok     the page declares at least one full build
  ok     cessna 172: the build declares sections, never a cage
  ok     piper cub: the build declares sections, never a cage
  ok     jodel D112: the build declares sections, never a cage
  ok     chinook: the build declares sections, never a cage
  ok     every declared build is a listed stock design
  ok     cessna 172: its engine rides through (a65_sensenich74)
  ok     cessna 172: its wing rides through
  ok     cessna 172: its paint and registration ride through
  ok     cessna 172: its finish rides through
  ok     piper cub: its engine rides through (a65_sensenich74)
  ok     piper cub: its wing rides through
  ok     piper cub: its paint and registration ride through
  ok     piper cub: its finish rides through
  ok     jodel D112: its engine rides through (a65_sensenich74)
  ok     jodel D112: its wing rides through
  ok     jodel D112: its paint and registration ride through
  ok     jodel D112: its finish rides through
  ok     chinook: its engine rides through (rotax582_ivo)
  ok     chinook: its wing rides through
  ok     chinook: its paint and registration ride through
  ok     chinook: its finish rides through
  ok     a partial sectioned file keeps the controls IT carried
  ok     ...and its propeller
  ok     ...and its systems
  ok     ...and its bracing
  ok     ...and its sectioned name and registration
  ok     ...and the cage it actually carried
  ok     a pre-G3 flat spec still lifts into sections
  ok     ...carrying its name
  ok     a cage-only file loads as a whole spec, not a fragment
  ok     ...still carrying its cage
  ok     ...with the derived fields still null, not frozen
  ok     the name and registration survive a build
  ok     ...and the paint you chose
  ok     ...and the prop, the cowl and the fuel
  ok     ...and the wing placement, which merges INSIDE the wing the join rewrote
  ok     while the joined rows land: span is the editor's
  ok     ...and the measured gear
  ok     ...and the shape rides along
  ok     explodeD never reaches the spec
  ok     ...while a real deviation still does
  ok     ...and an older file carrying one cannot set it either
  ok     the unnamed working build saves with no slot name
  ok     ...and takes the name once you give it one
  ok     the named slot is written
  ok     and the shelf lists it
  ok     saving stamps the logbook stub with a build date
  ok     the factory finish is null — a spec that says nothing gets the aeroplane its construction implies
  ok     a spec from before the field normalises to the factory finish
  ok     a finish rides through normalise verbatim — aeroskin.js owns which names and ranges are real, not this level
  ok     clampSpec nulls a truthy non-object finish, the way it does the cage
  ok     ...and leaves a real one alone
  ok     the join writes the finish onto the build
  ok     ...and writes the NULL, so paint can be stripped off again
  ok     ...and says nothing at all when nothing measured it
  ok     a changed tint is the new one
  ok     ...and a section whose override was cleared is GONE
  ok     ...and so is a wear that went back to zero
  ok     and stripping the aeroplane back to the factory finish sticks
  ok     applySpec applies the finish on every load, guarded only against a null spec
  ok     ...and NOT only when the file happens to carry one
  ok     both halves are published on window.CAGE_UI
  ok     there are vintage fixtures to load (12)
  ok     vintage build_flat_pre-v3.json loads and lands on v10
  ok     vintage build_v10_birdman_2026-09-18.json loads and lands on v10
  ok     the fat build_v10_birdman_2026-09-18.json re-saves without the aeroplane changing
  ok     and the re-save of build_v10_birdman_2026-09-18.json carries every row (996 of 996)
  ok     vintage build_v10_c172_wipline2350_2026-09-20.json loads and lands on v10
  ok     the fat build_v10_c172_wipline2350_2026-09-20.json re-saves without the aeroplane changing
  ok     and the re-save of build_v10_c172_wipline2350_2026-09-20.json carries every row (1010 of 1010)
  ok     vintage build_v10_cessnaMetal_2026-09-26.json loads and lands on v10
  ok     the fat build_v10_cessnaMetal_2026-09-26.json re-saves without the aeroplane changing
  ok     and the re-save of build_v10_cessnaMetal_2026-09-26.json carries every row (996 of 996)
  ok     vintage build_v5_2026-08-30.json loads and lands on v10
  ok     the fat build_v5_2026-08-30.json re-saves without the aeroplane changing
  ok     and the re-save of build_v5_2026-08-30.json carries every row (809 of 809)
  ok     vintage build_v5_swept_2026-09-01.json loads and lands on v10
  ok     vintage build_v5_swept_2026-09-01.json: area + MAC survive the migration exactly
  ok     vintage build_v5_swept_2026-09-01.json: mass within 1.5% (521.7 vs frozen 521.3)
  ok     vintage build_v5_swept_2026-09-01.json: xAC inside the honesty window (1.1580 vs frozen 1.2861)
  ok     the fat build_v5_swept_2026-09-01.json re-saves without the aeroplane changing
  ok     and the re-save of build_v5_swept_2026-09-01.json carries every row (677 of 677)
  ok     vintage build_v7_twin_2026-09-04.json loads and lands on v10
  ok     the fat build_v7_twin_2026-09-04.json re-saves without the aeroplane changing
  ok     and the re-save of build_v7_twin_2026-09-04.json carries every row (688 of 688)
  ok     vintage build_v7_ultralight_2026-09-05.json loads and lands on v10
  ok     the fat build_v7_ultralight_2026-09-05.json re-saves without the aeroplane changing
  ok     and the re-save of build_v7_ultralight_2026-09-05.json carries every row (706 of 706)
  ok     vintage build_v8_drawn-tail_2026-09-08.json loads and lands on v10
  ok     vintage build_v8_drawn-tail_2026-09-08.json: area + MAC survive the migration exactly
  ok     vintage build_v8_drawn-tail_2026-09-08.json: mass within 1.5% (497.2 vs frozen 497.6)
  ok     vintage build_v8_drawn-tail_2026-09-08.json: xAC inside the honesty window (0.8677 vs frozen 0.8677)
  ok     vintage build_v8_drawn-tail_2026-09-08.json: the drawn tail it carries flies as drawn (Sh 2.294, Sv 1.248, not auto)
  ok     the fat build_v8_drawn-tail_2026-09-08.json re-saves without the aeroplane changing
  ok     and the re-save of build_v8_drawn-tail_2026-09-08.json carries every row (671 of 671)
  ok     vintage build_v8_pusher_2026-09-11.json loads and lands on v10
  ok     the fat build_v8_pusher_2026-09-11.json re-saves without the aeroplane changing
  ok     and the re-save of build_v8_pusher_2026-09-11.json carries every row (705 of 705)
  ok     vintage build_v8_twin-boom_2026-09-11.json loads and lands on v10
  ok     the fat build_v8_twin-boom_2026-09-11.json re-saves without the aeroplane changing
  ok     and the re-save of build_v8_twin-boom_2026-09-11.json carries every row (697 of 697)
  ok     vintage build_v9_stock_2026-09-15.json loads and lands on v10
  ok     the fat build_v9_stock_2026-09-15.json re-saves without the aeroplane changing
  ok     and the re-save of build_v9_stock_2026-09-15.json carries every row (991 of 991)
  ok     the default aeroplane bakes to EVERY row it knows (672 keys) — a default that moves cannot move a saved design
  ok     ...cage rows and layer rows at their values, the view keys out
  ok     deviating one layer key changes that value and adds no key
  ok     a slim (older) file still loads: what it names it fixes, what it predates takes the default
  ok     the migrator table carries exactly v5->v6 (the wing stations), v6->v7 (the energy vessels), v7->v8 (the rod taper), v8->v9 (the boom loft) and v9->v10 (the construction tile)
  ok     v9->v10: an absent tile on an alloy spec becomes the alloy tile
  ok     v9->v10: a chosen tile is kept over the spec's material
  ok     v9->v10: no material at all -> the steel tube tile (the default aeroplane)
  ok     v9->v10: a save with no cage is left alone
  ok     v7->v8: a rod save carries its taper into boomLen (2.99 -> 4.45)
  ok     v7->v8: a lofted taper is left alone
  ok     v7->v8: twin booms are left alone
  ok     v7->v8: absent keys read as the cage defaults (4.584)
  ok     v8->v9: a lofted twin boom's diameter and taper become its four sizes (0.2/0.3 -> 0.1/0.15)
  ok     v8->v9: a rod twin boom stays round
  ok     v8->v9: a save without the pair is left alone
  ok     sense: a counter-rotating pair keeps both hands through resolveSpec
  ok     sense: absent reads as +1
  ok     sense: anything but -1 is +1
  ok     a v3 spec walks 3 then 4, in order
  ok     ...and lands stamped v10
  ok     ...and a migrator saw the RAW old shape (its rename took)
  ok     a current spec walks nothing
  ok     an old vintage is stamped current even with an empty table
  ok     a FUTURE spec keeps its claim — this build does not lie about understanding it
  ok     the plaque setter stores the certificate
  ok     the certificate rides in the envelope, beside the spec, sheets and all
  ok     loading hands the certificate to the bench, exactly once
  ok     ...and only AFTER the loaded spec was applied — the storm is over
  ok     a build saved without a certificate loads with none
  ok     G116/G213: naming the surface default out loud changes nothing
  ok     G213: a saved "wood" wing reads as fabric over wood
  ok     G116: a carbon wing moves the wing ledger
  ok     G116: the fixed-geometry sections moved by an order less than the wing (the gauge follows the gross)
  ok     G116: the engines did not move
  ok     G116: the gear re-rig is an order smaller than the wing change
  ok     G116: a carbon fin moves the tail ledger
  ok     G116: ...and the wing's and the fuselage's by an order less (the gauge)
  ok     G116: an unknown material falls back to the aeroplane's own
  ok     G116: the price moves the way the material table says
  ok     G117: the same members exist either way
  ok     G117: fuselage members move only by the aeroplane-level rescale
  ok     G117: the wing members split into structure (material) and bracing (aeroplane) and nothing else — 56/8/0
  ok     G117: the wing k moves by exactly the material table's own ratio
  ok     G117: the damping follows the same material
  ok     G117: naming the global changes no member at all
  ok     writing pax:0 explicitly is the same aeroplane as not writing it
  ok     pax 9 in a two-seater loads exactly one passenger, not nine (80.8 kg)
  ok     a passenger weighs 80 kg (80.8)
  ok     a passenger does not move the CG — the seat rows are collapsing onto one frame again, which is what made a full cabin load like a solo one (moved 102 mm)
  ok     side4: three passengers weigh 240 kg (242.1)
  ok     side4: filling the cabin does not move the CG AFT — the back row is being billed onto the front frame
  ok     tandem4: three passengers weigh 240 kg (238.5)
  ok     tandem4: filling the cabin does not move the CG AFT — the back row is being billed onto the front frame
  ok     measured seat stations change where people sit, not how much they weigh (-0.9 kg)
  ok     billing the people at their seats instead of the cabin pillars moves the CG FORWARD by their lever: expected 74 mm, got 78 mm — a pillar is not a chair
  ok     the seat lever is arithmetic the builder can check: expected +92 mm, got +98 mm
  ok     a malformed seatsX is ignored — the pillar rule stands
  ok     single still builds with 1 aboard (436.3 kg, cg 0.7135)
  ok     tandem2 still builds with 2 aboard (539.8 kg, cg 0.8449)
  ok     side2 still builds with 2 aboard (548.6 kg, cg 0.7340)
  ok     cabin.seats 6 on a side2 resolves to six seats (6)
  ok     two filled seats weigh 160 kg wherever they are (161.2 / 161.4)
  ok     the same two passengers in different seats are a different balance: expected +95 mm, got +97 mm
  ok     the loading numbers are read off the occupancy list (occupants 3, crew 1, pax 2)
  ok     the pilot is aboard whatever the list says — a seat 0 in the first place is ignored
  ok     a list longer than the seats is cut to the seats (6)
  ok     a malformed occupancy list reads as "the first N seats", never as a jump
  ok     pilots + pax without a list is the first N seats, exactly as before
  ok     the logbook counts its flights (built 2026-10-05 · 2 flights · 0.25 h)
  ok     and ACCRUES them: 294 + 600 s is 0.25 h (built 2026-10-05 · 2 flights · 0.25 h)
  ok     the arrival's own clock is on its row
  ok     the landing run rides the row
  ok     a refused flight is still a row
  ok     a row from before the clock is still a flight (built 2026-10-05 · 3 flights · 0.25 h)
  ok     ...and does not poison the total to NaN (built 2026-10-05 · 3 flights · 0.25 h)
  ok     the clock, the date and the run all ride the save envelope

GATE BUILD: PASS
[run_gates] 6/10 jobs done · running SOAR 300 s, LOAD 123 s, SIMWORKER 27 s, JOIN 3 s
=== JOIN ===
ok     span passes verbatim
  ok     chord tip -> taper
  ok     camber 4 / thick 12 -> NACA 4412
  ok     position + centre map by name
  ok     tip maps by name
  ok     tip seat passes; sweep never written (G140)
  ok     crank fields null while the crank is off
  ok     crank chord + seat pass when the crank is on
  ok     bracing maps
  ok     G185: the default cabane (N, stated) and a null cabane height off a high wing
  ok     G185: parasol position + cabane height
  ok     G185: cabane style rides with the parasol
  ok     G185: ailerons off -> span 0
  ok     G185: one plane and the truss rows at their defaults (stated) with w2On off
  ok     G185: the second plane carries its own rows
  ok     G185: the truss keys map (I strut at 0.55, flying wires only)
  ok     fairing switch -> gear.fairing (G121.1)
  ok     third-wheel switch -> gear.twFairing (G121.2)
  ok     leg-fairing switches -> gear.legFair / twLegFair (G133)
  ok     droplet sliders -> gear.fairTail / twFairTail (G133)
  ok     fairing build row -> gear.fairMat (G133)
  ok     drawn shock -> gear.suspension (G132)
  ok     drawn blade -> prop D / blades / material (G132)
  ok     pitch stays the design tile's alone — the join claims no twist
  ok     prop material map total over the 8 finishes, every entry a real row
  ok     every drawn shock kind is a real GEN_SUSPENSION row
  ok     control surfaces pass
  ok     preset -> registry key
  ok     registry row exists
  ok     registry row for "continental A-65"
  ok     registry row for "continental O-200"
  ok     registry row for "lycoming IO-360"
  ok     registry row for "jabiru 2200"
  ok     registry row for "VW 2180"
  ok     registry row for "flat twin"
  ok     registry row for "flat six"
  ok     registry row for "rotax 912 (flat)"
  ok     registry row for "rotax 277"
  ok     registry row for "rotax 582"
  ok     registry row for "Verner Scarlett 7U"
  ok     registry row for "Rotec R3600"
  ok     registry row for "P&W R-985"
  ok     registry row for "P&W R-1830"
  ok     registry row for "Walter Mikron III"
  ok     registry row for "DH Gipsy Major"
  ok     registry row for "Hirth HM 508D"
  ok     registry row for "Argus As 10C"
  ok     registry row for "lycoming O-320"
  ok     registry row for "lycoming O-540"
  ok     registry row for "continental IO-550"
  ok     registry row for "lycoming IO-720"
  ok     registry row for "rotax 915 iS"
  ok     registry row for "Ranger L-440"
  ok     registry row for "Continental W-670"
  ok     registry row for "Jacobs R-755"
  ok     registry row for "Vedeneyev M-14P"
  ok     registry row for "P&W R-1340"
  ok     registry row for "rotax 503"
  ok     registry row for "EMRAX 268"
  ok     registry row for "P&W PT6A-42"
  ok     registry row for "P&W PT6A-60A"
  ok     registry row for "RC 2212 outrunner"
  ok     registry row for "RC 6374 outrunner"
  ok     registry row for "e-PPG 12 kW"
  ok     registry row for "FES sustainer"
  ok     registry row for "EMRAX 228"
  ok     registry row for "pipistrel E-811"
  ok     registry row for "SP260D-class"
  ok     registry row for "P&W PT6A-114A"
  ok     registry row for "P&W PT6A-34"
  ok     gear measurements pass (wheelR, not contactR)
  ok     measured third wheel passes (G51)
  ok     cabin envelope passes
  ok     tail arm passes
  ok     tail-end section passes (G49)
  ok     cowl deck passes (G49)
  ok     pillar proportions pass (G52)
  ok     wing station passes (G52)
  ok     mains station passes (G52)
  ok     ride height passes (G53)
  ok     shape family passes (G54)
  ok     boom profile passes (G54.1)
  ok     tail surfaces pass (G54.3)
  ok     P1: the areas, the mean chords, the dorsal and the control chords pass
  ok     P4: the measured tapers pass
  ok     seating + pilots pass (sectioned)
  ok     capacity + occupancy pass (G180: seats 4, occupied 1,1,0,0, pax 0)
  ok     spec.cage rides along
  ok     resolveSpec + genFrame -> finite CG, mass 563 kg
  ok     engine survives normalisation
  ok     RESOLVED cab halfW = measured 0.52, not auto
  ok     RESOLVED cab h = measured 1.21, not auto
  ok     RESOLVED tail arm = measured 5.1, not auto
  ok     RESOLVED tail-end section = measured (tailY 0)
  ok     RESOLVED cowl deck = measured 0.66, not auto
  ok     RESOLVED pillar proportions = measured, len not auto
  ok     RESOLVED fairing = spat, through the clamp
  ok     RESOLVED third-wheel fairing = full, through the clamp
  ok     RESOLVED fairing state 0 -> none
  ok     RESOLVED fairing state 2 -> full
  ok     RESOLVED fairing instruments = drawn, through the clamp
  ok     RESOLVED out-of-range droplet clamps to 1.60, unknown layup -> glass
  ok     RESOLVED suspension = drawn oleo, through the clamp
  ok     RESOLVED suspension state 0 -> spring
  ok     RESOLVED suspension state 1 -> bungee
  ok     RESOLVED suspension from leg kind 0 -> spring
  ok     RESOLVED suspension from leg kind 2 -> oleo
  ok     RESOLVED prop = drawn 3-blade carbon 2.10 m
  ok     RESOLVED prop name derived from the drawn blade: 3-blade carbon 2.10 m
  ok     RESOLVED post gap = measured 0.42
  ok     RESOLVED wing LE station = measured 0.55, not auto
  ok     RESOLVED mains station = measured 0.82
  ok     RESOLVED seating side2, crew 2
  ok     RESOLVED capacity 4 off cabin.seats (not the table's 2), two aboard off the list (G180)
  ok     RESOLVED gear track + wheelR = measured
  ok     RESOLVED ride height = measured -0.31, not auto (G53)
  ok     RESOLVED shape family = measured boom
  ok     RESOLVED boom profile = measured rows, clamped envelope
  ok     RESOLVED tail surfaces = measured, stations not auto
  ok     P1 RESOLVED: Sh 2.1 / Sv 0.99 stand (not auto), mean chords, dorsal 0.12, control chords 0.38 / 0.31
  ok     P1 FRAME: the stab strips sum to Sh 2.1 and the fin strip is Sv 0.99 (2.1000 / 0.9900)
  ok     P1 FRAME: the measured (smaller) control chords reach the tau (0.489 < 0.500, 0.483 < 0.550)
  ok     P4 FRAME: the tail has spar nodes (HF 6, HR 6, VF 3, VR 3) and one tip a side
  ok     P4 FRAME: the tip nodes and the apex are made before their spars (the first-tagged rule)
  ok     P4 FRAME: 156 tail-class members, none of the tail on the fuselage class
  ok     P4 FRAME: every stab and fin strip names its four spar nodes
  ok     P4 FRAME: the trusses stand on the measured tapers (0.6 / 0.7)
  ok     P4 FRAME: the front spar carries through (HF0L–HF0R)
  ok     P4: the strips keep their kind
  ok     FRAME mid-boom floor follows the measured profile (0.280 vs 0.280)
  ok     RESOLVED tailwheel station/height/radius = measured
  ok     RESOLVED contactR derives from the measured wheelR
  ok     measurement-less export still builds
  ok     a P without skinOn writes no covering
  ok     skinOn 1 -> fuselage.covering skin (stated)
  ok     glazeOn 1 / 0 -> cabin.glazing glass / none (both stated)
  ok     wgCons 0 / 1 -> wings[0].material null / carbon (both stated)
  ok     finCons / stCons 0 -> the tail materials null (stated)
  ok     skinOn 0 -> fuselage.covering open
  ok     RESOLVED covering = open
  ok     an open frame is lighter than the covered one (562.7 -> 549.8 kg)
  ok     an open frame is draggier (fusCdA 0.510 -> 0.958 m2)
  ok     a nonsense covering clamps to skin
  ok     a P without the tile writes no material; with it, the tile's (undefined)
  ok     intCons 0 -> fuselage.material carbon
  ok     RESOLVED material = carbon
  ok     intCons 1 -> fuselage.material tubeFabric
  ok     RESOLVED material = tubeFabric
  ok     intCons 2 -> fuselage.material wood
  ok     RESOLVED material = wood
  ok     intCons 3 -> fuselage.material alloy
  ok     RESOLVED material = alloy
  ok     intCons 4 -> fuselage.material aluTube
  ok     RESOLVED material = aluTube
  ok     an alloy fuselage is heavier than the tube one (45.7 -> 80.7 kg)
  ok     an out-of-range tile clamps to the last row (aluTube since G466)
  ok     default mount: nose, no station written
  ok     engMount 1 -> pusher at the drawn station
  ok     RESOLVED engAt = the drawn pusher station
  ok     pusher frame: two mount nodes at x 3.1 (13.0/13.0 kg of blades), the engine (65.5 kg) on its CG node 0.23 m ahead of the flange
  ok     a pusher is one engine
  ok     engMount 3 -> a wing pair, |z| 2.1
  ok     wing pair: nEngines 2, mirrored nacelle nodes at |z| 2.1
  ok     engRotate 1 -> port +1, starboard -1 (tops inward)
  ok     RESOLVED: the pair keeps its hands and stays mirrored in everything else
  ok     engAt carries side (-1 port, +1 starboard) and sense
  ok     engRotate 2 -> tops outward
  ok     refs.engineOf: node 0 (port, z < 0) is engine 0, node 1 is engine 1
  ok     params.engines carries side and sense to the viewer
  ok     levers null: two equal engines, thrust their sum (3132 N)
  ok     starboard lever at 50 %: half the port thrust (1566 / 783 N)
  ok     a cut engine makes no thrust, the other still does
  ok     port thrust alone is a real yaw moment (3289 N m)
  ok     the nose swings on one engine (-171.7 deg in 3 s)
  ok     levers null again: even again
  ok     engMount 2 -> over the wing, pylon 0.4, station derived
  ok     RESOLVED over-the-wing engine sits a pylon above the deck (1.71 m)
  ok     over-the-wing frame: mount nodes above the cabin
  ok     boomX -> tail.type twinBoom
  ok     RESOLVED Sv = two measured fins (1.440)
  ok     P1: a measured twin Sv (the join doubled the drawn fin) stands over the twin rule
  ok     a twin-boom spec builds
  ok     the frame has two booms: the stab nodes at ±boomX, a fin node a boom
  ok     default glazing writes nothing
  ok     glazeOn 0 -> cabin.glazing none
  ok     an open cockpit is lighter (562.7 -> 556.1 kg)
  ok     a nonsense glazing clamps to glass
  ok     a flat stab writes no tail.type
  ok     cant 35 -> tail.type v, vAngle 35
  ok     RESOLVED type v, vG = 35 deg
  ok     RESOLVED V-tail keeps the measured projection 2.4 (2.400)
  ok     RESOLVED V panel area = (span / cos) x chord
  ok     P1: a measured V Svt 2.2 stands and its mean chord is Svt over the uncanted span
  ok     V-tail frame builds, and has no FIN node
  ok     a 10 deg dihedral stab is not a V
  ok     engineFacts land as engines[0].custom
  ok     the preset key survives as the fallback row
  ok     RESOLVED pplant flies the custom facts under the honest name
  ok     an unpriced custom row takes the market curve
  ok     a custom-engined spec builds to a finite CG
  ok     no facts -> no custom row (the registry preset flies)
  ok     G199.3: unmeasured post rows are not written (the save's own stand)
  ok     G199.3: unmeasured tail surface rows are not written
  ok     G199.5: the cage's boom construction reaches the spec (rod / loft / twin)
  ok     G199.5: ...and survives resolveSpec
  ok     G199.5: the rod boom builds the same lattice (nodes and members)
  ok     G199.5: every boom member carries ONE rodBoomK (1.000, the rule says computed) on k and its root on c, nothing else moved (77 boom, 284 other)
  ok     G199.5: the stiffening weighs nothing
  ok     G199.5: a cage without a boomStyle row declares a loft
  ok     G199.5: turned to 4, every boom member is 4x (the switch works)
  ok     G209: the PORT aileron (the cage's "ailR", at +z) goes DOWN for da > 0 (roll right)
  ok     G209: the starboard aileron goes UP for da > 0
  ok     G209: both flaps go DOWN for flap > 0
  ok     G209: the elevator goes UP for de > 0 (nose up), no second drive on a flat stab
  ok     G209: the rudder swings to PORT (+z) for dr > 0 (nose left)
  ok     G209: a raked post hinges along its rake; the twin-boom's second rudder reads as a rudder
  ok     G209: a cranked panel's aileron hinges along its own root, within 1 deg, either side
  ok     G209: ...and still antisymmetric: port down, starboard up for da > 0
  ok     G209: past 20 deg of cant both panels answer the rudder too, hinged along the canted root
  ok     G209: V-tail de > 0: both panels UP
  ok     G209: V-tail dr > 0 (nose left): port panel DOWN, starboard UP, both trailing edges to port
  ok     G209: 10 deg of stab dihedral is not a V-tail
  ok     P1: the vertex heuristic puts a horn-balanced rudder's pivot in the HORN (x -0.125)
  ok     P1: the declared plane puts it on the post (x 0.000), axis up the post, drive and sign unchanged
  ok     P1: a declared plane that catches no vertex falls back to the heuristic, and says so
  ok     P1: the real horn-cut rudder (448 verts) pivots ON the declared plane (0.0025 m off), axis along the pitched post
  ok     P1: ...where the vertex heuristic had put it 0.321 m forward, in the horn
  ok     G209: the measured cant makes the spec a V-tail
  ok     G209: V-tail dr > 0 yaws nose LEFT (1482)
  ok     G209: V-tail de > 0 pitches nose UP (2147)
  ok     G300: a partOf tag names the part, whatever the mesh is called
  ok     G300: ...and on a single boom it still names it (the join finds no such part and keeps it static)
  ok     G300: a boom fitting names its boom
  ok     G300: the tail light names the rudder
  ok     G267.2: the fin skin is a part on twin booms only
  ok     G300: the root fillet belongs to the fin on twin booms
  ok     the surfaces, links and the castor match by name as before
  ok     the wheels and the prop match by name as before
  ok     the struts and the engine units carry their members
  ok     an unknown name, an unnamed group and a stab skin on a single boom keep walking (static)
  ok     G1283: the wing envelope has its one home (GEN_WING_ENVELOPE.xLE)
  ok     G1283: the station-cut row speaks exactly where the resolver cuts xLE (10/10 probes)
  ok     G1283: a wing drawn 0.35 m ahead of the firewall flies at the envelope's -0.2 m and says so
  ok     G1283: a station inside the envelope flies as measured, in silence
  ok     G1283: no core loaded, no claim
GATE JOIN: PASS
=== BENCH ===
THE SHEET
  ok   drawPlaque prints 48 literal rows
  ok   every row has an explanation
  ok   every section heading has its line
  ok   the energy section's two headings are explained
  ok   climb bound 0.5 m/s, red below it
  ok   take-off run 500 / 1100 m
  ok   static margin 0.05 / 0
  ok   crosswind 4 / 2 m/s
  ok   prop clearance 0.12 / 0.05 m
  ok   the four loading corners left the plaque
  ok   the bench check runs without the corners
  ok   judge: climb
  ok   judge: take-off run
  ok   judge: static margin
  ok   the band bar's marker stays on the bar and its zone is the judge's
  ok   the marker moves monotonically with the value
  ok   the sheet renders headings and rows
  ok   a red row carries its fix in the hover text
  ok   a judged row carries its band bar
  ok   no row went unexplained
THE WORD
  ok   a new colour, a new finish and a new name keep the fingerprint
  ok   a longer wing changes it
  ok   a cage row changes it
  ok   the hash is eight hex digits and stable
  ok   FNV-1a reference values
  ok   the cosmetic set is paint, finish, meta
  ok   a tank hue, tint or finish keeps it
  ok   the panel bezel keeps it
  ok   the lights, who is aboard, a view toggle and a look row keep it
  ok   a cage row added at its default keeps it
  ok   the key order keeps it
  ok   a float printed to the last digit keeps it
  ok   a cage row moved off its default changes it
  ok   a row put back to its default changes it (it was moved)
  ok   a vessel capacity changes it
  ok   the systems fit changes it
  ok   without defaults every row counts (a core-only caller)
  ok   the scheme is named in the tag
  ok   canonical JSON sorts keys at every depth
  ok   fpNow reads the default aeroplane garage.js publishes
  ok   another PHYSICS_V is another fingerprint, the same one the same
  ok   the versions are folded in (a bare context reads v0|p0)
  ok   the dirty hook compares fingerprints
  ok   the restore withdraws a changed, unstamped or old-scheme certificate instead of stamping the live fingerprint on it
  ok   a withdrawn certificate is kept, struck through
  ok   every settled result is dated
  ok   BENCH_STATE carries the advised trim only from a live, accepted flight
  ok   roll-out seeds the hand from the advised trim
  ok   the pilot publishes the trim it held
  ok   trim words in clicks of 0.02
THE STRIP
  ok   the phase strip knows all 19 pilot phases
  ok   the crosswind leg is cruise, taxi and stopped map to their steps (A9: the ladder has its own card)
  ok   all six roundels draw on a stub context
  ok   the master roundel draws: AIRWORTHY, 250 mm, on page 7
  ok   the master is dated by the last GATING certificate (a rating does not date it)
  ok   a roundel is a disc with lettering round it
  ok   one sticker per declared test, and every test has one (six: the crosswind's A9, the hydroplane's S1 G451.1)
  ok   six 120 mm roundels in a 0.87 m strip
  ok   no decal block = the rear fuselage under the registration
  ok   the fin place (box side frame), fine-tuned, smaller, turned
  ok   with a measured fin, the strip is centred on its chord 0.35 m under the top
  ok   without a chord, hung short of the top's station
  ok   no decal block = the master 250 mm, one roundel wide
  ok   the master on the fin, fine-tuned, bigger, turned — on its own keys
  ok   the master off hides the master and not the strip
  ok   with a measured wing, the strip lies across the span on its chord station
  ok   stickers shown off = no strip
  ok   five named places, each with surfaces and a projection
  ok   the sticker keys are decal defaults, so they ride finish.decals — and the default place is the fin
  ok   the master keys are decal defaults too (the rear fuselage under the registration), with their panel rows
  ok   the panel has a stickers block and the finish view a heading for it
  ok   the strip lives on atlas page 6 (0 reg, 1-2 images, 3-5 the kit)
  ok   the shader has the eighth decal slot (the strip and the master)
  ok   aeroDecalsFor takes the stickers through the hook, with the decal block
  ok   the manifest carries plaque.js, stickers.js, bench_worker.js, bench.js and bench.css
  ok   the editor can be asked to rebuild its decal list
THE THREAD
  ok   the worker imports this module and the core bundle, and names the rig and the ladder
  ok   the page backend steps under a frame's budget
  ok   the rig's thread is killed at every way out (5 sites), with terminate()
  ok   the certificate fails on a break-up or the tip cap, never on the yield proxy
  ok   the proxy is reported as a warning, named for what it is
  ok   the fix line names rows that exist (fixation, construction, span), not a deeper spar
  ok   the advisor's levers are the wing page's rows; thickness and spar stations are not offered (measured useless / worse)
  ok   a cantilever aluminium wing is offered struts, carbon and a metre off — not aluminium again
  ok   a wing that follows an aluminium fuselage is not offered aluminium either (genSurfKey decides)
  ok   the advisor runs after the verdict through the bridge, line by line
  ok   a lever line names the row and the tip it buys
  ok   the test flight is a flown card: it hands off to the game
  ok   an arrival on the pilot awards, with the landing run and the trim
  ok   a refusal is a failed test with its reason
  ok   an arrival by hand awards, and carries no trim reading
  ok   logFlight hands every flight to the bench; the offscreen circuit is gone
  ok   the game pilot publishes the trim it held (the advisor reads the real flight now)
  ok   the director cuts on the phases and a framing pick ends it
  ok   2x steps twice a frame (twice what the real time owes, G586), refuses floats, drops itself
  ok   the crosswind is its own advisory card
  ok   the verdict names the limit and every rung
  ok   under the plaque's bar it says why, with the first failed rung
  ok   the probe publishes its rungs as they land (read-only)
  ok   the plaque has the crosswind section, from the card's sheet
  ok   the worker's run is the rig: same verdict, same tip (HELD, 1.022 %)
THE FLIGHT
  ok   the default garage build leaves LIFTOFF for CLIMB within 40 s of lifting off (10 s)
  ok   it flies the whole circuit and stops: completed — ROLL LIFTOFF CLIMB CRUISE TURNBACK INBOUND APPROACH FLARE ROLLOUT STOPPED
  ok   with a landing run (296 m)
THE FIRST FLIGHT
  ok   an unarmed arrival settles the flight certificate on the roll-out's fingerprint (161a1797)
  ok   the award card shows on the first arrival and not again (1, then 0)
  ok   the reload restores it valid, with its first day
  ok   NEGATIVE: the pre-G700 arrival (fingerprinted out in the world) is lost on the reload (certified before fingerprints)
  ok   app.js rollOut fingerprints the aeroplane before it closes the editor

109/109 checks
GATE BENCH: PASS
[run_gates] 7/10 jobs done · running SOAR 330 s, LOAD 153 s, SIMWORKER 57 s
=== SIMWORKER ===
1 THE BLOB (simHostSource in a worker-like global)
  ok   the Blob imports sim_host.js and the built core by URL next to the page, versioned (src/viewer/sim_host.js?v=B1, tools/flight_core.js?v=c0re)
  ok   the Blob's host flies 120 steps of the analytic world to the page's bits
1b THE STALL (the Blob's host on a fake clock: a 60 Hz page, a 60 s freeze, the page back)
  at the freeze: step 359, 3.602 m/s (60 s of that is 216 m); held after 15 steps, 0.904 m on; the page back: 58 steps in its first second (at most 1 a turn), stalls 1, 59.767 s let go
  ok   a 60 s page freeze: the host HOLDS 250 ms past the last beat (15 steps), the aeroplane 0.904 m from where the page last drew it (< 3; 216 m unheld)
  ok   the page back: the flight goes on from where it held at real time (58 steps in the first second, at most 1 a turn) - the 59.767 s lost not owed, no teleport
the page's world (the whole boot): 6492 ms
2 LOCKSTEP (600 steps a build, Jolene + premises, HOME's stand)
  the host: init 6302 ms, the trimmed boot 79.0 MiB
  ok   stock: the host's aeroplane is the page's (93:9e392758, 93 nodes, 70 substeps)
  ok   stock: every step's FNV(p, v) equal, 0..600 (final f2b3de3f, page 3974 ms)
  ok   stock: the view's p at the newest snapshot is the page's, bit for bit
  ok   stock: cgPos / cgVel / totalM are the solver's (-138.761, 31.594, 683.507; 496.38 kg)
  ok   stock: axes and bodyOrigin are the solver's
  ok   stock: wheels (3) and the strain are the solver's
  ok   stock: out is the solver's (V 3.480 m/s, thrust 36.284 N)
  ok   stock: fuel, eng and the levers are the solver's (fuel 32.386 kg, engine running)
  ok   stock: the pilot's snapshot is the pilot's (TAXI, t 9.500 s)
  ok   stock: the world-version counter moved with the day (0 -> 1), no command late, step index 600
  ok   the view interpolates at T less its delay (1.50 steps) in its ring of 5: alpha 0.500 halfway between the two newest, 0.750 between the 4th and 3rd newest 2.25 steps back, clamped to the ring's oldest and the newest snapshot
  ok   cessnaMetal: the host's aeroplane is the page's (103:9a3abdb3, 103 nodes, 120 substeps)
  ok   cessnaMetal: every step's FNV(p, v) equal, 0..600 (final cbccf99f, page 4884 ms)
  ok   cessnaMetal: the view's p at the newest snapshot is the page's, bit for bit
  ok   cessnaMetal: cgPos / cgVel / totalM are the solver's (-137.493, 31.700, 679.036; 883.37 kg)
  ok   cessnaMetal: axes and bodyOrigin are the solver's
  ok   cessnaMetal: wheels (3) and the strain are the solver's
  ok   cessnaMetal: out is the solver's (V 3.455 m/s, thrust 0.000 N)
  ok   cessnaMetal: fuel, eng and the levers are the solver's (fuel 20.119 kg, engine running)
  ok   cessnaMetal: the pilot's snapshot is the pilot's (TAXI, t 9.500 s)
  ok   cessnaMetal: the world-version counter moved with the day (1 -> 2), no command late, step index 600
3 REAL TIME (3.5 s on the host's own clock, a 60 Hz render loop busy 8 ms a frame)
  the page frozen 1.5 s: 14 steps while it was (held), 30 in the half second after; 1 stall, 1.270 s let go
  ok   the worker thread holds through a 1.5 s page freeze (14 steps, <= 21) and goes on after it (30 steps in 0.5 s, 1.270 s let go)
  transport: a 4.6 KB snapshot buffer there and back (transferred) p50 0.017 / p99 0.448 ms
  a snapshot's one-way latency (published -> taken; the render loop is busy 8 ms of each frame) p50 1.808 / p90 4.026 / max 72.119 ms
  the pose age at the render (now less when the host held the drawn state; interpolated at T - 1 step) p50 41.896 / p90 62.008 ms
  the render thread's physics: take 0.074 / max 0.357 ms a snapshot, frame 0.080 / max 1.033 ms a frame
  the host: 252 steps in 3.5 s + the freeze, step 4.963 ms (eased), dilation 0.991, dropped 0.033 s (1 turns), 248 snapshots, buffers allocated 1 (1 after the first second), 239 frames drawn
  ok   the host's clock ran (252 steps, 248 snapshots)
  ok   every action applied once and logged with its step (start@16, impulse@58, manual@88, hand@88, manual@136, setDay@166)
  ok   the view: no stray step, the same aeroplane, not diverged
  ok   the host's log replayed inline reproduces all 248 published snapshots to the bit
4 THE BOOT
  ok   the page's fetch path (the manifest, gzip through DecompressionStream) gives island_node's bytes, key for key (2065 ms)
  NB the page's own boot after its makeWorld: grid.ttype stamped in place (27_premises stampTtype) - never hand the host a boot a world was made on
  ok   the trimmed boot: the height tree + cover / canopy / coast / lake / ttype, no albedo, tint, ori1, ndvi or far tree
  decoded: trimmed 79.0 MiB of the whole boot's 180.9 MiB (ARCH §1.6 estimated 70-80 MB)
5 THE BUILD
  ok   tools/build.js MANIFEST.viewer.scripts carries sim_host.js and sim_view.js
  ok   index.html publishes SIM_HOST (the starter, the Blob's source) and SIM_VIEW
  ok   the host's thread raised nothing

35 checks, 0 failed, 69.4 s
GATE SIMWORKER: PASS
[run_gates] 8/10 jobs done · running SOAR 360 s, LOAD 183 s
[run_gates] 8/10 jobs done · running SOAR 390 s, LOAD 213 s
[run_gates] 9/10 jobs done · running SOAR 420 s
[run_gates] 9/10 jobs done · running SOAR 450 s
[run_gates] 9/10 jobs done · running SOAR 480 s
[run_gates] 9/10 jobs done · running SOAR 510 s
[run_gates] 9/10 jobs done · running SOAR 540 s
[run_gates] 9/10 jobs done · running SOAR 570 s
[run_gates] 9/10 jobs done · running SOAR 600 s
=== SOAR ===
the motorglider: mass 284 kg, Vs 15.3, Vbg 20.6 m/s, L/D 15.1, sinkBg 1.36 m/s, sinkMin 1.20
S1. still air
  ok   the sim stays finite
  ok   flown sink 1.37 m/s at 21.3 m/s vs the sheet's 1.36 (within 25 %)
S2. the ridge
  the face at (8700, -5900) slope 0.247, ground 91 m, the crest 400 m east at 290 m
  the band at 80 m over the face: (8700, -6050) ground 86 m, 3.98 m/s in the 8 m/s ridge day; the beat flies it at 206 m (2.93 m/s there against 1.36 of sink)
  ok   both runs stay finite
  ok   on the ridge the energy height goes 234 -> 246 m over 230 s (12 m, mean vs 0.04, mean updraft 1.51)
  ok   with the terrain term off it goes 190 -> 121 m (-69 m, mean vs -0.24) and is down at 119 m, the surface under it 119 m (water), on the face's own 86
  ok   and it is still flying the face (224 m, the ground under it 86)
S3. the thermal
  the column at (-5868, -5942) tops at 2071 m, peaks 4.75 m/s; 5.72 m/s where the glider is put in, against 1.20 of sink at Vms
  circling at 41° and 15.7 m/s: a 29 m radius inside a 128 m core
  ok   both runs stay finite
  ok   it stays on the column: never more than 163 m off its axis (the core is 128)
  ok   in the thermal it climbs 0.85 m/s (the air under it averaging 2.98)
  ok   with the thermals off the same circle sinks -2.05 m/s - a banked turn's own polar
  ok   the column is worth 2.90 m/s of climb
  ok   and it GAINS 113 m in 200 s (899 -> 1013) where the same circle without the columns loses 417
  ok   the netto vario reads the AIR to -0.32 m/s of the field itself on the mean of 169 samples (the instantaneous spread 0.98: a turn's load factor is not on a wings-level polar)
GATE SOAR: PASS
=== FLEX ===
--- shard 0/3 (219.8 s) ---
FLEX — deflection, torsion, softness and load margin.

REALITY (handbook / static-test class figures, for comparison only):
  strut-braced light aircraft, wing tip deflection    ~0.3-1 % of semispan at 1 g
                                                      ~2-4 %  at 3.8 g limit load
  glass sailplane (the bendiest certified thing)      ~4-6 %  at 1 g
  GA wing torsional twist, root to tip, full aileron  ~1-2 deg
  elastic strain limits: 4130 0.22 %  2024-T3 0.47 %  spruce 0.36 %  carbon 1.1 %  6061-T6 0.40 %

GARAGE (generated — `lin` closes to an area, so softness and yield margin follow):
  GEN 4130 tube + fabric semispan 5.00 m
    tip deflection      0.25 % of semispan at 1 g      1.08 % at 3.8 g (EXTRAP)   slope   0.30 %/g   (n measured to 1.7)
    cruise hold         0.24 % at n=1.03   peak-to-peak 0.02 %   twist 0.08 deg
    torsion (static)    0.20 deg @200 N.m     0.40 @400   doubling 1.98x  linear
    torsion (flight)    0.08 deg root->tip under full aileron   (CONFOUNDED by any departure — read the static row)
    fus      peak load     4.28 kN   peak strain   0.65 %   A 0.74 cm2   soft x  18 (x8..x149)   load/yield   12.6 %
    gear     peak load     0.14 kN   peak strain   0.62 %   A 1.34 cm2   soft x 807 (x529..x3389)   load/yield    0.2 %
    tail     peak load     0.59 kN   peak strain   0.64 %   A 0.16 cm2   soft x  16 (x5..x335)   load/yield    8.1 %
    wing     peak load     4.90 kN   peak strain   0.18 %   A 0.79 cm2   soft x   3 (x1..x43)   load/yield   13.5 %
    wire     peak load     1.95 kN   peak strain   0.11 %   A 0.20 cm2   soft x   2 (x2..x2)   load/yield   20.8 %
  GEN carbon + epoxy     semispan 5.00 m
    tip deflection      0.11 % of semispan at 1 g      0.49 % at 3.8 g (EXTRAP)   slope   0.13 %/g   (n measured to 1.7)
    cruise hold         0.12 % at n=1.04   peak-to-peak 0.01 %   twist 0.01 deg
    torsion (static)    0.13 deg @200 N.m     0.25 @400   doubling 1.98x  linear
    torsion (flight)    0.02 deg root->tip under full aileron   (CONFOUNDED by any departure — read the static row)
    fus      peak load     4.44 kN   peak strain   0.47 %   A 2.45 cm2   soft x  30 (x19..x230)   load/yield    1.2 %
    gear     peak load     0.23 kN   peak strain   0.15 %   A 5.48 cm2   soft x 418 (x271..x1759)   load/yield    0.0 %
    tail     peak load     0.58 kN   peak strain   0.36 %   A 0.57 cm2   soft x  11 (x3..x235)   load/yield    0.7 %
    wing     peak load     5.49 kN   peak strain   0.07 %   A 2.84 cm2   soft x   2 (x1..x30)   load/yield    1.3 %
    wire     peak load     0.30 kN   peak strain   0.02 %   A 0.57 cm2   soft x   5 (x5..x5)   load/yield    0.4 %
GARAGE MATRIX — static structure across the configuration space.
  torsion deg @200 / @400 N.m antisymmetric tip couple; doubling < 1.80x = near a mechanism.
  bend = tip rise, % of semispan, under 2 kN DISTRIBUTED over the stations.
  stock                    semi  5.00 m  p3  tors   0.20 /   0.40  bend    0.2 %  doubling 1.98x
  high cantilever          semi  5.00 m  p3  tors   0.40 /   0.81  bend    1.7 %  doubling 2.02x
  low cantilever           semi  5.00 m  p3  tors   0.41 /   0.82  bend    1.7 %  doubling 2.01x
  jodel crank              semi  5.00 m  p3  tors   0.24 /   0.47  bend    0.7 %  doubling 2.00x
  c172ish hybrid           semi  5.00 m  p3  tors   0.36 /   0.72  bend    0.9 %  doubling 2.00x
  strut panels 2           semi  6.50 m  p2  tors   0.30 /   0.59  bend    0.2 %  doubling 2.00x
  cantilever span 14       semi  7.00 m  p3  tors   0.89 /   1.79  bend    2.0 %  doubling 2.01x
  tubeFabric cantilever    semi  6.50 m  p3  tors   0.84 /   1.62  bend    2.0 %  doubling 1.93x
  carbon cantilever        semi  6.50 m  p3  tors  -0.05 /  -0.10  bend    0.5 %  the root turns with the ring: the box, not the wing — not rated
  sesquiplane              semi  4.50 m  p3  tors   0.02 /   0.03  bend    0.2 %  below the 0.05 deg floor — too stiff to rate
  biplane 14 m             semi  7.00 m  p3  tors   0.31 /   0.62  bend    0.2 %  doubling 2.00x
  9 of 11 configurations were stiff enough to need rating (the rest twist under 0.05 deg at 200 N.m) [shard 0/3].
  negative: 4 strut lower chords cut -> bend 87.8% (must exceed 8%)

  ok    no garage configuration is near a mechanism
  ok    every garage configuration built and measured
  ok    no garage configuration folds in bending
  ok    the bending net can catch the hinge (strut chords cut -> fold)
  ok    every airframe reached cruise and was measured
  ok    every measurement is finite
  ok    no airframe diverged during the sweep
  ok    instrument is deterministic
GATE FLEX: PASS
[stderr]
SHARD 0/3: 1 of 3 heavy jobs
--- shard 1/3 (165.1 s) ---
FLEX — deflection, torsion, softness and load margin.

REALITY (handbook / static-test class figures, for comparison only):
  strut-braced light aircraft, wing tip deflection    ~0.3-1 % of semispan at 1 g
                                                      ~2-4 %  at 3.8 g limit load
  glass sailplane (the bendiest certified thing)      ~4-6 %  at 1 g
  GA wing torsional twist, root to tip, full aileron  ~1-2 deg
  elastic strain limits: 4130 0.22 %  2024-T3 0.47 %  spruce 0.36 %  carbon 1.1 %  6061-T6 0.40 %

GARAGE (generated — `lin` closes to an area, so softness and yield margin follow):
  GEN spruce + ply       semispan 5.00 m
    tip deflection      0.48 % of semispan at 1 g      2.11 % at 3.8 g (EXTRAP)   slope   0.58 %/g   (n measured to 1.8)
    cruise hold         0.49 % at n=1.03   peak-to-peak 0.06 %   twist 0.05 deg
    torsion (static)    0.03 deg @200 N.m     0.06 @400   doubling 1.95x  linear
    torsion (flight)    0.07 deg root->tip under full aileron   (CONFOUNDED by any departure — read the static row)
    fus      peak load     4.55 kN   peak strain   1.97 %   A 11.11 cm2   soft x  37 (x10..x343)   load/yield   10.5 %
    gear     peak load     0.27 kN   peak strain   0.27 %   A 26.67 cm2   soft x 272 (x179..x1144)   load/yield    0.3 %
    tail     peak load     0.49 kN   peak strain   1.42 %   A 2.58 cm2   soft x  10 (x3..x217)   load/yield    4.9 %
    wing     peak load     5.50 kN   peak strain   0.33 %   A 12.89 cm2   soft x   2 (x0..x56)   load/yield   10.9 %
    wire     peak load     0.96 kN   peak strain   0.08 %   A 2.58 cm2   soft x   2 (x2..x2)   load/yield    9.5 %
  GEN 6061 tube + Dacron semispan 5.00 m
    tip deflection      0.68 % of semispan at 1 g      2.69 % at 3.8 g (EXTRAP)   slope   0.72 %/g   (n measured to 1.8)
    cruise hold         0.61 % at n=1.03   peak-to-peak 0.17 %   twist 0.20 deg
    torsion (static)    0.76 deg @200 N.m     1.51 @400   doubling 1.98x  linear
    torsion (flight)    0.05 deg root->tip under full aileron   (CONFOUNDED by any departure — read the static row)
    fus      peak load     4.47 kN   peak strain   1.29 %   A 1.56 cm2   soft x  22 (x7..x202)   load/yield   10.4 %
    gear     peak load     0.31 kN   peak strain   1.19 %   A 2.78 cm2   soft x1084 (x722..x4461)   load/yield    0.4 %
    tail     peak load     1.32 kN   peak strain   2.73 %   A 0.30 cm2   soft x  19 (x6..x403)   load/yield   16.1 %
    wing     peak load     4.65 kN   peak strain   0.57 %   A 1.48 cm2   soft x   5 (x2..x104)   load/yield   11.4 %
    wire     peak load     5.73 kN   peak strain   0.38 %   A 0.30 cm2   soft x   1 (x1..x1)   load/yield   70.1 %
GARAGE MATRIX — static structure across the configuration space.
  torsion deg @200 / @400 N.m antisymmetric tip couple; doubling < 1.80x = near a mechanism.
  bend = tip rise, % of semispan, under 2 kN DISTRIBUTED over the stations.
  cargo bay + 60 kg        semi  5.00 m  p3  tors   0.17 /   0.34  bend    0.2 %  doubling 1.98x
  mid wing                 semi  5.00 m  p3  tors   0.41 /   0.82  bend    1.7 %  doubling 2.01x
  parasol                  semi  5.00 m  p3  tors  -0.02 /  -0.03  bend    0.1 %  the root turns with the ring: the box, not the wing — not rated
  crank + cantilever       semi  5.00 m  p3  tors   0.38 /   0.75  bend    1.7 %  doubling 2.00x
  strut span 7             semi  3.50 m  p3  tors  -0.21 /  -0.41  bend    0.1 %  the root turns with the ring: the box, not the wing — not rated
  strut panels 5           semi  6.50 m  p5  tors   0.59 /   1.18  bend    0.3 %  doubling 1.99x
  cantilever panels 2      semi  6.50 m  p2  tors   1.22 /   2.45  bend    1.9 %  doubling 2.01x
  wood cantilever          semi  6.50 m  p3  tors   0.18 /   0.36  bend    1.6 %  doubling 1.97x
  aluTube cantilever       semi  6.50 m  p3  tors   1.85 /   3.73  bend    5.6 %  doubling 2.02x
  biplane I cantilever     semi  4.50 m  p3  tors   0.11 /   0.22  bend    0.8 %  doubling 2.00x
  biplane flying wires only semi  4.50 m  p3  tors   0.11 /   0.22  bend    0.6 %  doubling 2.01x
  9 of 11 configurations were stiff enough to need rating (the rest twist under 0.05 deg at 200 N.m) [shard 1/3].
  negative: 12 wires cut -> bend 0.78% (was 0.17%, must be 3x or more)

  ok    no garage configuration is near a mechanism
  ok    every garage configuration built and measured
  ok    no garage configuration folds in bending
  ok    the wires carry the wing (wires cut -> bend x3 or more)
  ok    every airframe reached cruise and was measured
  ok    every measurement is finite
  ok    no airframe diverged during the sweep
  ok    instrument is deterministic
GATE FLEX: PASS
[stderr]
SHARD 1/3: 1 of 3 heavy jobs
--- shard 2/3 (177.0 s) ---
FLEX — deflection, torsion, softness and load margin.

REALITY (handbook / static-test class figures, for comparison only):
  strut-braced light aircraft, wing tip deflection    ~0.3-1 % of semispan at 1 g
                                                      ~2-4 %  at 3.8 g limit load
  glass sailplane (the bendiest certified thing)      ~4-6 %  at 1 g
  GA wing torsional twist, root to tip, full aileron  ~1-2 deg
  elastic strain limits: 4130 0.22 %  2024-T3 0.47 %  spruce 0.36 %  carbon 1.1 %  6061-T6 0.40 %

GARAGE (generated — `lin` closes to an area, so softness and yield margin follow):
  GEN 2024 alloy sheet   semispan 5.00 m
    tip deflection      0.26 % of semispan at 1 g      1.12 % at 3.8 g (EXTRAP)   slope   0.31 %/g   (n measured to 1.7)
    cruise hold         0.27 % at n=1.04   peak-to-peak 0.03 %   twist 0.00 deg
    torsion (static)   -0.36 deg @200 N.m    -0.73 @400   doubling 2.01x  linear
    torsion (flight)    0.03 deg root->tip under full aileron   (CONFOUNDED by any departure — read the static row)
    fus      peak load     4.56 kN   peak strain   1.25 %   A 1.80 cm2   soft x  30 (x15..x236)   load/yield    7.3 %
    gear     peak load     0.18 kN   peak strain   0.23 %   A 3.96 cm2   soft x 314 (x202..x1331)   load/yield    0.1 %
    tail     peak load     0.56 kN   peak strain   0.65 %   A 0.40 cm2   soft x   7 (x2..x138)   load/yield    4.1 %
    wing     peak load     5.87 kN   peak strain   0.11 %   A 1.98 cm2   soft x   1 (x0..x18)   load/yield    8.6 %
    wire     peak load     0.27 kN   peak strain   0.03 %   A 0.40 cm2   soft x   4 (x4..x4)   load/yield    2.0 %
GARAGE MATRIX — static structure across the configuration space.
  torsion deg @200 / @400 N.m antisymmetric tip couple; doubling < 1.80x = near a mechanism.
  bend = tip rise, % of semispan, under 2 kN DISTRIBUTED over the stations.
  tricycle                 semi  5.00 m  p3  tors   0.21 /   0.41  bend    0.2 %  doubling 1.98x
  low wing                 semi  5.00 m  p3  tors   0.19 /   0.39  bend    0.2 %  doubling 2.02x
  winglet                  semi  5.00 m  p3  tors   0.25 /   0.50  bend    0.2 %  doubling 1.99x
  crank + strut stations   semi  5.00 m  p3  tors   0.34 /   0.69  bend    0.8 %  doubling 2.00x
  strut span 14            semi  7.00 m  p3  tors   0.64 /   1.28  bend    0.3 %  doubling 1.99x
  cantilever span 7        semi  3.50 m  p3  tors  -0.10 /  -0.20  bend    1.2 %  the root turns with the ring: the box, not the wing — not rated
  cantilever panels 5      semi  6.50 m  p5  tors   0.35 /   0.68  bend    2.6 %  doubling 1.91x
  alloy cantilever         semi  6.50 m  p3  tors  -0.18 /  -0.18  bend    0.7 %  the root turns with the ring: the box, not the wing — not rated
  biplane N + wires        semi  4.50 m  p3  tors   0.06 /   0.12  bend    0.2 %  doubling 2.00x
  biplane panels 5         semi  4.50 m  p5  tors   0.05 /   0.10  bend    0.1 %  doubling 2.00x
  8 of 10 configurations were stiff enough to need rating (the rest twist under 0.05 deg at 200 N.m) [shard 2/3].

TAIL ARM — the stab tips under the stab's 1 g share, the rest of the aeroplane on trestles
  stock (conventional)               sag     4 mm   rise   1.55 % of 4.01 m   roll  2.88 deg   76 substeps
  twin boom (matrix row)             sag     2 mm   rise   0.13 % of 3.58 m   roll  0.21 deg   80 substeps
  twin boom (the user's fixture)     sag     4 mm   rise   0.24 % of 3.49 m   roll  0.40 deg   98 substeps
  twin boom (the fixture, drawn root) sag     4 mm   rise   0.23 % of 4.04 m   roll  0.44 deg   97 substeps
    negative: twin boom as a truss, twinBoomK 1, no tube sag     9 mm   rise   0.62 % of 3.58 m   roll 15.70 deg   80 substeps

  ok    no garage configuration is near a mechanism
  ok    every garage configuration built and measured
  ok    no garage configuration folds in bending
  ok    tail arm: the stock tail is measured
  ok    tail arm: the twin boom holds its tail (sag <= 40 mm, rise <= 2.5 %, roll <= 4 deg)
  ok    tail arm: the twin boom does not buy its stiffness past 130 substeps
  ok    tail arm: the tube factor is live (K 1 reads 3x softer in rise or roll)
  ok    every airframe reached cruise and was measured
  ok    every measurement is finite
  ok    no airframe diverged during the sweep
  ok    instrument is deterministic
GATE FLEX: PASS
[stderr]
SHARD 2/3: 1 of 3 heavy jobs
=== LOAD ===
LOAD — the sandbag test. FAR 23 normal category: LIMIT +3.8 g (no permanent
set), ULTIMATE +5.7 g (no failure). Load laid out over the wing strips in
proportion to their area, applied against the aeroplane's own inertia, and
measured from the FREE-FALL jig shape. Deflection is % of semispan.

Real light aircraft, for scale: ~0.3-1 % of semispan at 1 g, ~2-4 % at limit.

airframe                     1.0 g    3.8 g LIMIT   5.7 g ULT    worst member @ult
  GEN tubeFabric strut         0.18 %      0.68 %        1.02 %     37% of yield (wing)   ok
  GEN tubeFabric cantilever    2.86 %     10.84 %       16.24 %    125% of yield (wing)   over yield
  GEN wood strut               0.22 %      0.82 %        1.23 %     37% of yield (wing)   ok
  GEN wood cantilever          2.11 %      7.90 %       11.73 %     99% of yield (wing)   ok
  GEN alloy strut              0.08 %      0.29 %        0.44 %     29% of yield (wing)   ok
  GEN alloy cantilever         1.01 %      3.81 %        5.70 %     82% of yield (wing)   ok
  GEN carbon strut             0.05 %      0.18 %        0.27 %      4% of yield (wing)   ok
  GEN carbon cantilever        0.61 %      2.33 %        3.49 %     13% of yield (wing)   ok
  GEN aluTube strut            0.53 %      2.01 %        3.03 %     39% of yield (wing)   ok
  GEN aluTube cantilever       6.92 %     25.38 %       36.82 %    113% of yield (wing)   over yield
  GEN tubeFabric biplane       0.24 %      1.17 %        1.80 %    168% of yield (wire)   over yield
  GEN wood biplane             0.20 %      1.02 %        1.58 %     16% of yield (wing)   ok

OVER YIELD AT ULTIMATE — reported, deliberately NOT gated:
    GEN tubeFabric cantilever — 125% of yield
    GEN aluTube cantilever — 113% of yield
    GEN tubeFabric biplane — 168% of yield
  The load is right and the force is right (the root bending moment
  checks out by hand), but the ALLOWABLE is coarse: `A = lin/rho` gives
  ONE area for the whole wing class, and the worst member here is not a
  spar cap — it is the 3.4 m LIFT STRUT, which a real aeroplane sizes
  separately. The wood row is the loud case because it pairs a big
  section (12.9 cm2) with a small allowable (39 MPa crushing), i.e. a
  WOODEN lift strut, which nobody builds: wooden aeroplanes use steel
  struts, and the Jodel is a cantilever precisely to avoid the joint.
  Gating this would be gating the proxy, not the aeroplane. What it is
  really saying is that strut sizing wants its own area, and that is a
  materials-model change, not a load-test result.

STOCK BUILD, right wing seen from the front, root -> tip.
Full height = 1.02 % of semispan (5.1 cm at the tip).
  5.7 g ULTIMATE   tip 1.02 % = 5.1 cm
                         ===
                     =======
                  ==========
               =============
             ===============
       =====================
    ========================
  3.8 g LIMIT   tip 0.68 % = 3.4 cm
                            
                            
                        ====
                   =========
               =============
         ===================
    ========================
  1.0 g level   tip 0.18 % = 0.9 cm
                            
                            
                            
                            
                            
                ============
    ========================

  spanwise profile (% of semispan), station z in metres:
    z           0.36   1.91   3.45   5.00
    1.0 g       0.00   0.04   0.12   0.18
    3.8 g       0.00   0.15   0.47   0.68
    5.7 g       0.00   0.23   0.71   1.02

THE TAIL — the stab under bags, the fin on its side, on every material
airframe                     surface   1.0 g    3.8 g LIMIT   5.7 g ULT    worst member @ult
  GEN tubeFabric             stab     1.14 %      4.24 %        6.06 %     25% of yield (tail)   ok
  GEN tubeFabric             fin     -0.21 %     -0.79 %       -1.18 %      9% of yield (wire)   ok
  GEN wood                   stab     0.86 %      3.24 %        4.74 %     26% of yield (tail)   ok
  GEN wood                   fin     -3.11 %    -11.66 %      -17.25 %     19% of yield (tail)   ok
  GEN alloy                  stab     0.55 %      2.10 %        3.14 %     20% of yield (tail)   ok
  GEN alloy                  fin     -0.75 %     -2.86 %       -4.28 %      5% of yield (tail)   ok
  GEN carbon                 stab     0.34 %      1.28 %        1.92 %      3% of yield (tail)   ok
  GEN carbon                 fin     -0.41 %     -1.54 %       -2.31 %      1% of yield (tail)   ok
  GEN aluTube                stab     1.91 %      6.61 %        8.87 %     24% of yield (tail)   ok
  GEN aluTube                fin     -0.54 %     -2.03 %       -3.05 %      2% of yield (tail)   ok
  TWIN BOOM tubeFabric       stab    -2.12 %     -6.39 %       -8.28 %     37% of yield (tail)   ok
  TWIN BOOM tubeFabric       fin     -0.50 %     -1.89 %       -2.83 %      4% of yield (tail)   ok
  V-TAIL tubeFabric          stab   *** NOT MEASURABLE: no HF/HR spar stations (the stab has no tagged truss on this airframe) — OWED (REVIEW D4: no spar truss)
  V-TAIL tubeFabric          fin    *** NOT MEASURABLE: no VF/VR spar stations (the fin has no tagged truss on this airframe) — OWED (REVIEW D4: no spar truss)

THE FIN'S SIDE DEFLECTION IS REPORTED, NOT GATED — the lattice has two
chords where the real fin has a skin (see the note in this file):
    tubeFabric fin — -1 % of its height at ultimate
    wood fin — -17 % of its height at ultimate
    alloy fin — -4 % of its height at ultimate
    carbon fin — -2 % of its height at ultimate
    aluTube fin — -3 % of its height at ultimate
    twin fin — -3 % of its height at ultimate
  GEN carbon strut: under the 0.05 % floor at 1 g — too stiff to rate
  GEN tubeFabric strut: wire-braced, bilinear by construction — held to "grows", not to linear
  GEN tubeFabric cantilever: wire-braced, bilinear by construction — held to "grows", not to linear
  GEN wood strut: wire-braced, bilinear by construction — held to "grows", not to linear
  GEN wood cantilever: wire-braced, bilinear by construction — held to "grows", not to linear
  GEN alloy strut: wire-braced, bilinear by construction — held to "grows", not to linear
  GEN alloy cantilever: wire-braced, bilinear by construction — held to "grows", not to linear
  GEN carbon cantilever: wire-braced, bilinear by construction — held to "grows", not to linear
  GEN aluTube strut: wire-braced, bilinear by construction — held to "grows", not to linear
  GEN aluTube cantilever: wire-braced, bilinear by construction — held to "grows", not to linear
  GEN tubeFabric biplane: wire-braced, bilinear by construction — held to "grows", not to linear
  GEN wood biplane: wire-braced, bilinear by construction — held to "grows", not to linear

  ok    every airframe survived the ultimate load
  ok    D4: the rig refuses the V-tail's stab and fin, naming the missing tag
  ok    P4: every tail surface survived its ultimate case
  ok    P4: the stab stays inside 10 % of its semispan at ultimate
  ok    deflection grows with load on every airframe
  ok    deflection scales with load (linear, +/-15%)
  ok    every case was measured
GATE LOAD: PASS

──────── summary ────────
UISMOKE   PASS   130.1 s
BUILD     PASS     1.8 s
JOIN      PASS     6.3 s
BENCH     PASS    53.8 s
SIMWORKER PASS    69.7 s
SOAR      PASS   623.7 s
FLEX      PASS   219.8 s  [3 shards]
LOAD      PASS   241.8 s
total           1347.0 s
wall             623.7 s  (jobs 4)

BATTERY: PASS
