Thu Oct  8 04:35:12 RST 2026
boxlock: CPU battery taken by DMG-WALL
tools/flight_core.js (2497.2 KB), index.html (12159.0 KB), dev.html (109.3 KB) — syntax OK, build c66acc0f9e1b (319 named inputs), 825 ms
Thu Oct  8 04:37:31 RST 2026
  crash 1 (the wing strike): {"br":55,"recs":126,"deadRecs":19,"deadTris":13195,"cutIdx":16092,"held":126,"torn":1843,"healLetGo":0}
  the skin off: {"recs":126,"deadRecs":19,"deadTris":13195,"cutIdx":0,"held":0,"torn":0,"healLetGo":0}
  the fresh flight, the skin on: {"over":false,"live":true,"br":0,"recs":126,"deadRecs":8,"deadTris":10529,"cutIdx":0,"held":0,"torn":0,"healLetGo":0}
  path B (crash -> the shed -> roll out): {"sameModel":true,"live":true,"oldRecsStale":0,"rollResets":0,"recs":126,"deadRecs":0,"deadTris":0,"cutIdx":0,"held":0,"torn":0,"healLetGo":0}
  ok    the fault turned the heal row red: THE LAST CRASH'S TEARS ON THE FRESH FLIGHT: 10529 torn in 8 records, 0 triangles cut from the drawn index
GATE DMGHEAL-SELFTEST: PASS
  crash 1 (the wing strike): {"br":55,"recs":126,"deadRecs":19,"deadTris":13195,"cutIdx":16092,"held":126,"torn":1843,"healLetGo":0}
  the skin off: {"recs":126,"deadRecs":19,"deadTris":13195,"cutIdx":0,"held":0,"torn":0,"healLetGo":0}
  the fresh flight, the skin on: {"over":false,"live":true,"br":0,"recs":126,"deadRecs":0,"deadTris":0,"cutIdx":0,"held":0,"torn":0,"healLetGo":126}
  path B (crash -> the shed -> roll out): {"sameModel":true,"live":true,"oldRecsStale":0,"rollResets":0,"recs":126,"deadRecs":0,"deadTris":0,"cutIdx":0,"held":0,"torn":0,"healLetGo":126}
  ok    the wing strike tore covering; the skin let go and Fly again: the fresh flight holds none of it
GATE DMGHEAL: PASS
broken 11: AXLEL-AXLER, S5BL-S5BR, S5BL-S6BR, HR-S6BL, HR-S6BR, TW-S6BL, TW-S6BR, TW-TPB, TW-TPT, TW-HTL, TW-HTR
inhSt {"places":11649,"tube":4561,"tubeFar":411,"cover":1617,"wall":4950,"wallFar":110,"rigid":0,"parts":0,"bigParts":0,"keep":0,"over8":259,"done":true,"tubeLoose":42,"tubePieces":1}
tube  {"name":"stube","strut":false,"places":4972,"tubeV":29316,"members":[["S6BL~S6TR",448],["S1BR~S1TR",235],["S1BL~S1TL",234],["S0BR~S0TR",221],["S0BL~S0TL",220],["S5BR~S5TR",187],["S5BL~S5TL",184],["WF~WF",160]],"nMembers":66,"kink":{"len":2.76,"restMax":1.229,"liveMax":1.228,"worstGrow":0.017}}
strut kinks over time [{"t":1.5,"worst":[]},{"t":2,"worst":[]},{"t":2.5,"worst":[]},{"t":3,"worst":[]},{"t":3.5,"worst":[]},{"t":4,"worst":[]},{"t":4.5,"worst":[]},{"t":5,"worst":[]},{"t":5.5,"worst":[]},{"t":6,"worst":[]}]
normals (live tris whose drawn normal turned against their face, by record:layer) {"stube:":{"tris":9724,"flips":0,"skew":2,"restBack":241},"scloth:":{"tris":7332,"flips":0,"skew":1,"restBack":4}}
──────── summary ────────
DMGSKIN   PASS    55.9 s
DMGUPLOAD PASS   515.4 s
DMGSKINGPU FAIL    45.9 s
DMGPAGEW  PASS   106.7 s
DMGWALL   PASS   276.5 s
total           1000.4 s
wall            1000.4 s  (jobs 4)

BATTERY: FAIL — never deliver red.
GATE DMGSKIN: PASS
GATE DMGUPLOAD: PASS
  FAIL  the shader's mirror = the CPU's exact riding: positions within 3024.0174 mm in the world over 3732648 vertex poses on 522 record-frames (33330 past both 0.1 mm and 8 float32 steps of the drawn
  FAIL  the normals within 91.5715 deg (bound 1 deg) (worst {"t":4.617,"mesh":"flapR","v":29,"lg":1.1086028173542788,"lt":1.0420251065274468}); 299280 degenerate (nought both ways)
  FAIL  the tear on the read-back places: 3278 torn (the CPU's full tear 3268): 0 it tore that this still draws (0 more gone here by an event instead), 3251 later (up to 4 frames), 27 earlier; the wor
  FAIL  the shader's mirror = the CPU's exact riding: positions within 6552.2261 mm in the world over 3346512 vertex poses on 468 record-frames (308379 past both 0.1 mm and 8 float32 steps of the draw
  FAIL  the normals within 113.9269 deg (bound 1 deg) (worst {"t":3.967,"mesh":"flapL","v":19,"lg":0.9500206606501619,"lt":1.0670592093161377}); 268320 degenerate (nought both ways)
  FAIL  the tear on the read-back places: 3461 torn (the CPU's full tear 3408): 17 it tore that this still draws (3 more gone here by an event instead), 3120 later (up to 121 frames), 341 earlier; the
  FAIL  the shader's mirror = the CPU's exact riding: positions within 387.0447 mm in the world over 3539580 vertex poses on 495 record-frames (28477 past both 0.1 mm and 8 float32 steps of the drawn 
  FAIL  the normals within 65.7268 deg (bound 1 deg) (worst {"t":2.583,"mesh":"skin","v":214,"lg":3.719191266494224,"lt":1.4476935050164854}); 283800 degenerate (nought both ways)
  FAIL  the tear on the read-back places: 5610 torn (the CPU's full tear 5621): 5 it tore that this still draws (18 more gone here by an event instead), 5588 later (up to 4 frames), 22 earlier; the wo
  FAIL  the incremental event (a record far from the break skipped, a near one re-made where touched) = the full event, byte for byte (every triangle's state and index; every place bound in both), at 
  FAIL  the tear on the read-back places: 359 torn (the CPU's full tear 359): 0 it tore that this still draws (0 more gone here by an event instead), 359 later (up to 7 frames), 0 earlier; the worst l
GATE DMGSKINGPU: FAIL
GATE DMGPAGEW: PASS
GATE DMGWALL: PASS
DMGSKINGPU FAIL    45.9 s
BATTERY: FAIL — never deliver red.
Thu Oct  8 04:51:55 RST 2026
boxlock: CPU battery released by DMG-WALL
