[19:39:12] loaded {"state":"ready","sec":14.5}
[19:39:18] rollOut "bGo"
[19:49:30] rolledOut null
[19:49:58] run 176.00000000230406
[19:50:02] skip "no button"
[19:52:03] lineupTrip null
[19:53:13] poll "Error: page: TypeError: FLIGHT_PROBE.agl is not a function\n    at <anonymous>:1:88"
[19:53:18] poll "Error: page: TypeError: FLIGHT_PROBE.agl is not a function\n    at <anonymous>:1:88"
[19:54:48] poll "Error: page: TypeError: FLIGHT_PROBE.agl is not a function\n    at <anonymous>:1:88"
[19:54:53] poll "Error: page: TypeError: FLIGHT_PROBE.agl is not a function\n    at <anonymous>:1:88"
[19:54:59] poll "Error: page: TypeError: FLIGHT_PROBE.agl is not a function\n    at <anonymous>:1:88"
[19:55:04] poll "Error: page: TypeError: FLIGHT_PROBE.agl is not a function\n    at <anonymous>:1:88"
[19:55:09] poll "Error: page: TypeError: FLIGHT_PROBE.agl is not a function\n    at <anonymous>:1:88"
[19:55:14] poll "Error: page: TypeError: FLIGHT_PROBE.agl is not a function\n    at <anonymous>:1:88"
[19:55:19] poll "Error: page: TypeError: FLIGHT_PROBE.agl is not a function\n    at <anonymous>:1:88"
[19:55:24] poll "Error: page: TypeError: FLIGHT_PROBE.agl is not a function\n    at <anonymous>:1:88"
[19:55:29] poll "Error: page: TypeError: FLIGHT_PROBE.agl is not a function\n    at <anonymous>:1:88"
[19:55:34] poll "Error: page: TypeError: FLIGHT_PROBE.agl is not a function\n    at <anonymous>:1:88"
[19:55:39] poll "Error: page: TypeError: FLIGHT_PROBE.agl is not a function\n    at <anonymous>:1:88"
[19:55:44] poll "Error: page: TypeError: FLIGHT_PROBE.agl is not a function\n    at <anonymous>:1:88"
[19:55:49] poll "Error: page: TypeError: FLIGHT_PROBE.agl is not a function\n    at <anonymous>:1:88"
[19:55:54] poll "Error: page: TypeError: FLIGHT_PROBE.agl is not a function\n    at <anonymous>:1:88"
[19:55:59] poll "Error: page: TypeError: FLIGHT_PROBE.agl is not a function\n    at <anonymous>:1:88"
[19:56:04] poll "Error: page: TypeError: FLIGHT_PROBE.agl is not a function\n    at <anonymous>:1:88"
[19:56:09] poll "Error: page: TypeError: FLIGHT_PROBE.agl is not a function\n    at <anonymous>:1:88"
[19:56:14] poll "Error: page: TypeError: FLIGHT_PROBE.agl is not a function\n    at <anonymous>:1:88"
[19:56:19] poll "Error: page: TypeError: FLIGHT_PROBE.agl is not a function\n    at <anonymous>:1:88"
[19:56:24] poll "Error: page: TypeError: FLIGHT_PROBE.agl is not a function\n    at <anonymous>:1:88"
[19:56:29] poll "Error: page: TypeError: FLIGHT_PROBE.agl is not a function\n    at <anonymous>:1:88"
[19:56:34] poll "Error: page: TypeError: FLIGHT_PROBE.agl is not a function\n    at <anonymous>:1:88"
[19:56:39] poll "Error: page: TypeError: FLIGHT_PROBE.agl is not a function\n    at <anonymous>:1:88"
