=== TOUR ===
--- shard 0/4 (702.7 s) ---
FAIL 1 w3 climb-out T1: nothing but the ground through the 1:15 surface, the ground <= 2.5 m  (+4.6 m, ground 75 m out)
  FAIL 1 mn_strip climb-out T0: nothing but the ground through the 1:15 surface, the ground <= 2.5 m  (+148 m, ground 1475 m out)
  FAIL 1 mn_strip climb-out T0: the 5.7 % final clears everything by 10 m  (-143.4 m (ground 1500 m out))
  FAIL 1 nv_strip approach k0: nothing but the ground through the 1:15 surface, the ground <= 2.5 m  (+18.6 m, forest 50 m out)
  FAIL 1 nv_strip approach k0: the 5.7 % final clears everything by 10 m  (-4.8 m (forest 50 m out))
  FAIL 1 nv_strip climb-out T1: nothing but the ground through the 1:15 surface, the ground <= 2.5 m  (+18.6 m, forest 50 m out)
  FAIL 1 nv_strip climb-out T1: the 5.7 % final clears everything by 10 m  (-4.8 m (forest 50 m out))
  FAIL 2 calibration: Jumbo Mine left south has the ridge through its climb-out  (+1 m 25 m out)
  FAIL 3a no water on a land strip, a turn pad or the mine's apron  (1826 wet samples, first w2 (825.5, -625.2))
  FAIL 3 the turn pads exist on this tree (25_airfield turnPadNodes, ISLAND-TOUR G1965)
  FAIL 3 the pads: Tamgas Hill, the altiport and East Point, both ends  (0 pads)
  FAIL 4 the mine's apron: a gravel apron surface with the gravel look  (missing)
  the user's Cub: HOME > w3 > tw_ski > mn_strip > w2 > HOME - NOT DONE, 2 legs, fuel left 23.6 L (634 s)
  FAIL 5 the user's Cub w3 > tw_ski: stopped at its To with no fault  (ground-loop: the nose 51.1 deg off the landing roll on tw_ski at 20.9 m/s; off-strip: the landing roll left tw_ski's box; crash: the damage ended the flight: a fus member broke; yield: 916 member(s) yielded (first: {"beam":110,"cls":"fus","t":715.4166666567547}); break: 14 member(s) broke; prop-strike: the propeller struck; dent: the airframe dented)
  FAIL 5 the user's Cub w3 > tw_ski: the final's lowest node 3 m over the ground and the forest  (1.7 m (ground, 885.1 m out))
  FAIL 5 the user's Cub: the tour is complete, back at HOME  (2 of 5 legs)
TOUR [shard 0/4]: 15 failed
GATE TOUR: FAIL (15)
[stderr]
SHARD 0/4: 1 of 4 heavy jobs
(exit code 1)
--- shard 1/4 (921.0 s) ---
the aluminium C172: HOME > w3 > tw_ski > w2 > HOME - NOT DONE, 1 legs, fuel left 24.2 L (907 s)
  FAIL 5 the aluminium C172 HOME > w3: stopped at its To with no fault  (off-strip: the landing roll left w3's box)
  FAIL 5 the aluminium C172: the tour is complete, back at HOME  (1 of 4 legs)
TOUR [shard 1/4]: 2 failed
GATE TOUR: FAIL (2)
[stderr]
SHARD 1/4: 1 of 4 heavy jobs
(exit code 1)
--- shard 2/4 (518.3 s) ---
the float Cessna: SEA > mk_sea > SEA - NOT DONE, 1 legs, fuel left 24.7 L (473 s)
  FAIL 5 the float Cessna SEA > mk_sea: stopped at its To with no fault  (yield: 43 member(s) yielded (first: {"beam":121,"cls":"fus","t":277.45805556375433}); dent: the airframe dented)
  FAIL 5 the float Cessna: the tour is complete, back at SEA  (1 of 2 legs)
TOUR [shard 2/4]: 2 failed
GATE TOUR: FAIL (2)
[stderr]
SHARD 2/4: 1 of 4 heavy jobs
(exit code 1)
--- shard 3/4 (731.1 s) ---
the user's Cub: HOME > nv_strip > mn_strip (720 s)
  INFO 6 East Point > Jumbo Mine (PILOT-ONE-2, owed): TAKES OFF - fold East Point into ORDERS.land
TOUR [shard 3/4]: 0 failed
GATE TOUR: PASS
[stderr]
SHARD 3/4: 1 of 4 heavy jobs

──────── summary ────────
TOUR      FAIL   921.0 s  [4 shards]
total            921.0 s
wall            1652.1 s  (jobs 2)

BATTERY: FAIL — never deliver red.
