mass 887.2 fuel 28 day null
  t 0.0 -> TAXI
  t 164.5 -> STOP
  t 165.5 -> HOLD
  t 167.5 -> ROLL
  t 177.9 -> LIFTOFF
  t 184.3 -> CLIMB
  t 202.1 -> ENROUTE
  t 218.5 -> DOWNWIND
  t 314.2 -> BASE
  t 346.4 -> FINAL
  t 467.2 -> FLARE
  t 469.7 -> ROLLOUT
  t 489.4 -> STOPPED
{"t":346.4,"ph":"FINAL","s":-4044,"agl":191.8,"V":41.57,"Vc":40.9,"thr":0.77,"de":0.074,"flap":0,"pitch":2.8,"thC":10.2,"vs":0.25,"wK":1,"y":238.8,"hP":262.1,"brake":0,"onG":0}
{"t":346.7,"ph":"FINAL","s":-4044,"agl":191.2,"V":41.27,"Vc":28.81,"thr":0.04,"de":0.02,"flap":0,"pitch":3.1,"thC":-5.6,"vs":0.95,"wK":0.87,"y":239,"hP":195.3,"brake":0,"onG":0}
{"t":347,"ph":"FINAL","s":-4044,"agl":190.6,"V":40.94,"Vc":28.81,"thr":0.04,"de":-0.004,"flap":0,"pitch":2,"thC":-6.6,"vs":1.06,"wK":0.73,"y":239.3,"hP":195.3,"brake":0,"onG":0}
{"t":347.2,"ph":"FINAL","s":-4044,"agl":190.3,"V":40.66,"Vc":28.81,"thr":0.04,"de":0.021,"flap":0,"pitch":0.2,"thC":-6.6,"vs":0.56,"wK":0.6,"y":239.5,"hP":195.3,"brake":0,"onG":0}
{"t":347.5,"ph":"FINAL","s":-4044,"agl":189.6,"V":40.44,"Vc":28.81,"thr":0.04,"de":0.017,"flap":0,"pitch":-1.2,"thC":-6.6,"vs":-0.26,"wK":0.5,"y":239.6,"hP":195.3,"brake":0,"onG":0}
{"t":347.8,"ph":"FINAL","s":-4044,"agl":188.2,"V":40.27,"Vc":28.81,"thr":0.04,"de":0.014,"flap":0,"pitch":-2.2,"thC":-6.6,"vs":-1.07,"wK":0.5,"y":239.4,"hP":195.3,"brake":0,"onG":0}
{"t":348,"ph":"FINAL","s":-4044,"agl":186.6,"V":40.15,"Vc":28.81,"thr":0.04,"de":0.02,"flap":0,"pitch":-3.1,"thC":-6.6,"vs":-1.84,"wK":0.5,"y":239,"hP":195.3,"brake":0,"onG":0}
{"t":348.3,"ph":"FINAL","s":-4044,"agl":184.8,"V":40.08,"Vc":28.81,"thr":0.04,"de":0.025,"flap":0,"pitch":-3.9,"thC":-6.6,"vs":-2.53,"wK":0.5,"y":238.4,"hP":195.3,"brake":0,"onG":0}
{"t":348.6,"ph":"FINAL","s":-4044,"agl":182.9,"V":40.05,"Vc":28.81,"thr":0.04,"de":0.032,"flap":0,"pitch":-4.6,"thC":-6.4,"vs":-3.15,"wK":0.5,"y":237.7,"hP":195.3,"brake":0,"onG":0}
{"t":348.8,"ph":"FINAL","s":-4044,"agl":180.9,"V":40.05,"Vc":28.81,"thr":0.04,"de":0.045,"flap":0,"pitch":-5.2,"thC":-5.4,"vs":-3.68,"wK":0.5,"y":236.7,"hP":195.3,"brake":0,"onG":0}
{"t":349.1,"ph":"FINAL","s":-4044,"agl":179.3,"V":40.08,"Vc":28.81,"thr":0.04,"de":0.05,"flap":0,"pitch":-5.4,"thC":-4.5,"vs":-4.09,"wK":0.5,"y":235.7,"hP":195.3,"brake":0,"onG":0}
{"t":349.4,"ph":"FINAL","s":-4044,"agl":176.8,"V":40.12,"Vc":28.81,"thr":0.04,"de":0.055,"flap":0,"pitch":-5.6,"thC":-3.8,"vs":-4.37,"wK":0.5,"y":234.6,"hP":195.3,"brake":0,"onG":0}
{"t":349.6,"ph":"FINAL","s":-4044,"agl":173.8,"V":40.17,"Vc":28.81,"thr":0.04,"de":0.06,"flap":0,"pitch":-5.6,"thC":-3.2,"vs":-4.54,"wK":0.5,"y":233.4,"hP":195.3,"brake":0,"onG":0}
{"t":349.9,"ph":"FINAL","s":-4044,"agl":171.8,"V":40.22,"Vc":28.81,"thr":0.04,"de":0.063,"flap":0,"pitch":-5.6,"thC":-2.8,"vs":-4.64,"wK":0.5,"y":232.2,"hP":195.3,"brake":0,"onG":0}
{"t":350.2,"ph":"FINAL","s":-4044,"agl":170.4,"V":40.27,"Vc":28.81,"thr":0.04,"de":0.066,"flap":0,"pitch":-5.5,"thC":-2.5,"vs":-4.68,"wK":0.5,"y":230.9,"hP":195.3,"brake":0,"onG":0}
{"t":350.4,"ph":"FINAL","s":-4044,"agl":169,"V":40.33,"Vc":28.81,"thr":0.04,"de":0.068,"flap":0,"pitch":-5.4,"thC":-2.3,"vs":-4.69,"wK":0.5,"y":229.7,"hP":195.3,"brake":0,"onG":0}
{"t":350.7,"ph":"FINAL","s":-4044,"agl":167,"V":40.38,"Vc":28.81,"thr":0.04,"de":0.07,"flap":0,"pitch":-5.3,"thC":-2.1,"vs":-4.68,"wK":0.5,"y":228.4,"hP":195.3,"brake":0,"onG":0}
{"t":351,"ph":"FINAL","s":-4043,"agl":165.1,"V":40.42,"Vc":28.81,"thr":0.04,"de":0.073,"flap":0,"pitch":-5.2,"thC":-1.9,"vs":-4.67,"wK":0.5,"y":227.2,"hP":195.3,"brake":0,"onG":0}
{"t":351.2,"ph":"FINAL","s":-4043,"agl":163.3,"V":40.47,"Vc":28.81,"thr":0.04,"de":0.076,"flap":0,"pitch":-5.1,"thC":-1.7,"vs":-4.67,"wK":0.5,"y":225.9,"hP":195.2,"brake":0,"onG":0}
{"t":351.5,"ph":"FINAL","s":-4042,"agl":161.9,"V":40.51,"Vc":28.81,"thr":0.04,"de":0.08,"flap":0,"pitch":-5,"thC":-1.5,"vs":-4.68,"wK":0.5,"y":224.7,"hP":195.2,"brake":0,"onG":0}
{"t":351.8,"ph":"FINAL","s":-4042,"agl":160.6,"V":40.55,"Vc":28.81,"thr":0.04,"de":0.085,"flap":0,"pitch":-5,"thC":-1.2,"vs":-4.71,"wK":0.5,"y":223.4,"hP":195.2,"brake":0,"onG":0}
{"t":352,"ph":"FINAL","s":-4041,"agl":159.5,"V":40.6,"Vc":28.81,"thr":0.04,"de":0.091,"flap":0,"pitch":-4.9,"thC":-0.9,"vs":-4.76,"wK":0.5,"y":222.2,"hP":195.1,"brake":0,"onG":0}
{"t":352.3,"ph":"FINAL","s":-4040,"agl":158.4,"V":40.65,"Vc":28.81,"thr":0.04,"de":0.097,"flap":0,"pitch":-4.9,"thC":-0.6,"vs":-4.8,"wK":0.5,"y":220.9,"hP":195.1,"brake":0,"onG":0}
{"t":352.6,"ph":"FINAL","s":-4038,"agl":157.4,"V":40.69,"Vc":28.81,"thr":0.04,"de":0.106,"flap":0,"pitch":-4.9,"thC":-0.4,"vs":-4.83,"wK":0.5,"y":219.6,"hP":195,"brake":0,"onG":0}
{"t":352.8,"ph":"FINAL","s":-4037,"agl":156.6,"V":40.73,"Vc":28.81,"thr":0.04,"de":0.118,"flap":0,"pitch":-5,"thC":-0.2,"vs":-4.82,"wK":0.5,"y":218.3,"hP":195,"brake":0,"onG":0}
{"t":353.1,"ph":"FINAL","s":-4035,"agl":154.9,"V":40.77,"Vc":28.81,"thr":0.04,"de":0.123,"flap":0,"pitch":-5.1,"thC":0,"vs":-4.78,"wK":0.5,"y":217,"hP":194.9,"brake":0,"onG":0}
{"t":353.4,"ph":"FINAL","s":-4033,"agl":152.6,"V":40.8,"Vc":28.81,"thr":0.04,"de":0.124,"flap":0,"pitch":-5.2,"thC":0,"vs":-4.7,"wK":0.5,"y":215.8,"hP":194.8,"brake":0,"onG":0}
{"t":353.6,"ph":"FINAL","s":-4030,"agl":149.8,"V":40.82,"Vc":28.81,"thr":0.04,"de":0.122,"flap":0,"pitch":-5.2,"thC":0.1,"vs":-4.64,"wK":0.5,"y":214.5,"hP":194.7,"brake":0,"onG":0}
{"t":353.9,"ph":"FINAL","s":-4027,"agl":146.3,"V":40.84,"Vc":28.81,"thr":0.04,"de":0.12,"flap":0,"pitch":-5.1,"thC":0.2,"vs":-4.61,"wK":0.5,"y":213.3,"hP":194.5,"brake":0,"onG":0}
{"t":354.2,"ph":"FINAL","s":-4024,"agl":143.9,"V":40.87,"Vc":28.81,"thr":0.04,"de":0.121,"flap":0,"pitch":-4.9,"thC":0.4,"vs":-4.61,"wK":0.5,"y":212.1,"hP":194.4,"brake":0,"onG":0}
{"t":354.4,"ph":"FINAL","s":-4021,"agl":139.6,"V":40.89,"Vc":28.81,"thr":0.04,"de":0.123,"flap":0,"pitch":-4.8,"thC":0.6,"vs":-4.62,"wK":0.5,"y":210.8,"hP":194.2,"brake":0,"onG":0}
{"t":354.7,"ph":"FINAL","s":-4017,"agl":135,"V":40.91,"Vc":28.81,"thr":0.04,"de":0.127,"flap":0,"pitch":-4.7,"thC":0.8,"vs":-4.61,"wK":0.5,"y":209.6,"hP":194.1,"brake":0,"onG":0}
{"t":355,"ph":"FINAL","s":-4014,"agl":131.3,"V":40.93,"Vc":28.81,"thr":0.04,"de":0.131,"flap":0,"pitch":-4.6,"thC":0.9,"vs":-4.59,"wK":0.5,"y":208.4,"hP":193.9,"brake":0,"onG":0}
{"t":355.2,"ph":"FINAL","s":-4009,"agl":126.5,"V":40.95,"Vc":28.81,"thr":0.04,"de":0.134,"flap":0,"pitch":-4.5,"thC":1,"vs":-4.54,"wK":0.5,"y":207.2,"hP":193.7,"brake":0,"onG":0}
{"t":355.5,"ph":"FINAL","s":-4005,"agl":122.6,"V":40.96,"Vc":28.81,"thr":0.04,"de":0.14,"flap":0,"pitch":-4.4,"thC":1.4,"vs":-4.48,"wK":0.5,"y":206,"hP":193.5,"brake":0,"onG":0}
{"t":355.8,"ph":"FINAL","s":-4000,"agl":119.1,"V":40.97,"Vc":28.81,"thr":0.04,"de":0.145,"flap":0,"pitch":-4.2,"thC":2,"vs":-4.4,"wK":0.5,"y":204.8,"hP":193.3,"brake":0,"onG":0}
{"t":356,"ph":"FINAL","s":-3995,"agl":116,"V":40.96,"Vc":28.81,"thr":0.04,"de":0.149,"flap":0,"pitch":-4,"thC":2.6,"vs":-4.29,"wK":0.5,"y":203.6,"hP":193.1,"brake":0,"onG":0}
{"t":356.3,"ph":"FINAL","s":-3990,"agl":113.1,"V":40.95,"Vc":28.81,"thr":0.04,"de":0.153,"flap":0,"pitch":-3.7,"thC":3.1,"vs":-4.15,"wK":0.5,"y":202.5,"hP":192.8,"brake":0,"onG":0}
{"t":356.6,"ph":"FINAL","s":-3984,"agl":109.6,"V":40.93,"Vc":28.81,"thr":0.04,"de":0.156,"flap":0,"pitch":-3.4,"thC":3.6,"vs":-4,"wK":0.5,"y":201.4,"hP":192.6,"brake":0,"onG":0}
{"t":356.8,"ph":"FINAL","s":-3979,"agl":106.5,"V":40.89,"Vc":28.81,"thr":0.04,"de":0.16,"flap":0,"pitch":-3.1,"thC":3.9,"vs":-3.84,"wK":0.5,"y":200.4,"hP":192.3,"brake":0,"onG":0}
{"t":357.1,"ph":"FINAL","s":-3973,"agl":104.6,"V":40.85,"Vc":28.81,"thr":0.04,"de":0.163,"flap":0,"pitch":-2.8,"thC":4.3,"vs":-3.67,"wK":0.5,"y":199.4,"hP":192,"brake":0,"onG":0}
{"t":357.4,"ph":"FINAL","s":-3966,"agl":103.6,"V":40.79,"Vc":28.81,"thr":0.04,"de":0.165,"flap":0,"pitch":-2.5,"thC":4.5,"vs":-3.48,"wK":0.5,"y":198.4,"hP":191.7,"brake":0,"onG":0}
{"t":357.6,"ph":"FINAL","s":-3960,"agl":104.1,"V":40.72,"Vc":28.81,"thr":0.04,"de":0.167,"flap":0,"pitch":-2.3,"thC":4.7,"vs":-3.29,"wK":0.5,"y":197.5,"hP":191.4,"brake":0,"onG":0}
{"t":357.9,"ph":"FINAL","s":-3953,"agl":105.1,"V":40.64,"Vc":28.81,"thr":0.04,"de":0.168,"flap":0,"pitch":-2,"thC":4.9,"vs":-3.11,"wK":0.5,"y":196.6,"hP":191.1,"brake":0,"onG":0}
{"t":358.2,"ph":"FINAL","s":-3946,"agl":105.9,"V":40.56,"Vc":28.81,"thr":0.04,"de":0.169,"flap":0,"pitch":-1.7,"thC":5,"vs":-2.93,"wK":0.5,"y":195.8,"hP":190.8,"brake":0,"onG":0}
{"t":358.4,"ph":"FINAL","s":-3939,"agl":106.3,"V":40.46,"Vc":28.81,"thr":0.04,"de":0.17,"flap":0,"pitch":-1.5,"thC":5.1,"vs":-2.75,"wK":0.5,"y":195.1,"hP":190.5,"brake":0,"onG":0}
{"t":358.7,"ph":"FINAL","s":-3931,"agl":107.8,"V":40.35,"Vc":28.81,"thr":0.04,"de":0.17,"flap":0,"pitch":-1.2,"thC":5.2,"vs":-2.59,"wK":0.5,"y":194.4,"hP":190.1,"brake":0,"onG":0}
{"t":359,"ph":"FINAL","s":-3924,"agl":110.9,"V":40.23,"Vc":28.81,"thr":0.04,"de":0.171,"flap":0,"pitch":-1,"thC":5.2,"vs":-2.45,"wK":0.5,"y":193.7,"hP":189.8,"brake":0,"onG":0}
{"t":359.2,"ph":"FINAL","s":-3916,"agl":114.7,"V":40.11,"Vc":28.81,"thr":0.04,"de":0.172,"flap":0,"pitch":-0.8,"thC":5.3,"vs":-2.31,"wK":0.5,"y":193.1,"hP":189.4,"brake":0,"onG":0}
{"t":359.5,"ph":"FINAL","s":-3908,"agl":117.5,"V":39.98,"Vc":28.81,"thr":0.04,"de":0.172,"flap":0,"pitch":-0.6,"thC":5.2,"vs":-2.19,"wK":0.5,"y":192.5,"hP":189.1,"brake":0,"onG":0}
{"t":359.8,"ph":"FINAL","s":-3900,"agl":118.7,"V":39.84,"Vc":28.81,"thr":0.04,"de":0.172,"flap":0,"pitch":-0.5,"thC":5.1,"vs":-2.08,"wK":0.5,"y":191.9,"hP":188.7,"brake":0,"onG":0}
{"t":360,"ph":"FINAL","s":-3892,"agl":117.9,"V":39.7,"Vc":28.81,"thr":0.04,"de":0.172,"flap":0,"pitch":-0.4,"thC":5,"vs":-2,"wK":0.5,"y":191.3,"hP":188.3,"brake":0,"onG":0}
{"t":360.3,"ph":"FINAL","s":-3883,"agl":115.3,"V":39.56,"Vc":28.81,"thr":0.04,"de":0.173,"flap":0,"pitch":-0.3,"thC":5,"vs":-1.93,"wK":0.5,"y":190.8,"hP":187.9,"brake":0,"onG":0}
{"t":360.6,"ph":"FINAL","s":-3874,"agl":112.4,"V":39.42,"Vc":28.81,"thr":0.04,"de":0.173,"flap":0,"pitch":-0.2,"thC":5,"vs":-1.87,"wK":0.5,"y":190.3,"hP":187.5,"brake":0,"onG":0}
{"t":360.8,"ph":"FINAL","s":-3866,"agl":110.2,"V":39.27,"Vc":28.81,"thr":0.04,"de":0.176,"flap":0,"pitch":-0.1,"thC":4.9,"vs":-1.83,"wK":0.5,"y":189.8,"hP":187.1,"brake":0,"onG":0}
{"t":361.1,"ph":"FINAL","s":-3857,"agl":109.4,"V":39.12,"Vc":28.81,"thr":0.04,"de":0.176,"flap":0,"pitch":0,"thC":4.9,"vs":-1.8,"wK":0.5,"y":189.3,"hP":186.7,"brake":0,"onG":0}
{"t":361.4,"ph":"FINAL","s":-3848,"agl":109.4,"V":38.98,"Vc":28.81,"thr":0.04,"de":0.178,"flap":0,"pitch":0,"thC":5,"vs":-1.77,"wK":0.5,"y":188.9,"hP":186.3,"brake":0,"onG":0}
{"t":361.6,"ph":"FINAL","s":-3839,"agl":109.6,"V":38.83,"Vc":28.81,"thr":0.04,"de":0.181,"flap":0,"pitch":0.1,"thC":5,"vs":-1.76,"wK":0.5,"y":188.4,"hP":185.9,"brake":0,"onG":0}
{"t":361.9,"ph":"FINAL","s":-3829,"agl":109.5,"V":38.69,"Vc":28.81,"thr":0.04,"de":0.181,"flap":0,"pitch":0.1,"thC":5,"vs":-1.76,"wK":0.5,"y":187.9,"hP":185.4,"brake":0,"onG":0}
{"t":362.1,"ph":"FINAL","s":-3820,"agl":109.4,"V":38.55,"Vc":28.81,"thr":0.04,"de":0.183,"flap":0,"pitch":0.2,"thC":5.1,"vs":-1.76,"wK":0.5,"y":187.5,"hP":185,"brake":0,"onG":0}
{"t":362.4,"ph":"FINAL","s":-3811,"agl":109.7,"V":38.41,"Vc":28.81,"thr":0.04,"de":0.181,"flap":0,"pitch":0.3,"thC":5.2,"vs":-1.77,"wK":0.5,"y":187,"hP":184.6,"brake":0,"onG":0}
{"t":362.7,"ph":"FINAL","s":-3801,"agl":110.1,"V":38.27,"Vc":28.81,"thr":0.04,"de":0.184,"flap":0,"pitch":0.4,"thC":5.3,"vs":-1.8,"wK":0.5,"y":186.5,"hP":184.1,"brake":0,"onG":0}
{"t":362.9,"ph":"FINAL","s":-3791,"agl":110.2,"V":38.14,"Vc":28.81,"thr":0.04,"de":0.189,"flap":0,"pitch":0.4,"thC":5.4,"vs":-1.84,"wK":0.5,"y":186,"hP":183.7,"brake":0,"onG":0}
{"t":363.2,"ph":"FINAL","s":-3782,"agl":109.9,"V":38,"Vc":28.81,"thr":0.04,"de":0.195,"flap":0,"pitch":0.5,"thC":5.6,"vs":-1.87,"wK":0.5,"y":185.5,"hP":183.2,"brake":0,"onG":0}
{"t":363.5,"ph":"FINAL","s":-3772,"agl":109.3,"V":37.88,"Vc":28.81,"thr":0.04,"de":0.201,"flap":0,"pitch":0.5,"thC":5.7,"vs":-1.88,"wK":0.5,"y":185,"hP":182.8,"brake":0,"onG":0}
{"t":363.7,"ph":"FINAL","s":-3762,"agl":108.4,"V":37.75,"Vc":28.81,"thr":0.04,"de":0.205,"flap":0,"pitch":0.4,"thC":5.8,"vs":-1.89,"wK":0.5,"y":184.5,"hP":182.4,"brake":0,"onG":0}
{"t":364,"ph":"FINAL","s":-3753,"agl":107.1,"V":37.62,"Vc":28.81,"thr":0.04,"de":0.209,"flap":0,"pitch":0.4,"thC":5.9,"vs":-1.88,"wK":0.5,"y":184,"hP":181.9,"brake":0,"onG":0}
{"t":364.3,"ph":"FINAL","s":-3743,"agl":105.5,"V":37.49,"Vc":28.81,"thr":0.04,"de":0.211,"flap":0,"pitch":0.4,"thC":5.9,"vs":-1.87,"wK":0.5,"y":183.5,"hP":181.5,"brake":0,"onG":0}
{"t":364.5,"ph":"FINAL","s":-3733,"agl":104,"V":37.36,"Vc":28.81,"thr":0.04,"de":0.213,"flap":0,"pitch":0.4,"thC":6,"vs":-1.87,"wK":0.5,"y":183,"hP":181,"brake":0,"onG":0}
{"t":364.8,"ph":"FINAL","s":-3723,"agl":102.5,"V":37.23,"Vc":28.81,"thr":0.04,"de":0.215,"flap":0,"pitch":0.4,"thC":6.1,"vs":-1.87,"wK":0.5,"y":182.5,"hP":180.5,"brake":0,"onG":0}
{"t":365.1,"ph":"FINAL","s":-3713,"agl":100.8,"V":37.11,"Vc":28.81,"thr":0.04,"de":0.218,"flap":0,"pitch":0.5,"thC":6.2,"vs":-1.88,"wK":0.5,"y":182,"hP":180.1,"brake":0,"onG":0}
{"t":365.3,"ph":"FINAL","s":-3703,"agl":98.1,"V":36.98,"Vc":28.81,"thr":0.04,"de":0.221,"flap":0,"pitch":0.5,"thC":6.3,"vs":-1.89,"wK":0.5,"y":181.5,"hP":179.6,"brake":0,"onG":0}
{"t":365.6,"ph":"FINAL","s":-3693,"agl":94.7,"V":36.86,"Vc":28.81,"thr":0.04,"de":0.224,"flap":0,"pitch":0.5,"thC":6.4,"vs":-1.9,"wK":0.5,"y":181,"hP":179.2,"brake":0,"onG":0}
{"t":365.9,"ph":"FINAL","s":-3683,"agl":90.9,"V":36.74,"Vc":28.81,"thr":0.04,"de":0.228,"flap":0,"pitch":0.6,"thC":6.5,"vs":-1.91,"wK":0.5,"y":180.5,"hP":178.7,"brake":0,"onG":0}
{"t":366.1,"ph":"FINAL","s":-3674,"agl":87.3,"V":36.62,"Vc":28.81,"thr":0.04,"de":0.231,"flap":0,"pitch":0.6,"thC":6.7,"vs":-1.92,"wK":0.5,"y":180,"hP":178.3,"brake":0,"onG":0}
{"t":366.4,"ph":"FINAL","s":-3664,"agl":84.9,"V":36.5,"Vc":28.81,"thr":0.04,"de":0.235,"flap":0,"pitch":0.6,"thC":6.8,"vs":-1.92,"wK":0.5,"y":179.5,"hP":177.8,"brake":0,"onG":0}
{"t":366.7,"ph":"FINAL","s":-3654,"agl":83.9,"V":36.38,"Vc":28.81,"thr":0.04,"de":0.238,"flap":0,"pitch":0.7,"thC":6.9,"vs":-1.92,"wK":0.5,"y":179,"hP":177.4,"brake":0,"onG":0}
{"t":366.9,"ph":"FINAL","s":-3644,"agl":84.6,"V":36.26,"Vc":28.81,"thr":0.04,"de":0.241,"flap":0,"pitch":0.7,"thC":7,"vs":-1.92,"wK":0.5,"y":178.5,"hP":176.9,"brake":0,"onG":0}
{"t":367.2,"ph":"FINAL","s":-3635,"agl":86.5,"V":36.14,"Vc":28.81,"thr":0.04,"de":0.244,"flap":0,"pitch":0.8,"thC":7.1,"vs":-1.92,"wK":0.5,"y":178,"hP":176.5,"brake":0,"onG":0}
{"t":367.5,"ph":"FINAL","s":-3625,"agl":89.3,"V":36.02,"Vc":28.81,"thr":0.04,"de":0.246,"flap":0,"pitch":0.8,"thC":7.2,"vs":-1.91,"wK":0.5,"y":177.4,"hP":176,"brake":0,"onG":0}
{"t":367.7,"ph":"FINAL","s":-3615,"agl":91.8,"V":35.91,"Vc":28.81,"thr":0.04,"de":0.249,"flap":0,"pitch":0.9,"thC":7.3,"vs":-1.91,"wK":0.5,"y":176.9,"hP":175.6,"brake":0,"onG":0}
{"t":368,"ph":"FINAL","s":-3606,"agl":92.6,"V":35.79,"Vc":28.81,"thr":0.04,"de":0.252,"flap":0,"pitch":0.9,"thC":7.4,"vs":-1.91,"wK":0.5,"y":176.4,"hP":175.2,"brake":0,"onG":0}
{"t":368.3,"ph":"FINAL","s":-3597,"agl":92.2,"V":35.67,"Vc":28.81,"thr":0.04,"de":0.255,"flap":0,"pitch":1,"thC":7.5,"vs":-1.9,"wK":0.5,"y":175.9,"hP":174.7,"brake":0,"onG":0}
{"t":368.5,"ph":"FINAL","s":-3587,"agl":91.7,"V":35.56,"Vc":28.81,"thr":0.04,"de":0.258,"flap":0,"pitch":1,"thC":7.6,"vs":-1.9,"wK":0.5,"y":175.4,"hP":174.3,"brake":0,"onG":0}
{"t":368.8,"ph":"FINAL","s":-3578,"agl":91.5,"V":35.44,"Vc":28.81,"thr":0.04,"de":0.261,"flap":0,"pitch":1.1,"thC":7.7,"vs":-1.89,"wK":0.5,"y":174.9,"hP":173.9,"brake":0,"onG":0}
{"t":369.1,"ph":"FINAL","s":-3569,"agl":92.2,"V":35.32,"Vc":28.81,"thr":0.04,"de":0.264,"flap":0,"pitch":1.2,"thC":7.8,"vs":-1.88,"wK":0.5,"y":174.4,"hP":173.5,"brake":0,"onG":0}
{"t":369.3,"ph":"FINAL","s":-3560,"agl":94.4,"V":35.2,"Vc":28.81,"thr":0.04,"de":0.266,"flap":0,"pitch":1.2,"thC":7.9,"vs":-1.86,"wK":0.5,"y":173.9,"hP":173.1,"brake":0,"onG":0}
{"t":369.6,"ph":"FINAL","s":-3551,"agl":97.5,"V":35.09,"Vc":28.81,"thr":0.04,"de":0.269,"flap":0,"pitch":1.3,"thC":8,"vs":-1.85,"wK":0.5,"y":173.4,"hP":172.7,"brake":0,"onG":0}
{"t":369.9,"ph":"FINAL","s":-3543,"agl":101.2,"V":34.97,"Vc":28.81,"thr":0.04,"de":0.271,"flap":0,"pitch":1.4,"thC":8.1,"vs":-1.83,"wK":0.5,"y":172.9,"hP":172.3,"brake":0,"onG":0}
{"t":370.1,"ph":"FINAL","s":-3534,"agl":105.3,"V":34.85,"Vc":28.81,"thr":0.04,"de":0.273,"flap":0,"pitch":1.5,"thC":8.2,"vs":-1.81,"wK":0.5,"y":172.4,"hP":171.9,"brake":0,"onG":0}
{"t":370.4,"ph":"FINAL","s":-3526,"agl":108.8,"V":34.72,"Vc":28.81,"thr":0.04,"de":0.275,"flap":0,"pitch":1.6,"thC":8.2,"vs":-1.74,"wK":0.5,"y":172,"hP":171.5,"brake":0,"onG":0}
{"t":370.7,"ph":"FINAL","s":-3518,"agl":111.3,"V":34.59,"Vc":28.81,"thr":0.04,"de":0.275,"flap":0,"pitch":1.6,"thC":8.1,"vs":-1.63,"wK":0.5,"y":171.5,"hP":171.1,"brake":0,"onG":0}
{"t":370.9,"ph":"FINAL","s":-3510,"agl":113,"V":34.45,"Vc":28.81,"thr":0.04,"de":0.27,"flap":0,"pitch":1.8,"thC":8,"vs":-1.49,"wK":0.5,"y":171.1,"hP":170.7,"brake":0,"onG":0}
{"t":371.2,"ph":"FINAL","s":-3502,"agl":114.6,"V":34.3,"Vc":28.81,"thr":0.04,"de":0.263,"flap":0,"pitch":1.9,"thC":7.7,"vs":-1.33,"wK":0.5,"y":170.7,"hP":170.4,"brake":0,"onG":0}
{"t":371.5,"ph":"FINAL","s":-3494,"agl":116.6,"V":34.14,"Vc":28.81,"thr":0.04,"de":0.255,"flap":0,"pitch":2.1,"thC":7.4,"vs":-1.17,"wK":0.5,"y":170.4,"hP":170,"brake":0,"onG":0}
{"t":371.7,"ph":"FINAL","s":-3486,"agl":118.3,"V":33.98,"Vc":28.81,"thr":0.04,"de":0.247,"flap":0,"pitch":2.4,"thC":7.2,"vs":-1.04,"wK":0.5,"y":170.1,"hP":169.7,"brake":0,"onG":0}
{"t":372,"ph":"FINAL","s":-3479,"agl":119.5,"V":33.81,"Vc":28.81,"thr":0.04,"de":0.241,"flap":0,"pitch":2.6,"thC":6.9,"vs":-0.95,"wK":0.5,"y":169.8,"hP":169.3,"brake":0,"onG":0}
{"t":372.3,"ph":"FINAL","s":-3471,"agl":120.3,"V":33.64,"Vc":28.81,"thr":0.04,"de":0.239,"flap":0,"pitch":2.8,"thC":6.8,"vs":-0.89,"wK":0.5,"y":169.6,"hP":169,"brake":0,"onG":0}
{"t":372.5,"ph":"FINAL","s":-3464,"agl":120.9,"V":33.48,"Vc":28.81,"thr":0.04,"de":0.24,"flap":0,"pitch":3,"thC":6.8,"vs":-0.88,"wK":0.5,"y":169.3,"hP":168.6,"brake":0,"onG":0}
{"t":372.8,"ph":"FINAL","s":-3456,"agl":121.4,"V":33.31,"Vc":28.81,"thr":0.04,"de":0.244,"flap":0,"pitch":3.1,"thC":6.8,"vs":-0.91,"wK":0.5,"y":169.1,"hP":168.3,"brake":0,"onG":0}
{"t":373.1,"ph":"FINAL","s":-3448,"agl":121.9,"V":33.16,"Vc":28.81,"thr":0.04,"de":0.249,"flap":0,"pitch":3.1,"thC":6.7,"vs":-0.97,"wK":0.5,"y":168.9,"hP":167.9,"brake":0,"onG":0}
{"t":373.3,"ph":"FINAL","s":-3441,"agl":122.4,"V":33,"Vc":28.81,"thr":0.04,"de":0.256,"flap":0,"pitch":3.1,"thC":6.8,"vs":-1.05,"wK":0.5,"y":168.6,"hP":167.6,"brake":0,"onG":0}
{"t":373.6,"ph":"FINAL","s":-3433,"agl":123.4,"V":32.86,"Vc":28.81,"thr":0.04,"de":0.264,"flap":0,"pitch":3,"thC":7,"vs":-1.15,"wK":0.5,"y":168.3,"hP":167.2,"brake":0,"onG":0}
{"t":373.9,"ph":"FINAL","s":-3425,"agl":124.5,"V":32.73,"Vc":28.81,"thr":0.04,"de":0.272,"flap":0,"pitch":2.9,"thC":7.2,"vs":-1.28,"wK":0.5,"y":168,"hP":166.8,"brake":0,"onG":0}
{"t":374.1,"ph":"FINAL","s":-3418,"agl":125.3,"V":32.6,"Vc":28.81,"thr":0.04,"de":0.281,"flap":0,"pitch":2.7,"thC":7.5,"vs":-1.41,"wK":0.5,"y":167.6,"hP":166.5,"brake":0,"onG":0}
{"t":374.4,"ph":"FINAL","s":-3410,"agl":125.9,"V":32.49,"Vc":28.81,"thr":0.04,"de":0.291,"flap":0,"pitch":2.6,"thC":7.8,"vs":-1.55,"wK":0.5,"y":167.2,"hP":166.1,"brake":0,"onG":0}
{"t":374.7,"ph":"FINAL","s":-3402,"agl":126.5,"V":32.39,"Vc":28.81,"thr":0.04,"de":0.301,"flap":0,"pitch":2.4,"thC":8.2,"vs":-1.69,"wK":0.5,"y":166.8,"hP":165.8,"brake":0,"onG":0}
{"t":374.9,"ph":"FINAL","s":-3394,"agl":127.3,"V":32.3,"Vc":28.81,"thr":0.04,"de":0.312,"flap":0,"pitch":2.3,"thC":8.6,"vs":-1.83,"wK":0.5,"y":166.3,"hP":165.4,"brake":0,"onG":0}
{"t":375.2,"ph":"FINAL","s":-3386,"agl":127.6,"V":32.21,"Vc":28.81,"thr":0.04,"de":0.322,"flap":0,"pitch":2.2,"thC":9,"vs":-1.95,"wK":0.5,"y":165.8,"hP":165,"brake":0,"onG":0}
{"t":375.5,"ph":"FINAL","s":-3378,"agl":127.2,"V":32.13,"Vc":28.81,"thr":0.04,"de":0.332,"flap":0,"pitch":2,"thC":9.4,"vs":-2.06,"wK":0.5,"y":165.3,"hP":164.7,"brake":0,"onG":0}
{"t":375.7,"ph":"FINAL","s":-3369,"agl":126.5,"V":32.06,"Vc":28.81,"thr":0.04,"de":0.341,"flap":0,"pitch":1.9,"thC":9.8,"vs":-2.14,"wK":0.5,"y":164.7,"hP":164.3,"brake":0,"onG":0}
{"t":376,"ph":"FINAL","s":-3361,"agl":126.1,"V":31.99,"Vc":28.81,"thr":0.04,"de":0.35,"flap":0,"pitch":1.8,"thC":10.1,"vs":-2.2,"wK":0.5,"y":164.1,"hP":163.9,"brake":0,"onG":0}
{"t":376.3,"ph":"FINAL","s":-3353,"agl":125.7,"V":31.93,"Vc":28.87,"thr":0.04,"de":0.35,"flap":0,"pitch":1.8,"thC":10.2,"vs":-2.25,"wK":0.5,"y":163.5,"hP":163.5,"brake":0,"onG":0}
{"t":376.5,"ph":"FINAL","s":-3345,"agl":124.9,"V":31.87,"Vc":29,"thr":0.04,"de":0.35,"flap":0,"pitch":1.7,"thC":10.2,"vs":-2.28,"wK":0.5,"y":162.9,"hP":163.1,"brake":0,"onG":0}
{"t":376.8,"ph":"FINAL","s":-3336,"agl":123.9,"V":31.81,"Vc":29.14,"thr":0.04,"de":0.35,"flap":0,"pitch":1.5,"thC":10.2,"vs":-2.31,"wK":0.5,"y":162.3,"hP":162.8,"brake":0,"onG":0}
{"t":377.1,"ph":"FINAL","s":-3328,"agl":123,"V":31.75,"Vc":29.27,"thr":0.04,"de":0.35,"flap":0,"pitch":1.4,"thC":10.2,"vs":-2.34,"wK":0.5,"y":161.7,"hP":162.4,"brake":0,"onG":0}
{"t":377.3,"ph":"FINAL","s":-3320,"agl":122.1,"V":31.7,"Vc":29.4,"thr":0.04,"de":0.35,"flap":0,"pitch":1.3,"thC":10.2,"vs":-2.35,"wK":0.5,"y":161.1,"hP":162,"brake":0,"onG":0}
{"t":377.6,"ph":"FINAL","s":-3311,"agl":120.9,"V":31.65,"Vc":29.54,"thr":0.04,"de":0.35,"flap":0,"pitch":1.2,"thC":10.2,"vs":-2.34,"wK":0.5,"y":160.5,"hP":161.6,"brake":0,"onG":0}
{"t":377.9,"ph":"FINAL","s":-3303,"agl":119.7,"V":31.6,"Vc":29.67,"thr":0.04,"de":0.35,"flap":0,"pitch":1.2,"thC":10.2,"vs":-2.32,"wK":0.5,"y":159.8,"hP":161.2,"brake":0,"onG":0}
{"t":378.1,"ph":"FINAL","s":-3294,"agl":118.8,"V":31.55,"Vc":29.8,"thr":0.04,"de":0.35,"flap":0,"pitch":1.2,"thC":9.7,"vs":-2.3,"wK":0.57,"y":159.2,"hP":158.8,"brake":0,"onG":0}
{"t":378.4,"ph":"FINAL","s":-3286,"agl":118.8,"V":31.5,"Vc":29.94,"thr":0.04,"de":0.35,"flap":0,"pitch":1.3,"thC":9.7,"vs":-2.27,"wK":0.71,"y":158.6,"hP":158.4,"brake":0,"onG":0}
{"t":378.7,"ph":"FINAL","s":-3277,"agl":119.6,"V":31.45,"Vc":30.07,"thr":0.08,"de":0.35,"flap":0,"pitch":1.6,"thC":9.7,"vs":-2.23,"wK":0.84,"y":158,"hP":158,"brake":0,"onG":0}
{"t":378.9,"ph":"FINAL","s":-3269,"agl":120.6,"V":31.43,"Vc":30.2,"thr":0.11,"de":0.341,"flap":0,"pitch":2,"thC":9.6,"vs":-2.14,"wK":0.97,"y":157.4,"hP":157.6,"brake":0,"onG":0}
{"t":379.2,"ph":"FINAL","s":-3261,"agl":121.9,"V":31.42,"Vc":30.34,"thr":0.14,"de":0.334,"flap":0,"pitch":2.5,"thC":9.4,"vs":-2.02,"wK":1,"y":156.9,"hP":157.2,"brake":0,"onG":0}
{"t":379.5,"ph":"FINAL","s":-3252,"agl":123.2,"V":31.42,"Vc":30.47,"thr":0.16,"de":0.335,"flap":0,"pitch":2.8,"thC":9.2,"vs":-1.88,"wK":1,"y":156.4,"hP":156.8,"brake":0,"onG":0}
{"t":379.7,"ph":"FINAL","s":-3244,"agl":124.7,"V":31.42,"Vc":30.6,"thr":0.18,"de":0.332,"flap":0,"pitch":3.1,"thC":8.9,"vs":-1.74,"wK":1,"y":155.9,"hP":156.4,"brake":0,"onG":0}
{"t":380,"ph":"FINAL","s":-3235,"agl":126.4,"V":31.42,"Vc":30.74,"thr":0.2,"de":0.328,"flap":0,"pitch":3.3,"thC":8.7,"vs":-1.59,"wK":1,"y":155.4,"hP":156.1,"brake":0,"onG":0}
{"t":380.3,"ph":"FINAL","s":-3227,"agl":128.3,"V":31.43,"Vc":30.87,"thr":0.22,"de":0.323,"flap":0,"pitch":3.6,"thC":8.3,"vs":-1.43,"wK":1,"y":155,"hP":155.7,"brake":0,"onG":0}
{"t":380.5,"ph":"FINAL","s":-3219,"agl":129.9,"V":31.43,"Vc":31,"thr":0.23,"de":0.318,"flap":0,"pitch":3.7,"thC":7.9,"vs":-1.26,"wK":1,"y":154.7,"hP":155.3,"brake":0,"onG":0}
{"t":380.8,"ph":"FINAL","s":-3210,"agl":131.2,"V":31.44,"Vc":31.14,"thr":0.24,"de":0.312,"flap":0,"pitch":3.9,"thC":7.5,"vs":-1.08,"wK":1,"y":154.4,"hP":154.9,"brake":0,"onG":0}
{"t":381.1,"ph":"FINAL","s":-3202,"agl":132,"V":31.44,"Vc":31.27,"thr":0.25,"de":0.304,"flap":0,"pitch":4,"thC":7,"vs":-0.91,"wK":1,"y":154.1,"hP":154.5,"brake":0,"onG":0}
{"t":381.3,"ph":"FINAL","s":-3193,"agl":132.6,"V":31.43,"Vc":31.4,"thr":0.27,"de":0.294,"flap":0,"pitch":4.1,"thC":6.4,"vs":-0.75,"wK":1,"y":153.9,"hP":154.1,"brake":0,"onG":0}
{"t":381.6,"ph":"FINAL","s":-3185,"agl":133.4,"V":31.43,"Vc":31.54,"thr":0.28,"de":0.284,"flap":0,"pitch":4.3,"thC":5.8,"vs":-0.62,"wK":1,"y":153.7,"hP":153.7,"brake":0,"onG":0}
{"t":381.9,"ph":"FINAL","s":-3176,"agl":134.5,"V":31.43,"Vc":31.67,"thr":0.29,"de":0.274,"flap":0,"pitch":4.4,"thC":5.3,"vs":-0.51,"wK":1,"y":153.5,"hP":153.3,"brake":0,"onG":0}
{"t":382.1,"ph":"FINAL","s":-3168,"agl":136,"V":31.43,"Vc":31.8,"thr":0.3,"de":0.265,"flap":0,"pitch":4.5,"thC":4.7,"vs":-0.42,"wK":1,"y":153.4,"hP":152.9,"brake":0,"onG":0}
{"t":382.4,"ph":"FINAL","s":-3159,"agl":137.4,"V":31.44,"Vc":31.94,"thr":0.31,"de":0.257,"flap":0,"pitch":4.5,"thC":4.1,"vs":-0.35,"wK":1,"y":153.3,"hP":152.6,"brake":0,"onG":0}
{"t":382.7,"ph":"FINAL","s":-3151,"agl":138.1,"V":31.45,"Vc":32.07,"thr":0.31,"de":0.25,"flap":0,"pitch":4.6,"thC":3.5,"vs":-0.3,"wK":1,"y":153.2,"hP":152.2,"brake":0,"onG":0}
{"t":382.9,"ph":"FINAL","s":-3143,"agl":138.2,"V":31.46,"Vc":32.2,"thr":0.32,"de":0.243,"flap":0,"pitch":4.5,"thC":2.9,"vs":-0.26,"wK":1,"y":153.2,"hP":151.8,"brake":0,"onG":0}
{"t":383.2,"ph":"FINAL","s":-3134,"agl":137.9,"V":31.48,"Vc":32.34,"thr":0.33,"de":0.237,"flap":0,"pitch":4.5,"thC":2.4,"vs":-0.24,"wK":1,"y":153.1,"hP":151.4,"brake":0,"onG":0}
{"t":383.5,"ph":"FINAL","s":-3126,"agl":138.1,"V":31.51,"Vc":32.47,"thr":0.33,"de":0.231,"flap":0,"pitch":4.4,"thC":1.9,"vs":-0.24,"wK":1,"y":153,"hP":151,"brake":0,"onG":0}
{"t":383.7,"ph":"FINAL","s":-3117,"agl":139.4,"V":31.54,"Vc":32.6,"thr":0.34,"de":0.225,"flap":0,"pitch":4.3,"thC":1.4,"vs":-0.24,"wK":1,"y":153,"hP":150.6,"brake":0,"onG":0}
{"t":384,"ph":"FINAL","s":-3109,"agl":141.7,"V":31.58,"Vc":32.74,"thr":0.34,"de":0.22,"flap":0,"pitch":4.2,"thC":0.9,"vs":-0.27,"wK":1,"y":152.9,"hP":150.2,"brake":0,"onG":0}
{"t":384.3,"ph":"FINAL","s":-3100,"agl":144.5,"V":31.62,"Vc":32.87,"thr":0.34,"de":0.215,"flap":0,"pitch":4,"thC":0.4,"vs":-0.3,"wK":1,"y":152.8,"hP":149.8,"brake":0,"onG":0}
{"t":384.5,"ph":"FINAL","s":-3092,"agl":149.4,"V":31.67,"Vc":33,"thr":0.35,"de":0.21,"flap":0,"pitch":3.8,"thC":0,"vs":-0.35,"wK":1,"y":152.7,"hP":149.4,"brake":0,"onG":0}
{"t":384.8,"ph":"FINAL","s":-3083,"agl":151.5,"V":31.73,"Vc":33.14,"thr":0.35,"de":0.206,"flap":0,"pitch":3.7,"thC":-0.4,"vs":-0.41,"wK":1,"y":152.6,"hP":149.1,"brake":0,"onG":0}
{"t":385.1,"ph":"FINAL","s":-3075,"agl":151.4,"V":31.8,"Vc":33.27,"thr":0.35,"de":0.202,"flap":0,"pitch":3.5,"thC":-0.7,"vs":-0.47,"wK":1,"y":152.5,"hP":148.7,"brake":0,"onG":0}
{"t":385.3,"ph":"FINAL","s":-3066,"agl":151.3,"V":31.87,"Vc":33.4,"thr":0.35,"de":0.199,"flap":0,"pitch":3.3,"thC":-1.1,"vs":-0.54,"wK":1,"y":152.4,"hP":148.3,"brake":0,"onG":0}
{"t":385.6,"ph":"FINAL","s":-3058,"agl":151.1,"V":31.95,"Vc":33.54,"thr":0.35,"de":0.196,"flap":0,"pitch":3.1,"thC":-1.3,"vs":-0.61,"wK":1,"y":152.2,"hP":147.9,"brake":0,"onG":0}
{"t":385.9,"ph":"FINAL","s":-3049,"agl":150.9,"V":32.04,"Vc":33.67,"thr":0.35,"de":0.194,"flap":0,"pitch":2.9,"thC":-1.6,"vs":-0.69,"wK":1,"y":152,"hP":147.5,"brake":0,"onG":0}
{"t":386.1,"ph":"FINAL","s":-3040,"agl":150.7,"V":32.13,"Vc":33.8,"thr":0.35,"de":0.191,"flap":0,"pitch":2.7,"thC":-1.8,"vs":-0.77,"wK":1,"y":151.9,"hP":147.1,"brake":0,"onG":0}
{"t":386.4,"ph":"FINAL","s":-3032,"agl":150.5,"V":32.22,"Vc":33.85,"thr":0.34,"de":0.191,"flap":0,"pitch":2.5,"thC":-1.9,"vs":-0.85,"wK":1,"y":151.6,"hP":146.7,"brake":0,"onG":0}
{"t":386.7,"ph":"FINAL","s":-3023,"agl":150.3,"V":32.31,"Vc":33.85,"thr":0.31,"de":0.193,"flap":0,"pitch":2.3,"thC":-1.9,"vs":-0.94,"wK":1,"y":151.4,"hP":146.3,"brake":0,"onG":0}
{"t":386.9,"ph":"FINAL","s":-3015,"agl":150,"V":32.38,"Vc":33.85,"thr":0.3,"de":0.194,"flap":0,"pitch":2.1,"thC":-1.9,"vs":-1.04,"wK":1,"y":151.1,"hP":145.9,"brake":0,"onG":0}
{"t":387.2,"ph":"FINAL","s":-3006,"agl":149.7,"V":32.45,"Vc":33.85,"thr":0.28,"de":0.196,"flap":0,"pitch":1.9,"thC":-2,"vs":-1.14,"wK":1,"y":150.8,"hP":145.5,"brake":0,"onG":0}
{"t":387.5,"ph":"FINAL","s":-2997,"agl":149.4,"V":32.52,"Vc":33.85,"thr":0.27,"de":0.198,"flap":0,"pitch":1.8,"thC":-1.9,"vs":-1.24,"wK":1,"y":150.5,"hP":145.1,"brake":0,"onG":0}
{"t":387.7,"ph":"FINAL","s":-2988,"agl":149.1,"V":32.58,"Vc":33.85,"thr":0.25,"de":0.2,"flap":0,"pitch":1.6,"thC":-1.9,"vs":-1.35,"wK":1,"y":150.2,"hP":144.7,"brake":0,"onG":0}
{"t":388,"ph":"FINAL","s":-2980,"agl":148.7,"V":32.64,"Vc":33.85,"thr":0.24,"de":0.202,"flap":0,"pitch":1.4,"thC":-1.8,"vs":-1.45,"wK":1,"y":149.8,"hP":144.3,"brake":0,"onG":0}
{"t":388.3,"ph":"FINAL","s":-2971,"agl":148.3,"V":32.7,"Vc":33.85,"thr":0.23,"de":0.204,"flap":0,"pitch":1.2,"thC":-1.8,"vs":-1.55,"wK":1,"y":149.4,"hP":143.9,"brake":0,"onG":0}
{"t":388.5,"ph":"FINAL","s":-2962,"agl":147.9,"V":32.76,"Vc":33.85,"thr":0.22,"de":0.206,"flap":0,"pitch":1.1,"thC":-1.7,"vs":-1.64,"wK":1,"y":149,"hP":143.5,"brake":0,"onG":0}
{"t":388.8,"ph":"FINAL","s":-2953,"agl":147.4,"V":32.82,"Vc":33.85,"thr":0.22,"de":0.208,"flap":0,"pitch":0.9,"thC":-1.5,"vs":-1.73,"wK":1,"y":148.5,"hP":143.1,"brake":0,"onG":0}
{"t":389.1,"ph":"FINAL","s":-2945,"agl":147,"V":32.88,"Vc":33.85,"thr":0.21,"de":0.211,"flap":0,"pitch":0.8,"thC":-1.4,"vs":-1.81,"wK":1,"y":148.1,"hP":142.7,"brake":0,"onG":0}
{"t":389.3,"ph":"FINAL","s":-2936,"agl":146.5,"V":32.94,"Vc":33.85,"thr":0.2,"de":0.213,"flap":0,"pitch":0.7,"thC":-1.3,"vs":-1.89,"wK":1,"y":147.6,"hP":142.3,"brake":0,"onG":0}
{"t":389.6,"ph":"FINAL","s":-2927,"agl":146,"V":33,"Vc":33.85,"thr":0.2,"de":0.215,"flap":0,"pitch":0.6,"thC":-1.1,"vs":-1.95,"wK":1,"y":147.1,"hP":141.9,"brake":0,"onG":0}
{"t":389.9,"ph":"FINAL","s":-2918,"agl":145.4,"V":33.05,"Vc":33.85,"thr":0.19,"de":0.217,"flap":0,"pitch":0.5,"thC":-1,"vs":-2.01,"wK":1,"y":146.5,"hP":141.5,"brake":0,"onG":0}
{"t":390.1,"ph":"FINAL","s":-2909,"agl":144.9,"V":33.11,"Vc":33.85,"thr":0.18,"de":0.219,"flap":0,"pitch":0.4,"thC":-0.8,"vs":-2.06,"wK":1,"y":146,"hP":141.1,"brake":0,"onG":0}
{"t":390.4,"ph":"FINAL","s":-2900,"agl":144.3,"V":33.16,"Vc":33.85,"thr":0.18,"de":0.221,"flap":0,"pitch":0.4,"thC":-0.7,"vs":-2.1,"wK":1,"y":145.4,"hP":140.6,"brake":0,"onG":0}
{"t":390.7,"ph":"FINAL","s":-2892,"agl":143.8,"V":33.21,"Vc":33.85,"thr":0.18,"de":0.223,"flap":0,"pitch":0.3,"thC":-0.5,"vs":-2.13,"wK":1,"y":144.9,"hP":140.2,"brake":0,"onG":0}
{"t":390.9,"ph":"FINAL","s":-2883,"agl":143.2,"V":33.26,"Vc":33.85,"thr":0.17,"de":0.225,"flap":0,"pitch":0.3,"thC":-0.4,"vs":-2.15,"wK":1,"y":144.3,"hP":139.8,"brake":0,"onG":0}
{"t":391.2,"ph":"FINAL","s":-2874,"agl":142.6,"V":33.31,"Vc":33.85,"thr":0.17,"de":0.226,"flap":0,"pitch":0.3,"thC":-0.2,"vs":-2.17,"wK":1,"y":143.7,"hP":139.4,"brake":0,"onG":0}
{"t":391.5,"ph":"FINAL","s":-2865,"agl":142.1,"V":33.35,"Vc":33.85,"thr":0.17,"de":0.227,"flap":0,"pitch":0.3,"thC":-0.1,"vs":-2.18,"wK":1,"y":143.1,"hP":139,"brake":0,"onG":0}
{"t":391.7,"ph":"FINAL","s":-2856,"agl":141.5,"V":33.39,"Vc":33.85,"thr":0.16,"de":0.228,"flap":0,"pitch":0.3,"thC":0,"vs":-2.18,"wK":1,"y":142.6,"hP":138.6,"brake":0,"onG":0}
{"t":392,"ph":"FINAL","s":-2847,"agl":140.9,"V":33.43,"Vc":33.85,"thr":0.16,"de":0.229,"flap":0,"pitch":0.3,"thC":0.1,"vs":-2.17,"wK":1,"y":142,"hP":138.2,"brake":0,"onG":0}
{"t":392.3,"ph":"FINAL","s":-2838,"agl":140.3,"V":33.47,"Vc":33.85,"thr":0.16,"de":0.23,"flap":0,"pitch":0.3,"thC":0.2,"vs":-2.16,"wK":1,"y":141.4,"hP":137.8,"brake":0,"onG":0}
{"t":392.5,"ph":"FINAL","s":-2829,"agl":139.7,"V":33.5,"Vc":33.85,"thr":0.16,"de":0.23,"flap":0,"pitch":0.4,"thC":0.3,"vs":-2.14,"wK":1,"y":140.8,"hP":137.4,"brake":0,"onG":0}
{"t":392.8,"ph":"FINAL","s":-2820,"agl":139.2,"V":33.53,"Vc":33.85,"thr":0.16,"de":0.231,"flap":0,"pitch":0.4,"thC":0.4,"vs":-2.12,"wK":1,"y":140.3,"hP":136.9,"brake":0,"onG":0}
{"t":393.1,"ph":"FINAL","s":-2811,"agl":138.6,"V":33.56,"Vc":33.85,"thr":0.16,"de":0.231,"flap":0,"pitch":0.4,"thC":0.4,"vs":-2.1,"wK":1,"y":139.7,"hP":136.5,"brake":0,"onG":0}
{"t":393.3,"ph":"FINAL","s":-2802,"agl":138,"V":33.58,"Vc":33.85,"thr":0.16,"de":0.23,"flap":0,"pitch":0.5,"thC":0.5,"vs":-2.08,"wK":1,"y":139.1,"hP":136.1,"brake":0,"onG":0}
{"t":393.6,"ph":"FINAL","s":-2793,"agl":137.5,"V":33.6,"Vc":33.85,"thr":0.16,"de":0.23,"flap":0,"pitch":0.5,"thC":0.5,"vs":-2.05,"wK":1,"y":138.6,"hP":135.7,"brake":0,"onG":0}
{"t":393.9,"ph":"FINAL","s":-2784,"agl":137,"V":33.62,"Vc":33.85,"thr":0.16,"de":0.23,"flap":0,"pitch":0.6,"thC":0.5,"vs":-2.02,"wK":1,"y":138,"hP":135.3,"brake":0,"onG":0}
{"t":394.1,"ph":"FINAL","s":-2775,"agl":136.4,"V":33.64,"Vc":33.85,"thr":0.16,"de":0.229,"flap":0,"pitch":0.6,"thC":0.5,"vs":-1.99,"wK":1,"y":137.5,"hP":134.9,"brake":0,"onG":0}
{"t":394.4,"ph":"FINAL","s":-2766,"agl":135.9,"V":33.65,"Vc":33.85,"thr":0.16,"de":0.229,"flap":0,"pitch":0.7,"thC":0.5,"vs":-1.96,"wK":1,"y":137,"hP":134.5,"brake":0,"onG":0}
{"t":394.7,"ph":"FINAL","s":-2757,"agl":135.4,"V":33.66,"Vc":33.85,"thr":0.16,"de":0.228,"flap":0,"pitch":0.7,"thC":0.5,"vs":-1.93,"wK":1,"y":136.5,"hP":134,"brake":0,"onG":0}
{"t":394.9,"ph":"FINAL","s":-2748,"agl":134.9,"V":33.67,"Vc":33.85,"thr":0.16,"de":0.227,"flap":0,"pitch":0.7,"thC":0.5,"vs":-1.9,"wK":1,"y":136,"hP":133.6,"brake":0,"onG":0}
{"t":395.2,"ph":"FINAL","s":-2739,"agl":134.4,"V":33.68,"Vc":33.85,"thr":0.16,"de":0.226,"flap":0,"pitch":0.8,"thC":0.5,"vs":-1.87,"wK":1,"y":135.5,"hP":133.2,"brake":0,"onG":0}
{"t":395.5,"ph":"FINAL","s":-2730,"agl":133.9,"V":33.69,"Vc":33.85,"thr":0.16,"de":0.226,"flap":0,"pitch":0.8,"thC":0.5,"vs":-1.84,"wK":1,"y":135,"hP":132.8,"brake":0,"onG":0}
{"t":395.7,"ph":"FINAL","s":-2721,"agl":133.4,"V":33.7,"Vc":33.85,"thr":0.16,"de":0.225,"flap":0,"pitch":0.9,"thC":0.5,"vs":-1.81,"wK":1,"y":134.5,"hP":132.4,"brake":0,"onG":0}
{"t":396,"ph":"FINAL","s":-2712,"agl":132.9,"V":33.7,"Vc":33.85,"thr":0.16,"de":0.224,"flap":0,"pitch":0.9,"thC":0.4,"vs":-1.79,"wK":1,"y":134,"hP":132,"brake":0,"onG":0}
{"t":396.3,"ph":"FINAL","s":-2703,"agl":132.4,"V":33.7,"Vc":33.85,"thr":0.16,"de":0.223,"flap":0,"pitch":0.9,"thC":0.4,"vs":-1.77,"wK":1,"y":133.5,"hP":131.6,"brake":0,"onG":0}
{"t":396.5,"ph":"FINAL","s":-2694,"agl":132,"V":33.71,"Vc":33.85,"thr":0.16,"de":0.222,"flap":0,"pitch":0.9,"thC":0.4,"vs":-1.75,"wK":1,"y":133,"hP":131.1,"brake":0,"onG":0}
{"t":396.8,"ph":"FINAL","s":-2685,"agl":131.5,"V":33.71,"Vc":33.85,"thr":0.16,"de":0.221,"flap":0,"pitch":1,"thC":0.3,"vs":-1.73,"wK":1,"y":132.6,"hP":130.7,"brake":0,"onG":0}
{"t":397.1,"ph":"FINAL","s":-2676,"agl":131,"V":33.71,"Vc":33.85,"thr":0.16,"de":0.22,"flap":0,"pitch":1,"thC":0.3,"vs":-1.71,"wK":1,"y":132.1,"hP":130.3,"brake":0,"onG":0}
{"t":397.3,"ph":"FINAL","s":-2667,"agl":130.6,"V":33.71,"Vc":33.85,"thr":0.16,"de":0.22,"flap":0,"pitch":1,"thC":0.3,"vs":-1.7,"wK":1,"y":131.7,"hP":129.9,"brake":0,"onG":0}
{"t":397.6,"ph":"FINAL","s":-2658,"agl":130.1,"V":33.71,"Vc":33.85,"thr":0.17,"de":0.219,"flap":0,"pitch":1,"thC":0.2,"vs":-1.69,"wK":1,"y":131.2,"hP":129.5,"brake":0,"onG":0}
{"t":397.9,"ph":"FINAL","s":-2649,"agl":129.7,"V":33.71,"Vc":33.85,"thr":0.17,"de":0.218,"flap":0,"pitch":1,"thC":0.2,"vs":-1.68,"wK":1,"y":130.8,"hP":129.1,"brake":0,"onG":0}
{"t":398.1,"ph":"FINAL","s":-2640,"agl":129.2,"V":33.71,"Vc":33.85,"thr":0.17,"de":0.217,"flap":0,"pitch":1,"thC":0.2,"vs":-1.67,"wK":1,"y":130.3,"hP":128.6,"brake":0,"onG":0}
{"t":398.4,"ph":"FINAL","s":-2631,"agl":128.8,"V":33.72,"Vc":33.85,"thr":0.17,"de":0.217,"flap":0,"pitch":1,"thC":0.2,"vs":-1.66,"wK":1,"y":129.9,"hP":128.2,"brake":0,"onG":0}
{"t":398.7,"ph":"FINAL","s":-2622,"agl":128.3,"V":33.72,"Vc":33.85,"thr":0.17,"de":0.216,"flap":0,"pitch":1,"thC":0.1,"vs":-1.66,"wK":1,"y":129.4,"hP":127.8,"brake":0,"onG":0}
{"t":398.9,"ph":"FINAL","s":-2613,"agl":127.9,"V":33.72,"Vc":33.85,"thr":0.17,"de":0.216,"flap":0,"pitch":1,"thC":0.1,"vs":-1.65,"wK":1,"y":129,"hP":127.4,"brake":0,"onG":0}
{"t":399.2,"ph":"FINAL","s":-2604,"agl":127.5,"V":33.72,"Vc":33.85,"thr":0.17,"de":0.215,"flap":0,"pitch":1,"thC":0.1,"vs":-1.65,"wK":1,"y":128.6,"hP":127,"brake":0,"onG":0}
{"t":399.5,"ph":"FINAL","s":-2594,"agl":127,"V":33.72,"Vc":33.85,"thr":0.17,"de":0.215,"flap":0,"pitch":1,"thC":0.1,"vs":-1.65,"wK":1,"y":128.1,"hP":126.6,"brake":0,"onG":0}
{"t":399.7,"ph":"FINAL","s":-2585,"agl":126.6,"V":33.72,"Vc":33.85,"thr":0.17,"de":0.215,"flap":0,"pitch":1,"thC":0.1,"vs":-1.65,"wK":1,"y":127.7,"hP":126.2,"brake":0,"onG":0}
{"t":400,"ph":"FINAL","s":-2576,"agl":126.1,"V":33.73,"Vc":33.85,"thr":0.17,"de":0.214,"flap":0,"pitch":1,"thC":0.1,"vs":-1.65,"wK":1,"y":127.2,"hP":125.7,"brake":0,"onG":0}
{"t":400.3,"ph":"FINAL","s":-2567,"agl":125.7,"V":33.73,"Vc":33.85,"thr":0.17,"de":0.214,"flap":0,"pitch":1,"thC":0.1,"vs":-1.65,"wK":1,"y":126.8,"hP":125.3,"brake":0,"onG":0}
{"t":400.5,"ph":"FINAL","s":-2558,"agl":125.3,"V":33.73,"Vc":33.85,"thr":0.17,"de":0.214,"flap":0,"pitch":1,"thC":0.1,"vs":-1.65,"wK":1,"y":126.4,"hP":124.9,"brake":0,"onG":0}
{"t":400.8,"ph":"FINAL","s":-2549,"agl":124.8,"V":33.73,"Vc":33.85,"thr":0.17,"de":0.214,"flap":0,"pitch":1,"thC":0.1,"vs":-1.65,"wK":1,"y":125.9,"hP":124.5,"brake":0,"onG":0}
{"t":401.1,"ph":"FINAL","s":-2540,"agl":124.4,"V":33.74,"Vc":33.85,"thr":0.17,"de":0.213,"flap":0,"pitch":1,"thC":0.1,"vs":-1.66,"wK":1,"y":125.5,"hP":124.1,"brake":0,"onG":0}
{"t":401.3,"ph":"FINAL","s":-2531,"agl":123.9,"V":33.74,"Vc":33.85,"thr":0.17,"de":0.213,"flap":0,"pitch":1,"thC":0.1,"vs":-1.66,"wK":1,"y":125,"hP":123.7,"brake":0,"onG":0}
{"t":401.6,"ph":"FINAL","s":-2522,"agl":123.5,"V":33.75,"Vc":33.85,"thr":0.17,"de":0.213,"flap":0,"pitch":1,"thC":0.1,"vs":-1.66,"wK":1,"y":124.6,"hP":123.2,"brake":0,"onG":0}
{"t":401.9,"ph":"FINAL","s":-2513,"agl":123.1,"V":33.75,"Vc":33.85,"thr":0.17,"de":0.213,"flap":0,"pitch":1,"thC":0.1,"vs":-1.66,"wK":1,"y":124.1,"hP":122.8,"brake":0,"onG":0}
{"t":402.1,"ph":"FINAL","s":-2504,"agl":122.6,"V":33.75,"Vc":33.85,"thr":0.17,"de":0.213,"flap":0,"pitch":1,"thC":0.1,"vs":-1.67,"wK":1,"y":123.7,"hP":122.4,"brake":0,"onG":0}
{"t":402.4,"ph":"FINAL","s":-2495,"agl":122.2,"V":33.76,"Vc":33.85,"thr":0.17,"de":0.213,"flap":0,"pitch":0.9,"thC":0.1,"vs":-1.67,"wK":1,"y":123.3,"hP":122,"brake":0,"onG":0}
{"t":402.7,"ph":"FINAL","s":-2486,"agl":121.7,"V":33.76,"Vc":33.85,"thr":0.17,"de":0.213,"flap":0,"pitch":0.9,"thC":0.1,"vs":-1.67,"wK":1,"y":122.8,"hP":121.6,"brake":0,"onG":0}
{"t":402.9,"ph":"FINAL","s":-2477,"agl":121.3,"V":33.77,"Vc":33.85,"thr":0.17,"de":0.213,"flap":0,"pitch":0.9,"thC":0.1,"vs":-1.68,"wK":1,"y":122.4,"hP":121.2,"brake":0,"onG":0}
{"t":403.2,"ph":"FINAL","s":-2468,"agl":120.8,"V":33.77,"Vc":33.85,"thr":0.17,"de":0.213,"flap":0,"pitch":0.9,"thC":0.2,"vs":-1.68,"wK":1,"y":121.9,"hP":120.8,"brake":0,"onG":0}
{"t":403.5,"ph":"FINAL","s":-2459,"agl":120.4,"V":33.78,"Vc":33.85,"thr":0.17,"de":0.213,"flap":0,"pitch":0.9,"thC":0.2,"vs":-1.68,"wK":1,"y":121.5,"hP":120.3,"brake":0,"onG":0}
{"t":403.7,"ph":"FINAL","s":-2450,"agl":119.9,"V":33.78,"Vc":33.85,"thr":0.17,"de":0.213,"flap":0,"pitch":0.9,"thC":0.2,"vs":-1.68,"wK":1,"y":121,"hP":119.9,"brake":0,"onG":0}
{"t":404,"ph":"FINAL","s":-2441,"agl":119.5,"V":33.79,"Vc":33.85,"thr":0.17,"de":0.213,"flap":0,"pitch":0.9,"thC":0.2,"vs":-1.68,"wK":1,"y":120.6,"hP":119.5,"brake":0,"onG":0}
{"t":404.3,"ph":"FINAL","s":-2432,"agl":119,"V":33.79,"Vc":33.85,"thr":0.17,"de":0.213,"flap":0,"pitch":0.9,"thC":0.2,"vs":-1.68,"wK":1,"y":120.1,"hP":119.1,"brake":0,"onG":0}
{"t":404.5,"ph":"FINAL","s":-2423,"agl":118.6,"V":33.8,"Vc":33.85,"thr":0.17,"de":0.213,"flap":0,"pitch":0.9,"thC":0.3,"vs":-1.68,"wK":1,"y":119.7,"hP":118.7,"brake":0,"onG":0}
{"t":404.8,"ph":"FINAL","s":-2414,"agl":118.1,"V":33.8,"Vc":33.85,"thr":0.17,"de":0.213,"flap":0,"pitch":0.9,"thC":0.3,"vs":-1.68,"wK":1,"y":119.2,"hP":118.3,"brake":0,"onG":0}
{"t":405.1,"ph":"FINAL","s":-2405,"agl":117.7,"V":33.81,"Vc":33.85,"thr":0.17,"de":0.213,"flap":0,"pitch":0.9,"thC":0.3,"vs":-1.68,"wK":1,"y":118.8,"hP":117.8,"brake":0,"onG":0}
{"t":405.3,"ph":"FINAL","s":-2396,"agl":117.2,"V":33.81,"Vc":33.85,"thr":0.17,"de":0.213,"flap":0,"pitch":0.9,"thC":0.3,"vs":-1.68,"wK":1,"y":118.3,"hP":117.4,"brake":0,"onG":0}
{"t":405.6,"ph":"FINAL","s":-2387,"agl":116.8,"V":33.81,"Vc":33.85,"thr":0.17,"de":0.213,"flap":0,"pitch":0.9,"thC":0.3,"vs":-1.68,"wK":1,"y":117.9,"hP":117,"brake":0,"onG":0}
{"t":405.9,"ph":"FINAL","s":-2378,"agl":116.3,"V":33.82,"Vc":33.85,"thr":0.17,"de":0.213,"flap":0,"pitch":0.9,"thC":0.3,"vs":-1.68,"wK":1,"y":117.4,"hP":116.6,"brake":0,"onG":0}
{"t":406.1,"ph":"FINAL","s":-2369,"agl":115.9,"V":33.82,"Vc":33.85,"thr":0.17,"de":0.213,"flap":0,"pitch":0.9,"thC":0.4,"vs":-1.68,"wK":1,"y":117,"hP":116.2,"brake":0,"onG":0}
{"t":406.4,"ph":"FINAL","s":-2360,"agl":115.5,"V":33.83,"Vc":33.85,"thr":0.17,"de":0.213,"flap":0,"pitch":0.9,"thC":0.4,"vs":-1.67,"wK":1,"y":116.5,"hP":115.8,"brake":0,"onG":0}
{"t":406.7,"ph":"FINAL","s":-2350,"agl":115,"V":33.83,"Vc":33.85,"thr":0.17,"de":0.213,"flap":0,"pitch":0.9,"thC":0.4,"vs":-1.67,"wK":1,"y":116.1,"hP":115.3,"brake":0,"onG":0}
{"t":406.9,"ph":"FINAL","s":-2341,"agl":114.6,"V":33.83,"Vc":33.85,"thr":0.17,"de":0.213,"flap":0,"pitch":0.9,"thC":0.4,"vs":-1.67,"wK":1,"y":115.7,"hP":114.9,"brake":0,"onG":0}
{"t":407.2,"ph":"FINAL","s":-2332,"agl":114.1,"V":33.84,"Vc":33.85,"thr":0.17,"de":0.213,"flap":0,"pitch":0.9,"thC":0.4,"vs":-1.67,"wK":1,"y":115.2,"hP":114.5,"brake":0,"onG":0}
{"t":407.5,"ph":"FINAL","s":-2323,"agl":113.7,"V":33.84,"Vc":33.85,"thr":0.17,"de":0.213,"flap":0,"pitch":0.9,"thC":0.4,"vs":-1.66,"wK":1,"y":114.8,"hP":114.1,"brake":0,"onG":0}
{"t":407.7,"ph":"FINAL","s":-2314,"agl":113.2,"V":33.84,"Vc":33.85,"thr":0.17,"de":0.213,"flap":0,"pitch":1,"thC":0.5,"vs":-1.66,"wK":1,"y":114.3,"hP":113.7,"brake":0,"onG":0}
{"t":408,"ph":"FINAL","s":-2305,"agl":112.8,"V":33.85,"Vc":33.85,"thr":0.17,"de":0.213,"flap":0,"pitch":1,"thC":0.5,"vs":-1.66,"wK":1,"y":113.9,"hP":113.3,"brake":0,"onG":0}
{"t":408.3,"ph":"FINAL","s":-2296,"agl":112.3,"V":33.85,"Vc":33.85,"thr":0.17,"de":0.213,"flap":0,"pitch":1,"thC":0.5,"vs":-1.65,"wK":1,"y":113.4,"hP":112.8,"brake":0,"onG":0}
{"t":408.5,"ph":"FINAL","s":-2287,"agl":111.9,"V":33.85,"Vc":33.85,"thr":0.17,"de":0.213,"flap":0,"pitch":1,"thC":0.5,"vs":-1.65,"wK":1,"y":113,"hP":112.4,"brake":0,"onG":0}
{"t":408.8,"ph":"FINAL","s":-2278,"agl":111.5,"V":33.85,"Vc":33.85,"thr":0.17,"de":0.213,"flap":0,"pitch":1,"thC":0.5,"vs":-1.65,"wK":1,"y":112.6,"hP":112,"brake":0,"onG":0}
{"t":409.1,"ph":"FINAL","s":-2269,"agl":111,"V":33.85,"Vc":33.85,"thr":0.17,"de":0.213,"flap":0,"pitch":1,"thC":0.5,"vs":-1.65,"wK":1,"y":112.1,"hP":111.6,"brake":0,"onG":0}
{"t":409.3,"ph":"FINAL","s":-2260,"agl":110.6,"V":33.86,"Vc":33.85,"thr":0.17,"de":0.213,"flap":0,"pitch":1,"thC":0.5,"vs":-1.64,"wK":1,"y":111.7,"hP":111.2,"brake":0,"onG":0}
{"t":409.6,"ph":"FINAL","s":-2251,"agl":110.1,"V":33.86,"Vc":33.85,"thr":0.17,"de":0.212,"flap":0,"pitch":1,"thC":0.5,"vs":-1.64,"wK":1,"y":111.2,"hP":110.8,"brake":0,"onG":0}
{"t":409.9,"ph":"FINAL","s":-2242,"agl":109.7,"V":33.86,"Vc":33.85,"thr":0.17,"de":0.212,"flap":0,"pitch":1,"thC":0.5,"vs":-1.64,"wK":1,"y":110.8,"hP":110.3,"brake":0,"onG":0}
{"t":410.1,"ph":"FINAL","s":-2233,"agl":109.3,"V":33.86,"Vc":33.85,"thr":0.17,"de":0.212,"flap":0,"pitch":1,"thC":0.5,"vs":-1.63,"wK":1,"y":110.4,"hP":109.9,"brake":0,"onG":0}
{"t":410.4,"ph":"FINAL","s":-2224,"agl":108.8,"V":33.86,"Vc":33.85,"thr":0.17,"de":0.212,"flap":0,"pitch":1,"thC":0.5,"vs":-1.63,"wK":1,"y":109.9,"hP":109.5,"brake":0,"onG":0}
{"t":410.7,"ph":"FINAL","s":-2214,"agl":108.4,"V":33.86,"Vc":33.85,"thr":0.17,"de":0.212,"flap":0,"pitch":1,"thC":0.6,"vs":-1.63,"wK":1,"y":109.5,"hP":109.1,"brake":0,"onG":0}
{"t":410.9,"ph":"FINAL","s":-2205,"agl":108,"V":33.87,"Vc":33.85,"thr":0.17,"de":0.212,"flap":0,"pitch":1,"thC":0.6,"vs":-1.62,"wK":1,"y":109.1,"hP":108.7,"brake":0,"onG":0}
{"t":411.2,"ph":"FINAL","s":-2196,"agl":107.5,"V":33.87,"Vc":33.85,"thr":0.17,"de":0.212,"flap":0,"pitch":1,"thC":0.6,"vs":-1.62,"wK":1,"y":108.6,"hP":108.3,"brake":0,"onG":0}
{"t":411.5,"ph":"FINAL","s":-2187,"agl":107.1,"V":33.87,"Vc":33.85,"thr":0.17,"de":0.212,"flap":0,"pitch":1,"thC":0.6,"vs":-1.62,"wK":1,"y":108.2,"hP":107.8,"brake":0,"onG":0}
{"t":411.7,"ph":"FINAL","s":-2178,"agl":106.7,"V":33.87,"Vc":33.85,"thr":0.17,"de":0.212,"flap":0,"pitch":1,"thC":0.6,"vs":-1.62,"wK":1,"y":107.8,"hP":107.4,"brake":0,"onG":0}
{"t":412,"ph":"FINAL","s":-2169,"agl":106.2,"V":33.87,"Vc":33.85,"thr":0.17,"de":0.212,"flap":0,"pitch":1,"thC":0.6,"vs":-1.61,"wK":1,"y":107.3,"hP":107,"brake":0,"onG":0}
{"t":412.3,"ph":"FINAL","s":-2160,"agl":105.8,"V":33.87,"Vc":33.85,"thr":0.17,"de":0.212,"flap":0,"pitch":1,"thC":0.6,"vs":-1.61,"wK":1,"y":106.9,"hP":106.6,"brake":0,"onG":0}
{"t":412.5,"ph":"FINAL","s":-2151,"agl":105.4,"V":33.87,"Vc":33.85,"thr":0.17,"de":0.211,"flap":0,"pitch":1,"thC":0.6,"vs":-1.61,"wK":1,"y":106.5,"hP":106.2,"brake":0,"onG":0}
{"t":412.8,"ph":"FINAL","s":-2142,"agl":105,"V":33.87,"Vc":33.85,"thr":0.17,"de":0.211,"flap":0,"pitch":1,"thC":0.6,"vs":-1.61,"wK":1,"y":106,"hP":105.8,"brake":0,"onG":0}
{"t":413.1,"ph":"FINAL","s":-2133,"agl":104.5,"V":33.87,"Vc":33.85,"thr":0.17,"de":0.211,"flap":0,"pitch":1,"thC":0.6,"vs":-1.61,"wK":1,"y":105.6,"hP":105.3,"brake":0,"onG":0}
{"t":413.3,"ph":"FINAL","s":-2124,"agl":104.1,"V":33.87,"Vc":33.85,"thr":0.17,"de":0.211,"flap":0,"pitch":1,"thC":0.6,"vs":-1.6,"wK":1,"y":105.2,"hP":104.9,"brake":0,"onG":0}
{"t":413.6,"ph":"FINAL","s":-2115,"agl":103.7,"V":33.87,"Vc":33.85,"thr":0.17,"de":0.211,"flap":0,"pitch":1,"thC":0.6,"vs":-1.6,"wK":1,"y":104.8,"hP":104.5,"brake":0,"onG":0}
{"t":413.9,"ph":"FINAL","s":-2106,"agl":103.2,"V":33.88,"Vc":33.85,"thr":0.17,"de":0.211,"flap":0,"pitch":1,"thC":0.6,"vs":-1.6,"wK":1,"y":104.3,"hP":104.1,"brake":0,"onG":0}
{"t":414.1,"ph":"FINAL","s":-2097,"agl":102.8,"V":33.88,"Vc":33.85,"thr":0.17,"de":0.211,"flap":0,"pitch":1,"thC":0.6,"vs":-1.6,"wK":1,"y":103.9,"hP":103.7,"brake":0,"onG":0}
{"t":414.4,"ph":"FINAL","s":-2088,"agl":102.4,"V":33.88,"Vc":33.85,"thr":0.17,"de":0.211,"flap":0,"pitch":1,"thC":0.6,"vs":-1.6,"wK":1,"y":103.5,"hP":103.3,"brake":0,"onG":0}
{"t":414.7,"ph":"FINAL","s":-2078,"agl":102,"V":33.88,"Vc":33.85,"thr":0.17,"de":0.211,"flap":0,"pitch":1,"thC":0.6,"vs":-1.6,"wK":1,"y":103.1,"hP":102.8,"brake":0,"onG":0}
{"t":414.9,"ph":"FINAL","s":-2069,"agl":101.5,"V":33.88,"Vc":33.85,"thr":0.17,"de":0.211,"flap":0,"pitch":1,"thC":0.6,"vs":-1.6,"wK":1,"y":102.6,"hP":102.4,"brake":0,"onG":0}
{"t":415.2,"ph":"FINAL","s":-2060,"agl":101.1,"V":33.88,"Vc":33.85,"thr":0.17,"de":0.211,"flap":0,"pitch":1,"thC":0.7,"vs":-1.6,"wK":1,"y":102.2,"hP":102,"brake":0,"onG":0}
{"t":415.5,"ph":"FINAL","s":-2051,"agl":100.7,"V":33.88,"Vc":33.85,"thr":0.17,"de":0.211,"flap":0,"pitch":1,"thC":0.7,"vs":-1.6,"wK":1,"y":101.8,"hP":101.6,"brake":0,"onG":0}
{"t":415.7,"ph":"FINAL","s":-2042,"agl":100.3,"V":33.88,"Vc":33.85,"thr":0.17,"de":0.211,"flap":0,"pitch":1,"thC":0.7,"vs":-1.6,"wK":1,"y":101.4,"hP":101.2,"brake":0,"onG":0}
{"t":416,"ph":"FINAL","s":-2033,"agl":99.8,"V":33.88,"Vc":33.85,"thr":0.17,"de":0.211,"flap":0,"pitch":1,"thC":0.7,"vs":-1.59,"wK":1,"y":100.9,"hP":100.8,"brake":0,"onG":0}
{"t":416.3,"ph":"FINAL","s":-2024,"agl":99.4,"V":33.88,"Vc":33.85,"thr":0.17,"de":0.211,"flap":0,"pitch":1,"thC":0.7,"vs":-1.59,"wK":1,"y":100.5,"hP":100.3,"brake":0,"onG":0}
{"t":416.5,"ph":"FINAL","s":-2015,"agl":99,"V":33.88,"Vc":33.85,"thr":0.17,"de":0.211,"flap":0,"pitch":1,"thC":0.7,"vs":-1.59,"wK":1,"y":100.1,"hP":99.9,"brake":0,"onG":0}
{"t":416.8,"ph":"FINAL","s":-2006,"agl":98.6,"V":33.88,"Vc":33.85,"thr":0.17,"de":0.211,"flap":0,"pitch":1,"thC":0.7,"vs":-1.59,"wK":1,"y":99.7,"hP":99.5,"brake":0,"onG":0}
{"t":417.1,"ph":"FINAL","s":-1997,"agl":98.1,"V":33.88,"Vc":33.85,"thr":0.17,"de":0.211,"flap":0,"pitch":1,"thC":0.7,"vs":-1.59,"wK":1,"y":99.2,"hP":99.1,"brake":0,"onG":0}
{"t":417.3,"ph":"FINAL","s":-1988,"agl":97.7,"V":33.88,"Vc":33.85,"thr":0.17,"de":0.211,"flap":0,"pitch":1,"thC":0.7,"vs":-1.59,"wK":1,"y":98.8,"hP":98.7,"brake":0,"onG":0}
{"t":417.6,"ph":"FINAL","s":-1979,"agl":97.3,"V":33.88,"Vc":33.85,"thr":0.17,"de":0.211,"flap":0,"pitch":1,"thC":0.7,"vs":-1.59,"wK":1,"y":98.4,"hP":98.2,"brake":0,"onG":0}
{"t":417.9,"ph":"FINAL","s":-1970,"agl":96.9,"V":33.88,"Vc":33.85,"thr":0.17,"de":0.21,"flap":0,"pitch":1,"thC":0.7,"vs":-1.59,"wK":1,"y":98,"hP":97.8,"brake":0,"onG":0}
{"t":418.1,"ph":"FINAL","s":-1961,"agl":96.4,"V":33.88,"Vc":33.85,"thr":0.17,"de":0.21,"flap":0,"pitch":1,"thC":0.7,"vs":-1.59,"wK":1,"y":97.5,"hP":97.4,"brake":0,"onG":0}
{"t":418.4,"ph":"FINAL","s":-1952,"agl":96,"V":33.89,"Vc":33.85,"thr":0.17,"de":0.21,"flap":0,"pitch":1,"thC":0.7,"vs":-1.59,"wK":1,"y":97.1,"hP":97,"brake":0,"onG":0}
{"t":418.7,"ph":"FINAL","s":-1943,"agl":95.6,"V":33.89,"Vc":33.85,"thr":0.17,"de":0.21,"flap":0,"pitch":1,"thC":0.7,"vs":-1.59,"wK":1,"y":96.7,"hP":96.6,"brake":0,"onG":0}
{"t":418.9,"ph":"FINAL","s":-1933,"agl":95.2,"V":33.89,"Vc":33.85,"thr":0.17,"de":0.21,"flap":0,"pitch":1,"thC":0.7,"vs":-1.59,"wK":1,"y":96.3,"hP":96.2,"brake":0,"onG":0}
{"t":419.2,"ph":"FINAL","s":-1924,"agl":94.7,"V":33.89,"Vc":33.85,"thr":0.17,"de":0.21,"flap":0,"pitch":1,"thC":0.7,"vs":-1.59,"wK":1,"y":95.8,"hP":95.7,"brake":0,"onG":0}
{"t":419.5,"ph":"FINAL","s":-1915,"agl":94.3,"V":33.89,"Vc":33.85,"thr":0.17,"de":0.21,"flap":0,"pitch":1,"thC":0.8,"vs":-1.59,"wK":1,"y":95.4,"hP":95.3,"brake":0,"onG":0}
{"t":419.7,"ph":"FINAL","s":-1906,"agl":93.9,"V":33.89,"Vc":33.85,"thr":0.17,"de":0.21,"flap":0,"pitch":1,"thC":0.8,"vs":-1.59,"wK":1,"y":95,"hP":94.9,"brake":0,"onG":0}
{"t":420,"ph":"FINAL","s":-1897,"agl":93.5,"V":33.89,"Vc":33.85,"thr":0.17,"de":0.21,"flap":0,"pitch":1,"thC":0.8,"vs":-1.59,"wK":1,"y":94.6,"hP":94.5,"brake":0,"onG":0}
{"t":420.3,"ph":"FINAL","s":-1888,"agl":93,"V":33.89,"Vc":33.85,"thr":0.17,"de":0.21,"flap":0,"pitch":1,"thC":0.8,"vs":-1.59,"wK":1,"y":94.1,"hP":94.1,"brake":0,"onG":0}
{"t":420.5,"ph":"FINAL","s":-1879,"agl":92.6,"V":33.89,"Vc":33.85,"thr":0.17,"de":0.21,"flap":0,"pitch":1,"thC":0.8,"vs":-1.59,"wK":1,"y":93.7,"hP":93.7,"brake":0,"onG":0}
{"t":420.8,"ph":"FINAL","s":-1870,"agl":92.2,"V":33.89,"Vc":33.85,"thr":0.17,"de":0.21,"flap":0,"pitch":1,"thC":0.8,"vs":-1.58,"wK":1,"y":93.3,"hP":93.2,"brake":0,"onG":0}
{"t":421.1,"ph":"FINAL","s":-1861,"agl":91.8,"V":33.89,"Vc":33.85,"thr":0.17,"de":0.21,"flap":0,"pitch":1,"thC":0.8,"vs":-1.58,"wK":1,"y":92.9,"hP":92.8,"brake":0,"onG":0}
{"t":421.3,"ph":"FINAL","s":-1852,"agl":91.4,"V":33.89,"Vc":33.85,"thr":0.17,"de":0.21,"flap":0,"pitch":1,"thC":0.8,"vs":-1.58,"wK":1,"y":92.5,"hP":92.4,"brake":0,"onG":0}
{"t":421.6,"ph":"FINAL","s":-1843,"agl":90.9,"V":33.89,"Vc":33.85,"thr":0.17,"de":0.21,"flap":0,"pitch":1,"thC":0.8,"vs":-1.58,"wK":1,"y":92,"hP":92,"brake":0,"onG":0}
{"t":421.9,"ph":"FINAL","s":-1834,"agl":90.5,"V":33.89,"Vc":33.85,"thr":0.17,"de":0.21,"flap":0,"pitch":1,"thC":0.8,"vs":-1.58,"wK":1,"y":91.6,"hP":91.6,"brake":0,"onG":0}
{"t":422.1,"ph":"FINAL","s":-1825,"agl":90.1,"V":33.89,"Vc":33.85,"thr":0.17,"de":0.21,"flap":0,"pitch":1,"thC":0.8,"vs":-1.58,"wK":1,"y":91.2,"hP":91.2,"brake":0,"onG":0}
{"t":422.4,"ph":"FINAL","s":-1816,"agl":89.7,"V":33.89,"Vc":33.85,"thr":0.17,"de":0.21,"flap":0,"pitch":1,"thC":0.8,"vs":-1.58,"wK":1,"y":90.8,"hP":90.7,"brake":0,"onG":0}
{"t":422.7,"ph":"FINAL","s":-1807,"agl":89.3,"V":33.89,"Vc":33.85,"thr":0.17,"de":0.21,"flap":0,"pitch":1,"thC":0.8,"vs":-1.58,"wK":1,"y":90.3,"hP":90.3,"brake":0,"onG":0}
{"t":422.9,"ph":"FINAL","s":-1797,"agl":88.8,"V":33.89,"Vc":33.85,"thr":0.17,"de":0.21,"flap":0,"pitch":1,"thC":0.8,"vs":-1.58,"wK":1,"y":89.9,"hP":89.9,"brake":0,"onG":0}
{"t":423.2,"ph":"FINAL","s":-1788,"agl":88.4,"V":33.89,"Vc":33.85,"thr":0.17,"de":0.21,"flap":0,"pitch":1,"thC":0.8,"vs":-1.58,"wK":1,"y":89.5,"hP":89.5,"brake":0,"onG":0}
{"t":423.5,"ph":"FINAL","s":-1779,"agl":88,"V":33.89,"Vc":33.85,"thr":0.17,"de":0.21,"flap":0,"pitch":1,"thC":0.8,"vs":-1.58,"wK":1,"y":89.1,"hP":89.1,"brake":0,"onG":0}
{"t":423.7,"ph":"FINAL","s":-1770,"agl":87.6,"V":33.89,"Vc":33.85,"thr":0.17,"de":0.21,"flap":0,"pitch":1.1,"thC":0.8,"vs":-1.58,"wK":1,"y":88.7,"hP":88.7,"brake":0,"onG":0}
{"t":424,"ph":"FINAL","s":-1761,"agl":87.1,"V":33.89,"Vc":33.85,"thr":0.17,"de":0.21,"flap":0,"pitch":1.1,"thC":0.8,"vs":-1.57,"wK":1,"y":88.2,"hP":88.2,"brake":0,"onG":0}
{"t":424.3,"ph":"FINAL","s":-1752,"agl":86.7,"V":33.89,"Vc":33.85,"thr":0.17,"de":0.21,"flap":0,"pitch":1.1,"thC":0.8,"vs":-1.57,"wK":1,"y":87.8,"hP":87.8,"brake":0,"onG":0}
{"t":424.5,"ph":"FINAL","s":-1743,"agl":86.3,"V":33.89,"Vc":33.85,"thr":0.17,"de":0.21,"flap":0,"pitch":1.1,"thC":0.8,"vs":-1.57,"wK":1,"y":87.4,"hP":87.4,"brake":0,"onG":0}
{"t":424.8,"ph":"FINAL","s":-1734,"agl":82.7,"V":33.89,"Vc":33.85,"thr":0.17,"de":0.21,"flap":0,"pitch":1.1,"thC":0.8,"vs":-1.57,"wK":1,"y":87,"hP":87,"brake":0,"onG":0}
{"t":425.1,"ph":"FINAL","s":-1725,"agl":80.9,"V":33.89,"Vc":33.85,"thr":0.17,"de":0.21,"flap":0,"pitch":1.1,"thC":0.8,"vs":-1.57,"wK":1,"y":86.6,"hP":86.6,"brake":0,"onG":0}
{"t":425.3,"ph":"FINAL","s":-1716,"agl":79.8,"V":33.89,"Vc":33.85,"thr":0.17,"de":0.21,"flap":0,"pitch":1.1,"thC":0.9,"vs":-1.57,"wK":1,"y":86.1,"hP":86.2,"brake":0,"onG":0}
{"t":425.6,"ph":"FINAL","s":-1707,"agl":78.7,"V":33.89,"Vc":33.85,"thr":0.17,"de":0.21,"flap":0,"pitch":1.1,"thC":0.9,"vs":-1.57,"wK":1,"y":85.7,"hP":85.7,"brake":0,"onG":0}
{"t":425.9,"ph":"FINAL","s":-1698,"agl":77,"V":33.89,"Vc":33.85,"thr":0.17,"de":0.21,"flap":0,"pitch":1.1,"thC":0.9,"vs":-1.57,"wK":1,"y":85.3,"hP":85.3,"brake":0,"onG":0}
{"t":426.1,"ph":"FINAL","s":-1689,"agl":74.4,"V":33.89,"Vc":33.85,"thr":0.17,"de":0.21,"flap":0,"pitch":1.1,"thC":0.9,"vs":-1.57,"wK":1,"y":84.9,"hP":84.9,"brake":0,"onG":0}
{"t":426.4,"ph":"FINAL","s":-1680,"agl":72.5,"V":33.89,"Vc":33.85,"thr":0.17,"de":0.21,"flap":0,"pitch":1.1,"thC":0.9,"vs":-1.57,"wK":1,"y":84.5,"hP":84.5,"brake":0,"onG":0}
{"t":426.7,"ph":"FINAL","s":-1671,"agl":71.3,"V":33.89,"Vc":33.85,"thr":0.17,"de":0.21,"flap":0,"pitch":1.1,"thC":0.9,"vs":-1.57,"wK":1,"y":84.1,"hP":84.1,"brake":0,"onG":0}
{"t":426.9,"ph":"FINAL","s":-1661,"agl":69.4,"V":33.89,"Vc":33.85,"thr":0.17,"de":0.209,"flap":0,"pitch":1.1,"thC":0.9,"vs":-1.57,"wK":1,"y":83.6,"hP":83.7,"brake":0,"onG":0}
{"t":427.2,"ph":"FINAL","s":-1652,"agl":66.9,"V":33.89,"Vc":33.85,"thr":0.17,"de":0.209,"flap":0,"pitch":1.1,"thC":0.9,"vs":-1.57,"wK":1,"y":83.2,"hP":83.2,"brake":0,"onG":0}
{"t":427.5,"ph":"FINAL","s":-1643,"agl":66.4,"V":33.89,"Vc":33.85,"thr":0.17,"de":0.209,"flap":0,"pitch":1.1,"thC":0.9,"vs":-1.57,"wK":1,"y":82.8,"hP":82.8,"brake":0,"onG":0}
{"t":427.7,"ph":"FINAL","s":-1634,"agl":66.8,"V":33.89,"Vc":33.85,"thr":0.17,"de":0.209,"flap":0,"pitch":1.1,"thC":0.9,"vs":-1.57,"wK":1,"y":82.4,"hP":82.4,"brake":0,"onG":0}
{"t":428,"ph":"FINAL","s":-1625,"agl":67,"V":33.89,"Vc":33.85,"thr":0.17,"de":0.209,"flap":0,"pitch":1.1,"thC":0.9,"vs":-1.57,"wK":1,"y":82,"hP":82,"brake":0,"onG":0}
{"t":428.3,"ph":"FINAL","s":-1616,"agl":67.2,"V":33.89,"Vc":33.85,"thr":0.17,"de":0.209,"flap":0,"pitch":1.1,"thC":0.9,"vs":-1.57,"wK":1,"y":81.5,"hP":81.6,"brake":0,"onG":0}
{"t":428.5,"ph":"FINAL","s":-1607,"agl":67.2,"V":33.89,"Vc":33.85,"thr":0.17,"de":0.209,"flap":0,"pitch":1.1,"thC":0.9,"vs":-1.57,"wK":1,"y":81.1,"hP":81.2,"brake":0,"onG":0}
{"t":428.8,"ph":"FINAL","s":-1598,"agl":67.1,"V":33.89,"Vc":33.85,"thr":0.17,"de":0.209,"flap":0,"pitch":1.1,"thC":0.9,"vs":-1.57,"wK":1,"y":80.7,"hP":80.7,"brake":0,"onG":0}
{"t":429.1,"ph":"FINAL","s":-1589,"agl":67.3,"V":33.89,"Vc":33.85,"thr":0.17,"de":0.209,"flap":0,"pitch":1.1,"thC":0.9,"vs":-1.57,"wK":1,"y":80.3,"hP":80.3,"brake":0,"onG":0}
{"t":429.3,"ph":"FINAL","s":-1580,"agl":67.1,"V":33.89,"Vc":33.85,"thr":0.17,"de":0.209,"flap":0,"pitch":1.1,"thC":0.9,"vs":-1.57,"wK":1,"y":79.9,"hP":79.9,"brake":0,"onG":0}
{"t":429.6,"ph":"FINAL","s":-1571,"agl":66.4,"V":33.89,"Vc":33.85,"thr":0.17,"de":0.209,"flap":0,"pitch":1.1,"thC":0.9,"vs":-1.57,"wK":1,"y":79.5,"hP":79.5,"brake":0,"onG":0}
{"t":429.9,"ph":"FINAL","s":-1562,"agl":66.1,"V":33.89,"Vc":33.85,"thr":0.17,"de":0.209,"flap":0,"pitch":1.1,"thC":0.9,"vs":-1.57,"wK":1,"y":79,"hP":79.1,"brake":0,"onG":0}
{"t":430.1,"ph":"FINAL","s":-1553,"agl":66.2,"V":33.89,"Vc":33.85,"thr":0.17,"de":0.209,"flap":0,"pitch":1.1,"thC":0.9,"vs":-1.57,"wK":1,"y":78.6,"hP":78.7,"brake":0,"onG":0}
{"t":430.4,"ph":"FINAL","s":-1544,"agl":65.9,"V":33.88,"Vc":33.85,"thr":0.17,"de":0.209,"flap":0,"pitch":1.1,"thC":0.9,"vs":-1.57,"wK":1,"y":78.2,"hP":78.2,"brake":0,"onG":0}
{"t":430.7,"ph":"FINAL","s":-1535,"agl":65.3,"V":33.88,"Vc":33.85,"thr":0.17,"de":0.209,"flap":0,"pitch":1.1,"thC":0.9,"vs":-1.57,"wK":1,"y":77.8,"hP":77.8,"brake":0,"onG":0}
{"t":430.9,"ph":"FINAL","s":-1526,"agl":65.2,"V":33.88,"Vc":33.85,"thr":0.17,"de":0.209,"flap":0,"pitch":1.1,"thC":0.9,"vs":-1.57,"wK":1,"y":77.4,"hP":77.4,"brake":0,"onG":0}
{"t":431.2,"ph":"FINAL","s":-1517,"agl":65.8,"V":33.88,"Vc":33.85,"thr":0.17,"de":0.209,"flap":0,"pitch":1.1,"thC":0.9,"vs":-1.57,"wK":1,"y":76.9,"hP":77,"brake":0,"onG":0}
{"t":431.5,"ph":"FINAL","s":-1507,"agl":66,"V":33.88,"Vc":33.85,"thr":0.17,"de":0.209,"flap":0,"pitch":1.1,"thC":0.9,"vs":-1.57,"wK":1,"y":76.5,"hP":76.6,"brake":0,"onG":0}
{"t":431.7,"ph":"FINAL","s":-1498,"agl":65.7,"V":33.88,"Vc":33.85,"thr":0.17,"de":0.209,"flap":0,"pitch":1.1,"thC":0.9,"vs":-1.57,"wK":1,"y":76.1,"hP":76.2,"brake":0,"onG":0}
{"t":432,"ph":"FINAL","s":-1489,"agl":65.1,"V":33.88,"Vc":33.85,"thr":0.17,"de":0.209,"flap":0,"pitch":1.1,"thC":0.9,"vs":-1.57,"wK":1,"y":75.7,"hP":75.7,"brake":0,"onG":0}
{"t":432.3,"ph":"FINAL","s":-1480,"agl":64.4,"V":33.88,"Vc":33.85,"thr":0.17,"de":0.209,"flap":0,"pitch":1.1,"thC":0.9,"vs":-1.57,"wK":1,"y":75.3,"hP":75.3,"brake":0,"onG":0}
{"t":432.5,"ph":"FINAL","s":-1471,"agl":63.6,"V":33.88,"Vc":33.85,"thr":0.17,"de":0.209,"flap":0,"pitch":1.1,"thC":0.9,"vs":-1.57,"wK":1,"y":74.9,"hP":74.9,"brake":0,"onG":0}
{"t":432.8,"ph":"FINAL","s":-1462,"agl":62.7,"V":33.88,"Vc":33.85,"thr":0.17,"de":0.209,"flap":0,"pitch":1.1,"thC":0.9,"vs":-1.57,"wK":1,"y":74.4,"hP":74.5,"brake":0,"onG":0}
{"t":433.1,"ph":"FINAL","s":-1453,"agl":62,"V":33.88,"Vc":33.85,"thr":0.17,"de":0.209,"flap":0,"pitch":1.1,"thC":0.9,"vs":-1.57,"wK":1,"y":74,"hP":74.1,"brake":0,"onG":0}
{"t":433.3,"ph":"FINAL","s":-1444,"agl":61.4,"V":33.88,"Vc":33.85,"thr":0.17,"de":0.209,"flap":0,"pitch":1.1,"thC":0.9,"vs":-1.57,"wK":1,"y":73.6,"hP":73.7,"brake":0,"onG":0}
{"t":433.6,"ph":"FINAL","s":-1435,"agl":60.9,"V":33.88,"Vc":33.85,"thr":0.17,"de":0.21,"flap":0,"pitch":1.1,"thC":1,"vs":-1.57,"wK":1,"y":73.2,"hP":73.2,"brake":0,"onG":0}
{"t":433.9,"ph":"FINAL","s":-1426,"agl":60.3,"V":33.88,"Vc":33.85,"thr":0.17,"de":0.21,"flap":0,"pitch":1.1,"thC":1,"vs":-1.57,"wK":1,"y":72.8,"hP":72.8,"brake":0,"onG":0}
{"t":434.1,"ph":"FINAL","s":-1417,"agl":59.7,"V":33.88,"Vc":33.85,"thr":0.17,"de":0.21,"flap":0,"pitch":1.1,"thC":1,"vs":-1.57,"wK":1,"y":72.3,"hP":72.4,"brake":0,"onG":0}
{"t":434.4,"ph":"FINAL","s":-1408,"agl":59,"V":33.88,"Vc":33.85,"thr":0.17,"de":0.21,"flap":0,"pitch":1.1,"thC":1,"vs":-1.57,"wK":1,"y":71.9,"hP":72,"brake":0,"onG":0}
{"t":434.7,"ph":"FINAL","s":-1399,"agl":58.3,"V":33.88,"Vc":33.85,"thr":0.17,"de":0.21,"flap":0,"pitch":1.1,"thC":1,"vs":-1.57,"wK":1,"y":71.5,"hP":71.6,"brake":0,"onG":0}
{"t":434.9,"ph":"FINAL","s":-1390,"agl":57.8,"V":33.88,"Vc":33.85,"thr":0.17,"de":0.21,"flap":0,"pitch":1.1,"thC":1,"vs":-1.57,"wK":1,"y":71.1,"hP":71.2,"brake":0,"onG":0}
{"t":435.2,"ph":"FINAL","s":-1381,"agl":57.6,"V":33.88,"Vc":33.85,"thr":0.17,"de":0.21,"flap":0,"pitch":1.1,"thC":1,"vs":-1.57,"wK":1,"y":70.7,"hP":70.7,"brake":0,"onG":0}
{"t":435.5,"ph":"FINAL","s":-1372,"agl":57.2,"V":33.88,"Vc":33.85,"thr":0.17,"de":0.21,"flap":0,"pitch":1.1,"thC":1,"vs":-1.57,"wK":1,"y":70.3,"hP":70.3,"brake":0,"onG":0}
{"t":435.7,"ph":"FINAL","s":-1363,"agl":56.5,"V":33.88,"Vc":33.85,"thr":0.17,"de":0.21,"flap":0,"pitch":1.1,"thC":1,"vs":-1.57,"wK":1,"y":69.8,"hP":69.9,"brake":0,"onG":0}
{"t":436,"ph":"FINAL","s":-1354,"agl":55.6,"V":33.88,"Vc":33.85,"thr":0.17,"de":0.21,"flap":0,"pitch":1.1,"thC":1,"vs":-1.57,"wK":1,"y":69.4,"hP":69.5,"brake":0,"onG":0}
{"t":436.3,"ph":"FINAL","s":-1344,"agl":54.8,"V":33.88,"Vc":33.85,"thr":0.17,"de":0.21,"flap":0,"pitch":1.1,"thC":1,"vs":-1.57,"wK":1,"y":69,"hP":69.1,"brake":0,"onG":0}
{"t":436.5,"ph":"FINAL","s":-1335,"agl":54.3,"V":33.88,"Vc":33.85,"thr":0.17,"de":0.21,"flap":0,"pitch":1.1,"thC":1,"vs":-1.57,"wK":1,"y":68.6,"hP":68.7,"brake":0,"onG":0}
{"t":436.8,"ph":"FINAL","s":-1326,"agl":53.9,"V":33.88,"Vc":33.85,"thr":0.17,"de":0.21,"flap":0,"pitch":1.1,"thC":1,"vs":-1.57,"wK":1,"y":68.2,"hP":68.2,"brake":0,"onG":0}
{"t":437.1,"ph":"FINAL","s":-1317,"agl":53.5,"V":33.88,"Vc":33.85,"thr":0.17,"de":0.21,"flap":0,"pitch":1.1,"thC":1,"vs":-1.57,"wK":1,"y":67.7,"hP":67.8,"brake":0,"onG":0}
{"t":437.3,"ph":"FINAL","s":-1308,"agl":53,"V":33.88,"Vc":33.85,"thr":0.17,"de":0.21,"flap":0,"pitch":1.1,"thC":1,"vs":-1.57,"wK":1,"y":67.3,"hP":67.4,"brake":0,"onG":0}
{"t":437.6,"ph":"FINAL","s":-1299,"agl":52.3,"V":33.88,"Vc":33.85,"thr":0.17,"de":0.21,"flap":0,"pitch":1.1,"thC":1,"vs":-1.57,"wK":1,"y":66.9,"hP":67,"brake":0,"onG":0}
{"t":437.9,"ph":"FINAL","s":-1290,"agl":51.6,"V":33.88,"Vc":33.85,"thr":0.17,"de":0.21,"flap":0,"pitch":1.1,"thC":1,"vs":-1.56,"wK":1,"y":66.5,"hP":66.6,"brake":0,"onG":0}
{"t":438.1,"ph":"FINAL","s":-1281,"agl":51,"V":33.88,"Vc":33.85,"thr":0.17,"de":0.21,"flap":0,"pitch":1.1,"thC":1,"vs":-1.56,"wK":1,"y":66.1,"hP":66.2,"brake":0,"onG":0}
{"t":438.4,"ph":"FINAL","s":-1272,"agl":50.4,"V":33.88,"Vc":33.85,"thr":0.17,"de":0.21,"flap":0,"pitch":1.1,"thC":1,"vs":-1.56,"wK":1,"y":65.7,"hP":65.7,"brake":0,"onG":0}
{"t":438.7,"ph":"FINAL","s":-1263,"agl":49.6,"V":33.88,"Vc":33.85,"thr":0.17,"de":0.21,"flap":0,"pitch":1.1,"thC":1,"vs":-1.56,"wK":1,"y":65.2,"hP":65.3,"brake":0,"onG":0}
{"t":438.9,"ph":"FINAL","s":-1254,"agl":48.8,"V":33.88,"Vc":33.85,"thr":0.17,"de":0.21,"flap":0,"pitch":1.1,"thC":1,"vs":-1.56,"wK":1,"y":64.8,"hP":64.9,"brake":0,"onG":0}
{"t":439.2,"ph":"FINAL","s":-1245,"agl":47.8,"V":33.88,"Vc":33.85,"thr":0.17,"de":0.21,"flap":0,"pitch":1.1,"thC":1,"vs":-1.56,"wK":1,"y":64.4,"hP":64.5,"brake":0,"onG":0}
{"t":439.5,"ph":"FINAL","s":-1236,"agl":47.1,"V":33.88,"Vc":33.85,"thr":0.17,"de":0.21,"flap":0,"pitch":1.1,"thC":1,"vs":-1.56,"wK":1,"y":64,"hP":64.1,"brake":0,"onG":0}
{"t":439.7,"ph":"FINAL","s":-1227,"agl":46.6,"V":33.88,"Vc":33.85,"thr":0.17,"de":0.21,"flap":0,"pitch":1.1,"thC":1,"vs":-1.56,"wK":1,"y":63.6,"hP":63.7,"brake":0,"onG":0}
{"t":440,"ph":"FINAL","s":-1218,"agl":46.3,"V":33.88,"Vc":33.85,"thr":0.17,"de":0.21,"flap":0,"pitch":1.1,"thC":1,"vs":-1.56,"wK":1,"y":63.2,"hP":63.2,"brake":0,"onG":0}
{"t":440.3,"ph":"FINAL","s":-1209,"agl":46.2,"V":33.88,"Vc":33.85,"thr":0.17,"de":0.21,"flap":0,"pitch":1.1,"thC":1,"vs":-1.56,"wK":1,"y":62.7,"hP":62.8,"brake":0,"onG":0}
{"t":440.5,"ph":"FINAL","s":-1200,"agl":45.7,"V":33.88,"Vc":33.85,"thr":0.17,"de":0.21,"flap":0,"pitch":1.1,"thC":1,"vs":-1.56,"wK":1,"y":62.3,"hP":62.4,"brake":0,"onG":0}
{"t":440.8,"ph":"FINAL","s":-1191,"agl":45.1,"V":33.88,"Vc":33.85,"thr":0.17,"de":0.21,"flap":0,"pitch":1.1,"thC":1,"vs":-1.56,"wK":1,"y":61.9,"hP":62,"brake":0,"onG":0}
{"t":441.1,"ph":"FINAL","s":-1181,"agl":44.5,"V":33.88,"Vc":33.85,"thr":0.17,"de":0.21,"flap":0,"pitch":1.1,"thC":1,"vs":-1.56,"wK":1,"y":61.5,"hP":61.6,"brake":0,"onG":0}
{"t":441.3,"ph":"FINAL","s":-1172,"agl":44.5,"V":33.88,"Vc":33.85,"thr":0.17,"de":0.21,"flap":0,"pitch":1.1,"thC":1,"vs":-1.56,"wK":1,"y":61.1,"hP":61.2,"brake":0,"onG":0}
{"t":441.6,"ph":"FINAL","s":-1163,"agl":44.2,"V":33.88,"Vc":33.85,"thr":0.17,"de":0.21,"flap":0,"pitch":1.1,"thC":1,"vs":-1.56,"wK":1,"y":60.7,"hP":60.7,"brake":0,"onG":0}
{"t":441.9,"ph":"FINAL","s":-1154,"agl":43.8,"V":33.88,"Vc":33.85,"thr":0.17,"de":0.21,"flap":0,"pitch":1.1,"thC":1,"vs":-1.56,"wK":1,"y":60.2,"hP":60.3,"brake":0,"onG":0}
{"t":442.1,"ph":"FINAL","s":-1145,"agl":43.6,"V":33.88,"Vc":33.85,"thr":0.17,"de":0.21,"flap":0,"pitch":1.1,"thC":1,"vs":-1.56,"wK":1,"y":59.8,"hP":59.9,"brake":0,"onG":0}
{"t":442.4,"ph":"FINAL","s":-1136,"agl":42.9,"V":33.88,"Vc":33.85,"thr":0.17,"de":0.21,"flap":0,"pitch":1.1,"thC":1,"vs":-1.56,"wK":1,"y":59.4,"hP":59.5,"brake":0,"onG":0}
{"t":442.7,"ph":"FINAL","s":-1127,"agl":42.1,"V":33.88,"Vc":33.85,"thr":0.17,"de":0.21,"flap":0,"pitch":1.1,"thC":1,"vs":-1.56,"wK":1,"y":59,"hP":59.1,"brake":0,"onG":0}
{"t":442.9,"ph":"FINAL","s":-1118,"agl":42.6,"V":33.88,"Vc":33.85,"thr":0.17,"de":0.21,"flap":0,"pitch":1.1,"thC":1,"vs":-1.56,"wK":1,"y":58.6,"hP":58.7,"brake":0,"onG":0}
{"t":443.2,"ph":"FINAL","s":-1109,"agl":43.7,"V":33.88,"Vc":33.85,"thr":0.17,"de":0.21,"flap":0,"pitch":1.1,"thC":1,"vs":-1.56,"wK":1,"y":58.2,"hP":58.2,"brake":0,"onG":0}
{"t":443.5,"ph":"FINAL","s":-1100,"agl":43.9,"V":33.88,"Vc":33.85,"thr":0.17,"de":0.21,"flap":0,"pitch":1.1,"thC":1,"vs":-1.56,"wK":1,"y":57.8,"hP":57.8,"brake":0,"onG":0}
{"t":443.7,"ph":"FINAL","s":-1091,"agl":44.6,"V":33.88,"Vc":33.85,"thr":0.17,"de":0.21,"flap":0,"pitch":1.1,"thC":1,"vs":-1.56,"wK":1,"y":57.3,"hP":57.4,"brake":0,"onG":0}
{"t":444,"ph":"FINAL","s":-1082,"agl":44.8,"V":33.88,"Vc":33.85,"thr":0.17,"de":0.21,"flap":0,"pitch":1.1,"thC":1,"vs":-1.56,"wK":1,"y":56.9,"hP":57,"brake":0,"onG":0}
{"t":444.3,"ph":"FINAL","s":-1073,"agl":45.1,"V":33.88,"Vc":33.85,"thr":0.17,"de":0.21,"flap":0,"pitch":1.1,"thC":1,"vs":-1.56,"wK":1,"y":56.5,"hP":56.6,"brake":0,"onG":0}
{"t":444.5,"ph":"FINAL","s":-1064,"agl":45.2,"V":33.88,"Vc":33.85,"thr":0.17,"de":0.21,"flap":0,"pitch":1.1,"thC":1,"vs":-1.56,"wK":1,"y":56.1,"hP":56.2,"brake":0,"onG":0}
{"t":444.8,"ph":"FINAL","s":-1055,"agl":45.3,"V":33.88,"Vc":33.85,"thr":0.17,"de":0.21,"flap":0,"pitch":1.1,"thC":1.1,"vs":-1.56,"wK":1,"y":55.7,"hP":55.7,"brake":0,"onG":0}
{"t":445.1,"ph":"FINAL","s":-1046,"agl":45.4,"V":33.88,"Vc":33.85,"thr":0.17,"de":0.21,"flap":0,"pitch":1.1,"thC":1.1,"vs":-1.56,"wK":1,"y":55.3,"hP":55.3,"brake":0,"onG":0}
{"t":445.3,"ph":"FINAL","s":-1037,"agl":45.2,"V":33.88,"Vc":33.85,"thr":0.17,"de":0.21,"flap":0,"pitch":1.1,"thC":1.1,"vs":-1.56,"wK":1,"y":54.8,"hP":54.9,"brake":0,"onG":0}
{"t":445.6,"ph":"FINAL","s":-1028,"agl":44.5,"V":33.88,"Vc":33.85,"thr":0.17,"de":0.21,"flap":0,"pitch":1.1,"thC":1.1,"vs":-1.56,"wK":1,"y":54.4,"hP":54.5,"brake":0,"onG":0}
{"t":445.9,"ph":"FINAL","s":-1019,"agl":44,"V":33.88,"Vc":33.85,"thr":0.17,"de":0.21,"flap":0,"pitch":1.1,"thC":1.1,"vs":-1.56,"wK":1,"y":54,"hP":54.1,"brake":0,"onG":0}
{"t":446.1,"ph":"FINAL","s":-1010,"agl":43.9,"V":33.87,"Vc":33.85,"thr":0.17,"de":0.21,"flap":0,"pitch":1.1,"thC":1.1,"vs":-1.56,"wK":1,"y":53.6,"hP":53.7,"brake":0,"onG":0}
{"t":446.4,"ph":"FINAL","s":-1001,"agl":43.9,"V":33.87,"Vc":33.85,"thr":0.17,"de":0.21,"flap":0,"pitch":1.1,"thC":1.1,"vs":-1.56,"wK":1,"y":53.2,"hP":53.2,"brake":0,"onG":0}
{"t":446.7,"ph":"FINAL","s":-991,"agl":43.8,"V":33.87,"Vc":33.85,"thr":0.17,"de":0.21,"flap":0,"pitch":1.1,"thC":1.1,"vs":-1.56,"wK":1,"y":52.8,"hP":52.8,"brake":0,"onG":0}
{"t":446.9,"ph":"FINAL","s":-982,"agl":43.6,"V":33.87,"Vc":33.85,"thr":0.17,"de":0.21,"flap":0,"pitch":1.1,"thC":1.1,"vs":-1.56,"wK":1,"y":52.4,"hP":52.4,"brake":0,"onG":0}
{"t":447.2,"ph":"FINAL","s":-973,"agl":43.3,"V":33.87,"Vc":33.85,"thr":0.17,"de":0.21,"flap":0,"pitch":1.1,"thC":1.1,"vs":-1.56,"wK":1,"y":51.9,"hP":52,"brake":0,"onG":0}
{"t":447.5,"ph":"FINAL","s":-964,"agl":43.3,"V":33.87,"Vc":33.85,"thr":0.17,"de":0.21,"flap":0,"pitch":1.1,"thC":1.1,"vs":-1.56,"wK":1,"y":51.5,"hP":51.6,"brake":0,"onG":0}
{"t":447.7,"ph":"FINAL","s":-955,"agl":44.2,"V":33.87,"Vc":33.85,"thr":0.17,"de":0.21,"flap":0,"pitch":1.1,"thC":1.1,"vs":-1.56,"wK":1,"y":51.1,"hP":51.2,"brake":0,"onG":0}
{"t":448,"ph":"FINAL","s":-946,"agl":45.2,"V":33.87,"Vc":33.85,"thr":0.17,"de":0.21,"flap":0,"pitch":1.1,"thC":1.1,"vs":-1.56,"wK":1,"y":50.7,"hP":50.8,"brake":0,"onG":0}
{"t":448.3,"ph":"FINAL","s":-937,"agl":46.4,"V":33.87,"Vc":33.85,"thr":0.17,"de":0.21,"flap":0,"pitch":1.1,"thC":1.1,"vs":-1.56,"wK":1,"y":50.3,"hP":50.3,"brake":0,"onG":0}
{"t":448.5,"ph":"FINAL","s":-928,"agl":48.8,"V":33.87,"Vc":33.85,"thr":0.17,"de":0.21,"flap":0,"pitch":1.1,"thC":1.1,"vs":-1.56,"wK":1,"y":49.9,"hP":49.9,"brake":0,"onG":0}
{"t":448.8,"ph":"FINAL","s":-919,"agl":48.4,"V":33.87,"Vc":33.85,"thr":0.17,"de":0.21,"flap":0,"pitch":1.1,"thC":1.1,"vs":-1.56,"wK":1,"y":49.4,"hP":49.5,"brake":0,"onG":0}
{"t":449.1,"ph":"FINAL","s":-910,"agl":47.9,"V":33.87,"Vc":33.85,"thr":0.17,"de":0.21,"flap":0,"pitch":1.1,"thC":1.1,"vs":-1.56,"wK":1,"y":49,"hP":49.1,"brake":0,"onG":0}
{"t":449.3,"ph":"FINAL","s":-901,"agl":47.5,"V":33.87,"Vc":33.85,"thr":0.17,"de":0.21,"flap":0,"pitch":1.1,"thC":1.1,"vs":-1.56,"wK":1,"y":48.6,"hP":48.7,"brake":0,"onG":0}
{"t":449.6,"ph":"FINAL","s":-892,"agl":47.1,"V":33.87,"Vc":33.85,"thr":0.17,"de":0.21,"flap":0,"pitch":1.1,"thC":1.1,"vs":-1.56,"wK":1,"y":48.2,"hP":48.3,"brake":0,"onG":0}
{"t":449.9,"ph":"FINAL","s":-883,"agl":46.7,"V":33.87,"Vc":33.85,"thr":0.17,"de":0.21,"flap":0,"pitch":1.1,"thC":1.1,"vs":-1.56,"wK":1,"y":47.8,"hP":47.8,"brake":0,"onG":0}
{"t":450.1,"ph":"FINAL","s":-874,"agl":46.3,"V":33.87,"Vc":33.85,"thr":0.17,"de":0.21,"flap":0,"pitch":1.1,"thC":1.1,"vs":-1.56,"wK":1,"y":47.4,"hP":47.4,"brake":0,"onG":0}
{"t":450.4,"ph":"FINAL","s":-865,"agl":45.9,"V":33.87,"Vc":33.85,"thr":0.17,"de":0.21,"flap":0,"pitch":1.1,"thC":1.1,"vs":-1.56,"wK":1,"y":47,"hP":47,"brake":0,"onG":0}
{"t":450.7,"ph":"FINAL","s":-856,"agl":45.5,"V":33.87,"Vc":33.85,"thr":0.17,"de":0.21,"flap":0,"pitch":1.1,"thC":1.1,"vs":-1.56,"wK":1,"y":46.5,"hP":46.6,"brake":0,"onG":0}
{"t":450.9,"ph":"FINAL","s":-847,"agl":45,"V":33.87,"Vc":33.85,"thr":0.17,"de":0.21,"flap":0,"pitch":1.1,"thC":1.1,"vs":-1.56,"wK":1,"y":46.1,"hP":46.2,"brake":0,"onG":0}
{"t":451.2,"ph":"FINAL","s":-838,"agl":44.6,"V":33.87,"Vc":33.85,"thr":0.17,"de":0.21,"flap":0,"pitch":1.1,"thC":1.1,"vs":-1.56,"wK":1,"y":45.7,"hP":45.8,"brake":0,"onG":0}
{"t":451.5,"ph":"FINAL","s":-829,"agl":44.2,"V":33.87,"Vc":33.85,"thr":0.17,"de":0.21,"flap":0,"pitch":1.1,"thC":1.1,"vs":-1.56,"wK":1,"y":45.3,"hP":45.3,"brake":0,"onG":0}
{"t":451.7,"ph":"FINAL","s":-820,"agl":43.8,"V":33.87,"Vc":33.85,"thr":0.17,"de":0.21,"flap":0,"pitch":1.1,"thC":1.1,"vs":-1.56,"wK":1,"y":44.9,"hP":44.9,"brake":0,"onG":0}
{"t":452,"ph":"FINAL","s":-811,"agl":43.4,"V":33.87,"Vc":33.85,"thr":0.17,"de":0.21,"flap":0,"pitch":1.1,"thC":1.1,"vs":-1.56,"wK":1,"y":44.5,"hP":44.5,"brake":0,"onG":0}
{"t":452.3,"ph":"FINAL","s":-802,"agl":43,"V":33.87,"Vc":33.85,"thr":0.17,"de":0.21,"flap":0,"pitch":1.1,"thC":1.1,"vs":-1.56,"wK":1,"y":44.1,"hP":44.1,"brake":0,"onG":0}
{"t":452.5,"ph":"FINAL","s":-793,"agl":42.5,"V":33.87,"Vc":33.85,"thr":0.17,"de":0.21,"flap":0,"pitch":1.1,"thC":1.1,"vs":-1.56,"wK":1,"y":43.6,"hP":43.7,"brake":0,"onG":0}
{"t":452.8,"ph":"FINAL","s":-783,"agl":42.1,"V":33.87,"Vc":33.85,"thr":0.17,"de":0.21,"flap":0,"pitch":1.1,"thC":1.1,"vs":-1.56,"wK":1,"y":43.2,"hP":43.3,"brake":0,"onG":0}
{"t":453.1,"ph":"FINAL","s":-774,"agl":41.7,"V":33.87,"Vc":33.85,"thr":0.17,"de":0.21,"flap":0,"pitch":1.1,"thC":1.1,"vs":-1.56,"wK":1,"y":42.8,"hP":42.8,"brake":0,"onG":0}
{"t":453.3,"ph":"FINAL","s":-765,"agl":41.3,"V":33.87,"Vc":33.85,"thr":0.17,"de":0.21,"flap":0,"pitch":1.1,"thC":1.1,"vs":-1.56,"wK":1,"y":42.4,"hP":42.4,"brake":0,"onG":0}
{"t":453.6,"ph":"FINAL","s":-756,"agl":40.9,"V":33.87,"Vc":33.85,"thr":0.17,"de":0.21,"flap":0,"pitch":1.1,"thC":1.1,"vs":-1.56,"wK":1,"y":42,"hP":42,"brake":0,"onG":0}
{"t":453.9,"ph":"FINAL","s":-747,"agl":40.5,"V":33.87,"Vc":33.85,"thr":0.17,"de":0.21,"flap":0,"pitch":1.1,"thC":1.1,"vs":-1.56,"wK":1,"y":41.6,"hP":41.6,"brake":0,"onG":0}
{"t":454.1,"ph":"FINAL","s":-738,"agl":40.1,"V":33.87,"Vc":33.85,"thr":0.17,"de":0.21,"flap":0,"pitch":1.1,"thC":1.1,"vs":-1.56,"wK":1,"y":41.1,"hP":41.2,"brake":0,"onG":0}
{"t":454.4,"ph":"FINAL","s":-729,"agl":39.6,"V":33.87,"Vc":33.85,"thr":0.17,"de":0.21,"flap":0,"pitch":1.1,"thC":1.1,"vs":-1.56,"wK":1,"y":40.7,"hP":40.8,"brake":0,"onG":0}
{"t":454.7,"ph":"FINAL","s":-720,"agl":39.2,"V":33.87,"Vc":33.85,"thr":0.17,"de":0.21,"flap":0,"pitch":1.1,"thC":1.1,"vs":-1.56,"wK":1,"y":40.3,"hP":40.4,"brake":0,"onG":0}
{"t":454.9,"ph":"FINAL","s":-711,"agl":38.8,"V":33.87,"Vc":33.85,"thr":0.17,"de":0.21,"flap":0,"pitch":1.1,"thC":1.1,"vs":-1.56,"wK":1,"y":39.9,"hP":39.9,"brake":0,"onG":0}
{"t":455.2,"ph":"FINAL","s":-702,"agl":38.4,"V":33.87,"Vc":33.85,"thr":0.17,"de":0.21,"flap":0,"pitch":1.1,"thC":1.1,"vs":-1.56,"wK":1,"y":39.5,"hP":39.5,"brake":0,"onG":0}
{"t":455.5,"ph":"FINAL","s":-693,"agl":38,"V":33.87,"Vc":33.85,"thr":0.17,"de":0.21,"flap":0,"pitch":1.1,"thC":1.1,"vs":-1.56,"wK":1,"y":39.1,"hP":39.1,"brake":0,"onG":0}
{"t":455.7,"ph":"FINAL","s":-684,"agl":37.6,"V":33.87,"Vc":33.85,"thr":0.17,"de":0.21,"flap":0,"pitch":1.1,"thC":1.1,"vs":-1.56,"wK":1,"y":38.7,"hP":38.7,"brake":0,"onG":0}
{"t":456,"ph":"FINAL","s":-675,"agl":37.2,"V":33.86,"Vc":33.85,"thr":0.17,"de":0.21,"flap":0,"pitch":1.1,"thC":1.1,"vs":-1.56,"wK":1,"y":38.2,"hP":38.3,"brake":0,"onG":0}
{"t":456.3,"ph":"FINAL","s":-666,"agl":36.7,"V":33.86,"Vc":33.85,"thr":0.17,"de":0.21,"flap":0,"pitch":1.1,"thC":1.1,"vs":-1.56,"wK":1,"y":37.8,"hP":37.9,"brake":0,"onG":0}
{"t":456.5,"ph":"FINAL","s":-657,"agl":36.3,"V":33.86,"Vc":33.85,"thr":0.17,"de":0.21,"flap":0,"pitch":1.1,"thC":1.1,"vs":-1.56,"wK":1,"y":37.4,"hP":37.4,"brake":0,"onG":0}
{"t":456.8,"ph":"FINAL","s":-648,"agl":35.9,"V":33.86,"Vc":33.85,"thr":0.17,"de":0.21,"flap":0,"pitch":1.1,"thC":1.1,"vs":-1.56,"wK":1,"y":37,"hP":37,"brake":0,"onG":0}
{"t":457.1,"ph":"FINAL","s":-639,"agl":35.5,"V":33.86,"Vc":33.85,"thr":0.17,"de":0.21,"flap":0,"pitch":1.1,"thC":1.1,"vs":-1.56,"wK":1,"y":36.6,"hP":36.6,"brake":0,"onG":0}
{"t":457.3,"ph":"FINAL","s":-630,"agl":35.1,"V":33.86,"Vc":33.85,"thr":0.17,"de":0.21,"flap":0,"pitch":1.1,"thC":1.1,"vs":-1.56,"wK":1,"y":36.2,"hP":36.2,"brake":0,"onG":0}
{"t":457.6,"ph":"FINAL","s":-621,"agl":34.7,"V":33.86,"Vc":33.85,"thr":0.17,"de":0.21,"flap":0,"pitch":1.1,"thC":1.1,"vs":-1.56,"wK":1,"y":35.8,"hP":35.8,"brake":0,"onG":0}
{"t":457.9,"ph":"FINAL","s":-612,"agl":34.2,"V":33.86,"Vc":33.85,"thr":0.17,"de":0.21,"flap":0,"pitch":1.1,"thC":1.1,"vs":-1.56,"wK":1,"y":35.3,"hP":35.4,"brake":0,"onG":0}
{"t":458.1,"ph":"FINAL","s":-603,"agl":33.8,"V":33.86,"Vc":33.85,"thr":0.17,"de":0.21,"flap":0,"pitch":1.1,"thC":1.1,"vs":-1.56,"wK":1,"y":34.9,"hP":35,"brake":0,"onG":0}
{"t":458.4,"ph":"FINAL","s":-594,"agl":33.4,"V":33.86,"Vc":33.85,"thr":0.17,"de":0.21,"flap":0,"pitch":1.1,"thC":1.1,"vs":-1.56,"wK":1,"y":34.5,"hP":34.5,"brake":0,"onG":0}
{"t":458.7,"ph":"FINAL","s":-585,"agl":33,"V":33.86,"Vc":33.85,"thr":0.17,"de":0.21,"flap":0,"pitch":1.1,"thC":1.1,"vs":-1.56,"wK":1,"y":34.1,"hP":34.1,"brake":0,"onG":0}
{"t":458.9,"ph":"FINAL","s":-576,"agl":32.6,"V":33.86,"Vc":33.85,"thr":0.17,"de":0.21,"flap":0,"pitch":1.1,"thC":1.1,"vs":-1.56,"wK":1,"y":33.7,"hP":33.7,"brake":0,"onG":0}
{"t":459.2,"ph":"FINAL","s":-567,"agl":32.2,"V":33.86,"Vc":33.85,"thr":0.17,"de":0.21,"flap":0,"pitch":1.1,"thC":1.1,"vs":-1.56,"wK":1,"y":33.3,"hP":33.3,"brake":0,"onG":0}
{"t":459.5,"ph":"FINAL","s":-558,"agl":31.8,"V":33.86,"Vc":33.85,"thr":0.17,"de":0.21,"flap":0,"pitch":1.1,"thC":1.1,"vs":-1.56,"wK":1,"y":32.8,"hP":32.9,"brake":0,"onG":0}
{"t":459.7,"ph":"FINAL","s":-549,"agl":31.3,"V":33.86,"Vc":33.85,"thr":0.17,"de":0.21,"flap":0,"pitch":1.1,"thC":1.1,"vs":-1.56,"wK":1,"y":32.4,"hP":32.5,"brake":0,"onG":0}
{"t":460,"ph":"FINAL","s":-539,"agl":30.9,"V":33.86,"Vc":33.85,"thr":0.17,"de":0.21,"flap":0,"pitch":1.1,"thC":1.1,"vs":-1.56,"wK":1,"y":32,"hP":32,"brake":0,"onG":0}
{"t":460.3,"ph":"FINAL","s":-530,"agl":30.5,"V":33.86,"Vc":33.85,"thr":0.17,"de":0.21,"flap":0,"pitch":1.1,"thC":1.1,"vs":-1.56,"wK":1,"y":31.6,"hP":31.6,"brake":0,"onG":0}
{"t":460.5,"ph":"FINAL","s":-521,"agl":30.1,"V":33.86,"Vc":33.85,"thr":0.17,"de":0.21,"flap":0,"pitch":1.1,"thC":1.1,"vs":-1.56,"wK":1,"y":31.2,"hP":31.2,"brake":0,"onG":0}
{"t":460.8,"ph":"FINAL","s":-512,"agl":29.7,"V":33.86,"Vc":33.85,"thr":0.17,"de":0.21,"flap":0,"pitch":1.1,"thC":1.1,"vs":-1.56,"wK":1,"y":30.8,"hP":30.8,"brake":0,"onG":0}
{"t":461.1,"ph":"FINAL","s":-503,"agl":29.3,"V":33.86,"Vc":33.85,"thr":0.17,"de":0.21,"flap":0,"pitch":1.1,"thC":1.1,"vs":-1.56,"wK":1,"y":30.4,"hP":30.4,"brake":0,"onG":0}
{"t":461.3,"ph":"FINAL","s":-494,"agl":28.8,"V":33.86,"Vc":33.85,"thr":0.17,"de":0.21,"flap":0,"pitch":1.1,"thC":1.1,"vs":-1.56,"wK":1,"y":29.9,"hP":30,"brake":0,"onG":0}
{"t":461.6,"ph":"FINAL","s":-485,"agl":28.4,"V":33.86,"Vc":33.85,"thr":0.17,"de":0.21,"flap":0,"pitch":1.1,"thC":1.1,"vs":-1.56,"wK":1,"y":29.5,"hP":29.5,"brake":0,"onG":0}
{"t":461.9,"ph":"FINAL","s":-476,"agl":28,"V":33.86,"Vc":33.85,"thr":0.17,"de":0.21,"flap":0,"pitch":1.1,"thC":1.1,"vs":-1.56,"wK":1,"y":29.1,"hP":29.1,"brake":0,"onG":0}
{"t":462.1,"ph":"FINAL","s":-467,"agl":27.6,"V":33.86,"Vc":33.85,"thr":0.17,"de":0.21,"flap":0,"pitch":1.1,"thC":1.1,"vs":-1.56,"wK":1,"y":28.7,"hP":28.7,"brake":0,"onG":0}
{"t":462.4,"ph":"FINAL","s":-458,"agl":27.2,"V":33.86,"Vc":33.85,"thr":0.17,"de":0.21,"flap":0,"pitch":1.1,"thC":1.1,"vs":-1.56,"wK":1,"y":28.3,"hP":28.3,"brake":0,"onG":0}
{"t":462.7,"ph":"FINAL","s":-449,"agl":26.8,"V":33.86,"Vc":33.85,"thr":0.17,"de":0.21,"flap":0,"pitch":1.1,"thC":1.1,"vs":-1.56,"wK":1,"y":27.9,"hP":27.9,"brake":0,"onG":0}
{"t":462.9,"ph":"FINAL","s":-440,"agl":26.3,"V":33.86,"Vc":33.85,"thr":0.17,"de":0.21,"flap":0,"pitch":1.1,"thC":1.1,"vs":-1.56,"wK":1,"y":27.4,"hP":27.5,"brake":0,"onG":0}
{"t":463.2,"ph":"FINAL","s":-431,"agl":25.9,"V":33.86,"Vc":33.85,"thr":0.17,"de":0.21,"flap":0,"pitch":1.1,"thC":1.1,"vs":-1.56,"wK":1,"y":27,"hP":27.1,"brake":0,"onG":0}
{"t":463.5,"ph":"FINAL","s":-422,"agl":25.5,"V":33.86,"Vc":33.85,"thr":0.17,"de":0.21,"flap":0,"pitch":1.1,"thC":1.1,"vs":-1.56,"wK":1,"y":26.6,"hP":26.6,"brake":0,"onG":0}
{"t":463.7,"ph":"FINAL","s":-413,"agl":25.1,"V":33.86,"Vc":33.85,"thr":0.17,"de":0.21,"flap":0,"pitch":1.1,"thC":1.1,"vs":-1.56,"wK":1,"y":26.2,"hP":26.2,"brake":0,"onG":0}
{"t":464,"ph":"FINAL","s":-404,"agl":24.7,"V":33.86,"Vc":33.85,"thr":0.17,"de":0.21,"flap":0,"pitch":1.1,"thC":1.1,"vs":-1.56,"wK":1,"y":25.8,"hP":25.8,"brake":0,"onG":0}
{"t":464.3,"ph":"FINAL","s":-395,"agl":24.3,"V":33.86,"Vc":33.85,"thr":0.17,"de":0.21,"flap":0,"pitch":1.1,"thC":1.1,"vs":-1.56,"wK":1,"y":25.4,"hP":25.4,"brake":0,"onG":0}
{"t":464.5,"ph":"FINAL","s":-386,"agl":23.9,"V":33.86,"Vc":33.85,"thr":0.17,"de":0.21,"flap":0,"pitch":1.1,"thC":1.1,"vs":-1.56,"wK":1,"y":24.9,"hP":25,"brake":0,"onG":0}
{"t":464.8,"ph":"FINAL","s":-377,"agl":23.4,"V":33.86,"Vc":33.85,"thr":0.17,"de":0.21,"flap":0,"pitch":1.1,"thC":1.1,"vs":-1.56,"wK":1,"y":24.5,"hP":24.6,"brake":0,"onG":0}
{"t":465.1,"ph":"FINAL","s":-368,"agl":23,"V":33.86,"Vc":33.85,"thr":0.17,"de":0.21,"flap":0,"pitch":1.1,"thC":1.1,"vs":-1.56,"wK":1,"y":24.1,"hP":24.1,"brake":0,"onG":0}
{"t":465.3,"ph":"FINAL","s":-359,"agl":22.6,"V":33.86,"Vc":33.85,"thr":0.17,"de":0.21,"flap":0,"pitch":1.1,"thC":1.1,"vs":-1.56,"wK":1,"y":23.7,"hP":23.7,"brake":0,"onG":0}
{"t":465.6,"ph":"FINAL","s":-350,"agl":22.2,"V":33.86,"Vc":33.85,"thr":0.17,"de":0.21,"flap":0,"pitch":1.1,"thC":1.1,"vs":-1.56,"wK":1,"y":23.3,"hP":23.3,"brake":0,"onG":0}
{"t":465.9,"ph":"FINAL","s":-341,"agl":21.8,"V":33.86,"Vc":33.85,"thr":0.17,"de":0.21,"flap":0,"pitch":1.1,"thC":1.1,"vs":-1.56,"wK":1,"y":22.9,"hP":22.9,"brake":0,"onG":0}
{"t":466.1,"ph":"FINAL","s":-332,"agl":19.6,"V":33.86,"Vc":33.85,"thr":0.17,"de":0.21,"flap":0,"pitch":1.1,"thC":1.1,"vs":-1.56,"wK":1,"y":22.5,"hP":22.5,"brake":0,"onG":0}
{"t":466.4,"ph":"FINAL","s":-323,"agl":16.1,"V":33.86,"Vc":33.85,"thr":0.17,"de":0.211,"flap":0,"pitch":1.1,"thC":1.1,"vs":-1.56,"wK":1,"y":22,"hP":22.1,"brake":0,"onG":0}
{"t":466.7,"ph":"FINAL","s":-314,"agl":12.5,"V":33.86,"Vc":33.85,"thr":0.17,"de":0.211,"flap":0,"pitch":1.1,"thC":1.1,"vs":-1.56,"wK":1,"y":21.6,"hP":21.7,"brake":0,"onG":0}
{"t":466.9,"ph":"FINAL","s":-305,"agl":9.1,"V":33.86,"Vc":33.85,"thr":0.17,"de":0.212,"flap":0,"pitch":1,"thC":1.1,"vs":-1.56,"wK":1,"y":21.2,"hP":21.2,"brake":0,"onG":0}
{"t":467.2,"ph":"FLARE","s":-296,"agl":6.2,"V":33.86,"Vc":33.85,"thr":0.17,"de":0.213,"flap":0,"pitch":1,"thC":1.1,"vs":-1.57,"wK":1,"y":20.8,"hP":20.8,"brake":0,"onG":0}
{"t":467.5,"ph":"FLARE","s":-287,"agl":4.3,"V":33.74,"Vc":null,"thr":0.01,"de":0.324,"flap":0,"pitch":0.7,"thC":null,"vs":-1.67,"wK":null,"y":20.4,"hP":null,"brake":0,"onG":0}
{"t":467.7,"ph":"FLARE","s":-278,"agl":3.1,"V":33.68,"Vc":null,"thr":0.12,"de":0.35,"flap":0,"pitch":1.2,"thC":null,"vs":-1.76,"wK":null,"y":19.9,"hP":null,"brake":0,"onG":0}
{"t":468,"ph":"FLARE","s":-269,"agl":2.4,"V":33.61,"Vc":null,"thr":0.12,"de":0.35,"flap":0,"pitch":2.6,"thC":null,"vs":-1.5,"wK":null,"y":19.5,"hP":null,"brake":0,"onG":0}
{"t":468.3,"ph":"FLARE","s":-260,"agl":2,"V":33.51,"Vc":null,"thr":0.12,"de":0.297,"flap":0,"pitch":3.5,"thC":null,"vs":-1.06,"wK":null,"y":19.1,"hP":null,"brake":0,"onG":0}
{"t":468.5,"ph":"FLARE","s":-251,"agl":1.6,"V":33.39,"Vc":null,"thr":0.12,"de":0.302,"flap":0,"pitch":3.3,"thC":null,"vs":-0.76,"wK":null,"y":18.9,"hP":null,"brake":0,"onG":0}
{"t":468.8,"ph":"FLARE","s":-242,"agl":1.3,"V":33.27,"Vc":null,"thr":0.12,"de":0.312,"flap":0,"pitch":2.9,"thC":null,"vs":-0.69,"wK":null,"y":18.7,"hP":null,"brake":0,"onG":0}
{"t":469.1,"ph":"FLARE","s":-233,"agl":0.9,"V":33.16,"Vc":null,"thr":0.12,"de":0.324,"flap":0,"pitch":2.9,"thC":null,"vs":-0.71,"wK":null,"y":18.5,"hP":null,"brake":0,"onG":0}
{"t":469.3,"ph":"FLARE","s":-224,"agl":0.5,"V":33.06,"Vc":null,"thr":0.12,"de":0.311,"flap":0,"pitch":3,"thC":null,"vs":-0.68,"wK":null,"y":18.3,"hP":null,"brake":0,"onG":0}
{"t":469.6,"ph":"FLARE","s":-215,"agl":0.2,"V":32.95,"Vc":null,"thr":0.12,"de":0.333,"flap":0,"pitch":2.8,"thC":null,"vs":-0.68,"wK":null,"y":18.1,"hP":null,"brake":0,"onG":0}
{"t":469.9,"ph":"ROLLOUT","s":-207,"agl":0,"V":32.67,"Vc":null,"thr":0,"de":0.35,"flap":0,"pitch":0.6,"thC":null,"vs":1.2,"wK":null,"y":18.1,"hP":null,"brake":0.04,"onG":3}
{"t":470.1,"ph":"ROLLOUT","s":-198,"agl":0,"V":32.41,"Vc":null,"thr":0,"de":0.248,"flap":0,"pitch":0.4,"thC":null,"vs":0.41,"wK":null,"y":18.3,"hP":null,"brake":0.1,"onG":3}
{"t":470.4,"ph":"ROLLOUT","s":-189,"agl":0,"V":32.08,"Vc":null,"thr":0,"de":0.26,"flap":0,"pitch":0.9,"thC":null,"vs":0.49,"wK":null,"y":18.5,"hP":null,"brake":0.17,"onG":3}
{"t":470.7,"ph":"ROLLOUT","s":-181,"agl":0,"V":31.75,"Vc":null,"thr":0,"de":0.242,"flap":0,"pitch":0.4,"thC":null,"vs":0.73,"wK":null,"y":18.7,"hP":null,"brake":0.23,"onG":3}
{"t":470.9,"ph":"ROLLOUT","s":-172,"agl":0,"V":31.42,"Vc":null,"thr":0,"de":0.182,"flap":0,"pitch":0.7,"thC":null,"vs":0.63,"wK":null,"y":18.8,"hP":null,"brake":0.3,"onG":3}
{"t":471.2,"ph":"ROLLOUT","s":-164,"agl":0,"V":31.07,"Vc":null,"thr":0,"de":0.182,"flap":0,"pitch":0.5,"thC":null,"vs":0.65,"wK":null,"y":19,"hP":null,"brake":0.36,"onG":3}
{"t":471.5,"ph":"ROLLOUT","s":-156,"agl":0,"V":30.7,"Vc":null,"thr":0,"de":0.164,"flap":0,"pitch":0.6,"thC":null,"vs":0.71,"wK":null,"y":19.2,"hP":null,"brake":0.42,"onG":3}
{"t":471.7,"ph":"ROLLOUT","s":-148,"agl":0,"V":30.32,"Vc":null,"thr":0,"de":0.172,"flap":0,"pitch":0.6,"thC":null,"vs":0.73,"wK":null,"y":19.4,"hP":null,"brake":0.49,"onG":3}
{"t":472,"ph":"ROLLOUT","s":-140,"agl":0,"V":29.91,"Vc":null,"thr":0,"de":0.169,"flap":0,"pitch":0.7,"thC":null,"vs":0.75,"wK":null,"y":19.6,"hP":null,"brake":0.55,"onG":3}
{"t":472.3,"ph":"ROLLOUT","s":-132,"agl":0,"V":29.48,"Vc":null,"thr":0,"de":0.169,"flap":0,"pitch":0.7,"thC":null,"vs":0.77,"wK":null,"y":19.8,"hP":null,"brake":0.62,"onG":3}
{"t":472.5,"ph":"ROLLOUT","s":-124,"agl":0,"V":29.04,"Vc":null,"thr":0,"de":0.168,"flap":0,"pitch":0.7,"thC":null,"vs":0.79,"wK":null,"y":20,"hP":null,"brake":0.68,"onG":3}
{"t":472.8,"ph":"ROLLOUT","s":-116,"agl":-0.1,"V":28.43,"Vc":null,"thr":0,"de":0.061,"flap":0,"pitch":1.8,"thC":null,"vs":2.15,"wK":null,"y":20.3,"hP":null,"brake":0.74,"onG":3}
{"t":473.1,"ph":"ROLLOUT","s":-109,"agl":0.3,"V":28.14,"Vc":null,"thr":0,"de":0.101,"flap":0,"pitch":2.5,"thC":null,"vs":0.61,"wK":null,"y":20.7,"hP":null,"brake":0.76,"onG":0}
{"t":473.3,"ph":"ROLLOUT","s":-101,"agl":0.2,"V":27.97,"Vc":null,"thr":0,"de":0.173,"flap":0,"pitch":2.2,"thC":null,"vs":-0.43,"wK":null,"y":20.7,"hP":null,"brake":0.76,"onG":0}
{"t":473.6,"ph":"ROLLOUT","s":-94,"agl":0,"V":27.11,"Vc":null,"thr":0,"de":0.336,"flap":0,"pitch":-0.5,"thC":null,"vs":1.83,"wK":null,"y":20.9,"hP":null,"brake":0.81,"onG":3}
{"t":473.9,"ph":"ROLLOUT","s":-87,"agl":0,"V":26.89,"Vc":null,"thr":0,"de":0.14,"flap":0,"pitch":-0.1,"thC":null,"vs":0.3,"wK":null,"y":21.1,"hP":null,"brake":0.83,"onG":3}
{"t":474.1,"ph":"ROLLOUT","s":-80,"agl":0,"V":26.22,"Vc":null,"thr":0,"de":0.114,"flap":0,"pitch":1.2,"thC":null,"vs":0.92,"wK":null,"y":21.4,"hP":null,"brake":0.89,"onG":3}
{"t":474.4,"ph":"ROLLOUT","s":-73,"agl":0,"V":25.64,"Vc":null,"thr":0,"de":0.213,"flap":0,"pitch":1,"thC":null,"vs":1.08,"wK":null,"y":21.7,"hP":null,"brake":0.96,"onG":3}
{"t":474.7,"ph":"ROLLOUT","s":-66,"agl":0,"V":25.15,"Vc":null,"thr":0,"de":0.128,"flap":0,"pitch":1.2,"thC":null,"vs":0.97,"wK":null,"y":21.9,"hP":null,"brake":1,"onG":3}
{"t":474.9,"ph":"ROLLOUT","s":-59,"agl":0,"V":24.59,"Vc":null,"thr":0,"de":0.178,"flap":0,"pitch":1.1,"thC":null,"vs":0.86,"wK":null,"y":22.2,"hP":null,"brake":1,"onG":3}
{"t":475.2,"ph":"ROLLOUT","s":-53,"agl":0,"V":24.03,"Vc":null,"thr":0,"de":0.168,"flap":0,"pitch":0.9,"thC":null,"vs":0.88,"wK":null,"y":22.4,"hP":null,"brake":1,"onG":3}
{"t":475.5,"ph":"ROLLOUT","s":-47,"agl":0,"V":23.46,"Vc":null,"thr":0,"de":0.168,"flap":0,"pitch":1,"thC":null,"vs":0.85,"wK":null,"y":22.6,"hP":null,"brake":1,"onG":3}
{"t":475.7,"ph":"ROLLOUT","s":-40,"agl":0,"V":22.91,"Vc":null,"thr":0,"de":0.169,"flap":0,"pitch":0.9,"thC":null,"vs":0.84,"wK":null,"y":22.8,"hP":null,"brake":1,"onG":3}
{"t":476,"ph":"ROLLOUT","s":-34,"agl":0,"V":22.35,"Vc":null,"thr":0,"de":0.165,"flap":0,"pitch":1,"thC":null,"vs":0.81,"wK":null,"y":23.1,"hP":null,"brake":1,"onG":3}
{"t":476.3,"ph":"ROLLOUT","s":-29,"agl":0,"V":21.79,"Vc":null,"thr":0,"de":0.15,"flap":0,"pitch":0.9,"thC":null,"vs":0.79,"wK":null,"y":23.3,"hP":null,"brake":1,"onG":3}
{"t":476.5,"ph":"ROLLOUT","s":-23,"agl":0,"V":21.23,"Vc":null,"thr":0,"de":0.15,"flap":0,"pitch":0.9,"thC":null,"vs":0.77,"wK":null,"y":23.5,"hP":null,"brake":1,"onG":3}
{"t":476.8,"ph":"ROLLOUT","s":-17,"agl":0,"V":20.68,"Vc":null,"thr":0,"de":0.15,"flap":0,"pitch":0.9,"thC":null,"vs":0.75,"wK":null,"y":23.7,"hP":null,"brake":1,"onG":3}
{"t":477.1,"ph":"ROLLOUT","s":-12,"agl":0,"V":20.12,"Vc":null,"thr":0,"de":0.15,"flap":0,"pitch":0.8,"thC":null,"vs":0.73,"wK":null,"y":23.9,"hP":null,"brake":1,"onG":3}
{"t":477.3,"ph":"ROLLOUT","s":-7,"agl":0,"V":19.56,"Vc":null,"thr":0,"de":0.15,"flap":0,"pitch":0.8,"thC":null,"vs":0.71,"wK":null,"y":24.1,"hP":null,"brake":1,"onG":3}
{"t":477.6,"ph":"ROLLOUT","s":-1,"agl":0,"V":19.01,"Vc":null,"thr":0,"de":0.15,"flap":0,"pitch":0.8,"thC":null,"vs":0.69,"wK":null,"y":24.3,"hP":null,"brake":1,"onG":3}
{"t":477.9,"ph":"ROLLOUT","s":4,"agl":0,"V":18.45,"Vc":null,"thr":0,"de":0.15,"flap":0,"pitch":0.8,"thC":null,"vs":0.67,"wK":null,"y":24.4,"hP":null,"brake":1,"onG":3}
{"t":478.1,"ph":"ROLLOUT","s":8,"agl":0,"V":17.89,"Vc":null,"thr":0,"de":0.15,"flap":0,"pitch":0.8,"thC":null,"vs":0.65,"wK":null,"y":24.6,"hP":null,"brake":1,"onG":3}
{"t":478.4,"ph":"ROLLOUT","s":13,"agl":0,"V":17.34,"Vc":null,"thr":0,"de":0.15,"flap":0,"pitch":0.8,"thC":null,"vs":0.63,"wK":null,"y":24.8,"hP":null,"brake":1,"onG":3}
{"t":478.7,"ph":"ROLLOUT","s":18,"agl":0,"V":16.78,"Vc":null,"thr":0,"de":0.15,"flap":0,"pitch":0.8,"thC":null,"vs":0.61,"wK":null,"y":25,"hP":null,"brake":1,"onG":3}
{"t":478.9,"ph":"ROLLOUT","s":22,"agl":0,"V":16.22,"Vc":null,"thr":0,"de":0.15,"flap":0,"pitch":0.7,"thC":null,"vs":0.59,"wK":null,"y":25.1,"hP":null,"brake":1,"onG":3}
{"t":479.2,"ph":"ROLLOUT","s":26,"agl":0,"V":15.66,"Vc":null,"thr":0,"de":0.15,"flap":0,"pitch":0.7,"thC":null,"vs":0.57,"wK":null,"y":25.3,"hP":null,"brake":1,"onG":3}
{"t":479.5,"ph":"ROLLOUT","s":30,"agl":0,"V":15.11,"Vc":null,"thr":0,"de":0.15,"flap":0,"pitch":0.7,"thC":null,"vs":0.55,"wK":null,"y":25.4,"hP":null,"brake":1,"onG":3}
{"t":479.7,"ph":"ROLLOUT","s":34,"agl":0,"V":14.55,"Vc":null,"thr":0,"de":0.15,"flap":0,"pitch":0.7,"thC":null,"vs":0.53,"wK":null,"y":25.6,"hP":null,"brake":1,"onG":3}
{"t":480,"ph":"ROLLOUT","s":38,"agl":0,"V":14,"Vc":null,"thr":0,"de":0.15,"flap":0,"pitch":0.7,"thC":null,"vs":0.51,"wK":null,"y":25.7,"hP":null,"brake":1,"onG":3}
{"t":480.3,"ph":"ROLLOUT","s":42,"agl":0,"V":13.44,"Vc":null,"thr":0,"de":0.15,"flap":0,"pitch":0.7,"thC":null,"vs":0.49,"wK":null,"y":25.8,"hP":null,"brake":1,"onG":3}
{"t":480.5,"ph":"ROLLOUT","s":45,"agl":0,"V":12.89,"Vc":null,"thr":0,"de":0.15,"flap":0,"pitch":0.7,"thC":null,"vs":0.47,"wK":null,"y":26,"hP":null,"brake":1,"onG":3}
{"t":480.8,"ph":"ROLLOUT","s":49,"agl":0,"V":12.33,"Vc":null,"thr":0,"de":0.15,"flap":0,"pitch":0.7,"thC":null,"vs":0.45,"wK":null,"y":26.1,"hP":null,"brake":1,"onG":3}
{"t":481.1,"ph":"ROLLOUT","s":52,"agl":0,"V":11.78,"Vc":null,"thr":0,"de":0.15,"flap":0,"pitch":0.7,"thC":null,"vs":0.43,"wK":null,"y":26.2,"hP":null,"brake":1,"onG":3}
{"t":481.3,"ph":"ROLLOUT","s":55,"agl":0,"V":11.23,"Vc":null,"thr":0,"de":0.15,"flap":0,"pitch":0.7,"thC":null,"vs":0.41,"wK":null,"y":26.3,"hP":null,"brake":1,"onG":3}
{"t":481.6,"ph":"ROLLOUT","s":58,"agl":0,"V":10.67,"Vc":null,"thr":0,"de":0.15,"flap":0,"pitch":0.6,"thC":null,"vs":0.39,"wK":null,"y":26.4,"hP":null,"brake":1,"onG":3}
{"t":481.9,"ph":"ROLLOUT","s":61,"agl":0,"V":10.12,"Vc":null,"thr":0,"de":0.15,"flap":0,"pitch":0.7,"thC":null,"vs":0.37,"wK":null,"y":26.5,"hP":null,"brake":1,"onG":3}
{"t":482.1,"ph":"ROLLOUT","s":63,"agl":0,"V":9.57,"Vc":null,"thr":0,"de":0.15,"flap":0,"pitch":0.7,"thC":null,"vs":0.36,"wK":null,"y":26.6,"hP":null,"brake":1,"onG":3}
{"t":482.4,"ph":"ROLLOUT","s":66,"agl":0,"V":9.01,"Vc":null,"thr":0,"de":0.15,"flap":0,"pitch":0.7,"thC":null,"vs":0.34,"wK":null,"y":26.7,"hP":null,"brake":1,"onG":3}
{"t":482.7,"ph":"ROLLOUT","s":68,"agl":0,"V":8.46,"Vc":null,"thr":0,"de":0.15,"flap":0,"pitch":0.7,"thC":null,"vs":0.32,"wK":null,"y":26.8,"hP":null,"brake":1,"onG":3}
{"t":482.9,"ph":"ROLLOUT","s":70,"agl":0,"V":7.91,"Vc":null,"thr":0,"de":0.15,"flap":0,"pitch":0.7,"thC":null,"vs":0.3,"wK":null,"y":26.9,"hP":null,"brake":1,"onG":3}
{"t":483.2,"ph":"ROLLOUT","s":72,"agl":0,"V":7.36,"Vc":null,"thr":0,"de":0.15,"flap":0,"pitch":0.7,"thC":null,"vs":0.27,"wK":null,"y":27,"hP":null,"brake":1,"onG":3}
{"t":483.5,"ph":"ROLLOUT","s":74,"agl":0,"V":6.81,"Vc":null,"thr":0,"de":0.15,"flap":0,"pitch":0.6,"thC":null,"vs":0.25,"wK":null,"y":27,"hP":null,"brake":1,"onG":3}
{"t":483.7,"ph":"ROLLOUT","s":76,"agl":0,"V":6.25,"Vc":null,"thr":0,"de":0.15,"flap":0,"pitch":0.6,"thC":null,"vs":0.23,"wK":null,"y":27.1,"hP":null,"brake":1,"onG":3}
{"t":484,"ph":"ROLLOUT","s":77,"agl":0,"V":5.71,"Vc":null,"thr":0,"de":0.15,"flap":0,"pitch":0.6,"thC":null,"vs":0.21,"wK":null,"y":27.2,"hP":null,"brake":1,"onG":3}
{"t":484.3,"ph":"ROLLOUT","s":79,"agl":0,"V":5.15,"Vc":null,"thr":0,"de":0.15,"flap":0,"pitch":0.6,"thC":null,"vs":0.19,"wK":null,"y":27.2,"hP":null,"brake":1,"onG":3}
{"t":484.5,"ph":"ROLLOUT","s":80,"agl":0,"V":4.6,"Vc":null,"thr":0,"de":0.15,"flap":0,"pitch":0.6,"thC":null,"vs":0.17,"wK":null,"y":27.3,"hP":null,"brake":1,"onG":3}
{"t":484.8,"ph":"ROLLOUT","s":81,"agl":0,"V":4.05,"Vc":null,"thr":0,"de":0.15,"flap":0,"pitch":0.6,"thC":null,"vs":0.15,"wK":null,"y":27.3,"hP":null,"brake":1,"onG":3}
{"t":485.1,"ph":"ROLLOUT","s":82,"agl":0,"V":3.5,"Vc":null,"thr":0,"de":0.15,"flap":0,"pitch":0.6,"thC":null,"vs":0.13,"wK":null,"y":27.3,"hP":null,"brake":1,"onG":3}
{"t":485.3,"ph":"ROLLOUT","s":83,"agl":0,"V":3,"Vc":null,"thr":0,"de":0.15,"flap":0,"pitch":0.6,"thC":null,"vs":0.11,"wK":null,"y":27.4,"hP":null,"brake":0.75,"onG":3}
{"t":485.6,"ph":"ROLLOUT","s":84,"agl":0,"V":2.58,"Vc":null,"thr":0,"de":0.15,"flap":0,"pitch":0.7,"thC":null,"vs":0.09,"wK":null,"y":27.4,"hP":null,"brake":0.54,"onG":3}
{"t":485.9,"ph":"ROLLOUT","s":85,"agl":0,"V":2.25,"Vc":null,"thr":0,"de":0.15,"flap":0,"pitch":0.8,"thC":null,"vs":0.08,"wK":null,"y":27.4,"hP":null,"brake":0.37,"onG":3}
{"t":486.1,"ph":"ROLLOUT","s":85,"agl":0,"V":1.98,"Vc":null,"thr":0,"de":0.15,"flap":0,"pitch":0.8,"thC":null,"vs":0.07,"wK":null,"y":27.4,"hP":null,"brake":0.24,"onG":3}
{"t":486.4,"ph":"ROLLOUT","s":86,"agl":0,"V":1.76,"Vc":null,"thr":0,"de":0.15,"flap":0,"pitch":0.9,"thC":null,"vs":0.06,"wK":null,"y":27.5,"hP":null,"brake":0.13,"onG":3}
{"t":486.7,"ph":"ROLLOUT","s":86,"agl":0,"V":1.6,"Vc":null,"thr":0,"de":0.15,"flap":0,"pitch":0.9,"thC":null,"vs":0.06,"wK":null,"y":27.5,"hP":null,"brake":0.05,"onG":3}
{"t":486.9,"ph":"ROLLOUT","s":86,"agl":0,"V":1.47,"Vc":null,"thr":0,"de":0.15,"flap":0,"pitch":0.9,"thC":null,"vs":0.05,"wK":null,"y":27.5,"hP":null,"brake":0,"onG":3}
{"t":487.2,"ph":"ROLLOUT","s":87,"agl":0,"V":1.35,"Vc":null,"thr":0,"de":0.15,"flap":0,"pitch":0.9,"thC":null,"vs":0.05,"wK":null,"y":27.5,"hP":null,"brake":0,"onG":3}
{"t":487.5,"ph":"ROLLOUT","s":87,"agl":0,"V":1.23,"Vc":null,"thr":0,"de":0.15,"flap":0,"pitch":0.9,"thC":null,"vs":0.04,"wK":null,"y":27.5,"hP":null,"brake":0,"onG":3}
{"t":487.7,"ph":"ROLLOUT","s":87,"agl":0,"V":1.12,"Vc":null,"thr":0,"de":0.15,"flap":0,"pitch":0.9,"thC":null,"vs":0.04,"wK":null,"y":27.5,"hP":null,"brake":0,"onG":3}
{"t":488,"ph":"ROLLOUT","s":88,"agl":0,"V":1,"Vc":null,"thr":0,"de":0.15,"flap":0,"pitch":0.9,"thC":null,"vs":0.04,"wK":null,"y":27.5,"hP":null,"brake":0,"onG":3}
{"t":488.3,"ph":"ROLLOUT","s":88,"agl":0,"V":0.88,"Vc":null,"thr":0,"de":0.15,"flap":0,"pitch":0.9,"thC":null,"vs":0.03,"wK":null,"y":27.5,"hP":null,"brake":0,"onG":3}
{"t":488.5,"ph":"ROLLOUT","s":88,"agl":0,"V":0.76,"Vc":null,"thr":0,"de":0.15,"flap":0,"pitch":0.9,"thC":null,"vs":0.03,"wK":null,"y":27.5,"hP":null,"brake":0,"onG":3}
{"t":488.8,"ph":"ROLLOUT","s":88,"agl":0,"V":0.65,"Vc":null,"thr":0,"de":0.15,"flap":0,"pitch":0.9,"thC":null,"vs":0.02,"wK":null,"y":27.6,"hP":null,"brake":0,"onG":3}
{"t":489.1,"ph":"ROLLOUT","s":89,"agl":0,"V":0.53,"Vc":null,"thr":0,"de":0.15,"flap":0,"pitch":0.9,"thC":null,"vs":0.02,"wK":null,"y":27.6,"hP":null,"brake":0,"onG":3}
{"t":489.3,"ph":"ROLLOUT","s":89,"agl":0,"V":0.4,"Vc":null,"thr":0,"de":0.15,"flap":0,"pitch":0.9,"thC":null,"vs":0.01,"wK":null,"y":27.6,"hP":null,"brake":0,"onG":3}
appr {"technique":"short","Vref":28.8,"Vbase":28.8,"gust":0,"aimIn":31,"flap":0,"len":520,"surface":6,"runNeed":249,"gs":0.046,"reqGs":0.024,"Vheld":33.9,"held":{"Vtd":33.9,"need":411,"needShort":345,"room":387,"grade":0.028},"heldShort":true}
landing {"run":302,"sink":0.69,"V":32.9,"offCentre":-0.8,"pastAim":16,"k":1,"three":false,"onStrip":true,"tdIn":47,"stopLeft":171}
verdicts 184.3 vx-climb: ground ahead above the aeroplane — climbing at Vx 30.8 m/s until clear
  377.2 vref-raised: the elevator cannot hold 28.8 m/s at this power — flying the approach faster
  378 held-speed-short-field: the elevator holds 29.7 m/s on this final: the stop from it needs 320 m, 368 m of Tamgas Hill Strip are left past the aim and the float - landing short-field (aim 31 m in, the brakes from the touch)
  378 slip: high on energy on the short final (+9.1 m at idle) — slipping it down
strip w3 len 520 hdg 165; stopped s 88.7 (ends at +/-260)
damage {"y":0,"b":0,"dent":false,"crashed":false,"gPeak":2.737337074391369}
