[0.6s] nav http://127.0.0.1:36195/flyDiy/dev.html?day=noon&damage=1&simw=0&fog=0
[3.3s] warn flyDiy: the loader fetched the town raster cells, the page composes default - those cells bake lazily
[174s] garage ANGLE (Google, Vulkan 1.3.0 (SwiftShader Device (Subzero) (0x0000C0DE)), SwiftShader driver) tier software
[175.7s] roll out
[207.4s] stand {"kind":"rollout","anim":"timeout","ms":31658}
[256.6s] scuff at the stand {"on":true,"recs":0,"attrVerts":544194,"passes":0,"places":0,"frameMs":0,"tickMs":0,"tornMs":0,"mkMs":0,"bound":0,"uploads":0,"bytes":0,"any":false,"uOn":0,"awake":false,"flips":4,"mats":81,"prelinks":2,"phases":{"fields":0,"rec1":0,"recs":0,"bind":0,"tick":0,"upload":0},"bindUs":10,"panes":[],"counts":{"crush":0,"scrape":0,"torn":0,"verts":0},"busy":false} {"links":0,"programs":321,"failed":0,"bad":[]}
[353.4s] still /home/user/DeGaRoR.github.io/flyDiy/reports/evidence/DMG-SCUFF/soft/final/taxi_1_intact.jpg {"w":1024,"h":576,"clearShare":0.0022989908854166665,"topShare":0.047403971354166664,"colours":2338,"lowerMean":137.6,"lowerSd":30.5}
[384.7s] still /home/user/DeGaRoR.github.io/flyDiy/reports/evidence/DMG-SCUFF/soft/final/taxi_2_intact.jpg {"w":1024,"h":576,"clearShare":0.004514906141493056,"topShare":0.07003953721788195,"colours":2715,"lowerMean":156.6,"lowerSd":25.1}
[504.4s] taxi crash {"steps":582,"crashed":false,"over":false,"reason":null,"broken":0,"yields":1456,"work":782,"slid":830,"frameMed":0,"frameMax":0,"links":0,"programsAdded":0,"scuff":{"on":true,"recs":46,"attrVerts":544194,"passes":2,"places":105246,"frameMs":35.2,"tickMs":4.9,"tornMs":0,"mkMs":147.3,"bound":3121,"uploads":92,"bytes":4480608,"any":true,"uOn":1,"awake":true,"flips":5,"mats":81,"prelinks":2,"phases":{"fields":1.8,"rec1":31.4,"recs":35.1,"bind":8.4,"tick":4.9,"upload":2.2},"bindUs":2.98,"panes":[],"counts":{"crush":16692,"scrape":11260,"torn":0,"verts":280038},"busy":false},"skin":{"on":true,"recs":0,"ms":{"records":0,"event":0,"frames":0,"pose":0,"recordsT":0,"eventT":0,"poseT":0,"frameMax":0,"n":0},"removed":0,"torn":0,"tris":0,"riding":0}}
[552.9s] still /home/user/DeGaRoR.github.io/flyDiy/reports/evidence/DMG-SCUFF/soft/final/taxi_1_after.jpg {"w":1024,"h":576,"clearShare":0.0022447374131944445,"topShare":0.0509033203125,"colours":2276,"lowerMean":135.5,"lowerSd":35}
[608.2s] still /home/user/DeGaRoR.github.io/flyDiy/reports/evidence/DMG-SCUFF/soft/final/taxi_1_noscuff.jpg {"w":1024,"h":576,"clearShare":0.0022447374131944445,"topShare":0.05099148220486111,"colours":2271,"lowerMean":135.6,"lowerSd":34.9}
[644.2s] still /home/user/DeGaRoR.github.io/flyDiy/reports/evidence/DMG-SCUFF/soft/final/taxi_2_after.jpg {"w":1024,"h":576,"clearShare":0.004418267144097222,"topShare":0.08273993598090278,"colours":2483,"lowerMean":155.9,"lowerSd":25}
[674.7s] still /home/user/DeGaRoR.github.io/flyDiy/reports/evidence/DMG-SCUFF/soft/final/taxi_2_noscuff.jpg {"w":1024,"h":576,"clearShare":0.004155476888020833,"topShare":0.0831875271267361,"colours":2675,"lowerMean":156.1,"lowerSd":25}
[725s] still /home/user/DeGaRoR.github.io/flyDiy/reports/evidence/DMG-SCUFF/soft/final/taxi_close_scrape.jpg {"w":1024,"h":576,"clearShare":0.0010172526041666667,"topShare":0.061162312825520836,"colours":2700,"lowerMean":139.8,"lowerSd":32.4}
[771.2s] still /home/user/DeGaRoR.github.io/flyDiy/reports/evidence/DMG-SCUFF/soft/final/taxi_close_scrape_noscuff.jpg {"w":1024,"h":576,"clearShare":0.0008511013454861111,"topShare":0.061737060546875,"colours":2694,"lowerMean":138.1,"lowerSd":30.1}
[813.9s] still /home/user/DeGaRoR.github.io/flyDiy/reports/evidence/DMG-SCUFF/soft/final/taxi_close_crease.jpg {"w":1024,"h":576,"clearShare":0.002112494574652778,"topShare":0.06533643934461805,"colours":2928,"lowerMean":140.5,"lowerSd":32.2}
[852.6s] still /home/user/DeGaRoR.github.io/flyDiy/reports/evidence/DMG-SCUFF/soft/final/taxi_close_crease_noscuff.jpg {"w":1024,"h":576,"clearShare":0.003012763129340278,"topShare":0.06362406412760417,"colours":2880,"lowerMean":137.9,"lowerSd":28.5}
[1371.8s] taxi cost {"timer":true,"off":{"frameMed":5179.5,"gpuMed":28.869,"gpuN":24},"on":{"frameMed":5153.1,"gpuMed":29.221,"gpuN":24},"off2":{"frameMed":5197.4,"gpuMed":32.064,"gpuN":24},"on2":{"frameMed":5196.7,"gpuMed":34.291,"gpuN":24}}
[1457.2s] still /home/user/DeGaRoR.github.io/flyDiy/reports/evidence/DMG-SCUFF/soft/final/noseover_1_intact.jpg {"w":1024,"h":576,"clearShare":0.0014597574869791667,"topShare":0.07956610785590278,"colours":2344,"lowerMean":158.7,"lowerSd":28.1}
[1508.1s] still /home/user/DeGaRoR.github.io/flyDiy/reports/evidence/DMG-SCUFF/soft/final/noseover_2_intact.jpg {"w":1024,"h":576,"clearShare":0.0007103814019097222,"topShare":0.07389662000868055,"colours":2707,"lowerMean":135,"lowerSd":17.6}
[1532s] still /home/user/DeGaRoR.github.io/flyDiy/reports/evidence/DMG-SCUFF/soft/final/noseover_3_intact.jpg {"w":1024,"h":576,"clearShare":0.00006951226128472222,"topShare":0.11072625054253472,"colours":1713,"lowerMean":150.8,"lowerSd":29.8}
[1563.8s] noseover crash {"steps":318,"crashed":true,"over":true,"reason":"a gear member broke","broken":63,"yields":4986,"work":5478,"slid":22310,"frameMed":0,"frameMax":0,"links":0,"programsAdded":0,"scuff":{"on":true,"recs":46,"attrVerts":544194,"passes":3,"places":157869,"frameMs":35.2,"tickMs":8.2,"tornMs":3.1,"mkMs":147.3,"bound":3121,"uploads":138,"bytes":6720912,"any":true,"uOn":1,"awake":true,"flips":5,"mats":81,"prelinks":2,"phases":{"fields":1.8,"rec1":31.4,"recs":35.1,"bind":8.4,"tick":8.2,"upload":2.2},"bindUs":2.98,"panes":[],"counts":{"crush":8476,"scrape":25947,"torn":19683,"verts":280038},"busy":false},"skin":{"on":true,"recs":100,"ms":{"records":80.30000000074506,"event":145.69999999925494,"frames":27.699999999254942,"pose":135.70000000298023,"recordsT":81.09999999776483,"eventT":146.79999999701977,"poseT":913.9000000022352,"frameMax":390.5,"n":14},"removed":3255,"torn":1656,"tris":166550,"ridi
[1593.7s] still /home/user/DeGaRoR.github.io/flyDiy/reports/evidence/DMG-SCUFF/soft/final/noseover_1_after.jpg {"w":1024,"h":576,"clearShare":0.0020005967881944445,"topShare":0.0927581787109375,"colours":2526,"lowerMean":147.9,"lowerSd":20.5}
[1628.6s] still /home/user/DeGaRoR.github.io/flyDiy/reports/evidence/DMG-SCUFF/soft/final/noseover_1_noscuff.jpg {"w":1024,"h":576,"clearShare":0.001975165473090278,"topShare":0.09272087944878472,"colours":2527,"lowerMean":148,"lowerSd":20.5}
[1700.9s] still /home/user/DeGaRoR.github.io/flyDiy/reports/evidence/DMG-SCUFF/soft/final/noseover_2_after.jpg {"w":1024,"h":576,"clearShare":0.005486382378472222,"topShare":0.08498128255208333,"colours":2950,"lowerMean":138.6,"lowerSd":17.5}
[1767s] still /home/user/DeGaRoR.github.io/flyDiy/reports/evidence/DMG-SCUFF/soft/final/noseover_2_noscuff.jpg {"w":1024,"h":576,"clearShare":0.005377875434027778,"topShare":0.08495415581597222,"colours":2912,"lowerMean":138.6,"lowerSd":17.5}
[1796.9s] still /home/user/DeGaRoR.github.io/flyDiy/reports/evidence/DMG-SCUFF/soft/final/noseover_3_after.jpg {"w":1024,"h":576,"clearShare":0.0006815592447916666,"topShare":0.1080746120876736,"colours":1890,"lowerMean":157.6,"lowerSd":29.9}
[1817.9s] still /home/user/DeGaRoR.github.io/flyDiy/reports/evidence/DMG-SCUFF/soft/final/noseover_3_noscuff.jpg {"w":1024,"h":576,"clearShare":0.0006612141927083334,"topShare":0.10800001356336805,"colours":1873,"lowerMean":157.7,"lowerSd":29.8}
[1848.3s] still /home/user/DeGaRoR.github.io/flyDiy/reports/evidence/DMG-SCUFF/soft/final/noseover_close_scrape.jpg {"w":1024,"h":576,"clearShare":0.011132134331597222,"topShare":0.07734849717881945,"colours":2964,"lowerMean":148.7,"lowerSd":39.1}
[1878.4s] still /home/user/DeGaRoR.github.io/flyDiy/reports/evidence/DMG-SCUFF/soft/final/noseover_close_scrape_noscuff.jpg {"w":1024,"h":576,"clearShare":0.010759141710069444,"topShare":0.07734849717881945,"colours":3062,"lowerMean":149.1,"lowerSd":38.7}
[1913.4s] still /home/user/DeGaRoR.github.io/flyDiy/reports/evidence/DMG-SCUFF/soft/final/noseover_close_crease.jpg {"w":1024,"h":576,"clearShare":0.019270155164930556,"topShare":0.06328667534722222,"colours":2758,"lowerMean":144.1,"lowerSd":49.2}
[1944.8s] still /home/user/DeGaRoR.github.io/flyDiy/reports/evidence/DMG-SCUFF/soft/final/noseover_close_crease_noscuff.jpg {"w":1024,"h":576,"clearShare":0.019227769639756944,"topShare":0.06306287977430555,"colours":2772,"lowerMean":143.7,"lowerSd":49.5}
[1975.4s] still /home/user/DeGaRoR.github.io/flyDiy/reports/evidence/DMG-SCUFF/soft/final/noseover_close_torn.jpg {"w":1024,"h":576,"clearShare":0.012373182508680556,"topShare":0.0813446044921875,"colours":2861,"lowerMean":147.8,"lowerSd":42.8}
[2003.7s] still /home/user/DeGaRoR.github.io/flyDiy/reports/evidence/DMG-SCUFF/soft/final/noseover_close_torn_noscuff.jpg {"w":1024,"h":576,"clearShare":0.012047661675347222,"topShare":0.0813446044921875,"colours":2924,"lowerMean":148.1,"lowerSd":42.5}
[2312.1s] noseover cost {"timer":true,"off":{"frameMed":3060.8,"gpuMed":28.859,"gpuN":24},"on":{"frameMed":3168.3,"gpuMed":27.577,"gpuN":24},"off2":{"frameMed":3059.9,"gpuMed":27.984,"gpuN":24},"on2":{"frameMed":3044.3,"gpuMed":30.751,"gpuN":24}}
[2371.6s] still /home/user/DeGaRoR.github.io/flyDiy/reports/evidence/DMG-SCUFF/soft/final/trunk-0_1_intact.jpg {"w":1024,"h":576,"clearShare":0.0018310546875,"topShare":0.07804022894965278,"colours":2578,"lowerMean":148.9,"lowerSd":25.4}
[2388.9s] still /home/user/DeGaRoR.github.io/flyDiy/reports/evidence/DMG-SCUFF/soft/final/trunk-0_2_intact.jpg {"w":1024,"h":576,"clearShare":0.0002593994140625,"topShare":0.11129252115885417,"colours":1802,"lowerMean":145.7,"lowerSd":18.4}
[2445.9s] still /home/user/DeGaRoR.github.io/flyDiy/reports/evidence/DMG-SCUFF/soft/final/trunk-0_3_intact.jpg {"w":1024,"h":576,"clearShare":0.0019887288411458335,"topShare":0.04754977756076389,"colours":3105,"lowerMean":129.6,"lowerSd":26.3}
[2526.9s] trunk-0 crash {"steps":160,"crashed":true,"over":true,"reason":"broke up: the fuselage parted (TPB off the core)","broken":179,"yields":14044,"work":27683,"slid":27345,"frameMed":0,"frameMax":0,"links":0,"programsAdded":0,"scuff":{"on":true,"recs":46,"attrVerts":544194,"passes":6,"places":263115,"frameMs":35.2,"tickMs":8.2,"tornMs":3.1,"mkMs":147.3,"bound":3121,"uploads":276,"bytes":13441824,"any":true,"uOn":1,"awake":true,"flips":7,"mats":81,"prelinks":2,"phases":{"fields":1.8,"rec1":31.4,"recs":35.1,"bind":8.4,"tick":8.2,"upload":2.2},"bindUs":2.98,"panes":[{"sev":1,"slot":0},{"sev":1,"slot":1},{"sev":1,"slot":2},{"sev":1,"slot":3},{"sev":1,"slot":4},{"sev":1,"slot":5},{"sev":1,"slot":6}],"counts":{"crush":84117,"scrape":90905,"torn":65067,"verts":280038},"busy":false},"skin":{"on":true,"recs":100,"ms":{"records":80.30000000074506,"event":145.69999999925494,"frames":27.699999999254942,"pose":135.700
[2557.8s] still /home/user/DeGaRoR.github.io/flyDiy/reports/evidence/DMG-SCUFF/soft/final/trunk-0_1_after.jpg {"w":1024,"h":576,"clearShare":0.0010732014973958333,"topShare":0.07688225640190972,"colours":2155,"lowerMean":142.1,"lowerSd":34}
[2588.8s] still /home/user/DeGaRoR.github.io/flyDiy/reports/evidence/DMG-SCUFF/soft/final/trunk-0_1_noscuff.jpg {"w":1024,"h":576,"clearShare":0.0012715657552083333,"topShare":0.0768313937717014,"colours":2125,"lowerMean":142.1,"lowerSd":34}
[2608.6s] still /home/user/DeGaRoR.github.io/flyDiy/reports/evidence/DMG-SCUFF/soft/final/trunk-0_2_after.jpg {"w":1024,"h":576,"clearShare":0.0005476209852430555,"topShare":0.09240214029947917,"colours":1652,"lowerMean":147.1,"lowerSd":20.6}
[2625.7s] still /home/user/DeGaRoR.github.io/flyDiy/reports/evidence/DMG-SCUFF/soft/final/trunk-0_2_noscuff.jpg {"w":1024,"h":576,"clearShare":0.0005577935112847222,"topShare":0.09232415093315972,"colours":1720,"lowerMean":147.1,"lowerSd":20.5}
[2680.3s] still /home/user/DeGaRoR.github.io/flyDiy/reports/evidence/DMG-SCUFF/soft/final/trunk-0_3_after.jpg {"w":1024,"h":576,"clearShare":0.0014495849609375,"topShare":0.059622870551215276,"colours":2286,"lowerMean":142.4,"lowerSd":20.5}
[2743.7s] still /home/user/DeGaRoR.github.io/flyDiy/reports/evidence/DMG-SCUFF/soft/final/trunk-0_3_noscuff.jpg {"w":1024,"h":576,"clearShare":0.002132839626736111,"topShare":0.05957200792100695,"colours":2271,"lowerMean":142.2,"lowerSd":22.1}
[2778.2s] still /home/user/DeGaRoR.github.io/flyDiy/reports/evidence/DMG-SCUFF/soft/final/trunk-0_close_scrape.jpg {"w":1024,"h":576,"clearShare":0.009224785698784722,"topShare":0.09884813096788195,"colours":2119,"lowerMean":148,"lowerSd":54.9}
[2799.2s] still /home/user/DeGaRoR.github.io/flyDiy/reports/evidence/DMG-SCUFF/soft/final/trunk-0_close_scrape_noscuff.jpg {"w":1024,"h":576,"clearShare":0.009753757052951388,"topShare":0.09884813096788195,"colours":2130,"lowerMean":147.9,"lowerSd":55.1}
[2826.3s] still /home/user/DeGaRoR.github.io/flyDiy/reports/evidence/DMG-SCUFF/soft/final/trunk-0_close_crease.jpg {"w":1024,"h":576,"clearShare":0.0017344156901041667,"topShare":0.12529161241319445,"colours":1758,"lowerMean":98.4,"lowerSd":58}
[2849.3s] still /home/user/DeGaRoR.github.io/flyDiy/reports/evidence/DMG-SCUFF/soft/final/trunk-0_close_crease_noscuff.jpg {"w":1024,"h":576,"clearShare":0.0012969970703125,"topShare":0.12502543131510416,"colours":1749,"lowerMean":100.3,"lowerSd":57.4}
[2879.3s] still /home/user/DeGaRoR.github.io/flyDiy/reports/evidence/DMG-SCUFF/soft/final/trunk-0_close_torn.jpg {"w":1024,"h":576,"clearShare":0.007612440321180556,"topShare":0.06036207411024305,"colours":2171,"lowerMean":122.4,"lowerSd":52.6}
[2907s] still /home/user/DeGaRoR.github.io/flyDiy/reports/evidence/DMG-SCUFF/soft/final/trunk-0_close_torn_noscuff.jpg {"w":1024,"h":576,"clearShare":0.008309258355034722,"topShare":0.06039598253038195,"colours":2166,"lowerMean":122.6,"lowerSd":53.5}
[2943.2s] still /home/user/DeGaRoR.github.io/flyDiy/reports/evidence/DMG-SCUFF/soft/final/trunk-0_close_glass.jpg {"w":1024,"h":576,"clearShare":0.0004475911458333333,"topShare":0.061258951822916664,"colours":2508,"lowerMean":152.9,"lowerSd":30.9}
[2978.7s] still /home/user/DeGaRoR.github.io/flyDiy/reports/evidence/DMG-SCUFF/soft/final/trunk-0_close_glass_noscuff.jpg {"w":1024,"h":576,"clearShare":0.0003628200954861111,"topShare":0.061258951822916664,"colours":2539,"lowerMean":152.7,"lowerSd":30.9}
[3267.3s] trunk-0 cost {"timer":true,"off":{"frameMed":2804.4,"gpuMed":27.681,"gpuN":24},"on":{"frameMed":2835.1,"gpuMed":27.952,"gpuN":24},"off2":{"frameMed":2877,"gpuMed":29.452,"gpuN":24},"on2":{"frameMed":2896,"gpuMed":33.294,"gpuN":24}}
SCUFF_SOFT {"stage":{"skipMain":true,"cases":["taxi","noseover","trunk-0"]},"errors":[],"t":{"garage":170.9,"stand":207.2,"view":239.9,"stage":3270.1,"total":3270.1}}
