tools/flight_core.js (2315.2 KB), index.html (11541.9 KB), dev.html (108.0 KB) — syntax OK, build badfb0205028 (311 named inputs), 1444 ms
[run_gates] 0/3 jobs done · running DMGGEAR 30 s
[run_gates] 0/3 jobs done · running DMGGEAR 60 s
[run_gates] 0/3 jobs done · running DMGGEAR 90 s
[run_gates] 0/3 jobs done · running DMGGEAR 120 s
[run_gates] 0/3 jobs done · running DMGGEAR 150 s
[run_gates] 0/3 jobs done · running DMGGEAR 180 s
[run_gates] 0/3 jobs done · running DMGGEAR 210 s
[run_gates] 0/3 jobs done · running DMGGEAR 240 s
[run_gates] 0/3 jobs done · running DMGGEAR 270 s
[run_gates] 0/3 jobs done · running DMGGEAR 300 s
[run_gates] 0/3 jobs done · running DMGGEAR 330 s
[run_gates] 0/3 jobs done · running DMGGEAR 360 s
[run_gates] 0/3 jobs done · running DMGGEAR 390 s
[run_gates] 0/3 jobs done · running DMGGEAR 420 s
[run_gates] 0/3 jobs done · running DMGGEAR 450 s
[run_gates] 0/3 jobs done · running DMGGEAR 480 s
[run_gates] 0/3 jobs done · running DMGGEAR 511 s
[run_gates] 0/3 jobs done · running DMGGEAR 541 s
[run_gates] 0/3 jobs done · running DMGGEAR 571 s
[run_gates] 0/3 jobs done · running DMGGEAR 601 s
[run_gates] 0/3 jobs done · running DMGGEAR 631 s
[run_gates] 0/3 jobs done · running DMGGEAR 661 s
[run_gates] 0/3 jobs done · running DMGGEAR 691 s
[run_gates] 0/3 jobs done · running DMGGEAR 721 s
[run_gates] 0/3 jobs done · running DMGGEAR 751 s
[run_gates] 0/3 jobs done · running DMGGEAR 781 s
[run_gates] 0/3 jobs done · running DMGGEAR 811 s
[run_gates] 0/3 jobs done · running DMGGEAR 841 s
[run_gates] 0/3 jobs done · running DMGGEAR 871 s
[run_gates] 0/3 jobs done · running DMGGEAR 901 s
[run_gates] 0/3 jobs done · running DMGGEAR 931 s
[run_gates] 0/3 jobs done · running DMGGEAR 961 s
[run_gates] 0/3 jobs done · running DMGGEAR 991 s
[run_gates] 0/3 jobs done · running DMGGEAR 1021 s
[run_gates] 0/3 jobs done · running DMGGEAR 1051 s
[run_gates] 0/3 jobs done · running DMGGEAR 1081 s
[run_gates] 0/3 jobs done · running DMGGEAR 1111 s
[run_gates] 0/3 jobs done · running DMGGEAR 1141 s
[run_gates] 0/3 jobs done · running DMGGEAR 1171 s
[run_gates] 0/3 jobs done · running DMGGEAR 1201 s
[run_gates] 0/3 jobs done · running DMGGEAR 1231 s
[run_gates] 0/3 jobs done · running DMGGEAR 1261 s
[run_gates] 0/3 jobs done · running DMGGEAR 1291 s
[run_gates] 0/3 jobs done · running DMGGEAR 1321 s
[run_gates] 0/3 jobs done · running DMGGEAR 1351 s
[run_gates] 0/3 jobs done · running DMGGEAR 1381 s
[run_gates] 0/3 jobs done · running DMGGEAR 1411 s
[run_gates] 0/3 jobs done · running DMGGEAR 1441 s
[run_gates] 0/3 jobs done · running DMGGEAR 1471 s
[run_gates] 0/3 jobs done · running DMGGEAR 1501 s
[run_gates] 0/3 jobs done · running DMGGEAR 1532 s
[run_gates] 1/3 jobs done · running DMGDRIVE 20 s
[run_gates] 1/3 jobs done · running DMGDRIVE 50 s
[run_gates] 1/3 jobs done · running DMGDRIVE 80 s
[run_gates] 1/3 jobs done · running DMGDRIVE 110 s
[run_gates] 1/3 jobs done · running DMGDRIVE 140 s
[run_gates] 1/3 jobs done · running DMGDRIVE 170 s
[run_gates] 1/3 jobs done · running DMGDRIVE 200 s
[run_gates] 1/3 jobs done · running DMGDRIVE 230 s
[run_gates] 1/3 jobs done · running DMGDRIVE 260 s
[run_gates] 1/3 jobs done · running DMGDRIVE 290 s
[run_gates] 1/3 jobs done · running DMGDRIVE 320 s
[run_gates] 1/3 jobs done · running DMGDRIVE 350 s
[run_gates] 1/3 jobs done · running DMGDRIVE 380 s
[run_gates] 1/3 jobs done · running DMGDRIVE 410 s
[run_gates] 1/3 jobs done · running DMGDRIVE 440 s
[run_gates] 1/3 jobs done · running DMGDRIVE 470 s
[run_gates] 1/3 jobs done · running DMGDRIVE 500 s
[run_gates] 1/3 jobs done · running DMGDRIVE 530 s
[run_gates] 1/3 jobs done · running DMGDRIVE 560 s
[run_gates] 1/3 jobs done · running DMGDRIVE 590 s
[run_gates] 1/3 jobs done · running DMGDRIVE 620 s
[run_gates] 1/3 jobs done · running DMGDRIVE 650 s
[run_gates] 1/3 jobs done · running DMGDRIVE 680 s
[run_gates] 1/3 jobs done · running DMGDRIVE 710 s
[run_gates] 1/3 jobs done · running DMGDRIVE 740 s
[run_gates] 1/3 jobs done · running DMGDRIVE 770 s
[run_gates] 1/3 jobs done · running DMGDRIVE 800 s
[run_gates] 1/3 jobs done · running DMGDRIVE 831 s
[run_gates] 1/3 jobs done · running DMGDRIVE 861 s
[run_gates] 1/3 jobs done · running DMGDRIVE 891 s
[run_gates] 1/3 jobs done · running DMGDRIVE 921 s
[run_gates] 1/3 jobs done · running DMGDRIVE 951 s
[run_gates] 1/3 jobs done · running DMGDRIVE 981 s
[run_gates] 1/3 jobs done · running DMGDRIVE 1011 s
[run_gates] 1/3 jobs done · running DMGDRIVE 1041 s
[run_gates] 1/3 jobs done · running DMGDRIVE 1071 s
[run_gates] 1/3 jobs done · running DMGDRIVE 1101 s
[run_gates] 1/3 jobs done · running DMGDRIVE 1131 s
[run_gates] 2/3 jobs done · running TREECRASH 13 s
[run_gates] 2/3 jobs done · running TREECRASH 43 s
[run_gates] 2/3 jobs done · running TREECRASH 73 s
[run_gates] 2/3 jobs done · running TREECRASH 103 s
[run_gates] 2/3 jobs done · running TREECRASH 133 s
[run_gates] 2/3 jobs done · running TREECRASH 163 s
[run_gates] 2/3 jobs done · running TREECRASH 193 s
[run_gates] 2/3 jobs done · running TREECRASH 223 s
[run_gates] 2/3 jobs done · running TREECRASH 253 s
[run_gates] 2/3 jobs done · running TREECRASH 283 s
[run_gates] 2/3 jobs done · running TREECRASH 313 s
[run_gates] 2/3 jobs done · running TREECRASH 343 s
[run_gates] 2/3 jobs done · running TREECRASH 373 s
[run_gates] 2/3 jobs done · running TREECRASH 403 s
[run_gates] 2/3 jobs done · running TREECRASH 433 s
[run_gates] 2/3 jobs done · running TREECRASH 463 s
[run_gates] 2/3 jobs done · running TREECRASH 493 s
[run_gates] 2/3 jobs done · running TREECRASH 523 s
[run_gates] 2/3 jobs done · running TREECRASH 553 s
[run_gates] 2/3 jobs done · running TREECRASH 583 s
[run_gates] 2/3 jobs done · running TREECRASH 614 s
[run_gates] 2/3 jobs done · running TREECRASH 644 s
[run_gates] 2/3 jobs done · running TREECRASH 674 s
[run_gates] 2/3 jobs done · running TREECRASH 704 s
[run_gates] 2/3 jobs done · running TREECRASH 734 s
[run_gates] 2/3 jobs done · running TREECRASH 764 s
[run_gates] 2/3 jobs done · running TREECRASH 794 s
[run_gates] 2/3 jobs done · running TREECRASH 824 s
[run_gates] 2/3 jobs done · running TREECRASH 854 s
[run_gates] 2/3 jobs done · running TREECRASH 884 s
[run_gates] 2/3 jobs done · running TREECRASH 914 s
[run_gates] 2/3 jobs done · running TREECRASH 944 s
[run_gates] 2/3 jobs done · running TREECRASH 974 s
=== TREECRASH ===
(980 s, 5 builds; the certificate's limits (DMG-D2a, 66_gen_cert.js))
Cub:
1. the table
  ok    394 members, every one with a section and a GEN_CRASH material (tubeFabric, wood)
2. nothing yields in what it was built for (the margin: the worst member's peak force over its yield)
  ok    the load test (the certificate): nothing yields to its 3.8 g limit (the worst member 0.64 (wing, tension)); at 5.7 g HELD, 0 members set (its first set is past the limit, by design), nothing broken; the worst member at 5.7 g 0.95 (wing, tension)
  ok    a flown pull from 42 m/s to the limit (the wing's load 3.83 W; the CG then reading 3.00 g): nothing yields; the worst member 0.95 (fus, tension)
  ok    a drop at 2.13 m/s (7.00 ft/s, FAR 23.473): 1.67 g, nothing yields; the worst member 0.70 (gear, compression)
  ok    a drop at 3.05 m/s (10.00 ft/s, its cap): 1.93 g, nothing yields; the worst member 0.84 (gear, compression)
  ok    a circuit with the pilot (completed, 335 s, 1.32 g at the most): nothing yields; the worst member 0.33 (gear, tension)
3. a taxi into a trunk, a wingtip brush
  ok    taxied at 3 m/s into a trunk: a dent (the nose crushed 17 cm; 0 members set, 0 of the nose broken, 0 J), no crash; the prop struck, the engine stopped; back 0.12 m from where it stopped
  ok    a wingtip into a trunk at walking pace (1.4 m/s): touched (8228 contacts), 0 members set, no crash
4. a flight into a trunk at 30 m/s
  ok    the centreline: CRASHED (broke up: the fuselage parted (TPB off the core) at 1.32 s), 171 members broken (35 of the wing), 18.7 kJ of plastic work, 18.93 g; finite; the kinetic energy at most 100.0 % of the impact's
  ok    the wing 2.5 m out: CRASHED (a wing member broke at 1.37 s), 105 members broken (26 of the wing), 13.3 kJ of plastic work, 8.38 g; finite; the kinetic energy at most 100.0 % of the impact's
5. reset heals
  ok    after a crash, reset() and the same taxi: the fresh sim's bits (dc14f2df1233 / dc14f2df1233)
Jodel:
1. the table
  ok    492 members, every one with a section and a GEN_CRASH material (wood, tubeFabric)
2. nothing yields in what it was built for (the margin: the worst member's peak force over its yield)
  ok    the load test (the certificate): nothing yields to its 3.8 g limit (the worst member 0.64 (wing, tension)); at 5.7 g HELD, 0 members set (its first set is past the limit, by design), nothing broken; the worst member at 5.7 g 0.95 (wing, tension)
  ok    a flown pull from 49 m/s to the limit (the wing's load 4.23 W; the CG then reading 2.04 g): nothing yields; the worst member 0.56 (gear, tension)
  ok    a drop at 2.17 m/s (7.12 ft/s, FAR 23.473): 1.86 g, nothing yields; the worst member 0.64 (gear, compression)
  ok    a drop at 3.05 m/s (10.00 ft/s, its cap): 2.21 g, nothing yields; the worst member 0.84 (gear, compression)
  ok    a circuit with the pilot (null, 340 s, 1.67 g at the most): nothing yields; the worst member 0.29 (gear, compression)
3. a taxi into a trunk, a wingtip brush
  ok    taxied at 3 m/s into a trunk: a dent (the nose crushed 15 cm; 0 members set, 0 of the nose broken, 0 J), no crash; the prop struck, the engine stopped; back 0.34 m from where it stopped
  ok    a wingtip into a trunk at walking pace (1.4 m/s): touched (19656 contacts), 0 members set, no crash
4. a flight into a trunk at 30 m/s
  ok    the centreline: CRASHED (broke up: the fuselage parted (TPB off the core) at 1.30 s), 124 members broken (30 of the wing), 21.1 kJ of plastic work, 18.47 g; finite; the kinetic energy at most 100.0 % of the impact's
  ok    the wing 2.5 m out: CRASHED (a wing member broke at 1.33 s), 98 members broken (70 of the wing), 2.6 kJ of plastic work, 4.86 g; finite; the kinetic energy at most 100.0 % of the impact's
5. reset heals
  ok    after a crash, reset() and the same taxi: the fresh sim's bits (7798a74a1eac / 7798a74a1eac)
metal Cessna:
1. the table
  ok    442 members, every one with a section and a GEN_CRASH material (alloy, tubeFabric)
2. nothing yields in what it was built for (the margin: the worst member's peak force over its yield)
  ok    the load test (the certificate): nothing yields to its 3.8 g limit (the worst member 1.00 (wing, tension)); at 5.7 g HELD, 32 members set (its first set is past the limit, by design), nothing broken; the worst member at 5.7 g 1.47 (wing, tension)
  ok    a flown pull from 58 m/s to the limit (the wing's load 3.82 W; the CG then reading 2.72 g): nothing yields; the worst member 0.93 (fus, tension)
  ok    a drop at 2.38 m/s (7.79 ft/s, FAR 23.473): 2.12 g, nothing yields; the worst member 0.69 (gear, compression)
  ok    a drop at 3.05 m/s (10.00 ft/s, its cap): 2.43 g, nothing yields; the worst member 0.84 (gear, compression)
  ok    a circuit with the pilot (completed, 271 s, 1.76 g at the most): nothing yields; the worst member 0.36 (fus, tension)
3. a taxi into a trunk, a wingtip brush
  ok    taxied at 3 m/s into a trunk: a dent (the nose crushed 25 cm; 0 members set, 0 of the nose broken, 0 J), no crash; the prop struck, the engine stopped; back 0.14 m from where it stopped
  ok    a wingtip into a trunk at walking pace (1.4 m/s): touched (35764 contacts), 1 members set, no crash
4. a flight into a trunk at 30 m/s
  ok    the centreline: CRASHED (broke up: the fuselage parted (TPB off the core) at 1.30 s), 215 members broken (36 of the wing), 36.8 kJ of plastic work, 27.25 g; finite; the kinetic energy at most 100.0 % of the impact's
  ok    the wing 2.5 m out: CRASHED (a wing member broke at 1.33 s), 39 members broken (11 of the wing), 10.2 kJ of plastic work, 4.37 g; finite; the kinetic energy at most 100.0 % of the impact's
5. reset heals
  ok    after a crash, reset() and the same taxi: the fresh sim's bits (c936a1013e73 / c936a1013e73)
Cessna floats:
1. the table
  ok    533 members, every one with a section and a GEN_CRASH material (alloy, tubeFabric)
2. nothing yields in what it was built for (the margin: the worst member's peak force over its yield)
  ok    the load test (the certificate): nothing yields to its 3.8 g limit (the worst member 1.00 (wing, tension)); at 5.7 g HELD, 35 members set (its first set is past the limit, by design), nothing broken; the worst member at 5.7 g 1.48 (wing, tension)
  ok    a flown pull from 67 m/s to the limit (the wing's load 3.86 W; the CG then reading 2.89 g): nothing yields; the worst member 0.97 (fus, tension)
  ok    a drop at 2.54 m/s (8.33 ft/s, FAR 23.473): 1.66 g, nothing yields; the worst member 0.47 (wing, tension)
  ok    a drop at 3.05 m/s (10.00 ft/s, its cap): 1.75 g, nothing yields; the worst member 0.64 (wing, tension)
  ok    a circuit with the pilot (null, 340 s, 2.22 g at the most): nothing yields; the worst member 0.37 (fus, tension)
   (a floatplane: the trunk runs are the land builds')
twin floatplane:
1. the table
  ok    519 members, every one with a section and a GEN_CRASH material (tubeFabric, wood)
2. nothing yields in what it was built for (the margin: the worst member's peak force over its yield)
  ok    the load test (the certificate): nothing yields to its 3.8 g limit (the worst member 0.64 (wing, tension)); at 5.7 g HELD, 0 members set (its first set is past the limit, by design), nothing broken; the worst member at 5.7 g 0.95 (wing, tension)
  ok    a flown pull from 43 m/s to the limit (the wing's load 3.94 W; the CG then reading 3.00 g): nothing yields; the worst member 0.99 (fus, tension)
  ok    a drop at 2.13 m/s (7.00 ft/s, FAR 23.473): 1.49 g, nothing yields; the worst member 0.42 (gear, tension)
  ok    a drop at 3.05 m/s (10.00 ft/s, its cap): 1.55 g, nothing yields; the worst member 0.62 (gear, tension)
  ok    a circuit with the pilot (completed, 292 s, 1.73 g at the most): nothing yields; the worst member 0.27 (fus, tension)
   (a floatplane: the trunk runs are the land builds')
6. the water - Cub
  ok    a 5 m/s level pancake: the worst member 4.40 (fus, tension); 43 set {"fus":33,"wing":10}, 3 broken, the slam 523 kPa, 2 hull slice(s) holed, 5.42 g, CRASHED (a fus member broke); the damage follows the beams' own loads
  ok    a 100 km/h nose-in ditch (4 m/s, 10 deg): the worst member 4.11 (fus, compression); 58 set {"fus":45,"wing":11,"tail":2}, 72 broken, the slam 302 kPa, 3 hull slice(s) holed, 10.71 g, CRASHED (a gear member broke); the damage follows the beams' own loads
  ok    SEVERE: 180 km/h, 10 m/s, 60 deg nose-in: the worst member 17.20 (fus, compression); 145 set {"fus":51,"wing":31,"tail":63}, 161 broken, the slam 288 kPa, 4 hull slice(s) holed, 13.97 g, CRASHED (broke up: the fuselage parted (S0BR off the core)) - must yield, break and crash; the damage follows the beams' own loads
6. the water - twin floatplane
  ok    a float nose-in (90 km/h, 5 m/s, 20 deg): the worst member 0.83 (fus, compression); 0 set, 0 broken, 5.62 g, no damage; the damage follows the beams' own loads
  ok    SEVERE: 150 km/h, 10 m/s, 60 deg nose-in: the worst member 14.30 (gear, tension); 203 set {"fus":66,"wing":37,"tail":100}, 218 broken, 20.60 g, CRASHED (broke up: the fuselage parted (TPB off the core)) - must yield, break and crash; the damage follows the beams' own loads
  50/50 checks
GATE TREECRASH: PASS
=== DMGGEAR ===
(1542 s, 5 builds; on the certificate, 66_gen_cert.js)
Cub:
1. the bracket (taildragger, bungee)
  ok    15 gear joints, every one stamped from its own envelope
  ok    a wheel's gear gives in compression past its limit (F_l,c x 1.18, where its steel sized for the ultimate yields) over its travel (0.04 of a member's length); limits 1.38-7.42 kN
  ok    in tension every gear joint is its lug, brittle at 1.5 F_l,t m: 1.84-4.52 kN
  ok    the drop at its FAR 23.473 limit sink (2.13 m/s): no set - set 0 gear / 0 airframe, broken 0 / 0, 1.67 g
  ok    the drop at 1.2 x the certificate's sink (3.66 m/s, 23.727): the gear yields, nothing breaks, the airframe takes no set - set 1 gear / 0 airframe, broken 0 / 0, 2.09 g
  ok    NASA 172 Test 1 (7 m/s down, 18 m/s forward): it breaks, the gear first (TW-TPT, kink) - set 0 gear / 34 airframe, broken 15 / 4, the first group tw:gear, 1.79 g, a gear member broke
2. the headroom (the worst member over its certified yield; ordinary operations at most 2/3)
  ok    a touchdown at the normal sink, 1.0 m/s: 0.34 (gear AXLEL-AXLER, tension)
  ok    a touchdown at a firm one, 1.5 m/s: 0.38 (gear AXLEL-AXLER, tension)
  ok    a touchdown at the build's FAR 23.473 limit sink, 2.13 m/s (the gear's own limit case): the airframe 0.39 (S0BR-S0TR), the gear 0.51 (AXLEL-S0TL)
  ok    a taxi on grass at 8 m/s: 0.32 (gear AXLEL-AXLER, tension)
  ok    a taxi on a rough field (2 cm bumps, 3 m apart) at 8 m/s: 0.32 (gear AXLEL-AXLER, tension)
  ok    a taxi on the rough field at 12 m/s: 0.32 (gear AXLEL-AXLER, tension)
  ok    the circuit (completed, 335 s, touchdown 0.65 m/s): 0.33 (gear AXLEL-AXLER, tension, ROLLOUT)
  ok    a crosswind circuit (3.26 m/s across, 0.2 V_S0) (null, 340 s): 0.33 (gear AXLEL-S0BR, compression, ROLLOUT)
3. §7.4's gear rows
  ok    the ground loop (15 m/s, swung 20 deg at 120 deg/s): a main gear folds (gearL:gear, gearR:gear), the low wing strikes (at 4.67 s); the groups in order stab:attach > gearL:gear > gearR:gear > eng:mount; a tail member broke
Jodel:
1. the bracket (taildragger, oleo)
  ok    15 gear joints, every one stamped from its own envelope
  ok    a wheel's gear gives in compression past its limit (F_l,c x 1.18, where its steel sized for the ultimate yields) over its travel (0.1 of a member's length); limits 1.34-9.11 kN
  ok    in tension every gear joint is its lug, brittle at 1.5 F_l,t m: 1.79-8.22 kN
  ok    the drop at its FAR 23.473 limit sink (2.17 m/s): no set - set 0 gear / 0 airframe, broken 0 / 0, 1.86 g
  ok    the drop at 1.2 x the certificate's sink (3.66 m/s, 23.727): the gear holds, just under its yield (1.18 F_l), nothing breaks, the airframe takes no set - set 0 gear / 0 airframe, broken 0 / 0, 2.45 g
  ok    NASA 172 Test 1 (7 m/s down, 18 m/s forward): it breaks, the gear first (AXLEL-AXLER, ragged) - set 8 gear / 1 airframe, broken 1 / 0, 2.24 g, a gear member broke
2. the headroom (the worst member over its certified yield; ordinary operations at most 2/3)
  ok    a touchdown at the normal sink, 1.0 m/s: 0.34 (gear TW-TPB, compression)
  ok    a touchdown at a firm one, 1.5 m/s: 0.46 (gear TW-TPB, compression)
  ok    a touchdown at the build's FAR 23.473 limit sink, 2.17 m/s (the gear's own limit case): the airframe 0.38 (VSNL-VSNR), the gear 0.64 (TW-TPB)
  ok    a taxi on grass at 8 m/s: 0.15 (gear AXLEL-S0TL, compression)
  ok    a taxi on a rough field (2 cm bumps, 3 m apart) at 8 m/s: 0.39 (gear AXLER-S0BL, compression)
  ok    a taxi on the rough field at 12 m/s: 0.44 (gear AXLER-S0BL, compression)
  ok    the circuit (null, 340 s): 0.29 (gear AXLEL-S0BL, compression, ROLLOUT)
  ok    a crosswind circuit (3.78 m/s across, 0.2 V_S0) (null, 340 s): 0.20 (wing WR-S2BL, compression, FINAL)
3. §7.4's gear rows
  --    REPORT the ground loop (15 m/s, swung 20 deg at 120 deg/s): groups none, the lowest wingtip 1.00 m - on flat grass the wheels slide (friction-limited side load)
metal Cessna:
1. the bracket (tricycle, spring)
  ok    15 gear joints, every one stamped from its own envelope
  ok    a wheel's gear gives in compression past its limit (F_l,c x 1.18, where its steel sized for the ultimate yields) over its travel (0.15 / 0.06 of a member's length); limits 2.57-19.77 kN
  ok    in tension every gear joint is its lug, brittle at 1.5 F_l,t m: 3.41-11.26 kN
  ok    the drop at its FAR 23.473 limit sink (2.38 m/s): no set - set 0 gear / 0 airframe, broken 0 / 0, 2.12 g
  ok    the drop at 1.2 x the certificate's sink (3.66 m/s, 23.727): the gear holds, just under its yield (1.18 F_l), nothing breaks, the airframe takes no set - set 0 gear / 0 airframe, broken 0 / 0, 2.72 g
  ok    NASA 172 Test 1 (7 m/s down, 18 m/s forward): it breaks, the gear first (TW-ENGR, kink) - set 0 gear / 28 airframe, broken 15 / 2, the first group tw:gear, 2.11 g, a gear member broke
2. the headroom (the worst member over its certified yield; ordinary operations at most 2/3)
  ok    a touchdown at the normal sink, 1.0 m/s: 0.36 (gear AXLEL-S2BL, compression)
  ok    a touchdown at a firm one, 1.5 m/s: 0.48 (gear AXLEL-S2BL, compression)
  ok    a touchdown at the build's FAR 23.473 limit sink, 2.38 m/s (the gear's own limit case): the airframe 0.51 (WR-WR), the gear 0.70 (AXLEL-S2BL)
  ok    a taxi on grass at 8 m/s: 0.17 (wing WF-WF, tension)
  ok    a taxi on a rough field (2 cm bumps, 3 m apart) at 8 m/s: 0.60 (gear TW-S0BR, compression)
  ok    a taxi on the rough field at 12 m/s: 0.53 (gear TW-S0BR, compression)
  ok    the circuit (completed, 271 s, touchdown 1.13 m/s): 0.36 (fus S1BL-S1BR, tension, FINAL)
  ok    a crosswind circuit (3.78 m/s across, 0.2 V_S0) (completed, 279 s, touchdown 1.20 m/s): 0.61 (gear AXLER-S1BL, tension, ROLLOUT)
3. §7.4's gear rows
  ok    the porpoise (nose-first at 25 m/s, 5 deg down, the bounces at 3 / 4 / 5 m/s): the nose gear collapses on bounce 3 (the reference: the third) - 1: whole; 2: whole; 3: tw:gear; the prop strikes; a gear member broke
Cessna floats:
1. the bracket (floats, spring)
  ok    20 gear joints, every one stamped from its own envelope
  ok    a float's struts and spreaders crush at the ultimate (no spring): 5.92-103.77 kN
  ok    in tension every gear joint is its lug, brittle at 1.5 F_l,t m: 13.94-79.49 kN
  ok    the drop at its FAR 23.473 limit sink (2.54 m/s): no set - set 0 gear / 0 airframe, broken 0 / 0, 1.66 g
  ok    the drop at 1.2 x the certificate's sink (3.66 m/s, 23.727): the gear holds (a float installation has no spring), nothing breaks, the airframe takes no set - set 0 gear / 0 airframe, broken 0 / 0, 1.84 g
2. the headroom (the worst member over its certified yield; ordinary operations at most 2/3)
  ok    a touchdown at the normal sink, 1.0 m/s: 0.38 (fus VSNL-VSNR, tension)
  ok    a touchdown at a firm one, 1.5 m/s: 0.43 (fus VSNL-VSNR, tension)
  ok    a touchdown at the build's FAR 23.473 limit sink, 2.54 m/s (the gear's own limit case): the airframe 0.66 (WF-WF), the gear 0.54 (FLD-S2BL)
  ok    a taxi on the water at 4 m/s: 0.10 (fus ENGR-S0BR, tension)
  ok    a taxi on the water at 4 m/s in a light chop (5 m/s of wind): 0.18 (fus S1BL-S1TR, tension)
  ok    the circuit (null, 340 s): 0.37 (fus S0BL-S0TL, tension, ROLLOUT)
  ok    a crosswind circuit (4.23 m/s across, 0.2 V_S0) (null, 340 s): 0.36 (gear FLD-FLD, compression, ROLLOUT)
3. §7.4's gear rows
  ok    the float nose-in at 90 km/h, 5 m/s, 20 deg (the WATER CASE): nothing breaks (0 set)
  ok    the float dig-in at 150 km/h, 10 m/s, 60 deg: the floats' strut fittings fail in overload (floatR:strut, floatL:strut) - the first group floatR:strut (FLD-S2TR, tension); then floatL:strut, eng:mount, wing0R:strut, wing0L:strut, wing0R:root, wing0L:root, fin:attach, stab:attach; broke up: the fuselage parted (S0BR off the core)
twin floatplane:
1. the bracket (floats, spring)
  ok    20 gear joints, every one stamped from its own envelope
  ok    a float's struts and spreaders crush at the ultimate (no spring): 2.11-32.41 kN
  ok    in tension every gear joint is its lug, brittle at 1.5 F_l,t m: 2.48-15.22 kN
  ok    the drop at its FAR 23.473 limit sink (2.13 m/s): no set - set 0 gear / 0 airframe, broken 0 / 0, 1.49 g
  ok    the drop at 1.2 x the certificate's sink (3.66 m/s, 23.727): the gear holds (a float installation has no spring), nothing breaks, the airframe takes no set - set 0 gear / 0 airframe, broken 0 / 0, 1.57 g
2. the headroom (the worst member over its certified yield; ordinary operations at most 2/3)
  ok    a touchdown at the normal sink, 1.0 m/s: 0.33 (fus S1TR-S2TR, tension)
  ok    a touchdown at a firm one, 1.5 m/s: 0.39 (fus MNTL-WF, compression)
  ok    a touchdown at the build's FAR 23.473 limit sink, 2.13 m/s (the gear's own limit case): the airframe 0.46 (MNTL-WF), the gear 0.40 (FLD-S2BR)
  ok    a taxi on the water at 4 m/s: 0.19 (gear FLD-FLD, tension)
  ok    a taxi on the water at 4 m/s in a light chop (5 m/s of wind): 0.19 (gear FLD-FLD, tension)
  ok    the circuit (completed, 292 s, touchdown 1.63 m/s): 0.27 (fus S1BL-S1BR, tension, BASE)
  ok    a crosswind circuit (3.28 m/s across, 0.2 V_S0) (completed, 294 s, touchdown 1.35 m/s): 0.40 (gear FLD-FLD, compression, ROLLOUT)
3. §7.4's gear rows
  ok    the float nose-in at 90 km/h, 5 m/s, 20 deg (the WATER CASE): nothing breaks (0 set)
  ok    the float dig-in at 150 km/h, 10 m/s, 60 deg: the floats' strut fittings fail in overload (floatR:strut, floatL:strut) - the first group engL:mount (MNTL-WF, tension); then engR:mount, floatR:strut, floatL:strut, wing0L:root, wing0R:root, wing0L:strut, wing0R:strut, stab:attach, fin:attach; broke up: the fuselage parted (TPB off the core)
THE HEADROOM TABLE (the worst member over its certified yield; the 23.473 row: the airframe):
  Cub             td 1.0 0.34 | td 1.5 0.38 | td 23.473 0.39 | taxi on grass at 8 m/s 0.32 | taxi on a rough field (2 cm bumps, 3 m apart) at 8 m/s 0.32 | taxi on the rough field at 12 m/s 0.32 | circuit 0.33 | crosswind circuit 0.33
  Jodel           td 1.0 0.34 | td 1.5 0.46 | td 23.473 0.38 | taxi on grass at 8 m/s 0.15 | taxi on a rough field (2 cm bumps, 3 m apart) at 8 m/s 0.39 | taxi on the rough field at 12 m/s 0.44 | circuit 0.29 | crosswind circuit 0.20
  metal Cessna    td 1.0 0.36 | td 1.5 0.48 | td 23.473 0.51 | taxi on grass at 8 m/s 0.17 | taxi on a rough field (2 cm bumps, 3 m apart) at 8 m/s 0.60 | taxi on the rough field at 12 m/s 0.53 | circuit 0.36 | crosswind circuit 0.61
  Cessna floats   td 1.0 0.38 | td 1.5 0.43 | td 23.473 0.66 | taxi on the water at 4 m/s 0.10 | taxi on the water at 4 m/s in a light chop (5 m/s of wind) 0.18 | circuit 0.37 | crosswind circuit 0.36
  twin floatplane td 1.0 0.33 | td 1.5 0.39 | td 23.473 0.46 | taxi on the water at 4 m/s 0.19 | taxi on the water at 4 m/s in a light chop (5 m/s of wind) 0.19 | circuit 0.27 | crosswind circuit 0.40
  72/72 checks
GATE DMGGEAR: PASS
=== DMGDRIVE ===
1. THE BANDS AND THE TIERS (the laws, 33_drive.js)
  ok    the engine 8.0 % over its maximum for 30 s reaches 'logged' (want 'logged'; dose 0.00) - SB 369: up to 10 % - no action, a logbook entry [as recalled - A0 to open]
  ok    the engine 15.0 % over its maximum for 2 s reaches 'inspect' (want 'inspect'; dose 0.00) - SB 369: 10-20 % - the prop off, the flange's run-out, the valve train [as recalled - A0 to open]
  ok    the engine 15.0 % over its maximum for 0.5 s reaches 'none' (want 'none'; dose 0.00) - the 1 s filter (a frame's tick is not an overspeed: nothing logged, the peak kept) [GAME - no source]
  ok    the engine 25.0 % over its maximum for 1.5 s reaches 'overhaul' (want 'overhaul'; dose 0.00) - SB 369: past 20 % - the engine overhauled [as recalled - A0 to open]
  ok    the engine 35.0 % over its maximum for 2 s reaches 'overhaul' (want 'overhaul'; dose 0.20) - the failure dose 0.20 < 0.25 [GAME - no source]
  ok    the engine 35.0 % over its maximum for 3 s reaches 'failed' (want 'failed'; dose 0.30) - the failure dose 0.30 >= 0.25: a thrown rod / valve [GAME - no source]
  ok    the engine 50.0 % over its maximum for 1.05 s reaches 'failed' (want 'failed'; dose 0.26) - 50 % over for 1 s [GAME - no source]
  (Lycoming Service Bulletin No. 369 family (engine inspection after overspeed; current letter not recalled))
  ok    23.361(c): 4 cylinders -> limit torque = mean x 2 [as recalled - A0 to open]
  ok    23.361(c): 3 cylinders -> limit torque = mean x 3 [as recalled - A0 to open]
  ok    23.361(c): 2 cylinders -> limit torque = mean x 4 [as recalled - A0 to open]
  ok    23.361(c): 6 cylinders -> limit torque = mean x 1.33 [as recalled - A0 to open]
  ok    23.361(c): 9 cylinders -> limit torque = mean x 1.33 [as recalled - A0 to open]
  ok    23.361(c): a turboprop -> limit torque = mean x 1.25 [as recalled - A0 to open]
  ok    a strike 2 % into the disc (soft, tip 200 m/s, the blade's 120): brush - tips dressed on the ground (no separation on a soft brush) [GAME - no source]
  ok    a strike 10 % into the disc (soft, tip 80 m/s, the blade's 120): bent - a bite of 10 % into the ground at idle: bent [GAME - no source]
  ok    a strike 30 % into the disc (soft, tip 80 m/s, the blade's 120): stoppage - 30 %: the prop stopped (SB 533's sudden stoppage) [GAME - no source]
  ok    a strike 10 % into the disc (rigid, tip 80 m/s, the blade's 120): stoppage - a trunk 10 % into the disc stops it [GAME - no source]
  ok    a strike 20 % into the disc (water, tip 80 m/s, the blade's 120): bent - the water gives: bent at 20 % [GAME - no source]
  ok    a strike 3 % into the disc (rigid, tip 211 m/s, the blade's 120): separation - a wood tip grazing a trunk at full power breaks off [GAME - no source]
  ok    a strike 3 % into the disc (rigid, tip 150 m/s, the blade's 200): brush - an alloy tip at 150 m/s only dents [GAME - no source]
  ok    a strike 10 % into the disc (soft, tip 211 m/s, the blade's 120): separation - wood into the ground at full power: a blade breaks [GAME - no source]
  ok    a strike 5 % into the disc (water, tip 150 m/s, the blade's 120): bent - carbon into the water at 150 m/s bends (the water gives: 1.6 x the tip speed) [GAME - no source]
(1148 s, 5 builds; damage on, on the certificate)
Cub:
2. THE DIVES (Lycoming Service Bulletin No. 369 family)
  ok    VNE full (52.11 m/s, throttle 1.00): 2580 rpm against 2300 (12.2 %), tip Mach 0.79 -> 'inspect' (SB 369: an inspection) [as recalled - A0 to open]
  ok    1.1 VD full (63.69 m/s, throttle 1.00): 2797 rpm against 2300 (21.6 %), tip Mach 0.86 -> 'overhaul', rough (thrust x 0.85, the teardown owed) [as recalled - A0 to open]
  ok    VNE cruise (52.11 m/s, throttle 0.65): 2300 rpm against 2300 (0.0 %), tip Mach 0.71 -> 'logged' (inside SB 369's no-action band: 1.97 s logged) - no exceedance
  ok    VNE idle (52.11 m/s, throttle 0.00): 1653 rpm against 2300 (-28.2 %), tip Mach 0.52 -> 'none' - no exceedance
  ok    VNE off (52.11 m/s, throttle 0.00): 1526 rpm against 2300 (-33.6 %), tip Mach 0.49 -> 'none' - no exceedance
3. THE STRIKES (Lycoming Service Bulletin No. 533 family: any strike -> a teardown) [as recalled - A0 to open]
  ok    a nose-over at 2 m/s: the disc meets the ground 0.02 s in, the strike 0.05 s (the base: only once the nose's nodes did) - 'stoppage' (bite 0.17 R, tip 111 m/s), the engine stopped, a teardown owed
  ok    a nose-over at 4 m/s: the disc meets the ground 0.02 s in, the strike 0.03 s (the base: only once the nose's nodes did) - 'stoppage' (bite 0.15 R, tip 111 m/s), the engine stopped, a teardown owed
  ok    a nose-over at 8 m/s: the disc meets the ground 0.02 s in, the strike 0.02 s (the base: only once the nose's nodes did) - 'stoppage' (bite 0.16 R, tip 112 m/s), the engine stopped, a teardown owed
  ok    a brush (2 cm of soil past the turf's 5 cm): 'brush', the engine runs on, a teardown still owed (SB 533: any strike that needs the prop repaired)
  ok    a trunk in the disc at 3 m/s: 'separation' (tip 128 m/s: the blades broke off), the engine stopped (a sudden stoppage)
  ok    a trunk grazing the tips (3 cm) at full power (2116 rpm, tip 212 m/s): a blade breaks off and the prop turns on short of it - 30.76 kN of imbalance (m e w^2) - the mount lets go 0.02 s later (the engine leaves) [GAME - no source]
  ok    the same graze at idle (644 rpm, tip 64 m/s): 'brush', the engine runs, the mount holds
5. THE MOUNT (23.361 / .363 / .371 as certificate cases; the stamped members) [as recalled - A0 to open]
  --    the limit torque 402.73 N m (mean 201.37 x 1 through the reduction x 2, 4 cylinders); the prop's I 1.14 kg m2 at 240.86 rad/s; the drive cases govern gyro371c 1, gyro371a 1, gyro371d 1, gyro371b 1 of the mount members' limits
  ok    torque361: the mount holds it with no set (worst 0.31 of its yield, CGE-S0TL) and lets go at 3.27 x it (CGE-S0TL: past the ultimate, 1.5)
  ok    side363R: the mount holds it with no set (worst 0.23 of its yield, CGE-S0TR) and lets go at 4.39 x it (CGE-S0TR: past the ultimate, 1.5)
  ok    side363L: the mount holds it with no set (worst 0.23 of its yield, CGE-S0TL) and lets go at 4.39 x it (CGE-S0TL: past the ultimate, 1.5)
  ok    gyro371a: the mount holds it with no set (worst 0.45 of its yield, CGE-S0TR) and lets go at 2.21 x it (CGE-S0TR: past the ultimate, 1.5)
  ok    gyro371b: the mount holds it with no set (worst 0.45 of its yield, CGE-S0TL) and lets go at 2.21 x it (CGE-S0TL: past the ultimate, 1.5)
  ok    gyro371c: the mount holds it with no set (worst 0.54 of its yield, ENGL-S0TL) and lets go at 1.85 x it (ENGL-S0TL: past the ultimate, 1.5)
  ok    gyro371d: the mount holds it with no set (worst 0.54 of its yield, ENGR-S0TR) and lets go at 1.85 x it (ENGR-S0TR: past the ultimate, 1.5)
  ok    the snap-roll entry (the controls full at V_A): yaw 0.95, pitch 2.00 rad/s (2.00 x 23.371's) - the mount at 0.71 of its certified yield (CGE-S0TR; no gyroscopic couple in the flown sim: the certificate carries it)
6. NORMAL OPERATIONS NEVER TOUCH IT
  ok    the circuit (completed, 335 s; the take-off at full power): no strike, no exceedance - the engine's peak 2284 rpm, the disc's least clearance 0.11 m
  ok    a 3.87 g pull at full power: no strike, no exceedance
  ok    half brakes from 12 m/s (the nose dips): no strike - the disc's least clearance 0.11 m
  ok    (and the classic: FULL brakes from 12 m/s stand the taildragger on its nose - 'stoppage' (bite 0.15 R), the engine stopped, a teardown owed)
Jodel:
2. THE DIVES (Lycoming Service Bulletin No. 369 family)
  --    REPORT VNE full (60.35 m/s, throttle 1.00): 2585 rpm against 2300 (12.4 %), tip Mach 0.77 -> 'inspect' - the airframe broke up first (a tail member broke at 9.87 s, 16 members; the speed reached at 12.48 s): a wreck's windmill, not the drivetrain's band
  --    REPORT 1.1 VD full (73.76 m/s, throttle 1.00): 3113 rpm against 2300 (35.4 %), tip Mach 0.93 -> 'failed' - the airframe broke up first (broke up: the fuselage parted (TPB off the core) at 10.82 s, 200 members; the speed reached at 21.47 s): a wreck's windmill, not the drivetrain's band
  ok    VNE cruise (60.35 m/s, throttle 0.65): 2304 rpm against 2300 (0.2 %), tip Mach 0.69 -> 'logged' (inside SB 369's no-action band: 2.98 s logged) - no exceedance
  ok    VNE idle (60.35 m/s, throttle 0.00): 1667 rpm against 2300 (-27.5 %), tip Mach 0.52 -> 'none' - no exceedance
  ok    VNE off (60.35 m/s, throttle 0.00): 1543 rpm against 2300 (-32.9 %), tip Mach 0.48 -> 'none' - no exceedance
3. THE STRIKES (Lycoming Service Bulletin No. 533 family: any strike -> a teardown) [as recalled - A0 to open]
  ok    a nose-over at 2 m/s: the disc meets the ground 0.03 s in, the strike 0.05 s (the base: only once the nose's nodes did) - 'stoppage' (bite 0.17 R, tip 106 m/s), the engine stopped, a teardown owed, the teardown finds internal damage
  ok    a nose-over at 4 m/s: the disc meets the ground 0.02 s in, the strike 0.03 s (the base: only once the nose's nodes did) - 'stoppage' (bite 0.15 R, tip 106 m/s), the engine stopped, a teardown owed, the teardown finds internal damage
  ok    a nose-over at 8 m/s: the disc meets the ground 0.02 s in, the strike 0.02 s (the base: only once the nose's nodes did) - 'stoppage' (bite 0.15 R, tip 107 m/s), the engine stopped, a teardown owed, the teardown finds internal damage
  ok    a brush (2 cm of soil past the turf's 5 cm): 'brush', the engine runs on, a teardown still owed (SB 533: any strike that needs the prop repaired)
  ok    a trunk in the disc at 3 m/s: 'separation' (tip 122 m/s: the blades broke off), the engine stopped (a sudden stoppage)
  ok    a trunk grazing the tips (3 cm) at full power (2116 rpm, tip 203 m/s): a blade breaks off and the prop turns on short of it - 26.47 kN of imbalance (m e w^2) - the mount lets go 0.02 s later (the engine leaves) [GAME - no source]
  ok    the same graze at idle (644 rpm, tip 62 m/s): 'brush', the engine runs, the mount holds
5. THE MOUNT (23.361 / .363 / .371 as certificate cases; the stamped members) [as recalled - A0 to open]
  --    the limit torque 402.73 N m (mean 201.37 x 1 through the reduction x 2, 4 cylinders); the prop's I 0.94 kg m2 at 240.86 rad/s; the drive cases govern gyro371c 1, gyro371a 1, gyro371d 1, gyro371b 1 of the mount members' limits
  ok    torque361: the mount holds it with no set (worst 0.29 of its yield, ENGR-S0TR) and lets go at 3.48 x it (ENGR-S0TR: past the ultimate, 1.5)
  ok    side363R: the mount holds it with no set (worst 0.11 of its yield, CGE-S0TR) and lets go at 9.47 x it (CGE-S0TR: past the ultimate, 1.5)
  ok    side363L: the mount holds it with no set (worst 0.11 of its yield, CGE-S0TL) and lets go at 9.47 x it (CGE-S0TL: past the ultimate, 1.5)
  ok    gyro371a: the mount holds it with no set (worst 0.30 of its yield, CGE-S0TR) and lets go at 3.30 x it (CGE-S0TR: past the ultimate, 1.5)
  ok    gyro371b: the mount holds it with no set (worst 0.30 of its yield, CGE-S0TL) and lets go at 3.30 x it (CGE-S0TL: past the ultimate, 1.5)
  ok    gyro371c: the mount holds it with no set (worst 0.54 of its yield, ENGL-S0TL) and lets go at 1.85 x it (ENGL-S0TL: past the ultimate, 1.5)
  ok    gyro371d: the mount holds it with no set (worst 0.54 of its yield, ENGR-S0TR) and lets go at 1.85 x it (ENGR-S0TR: past the ultimate, 1.5)
  ok    the snap-roll entry (the controls full at V_A): yaw 1.25, pitch 2.54 rad/s (2.54 x 23.371's) - the mount at 0.50 of its certified yield (CGE-S0BR; no gyroscopic couple in the flown sim: the certificate carries it)
6. NORMAL OPERATIONS NEVER TOUCH IT
  ok    the circuit (null, 340 s; the take-off at full power): no strike, no exceedance - the engine's peak 2285 rpm, the disc's least clearance 0.24 m
  ok    a 4.42 g pull at full power: no strike, no exceedance
  ok    half brakes from 12 m/s (the nose dips): no strike - the disc's least clearance 0.24 m
  ok    (and the classic: FULL brakes from 12 m/s stand the taildragger on its nose - 'stoppage' (bite 0.17 R), the engine stopped, a teardown owed)
metal Cessna:
2. THE DIVES (Lycoming Service Bulletin No. 369 family)
  ok    VNE full (71.51 m/s, throttle 1.00): 2845 rpm against 2575 (10.5 %), tip Mach 0.95 -> 'inspect' (SB 369: an inspection) [as recalled - A0 to open]
  ok    1.1 VD full (87.40 m/s, throttle 1.00): 3072 rpm against 2575 (19.3 %), tip Mach 1.03 -> 'inspect' (SB 369: an inspection) [as recalled - A0 to open]
  ok    VNE cruise (71.51 m/s, throttle 0.47): 2348 rpm against 2575 (-8.8 %), tip Mach 0.79 -> 'none' - no exceedance
  ok    VNE idle (71.51 m/s, throttle 0.00): 1788 rpm against 2575 (-30.6 %), tip Mach 0.62 -> 'none' - no exceedance
  ok    VNE off (71.51 m/s, throttle 0.00): 1640 rpm against 2575 (-36.3 %), tip Mach 0.58 -> 'none' - no exceedance
3. THE STRIKES (Lycoming Service Bulletin No. 533 family: any strike -> a teardown) [as recalled - A0 to open]
  ok    a nose-over at 2 m/s: the disc meets the ground 0.02 s in, the strike 0.03 s (the base: only once the nose's nodes did) - 'bent' (bite 0.04 R, tip 134 m/s), the engine running, a teardown owed
  ok    a nose-over at 4 m/s: the disc meets the ground 0.02 s in, the strike 0.02 s (the base: only once the nose's nodes did) - 'stoppage' (bite 0.16 R, tip 134 m/s), the engine stopped, a teardown owed
  ok    a nose-over at 8 m/s: the disc meets the ground 0.02 s in, the strike 0.02 s (the base: only once the nose's nodes did) - 'stoppage' (bite 0.19 R, tip 134 m/s), the engine stopped, a teardown owed
  ok    a brush (2 cm of soil past the turf's 5 cm): 'brush', the engine runs on, a teardown still owed (SB 533: any strike that needs the prop repaired)
  ok    a trunk in the disc at 3 m/s: 'stoppage' (tip 154 m/s), the engine stopped (a sudden stoppage)
  ok    a trunk grazing the tips (3 cm) at full power (2369 rpm, tip 256 m/s): a blade breaks off and the prop turns on short of it - 87.87 kN of imbalance (m e w^2) - the mount lets go 0.02 s later (the engine leaves) [GAME - no source]
  ok    the same graze at idle (721 rpm, tip 78 m/s): 'brush', the engine runs, the mount holds
5. THE MOUNT (23.361 / .363 / .371 as certificate cases; the stamped members) [as recalled - A0 to open]
  --    the limit torque 863.15 N m (mean 648.98 x 1 through the reduction x 1.33, 6 cylinders); the prop's I 2.80 kg m2 at 269.65 rad/s; the drive cases govern none of the mount members' limits
  ok    torque361: the mount holds it with no set (worst 0.25 of its yield, CGE-S0BR) and lets go at 4.02 x it (CGE-S0BR: past the ultimate, 1.5)
  ok    side363R: the mount holds it with no set (worst 0.12 of its yield, CGE-S0TR) and lets go at 8.54 x it (CGE-S0TR: past the ultimate, 1.5)
  ok    side363L: the mount holds it with no set (worst 0.12 of its yield, CGE-S0TL) and lets go at 8.54 x it (CGE-S0TL: past the ultimate, 1.5)
  ok    gyro371a: the mount holds it with no set (worst 0.36 of its yield, CGE-S0TR) and lets go at 2.77 x it (CGE-S0TR: past the ultimate, 1.5)
  ok    gyro371b: the mount holds it with no set (worst 0.36 of its yield, CGE-S0TL) and lets go at 2.77 x it (CGE-S0TL: past the ultimate, 1.5)
  ok    gyro371c: the mount holds it with no set (worst 0.60 of its yield, ENGL-S0TL) and lets go at 1.67 x it (ENGL-S0TL: past the ultimate, 1.5)
  ok    gyro371d: the mount holds it with no set (worst 0.60 of its yield, ENGR-S0TR) and lets go at 1.67 x it (ENGR-S0TR: past the ultimate, 1.5)
  ok    the snap-roll entry (the controls full at V_A): yaw 1.03, pitch 2.16 rad/s (2.16 x 23.371's) - the mount at 0.53 of its certified yield (CGE-S0TR; no gyroscopic couple in the flown sim: the certificate carries it)
6. NORMAL OPERATIONS NEVER TOUCH IT
  ok    the circuit (completed, 271 s; the take-off at full power): no strike, no exceedance - the engine's peak 2503 rpm, the disc's least clearance -0.04 m
  ok    a 4.99 g pull at full power: no strike, no exceedance
  ok    half brakes from 12 m/s (the nose dips): no strike - the disc's least clearance -0.04 m
Cessna floats:
2. THE DIVES (Lycoming Service Bulletin No. 369 family)
  ok    VNE full (82.30 m/s, throttle 1.00): 2994 rpm against 2575 (16.3 %), tip Mach 1.00 -> 'inspect' (SB 369: an inspection) [as recalled - A0 to open]
  ok    1.1 VD full (100.59 m/s, throttle 1.00): 3271 rpm against 2575 (27.0 %), tip Mach 1.10 -> 'overhaul', rough (thrust x 0.85, the teardown owed) [as recalled - A0 to open]
  ok    VNE cruise (82.30 m/s, throttle 0.62): 2668 rpm against 2575 (3.6 %), tip Mach 0.90 -> 'logged' (inside SB 369's no-action band: 10.38 s logged) - no exceedance
  ok    VNE idle (82.30 m/s, throttle 0.00): 2010 rpm against 2575 (-21.9 %), tip Mach 0.70 -> 'none' - no exceedance
  ok    VNE off (82.30 m/s, throttle 0.00): 1880 rpm against 2575 (-27.0 %), tip Mach 0.66 -> 'none' - no exceedance
3. THE STRIKES (Lycoming Service Bulletin No. 533 family: any strike -> a teardown) [as recalled - A0 to open]
  ok    the bow digging in at 90 km/h, 5 m/s, 20 deg (the ordinary water case): the disc clears the water by 0.27 m - no strike, the engine running
  ok    the bow digging in at 150 km/h, 10 m/s, 60 deg (TREECRASH's severe nose-in): the disc strikes the WATER - 'stoppage', the engine stopped
  ok    a trunk grazing the tips (3 cm) at full power (2369 rpm, tip 256 m/s): a blade breaks off and the prop turns on short of it - 87.88 kN of imbalance (m e w^2) - the mount lets go 0.02 s later (the engine leaves) [GAME - no source]
  ok    the same graze at idle (721 rpm, tip 78 m/s): 'brush', the engine runs, the mount holds
5. THE MOUNT (23.361 / .363 / .371 as certificate cases; the stamped members) [as recalled - A0 to open]
  --    the limit torque 863.15 N m (mean 648.98 x 1 through the reduction x 1.33, 6 cylinders); the prop's I 2.80 kg m2 at 269.65 rad/s; the drive cases govern none of the mount members' limits
  ok    torque361: the mount holds it with no set (worst 0.12 of its yield, CGE-S0BR) and lets go at 8.24 x it (CGE-S0BR: past the ultimate, 1.5)
  ok    side363R: the mount holds it with no set (worst 0.09 of its yield, CGE-S0BL) and lets go at 11.60 x it (CGE-S0BL: past the ultimate, 1.5)
  ok    side363L: the mount holds it with no set (worst 0.09 of its yield, CGE-S0BR) and lets go at 11.60 x it (CGE-S0BR: past the ultimate, 1.5)
  ok    gyro371a: the mount holds it with no set (worst 0.38 of its yield, ENGL-S0BL) and lets go at 2.61 x it (ENGL-S0BL: past the ultimate, 1.5)
  ok    gyro371b: the mount holds it with no set (worst 0.38 of its yield, ENGR-S0BR) and lets go at 2.61 x it (ENGR-S0BR: past the ultimate, 1.5)
  ok    gyro371c: the mount holds it with no set (worst 0.29 of its yield, ENGL-S0TL) and lets go at 3.48 x it (ENGL-S0TL: past the ultimate, 1.5)
  ok    gyro371d: the mount holds it with no set (worst 0.29 of its yield, ENGR-S0TR) and lets go at 3.48 x it (ENGR-S0TR: past the ultimate, 1.5)
  ok    the snap-roll entry (the controls full at V_A): yaw 1.63, pitch 1.91 rad/s (1.91 x 23.371's) - the mount at 0.21 of its certified yield (ENGL-S0BL; no gyroscopic couple in the flown sim: the certificate carries it)
6. NORMAL OPERATIONS NEVER TOUCH IT
  ok    the circuit (null, 340 s; the take-off at full power): no strike, no exceedance - the engine's peak 2654 rpm (logged 6.72 s), the disc's least clearance 0.17 m
  ok    a 5.10 g pull at full power: no strike, no exceedance
twin floatplane:
2. THE DIVES (Lycoming Service Bulletin No. 369 family)
  ok    VNE full (52.29 m/s, throttle 1.00): 7327 rpm against 6800 (7.8 %), tip Mach 0.86 -> 'logged' [as recalled - A0 to open]
  ok    1.1 VD full (63.91 m/s, throttle 1.00): 7946 rpm against 6800 (16.9 %), tip Mach 0.93 -> 'inspect' (SB 369: an inspection) [as recalled - A0 to open]
  ok    VNE cruise (52.29 m/s, throttle 0.55): 6294 rpm against 6800 (-7.4 %), tip Mach 0.74 -> 'none' - no exceedance
  ok    VNE idle (52.29 m/s, throttle 0.00): 4728 rpm against 6800 (-30.5 %), tip Mach 0.57 -> 'none' - no exceedance
  ok    VNE off (52.29 m/s, throttle 0.00): 4375 rpm against 6800 (-35.7 %), tip Mach 0.53 -> 'none' - no exceedance
3. THE STRIKES (Lycoming Service Bulletin No. 533 family: any strike -> a teardown) [as recalled - A0 to open]
  ok    the bow digging in at 90 km/h, 5 m/s, 20 deg (the ordinary water case): the disc strikes the WATER (the base: no strike on water at all) - 'stoppage', the engine stopped
  ok    the bow digging in at 150 km/h, 10 m/s, 60 deg (TREECRASH's severe nose-in): the disc strikes the WATER - 'stoppage', the engine stopped
  ok    a trunk grazing the tips (3 cm) at full power (2283 rpm, tip 228 m/s): a blade breaks off and the prop turns on short of it - 23.85 kN of imbalance (m e w^2) - the mount lets go 0.02 s later (the engine leaves) [GAME - no source]
  ok    the same graze at idle (695 rpm, tip 69 m/s): 'brush', the engine runs, the mount holds
  ok    4. the gearbox (Rotax 582 (B / C / E gearbox) and 912 Maintenance Manuals [as recalled - A0 to open]): a stoppage at full power shears the drive - the engine runs away unloaded (9860 rpm, 45.0 %) and throws a rod 1.27 s later [GAME - no source]
  ok    4. a stoppage at idle: the engine stops ('stoppage'), the gearbox marked for its inspection (Rotax's manual after a strike) [as recalled - A0 to open]
5. THE MOUNT (23.361 / .363 / .371 as certificate cases; the stamped members) [as recalled - A0 to open]
  --    the limit torque 739.03 N m (mean 70.52 x 2.62 through the reduction x 4, 2 cylinders); the prop's I 0.76 kg m2 at 259.80 rad/s; the drive cases govern gyro371c 2, gyro371d 2 of the mount members' limits
  ok    torque361: the mount holds it with no set (worst 0.35 of its yield, CGE-WF) and lets go at 2.89 x it (CGE-WF: past the ultimate, 1.5)
  ok    side363R: the mount holds it with no set (worst 0.11 of its yield, CGE-WR) and lets go at 8.86 x it (CGE-WR: past the ultimate, 1.5)
  ok    side363L: the mount holds it with no set (worst 0.11 of its yield, CGE-WR) and lets go at 8.86 x it (CGE-WR: past the ultimate, 1.5)
  ok    gyro371a: the mount holds it with no set (worst 0.37 of its yield, ENGR-WF) and lets go at 2.73 x it (ENGR-WF: past the ultimate, 1.5)
  ok    gyro371b: the mount holds it with no set (worst 0.37 of its yield, ENGL-WF) and lets go at 2.73 x it (ENGL-WF: past the ultimate, 1.5)
  ok    gyro371c: the mount holds it with no set (worst 0.55 of its yield, ENGL-WF) and lets go at 1.81 x it (ENGL-WF: past the ultimate, 1.5)
  ok    gyro371d: the mount holds it with no set (worst 0.55 of its yield, ENGR-WF) and lets go at 1.81 x it (ENGR-WF: past the ultimate, 1.5)
  ok    the snap-roll entry (the controls full at V_A): yaw 0.80, pitch 2.54 rad/s (2.54 x 23.371's) - the mount at 0.65 of its certified yield (MNTL-WF; no gyroscopic couple in the flown sim: the certificate carries it)
6. NORMAL OPERATIONS NEVER TOUCH IT
  ok    the circuit (completed, 292 s; the take-off at full power): no strike, no exceedance - the engine's peak 6428 rpm, the disc's least clearance 0.76 m
  ok    a 4.73 g pull at full power: no strike, no exceedance
  --    the teardown's internal damage (seeded, 15 %): AOPA, 2007 (the DEFORM doc §10.2's line: only 10-20 % of the engines torn down after a strike show internal damage) 10-20 % - a ratio for the bill, never a gate
  131/131 checks
GATE DMGDRIVE: PASS

──────── summary ────────
TREECRASH PASS   980.2 s
DMGGEAR   PASS  1541.8 s
DMGDRIVE  PASS  1147.9 s
total           3669.9 s
wall            3669.8 s  (jobs 3)

BATTERY: PASS
