[0.6s] nav http://127.0.0.1:45099/flyDiy/dev.html?day=noon&damage=1&simw=0&fog=0
[3.2s] warn flyDiy: the loader fetched the town raster cells, the page composes default - those cells bake lazily
[227.5s] garage ANGLE (Google, Vulkan 1.3.0 (SwiftShader Device (Subzero) (0x0000C0DE)), SwiftShader driver) tier software
[230.2s] roll out
[263.2s] stand {"kind":"rollout","anim":"timeout","ms":32661}
[315.6s] scuff at the stand {"on":true,"recs":0,"attrVerts":544194,"passes":0,"places":0,"frameMs":0,"tickMs":0,"tornMs":0,"mkMs":0,"bound":0,"uploads":0,"bytes":0,"any":false,"uOn":0,"awake":false,"flips":4,"mats":81,"prelinks":2,"panes":[],"counts":{"crush":0,"scrape":0,"torn":0,"verts":0},"busy":false} {"links":0,"programs":336,"failed":0,"bad":[]}
[430s] still /home/user/DeGaRoR.github.io/flyDiy/reports/evidence/DMG-SCUFF/soft/taxi_1_intact.jpg {"w":1024,"h":576,"clearShare":0.002292209201388889,"topShare":0.047368367513020836,"colours":2343,"lowerMean":137.6,"lowerSd":30.5}
[481.3s] still /home/user/DeGaRoR.github.io/flyDiy/reports/evidence/DMG-SCUFF/soft/taxi_2_intact.jpg {"w":1024,"h":576,"clearShare":0.004504733615451389,"topShare":0.070037841796875,"colours":2636,"lowerMean":156.7,"lowerSd":25.1}
[592.6s] taxi crash {"steps":582,"crashed":false,"over":false,"reason":null,"broken":0,"yields":1456,"work":782,"slid":830,"frameMed":0,"frameMax":0,"links":0,"programsAdded":0,"scuff":{"on":true,"recs":46,"attrVerts":544194,"passes":2,"places":105246,"frameMs":30.9,"tickMs":10.9,"tornMs":0,"mkMs":156.7,"bound":3121,"uploads":92,"bytes":4480608,"any":true,"uOn":1,"awake":true,"flips":5,"mats":81,"prelinks":2,"panes":[],"counts":{"crush":16692,"scrape":11260,"torn":0,"verts":280038},"busy":false},"skin":{"on":true,"recs":0,"ms":{"records":0,"event":0,"frames":0,"pose":0,"recordsT":0,"eventT":0,"poseT":0,"frameMax":0,"n":0},"removed":0,"torn":0,"tris":0,"riding":0}}
[638.4s] still /home/user/DeGaRoR.github.io/flyDiy/reports/evidence/DMG-SCUFF/soft/taxi_1_after.jpg {"w":1024,"h":576,"clearShare":0.002251519097222222,"topShare":0.05086093478732639,"colours":2272,"lowerMean":135.6,"lowerSd":34.9}
[691.5s] still /home/user/DeGaRoR.github.io/flyDiy/reports/evidence/DMG-SCUFF/soft/taxi_1_noscuff.jpg {"w":1024,"h":576,"clearShare":0.002251519097222222,"topShare":0.05091688368055555,"colours":2274,"lowerMean":135.6,"lowerSd":34.9}
[725.6s] still /home/user/DeGaRoR.github.io/flyDiy/reports/evidence/DMG-SCUFF/soft/taxi_2_after.jpg {"w":1024,"h":576,"clearShare":0.004423353407118056,"topShare":0.08289930555555555,"colours":2514,"lowerMean":155.9,"lowerSd":25}
[755.9s] still /home/user/DeGaRoR.github.io/flyDiy/reports/evidence/DMG-SCUFF/soft/taxi_2_noscuff.jpg {"w":1024,"h":576,"clearShare":0.004413180881076389,"topShare":0.0828823513454861,"colours":2503,"lowerMean":156,"lowerSd":25}
[801.9s] still /home/user/DeGaRoR.github.io/flyDiy/reports/evidence/DMG-SCUFF/soft/taxi_close_scrape.jpg {"w":1024,"h":576,"clearShare":0.0010053846571180555,"topShare":0.06362067328559028,"colours":3019,"lowerMean":137.5,"lowerSd":30.2}
[848.7s] still /home/user/DeGaRoR.github.io/flyDiy/reports/evidence/DMG-SCUFF/soft/taxi_close_scrape_noscuff.jpg {"w":1024,"h":576,"clearShare":0.0008782280815972222,"topShare":0.061391194661458336,"colours":2711,"lowerMean":137.9,"lowerSd":30.2}
[891s] still /home/user/DeGaRoR.github.io/flyDiy/reports/evidence/DMG-SCUFF/soft/taxi_close_crease.jpg {"w":1024,"h":576,"clearShare":0.002841525607638889,"topShare":0.06292724609375,"colours":3365,"lowerMean":138.9,"lowerSd":30.9}
[927.3s] still /home/user/DeGaRoR.github.io/flyDiy/reports/evidence/DMG-SCUFF/soft/taxi_close_crease_noscuff.jpg {"w":1024,"h":576,"clearShare":0.0030653211805555555,"topShare":0.06299506293402778,"colours":2932,"lowerMean":139.8,"lowerSd":30.1}
[1414.8s] taxi cost {"timer":true,"off":{"frameMed":4843.4,"gpuMed":27.078,"gpuN":24},"on":{"frameMed":4912.3,"gpuMed":29.301,"gpuN":24},"off2":{"frameMed":4925.4,"gpuMed":27.341,"gpuN":24},"on2":{"frameMed":4797.8,"gpuMed":29.846,"gpuN":24}}
[1496.3s] still /home/user/DeGaRoR.github.io/flyDiy/reports/evidence/DMG-SCUFF/soft/noseover_1_intact.jpg {"w":1024,"h":576,"clearShare":0.00146484375,"topShare":0.0795321994357639,"colours":2358,"lowerMean":158.7,"lowerSd":28.1}
[1547.9s] still /home/user/DeGaRoR.github.io/flyDiy/reports/evidence/DMG-SCUFF/soft/noseover_2_intact.jpg {"w":1024,"h":576,"clearShare":0.0006544325086805555,"topShare":0.07401529947916667,"colours":2733,"lowerMean":135,"lowerSd":17.4}
[1569.6s] still /home/user/DeGaRoR.github.io/flyDiy/reports/evidence/DMG-SCUFF/soft/noseover_3_intact.jpg {"w":1024,"h":576,"clearShare":0.00006442599826388889,"topShare":0.11068895128038195,"colours":1695,"lowerMean":150.8,"lowerSd":29.8}
[1597.6s] noseover crash {"steps":318,"crashed":true,"over":true,"reason":"a gear member broke","broken":63,"yields":4986,"work":5478,"slid":22310,"frameMed":0,"frameMax":0,"links":0,"programsAdded":0,"scuff":{"on":true,"recs":46,"attrVerts":544194,"passes":3,"places":157869,"frameMs":30.9,"tickMs":10.9,"tornMs":3,"mkMs":156.7,"bound":3121,"uploads":138,"bytes":6720912,"any":true,"uOn":1,"awake":true,"flips":5,"mats":81,"prelinks":2,"panes":[],"counts":{"crush":8476,"scrape":25947,"torn":19683,"verts":280038},"busy":false},"skin":{"on":true,"recs":100,"ms":{"records":101.8999999947846,"event":114.40000000409782,"frames":8.700000001117587,"pose":128.5,"recordsT":103.199999993667,"eventT":115.20000000670552,"poseT":817.5999999959022,"frameMax":353.7000000011176,"n":13},"removed":2961,"torn":1362,"tris":166550,"riding":499650}}
[1625.5s] still /home/user/DeGaRoR.github.io/flyDiy/reports/evidence/DMG-SCUFF/soft/noseover_1_after.jpg {"w":1024,"h":576,"clearShare":0.001983642578125,"topShare":0.09264119466145833,"colours":2534,"lowerMean":148,"lowerSd":20.5}
[1657.2s] still /home/user/DeGaRoR.github.io/flyDiy/reports/evidence/DMG-SCUFF/soft/noseover_1_noscuff.jpg {"w":1024,"h":576,"clearShare":0.0019734700520833335,"topShare":0.09262763129340278,"colours":2522,"lowerMean":148,"lowerSd":20.5}
[1723.5s] still /home/user/DeGaRoR.github.io/flyDiy/reports/evidence/DMG-SCUFF/soft/noseover_2_after.jpg {"w":1024,"h":576,"clearShare":0.005479600694444444,"topShare":0.08489312065972222,"colours":2957,"lowerMean":138.6,"lowerSd":17.5}
[1785.2s] still /home/user/DeGaRoR.github.io/flyDiy/reports/evidence/DMG-SCUFF/soft/noseover_2_noscuff.jpg {"w":1024,"h":576,"clearShare":0.005374484592013889,"topShare":0.08487447102864583,"colours":2928,"lowerMean":138.6,"lowerSd":17.5}
[1813.5s] still /home/user/DeGaRoR.github.io/flyDiy/reports/evidence/DMG-SCUFF/soft/noseover_3_after.jpg {"w":1024,"h":576,"clearShare":0.0006781684027777778,"topShare":0.10802374945746528,"colours":1907,"lowerMean":157.6,"lowerSd":29.9}
[1834.3s] still /home/user/DeGaRoR.github.io/flyDiy/reports/evidence/DMG-SCUFF/soft/noseover_3_noscuff.jpg {"w":1024,"h":576,"clearShare":0.0006561279296875,"topShare":0.10794915093315972,"colours":1873,"lowerMean":157.7,"lowerSd":29.8}
[1862.7s] still /home/user/DeGaRoR.github.io/flyDiy/reports/evidence/DMG-SCUFF/soft/noseover_close_scrape.jpg {"w":1024,"h":576,"clearShare":0.011142306857638888,"topShare":0.0773468017578125,"colours":2957,"lowerMean":148.7,"lowerSd":39.1}
[1890.9s] still /home/user/DeGaRoR.github.io/flyDiy/reports/evidence/DMG-SCUFF/soft/noseover_close_scrape_noscuff.jpg {"w":1024,"h":576,"clearShare":0.010745578342013888,"topShare":0.0773468017578125,"colours":3049,"lowerMean":149.1,"lowerSd":38.7}
[1922.8s] still /home/user/DeGaRoR.github.io/flyDiy/reports/evidence/DMG-SCUFF/soft/noseover_close_crease.jpg {"w":1024,"h":576,"clearShare":0.019261678059895832,"topShare":0.06328837076822917,"colours":2750,"lowerMean":144.1,"lowerSd":49.2}
[1952s] still /home/user/DeGaRoR.github.io/flyDiy/reports/evidence/DMG-SCUFF/soft/noseover_close_crease_noscuff.jpg {"w":1024,"h":576,"clearShare":0.019219292534722224,"topShare":0.0630645751953125,"colours":2759,"lowerMean":143.7,"lowerSd":49.5}
[1981.4s] still /home/user/DeGaRoR.github.io/flyDiy/reports/evidence/DMG-SCUFF/soft/noseover_close_torn.jpg {"w":1024,"h":576,"clearShare":0.012359619140625,"topShare":0.08134290907118055,"colours":2847,"lowerMean":147.8,"lowerSd":42.9}
[2007.7s] still /home/user/DeGaRoR.github.io/flyDiy/reports/evidence/DMG-SCUFF/soft/noseover_close_torn_noscuff.jpg {"w":1024,"h":576,"clearShare":0.012010362413194444,"topShare":0.08134290907118055,"colours":2919,"lowerMean":148.1,"lowerSd":42.5}
[2301.4s] noseover cost {"timer":true,"off":{"frameMed":2906.3,"gpuMed":28.336,"gpuN":24},"on":{"frameMed":2930.7,"gpuMed":27.488,"gpuN":24},"off2":{"frameMed":2867.3,"gpuMed":27.264,"gpuN":24},"on2":{"frameMed":2909.3,"gpuMed":26.076,"gpuN":24}}
[2358.5s] still /home/user/DeGaRoR.github.io/flyDiy/reports/evidence/DMG-SCUFF/soft/trunk-0_1_intact.jpg {"w":1024,"h":576,"clearShare":0.0018327501085069445,"topShare":0.07804022894965278,"colours":2590,"lowerMean":148.9,"lowerSd":25.4}
[2376.7s] still /home/user/DeGaRoR.github.io/flyDiy/reports/evidence/DMG-SCUFF/soft/trunk-0_2_intact.jpg {"w":1024,"h":576,"clearShare":0.00026109483506944444,"topShare":0.11127217610677083,"colours":1805,"lowerMean":145.7,"lowerSd":18.4}
[2429.7s] still /home/user/DeGaRoR.github.io/flyDiy/reports/evidence/DMG-SCUFF/soft/trunk-0_3_intact.jpg {"w":1024,"h":576,"clearShare":0.0019734700520833335,"topShare":0.0474395751953125,"colours":3167,"lowerMean":129.6,"lowerSd":26.3}
[2499.9s] trunk-0 crash {"steps":160,"crashed":true,"over":true,"reason":"broke up: the fuselage parted (TPB off the core)","broken":179,"yields":14044,"work":27683,"slid":27345,"frameMed":0,"frameMax":0,"links":0,"programsAdded":0,"scuff":{"on":true,"recs":46,"attrVerts":544194,"passes":6,"places":263115,"frameMs":30.9,"tickMs":10.9,"tornMs":3,"mkMs":156.7,"bound":3121,"uploads":276,"bytes":13441824,"any":true,"uOn":1,"awake":true,"flips":7,"mats":81,"prelinks":2,"panes":[{"sev":1,"slot":0},{"sev":1,"slot":1},{"sev":1,"slot":2},{"sev":1,"slot":3},{"sev":1,"slot":4},{"sev":1,"slot":5},{"sev":1,"slot":6}],"counts":{"crush":86538,"scrape":94028,"torn":65067,"verts":280038},"busy":false},"skin":{"on":true,"recs":100,"ms":{"records":101.8999999947846,"event":140.30000000074506,"frames":8.700000001117587,"pose":128.5,"recordsT":109.300000006333,"eventT":258.4000000022352,"poseT":6060.900000004098,"frameMax":353.7000
[2529s] still /home/user/DeGaRoR.github.io/flyDiy/reports/evidence/DMG-SCUFF/soft/trunk-0_1_after.jpg {"w":1024,"h":576,"clearShare":0.0014411078559027778,"topShare":0.076873779296875,"colours":2136,"lowerMean":142.1,"lowerSd":34}
[2558.6s] still /home/user/DeGaRoR.github.io/flyDiy/reports/evidence/DMG-SCUFF/soft/trunk-0_1_noscuff.jpg {"w":1024,"h":576,"clearShare":0.0012715657552083333,"topShare":0.0768313937717014,"colours":2126,"lowerMean":142.1,"lowerSd":34}
[2577.3s] still /home/user/DeGaRoR.github.io/flyDiy/reports/evidence/DMG-SCUFF/soft/trunk-0_2_after.jpg {"w":1024,"h":576,"clearShare":0.0005662706163194445,"topShare":0.0924072265625,"colours":1654,"lowerMean":147.1,"lowerSd":20.6}
[2593.4s] still /home/user/DeGaRoR.github.io/flyDiy/reports/evidence/DMG-SCUFF/soft/trunk-0_2_noscuff.jpg {"w":1024,"h":576,"clearShare":0.0005544026692708334,"topShare":0.09232076009114583,"colours":1630,"lowerMean":147.1,"lowerSd":20.5}
[2643.3s] still /home/user/DeGaRoR.github.io/flyDiy/reports/evidence/DMG-SCUFF/soft/trunk-0_3_after.jpg {"w":1024,"h":576,"clearShare":0.003409491644965278,"topShare":0.059622870551215276,"colours":2282,"lowerMean":142.1,"lowerSd":22.2}
[2700.9s] still /home/user/DeGaRoR.github.io/flyDiy/reports/evidence/DMG-SCUFF/soft/trunk-0_3_noscuff.jpg {"w":1024,"h":576,"clearShare":0.002129448784722222,"topShare":0.05957200792100695,"colours":2268,"lowerMean":142.2,"lowerSd":22.1}
[2732.7s] still /home/user/DeGaRoR.github.io/flyDiy/reports/evidence/DMG-SCUFF/soft/trunk-0_close_scrape.jpg {"w":1024,"h":576,"clearShare":0.009875827365451388,"topShare":0.09884813096788195,"colours":2085,"lowerMean":147.8,"lowerSd":55.2}
[2752.7s] still /home/user/DeGaRoR.github.io/flyDiy/reports/evidence/DMG-SCUFF/soft/trunk-0_close_scrape_noscuff.jpg {"w":1024,"h":576,"clearShare":0.009753757052951388,"topShare":0.09884813096788195,"colours":2115,"lowerMean":147.8,"lowerSd":55.1}
[2778s] still /home/user/DeGaRoR.github.io/flyDiy/reports/evidence/DMG-SCUFF/soft/trunk-0_close_crease.jpg {"w":1024,"h":576,"clearShare":0.001736111111111111,"topShare":0.12530348036024305,"colours":1757,"lowerMean":98.4,"lowerSd":58}
[2802.5s] still /home/user/DeGaRoR.github.io/flyDiy/reports/evidence/DMG-SCUFF/soft/trunk-0_close_crease_noscuff.jpg {"w":1024,"h":576,"clearShare":0.0012969970703125,"topShare":0.12502543131510416,"colours":1749,"lowerMean":100.3,"lowerSd":57.4}
[2830.7s] still /home/user/DeGaRoR.github.io/flyDiy/reports/evidence/DMG-SCUFF/soft/trunk-0_close_torn.jpg {"w":1024,"h":576,"clearShare":0.008639865451388888,"topShare":0.06036207411024305,"colours":2172,"lowerMean":121.8,"lowerSd":53.3}
[2857.1s] still /home/user/DeGaRoR.github.io/flyDiy/reports/evidence/DMG-SCUFF/soft/trunk-0_close_torn_noscuff.jpg {"w":1024,"h":576,"clearShare":0.008309258355034722,"topShare":0.06039598253038195,"colours":2167,"lowerMean":122.6,"lowerSd":53.5}
[2891.5s] still /home/user/DeGaRoR.github.io/flyDiy/reports/evidence/DMG-SCUFF/soft/trunk-0_close_glass.jpg {"w":1024,"h":576,"clearShare":0.00047980414496527775,"topShare":0.061258951822916664,"colours":2511,"lowerMean":152.9,"lowerSd":31}
[2924.7s] still /home/user/DeGaRoR.github.io/flyDiy/reports/evidence/DMG-SCUFF/soft/trunk-0_close_glass_noscuff.jpg {"w":1024,"h":576,"clearShare":0.0003628200954861111,"topShare":0.061258951822916664,"colours":2538,"lowerMean":152.7,"lowerSd":30.9}
[3187s] trunk-0 cost {"timer":true,"off":{"frameMed":2660.1,"gpuMed":31.339,"gpuN":24},"on":{"frameMed":2901.7,"gpuMed":29.701,"gpuN":24},"off2":{"frameMed":2645,"gpuMed":27.57,"gpuN":24},"on2":{"frameMed":2638.2,"gpuMed":26.215,"gpuN":24}}
SCUFF_SOFT {"stage":{"skipMain":true,"cases":["taxi","noseover","trunk-0"]},"errors":[],"t":{"garage":222.6,"stand":263.1,"view":300.3,"stage":3189.5,"total":3189.5}}
