[0.7s] nav http://127.0.0.1:41841/flyDiy/dev.html?day=noon&damage=1&simw=0&fog=0
[3.6s] warn flyDiy: the loader fetched the town raster cells, the page composes default - those cells bake lazily
[187.1s] garage ANGLE (Google, Vulkan 1.3.0 (SwiftShader Device (Subzero) (0x0000C0DE)), SwiftShader driver) tier software
[188.8s] roll out
[221.4s] stand {"kind":"rollout","anim":"timeout","ms":32528}
[272.6s] scuff at the stand {"on":true,"recs":46,"attrVerts":544194,"passes":0,"places":0,"frameMs":0,"tickMs":0,"tornMs":0,"mkMs":0,"bound":0,"uploads":0,"bytes":0,"any":false,"uOn":0,"awake":false,"flips":4,"mats":75,"prelinks":2,"premade":176.1,"made":true,"phases":{"fields":0,"rec1":0,"recs":0,"bind":0,"tick":0,"upload":0},"bindUs":10,"panes":[],"counts":{"crush":0,"scrape":0,"torn":0,"verts":280038},"busy":false} {"links":0,"programs":330,"failed":0,"bad":[]}
[375.4s] still /home/user/DeGaRoR.github.io/flyDiy/reports/evidence/DMG-SCUFF/soft/merged/taxi_1_intact.jpg {"w":1024,"h":576,"clearShare":0.0012715657552083333,"topShare":0.047736273871527776,"colours":2125,"lowerMean":137.8,"lowerSd":30.1}
[408s] still /home/user/DeGaRoR.github.io/flyDiy/reports/evidence/DMG-SCUFF/soft/merged/taxi_2_intact.jpg {"w":1024,"h":576,"clearShare":0.0030415852864583335,"topShare":0.07020060221354167,"colours":2348,"lowerMean":156.8,"lowerSd":24.8}
[484.9s] taxi crash {"steps":582,"crashed":false,"over":false,"reason":null,"broken":0,"yields":632,"work":753,"slid":720,"frameMed":0,"frameMax":0,"links":0,"programsAdded":0,"scuff":{"on":true,"recs":46,"attrVerts":544194,"passes":2,"places":105246,"frameMs":11,"tickMs":3.6,"tornMs":0,"mkMs":0,"bound":4753,"uploads":92,"bytes":4480608,"any":true,"uOn":1,"awake":true,"flips":5,"mats":75,"prelinks":2,"premade":176.1,"made":true,"phases":{"fields":0.8,"rec1":0,"recs":0,"bind":4.7,"tick":5.4,"upload":1},"bindUs":3.06,"panes":[],"counts":{"crush":17756,"scrape":15217,"torn":0,"verts":280038},"busy":false},"skin":{"on":true,"recs":0,"ms":{"records":0,"event":0,"frames":0,"pose":0,"recordsT":0,"eventT":0,"poseT":0,"frameMax":0,"n":0},"removed":0,"torn":0,"tris":0,"riding":0}}
[535.4s] still /home/user/DeGaRoR.github.io/flyDiy/reports/evidence/DMG-SCUFF/soft/merged/taxi_1_after.jpg {"w":1024,"h":576,"clearShare":0.0012681749131944445,"topShare":0.0458221435546875,"colours":2103,"lowerMean":136.1,"lowerSd":34}
[588s] still /home/user/DeGaRoR.github.io/flyDiy/reports/evidence/DMG-SCUFF/soft/merged/taxi_1_noscuff.jpg {"w":1024,"h":576,"clearShare":0.0012681749131944445,"topShare":0.045811971028645836,"colours":2106,"lowerMean":136.1,"lowerSd":34}
[627s] still /home/user/DeGaRoR.github.io/flyDiy/reports/evidence/DMG-SCUFF/soft/merged/taxi_2_after.jpg {"w":1024,"h":576,"clearShare":0.002861870659722222,"topShare":0.07059393988715278,"colours":2223,"lowerMean":154.4,"lowerSd":25.4}
[659s] still /home/user/DeGaRoR.github.io/flyDiy/reports/evidence/DMG-SCUFF/soft/merged/taxi_2_noscuff.jpg {"w":1024,"h":576,"clearShare":0.002861870659722222,"topShare":0.0705990261501736,"colours":2215,"lowerMean":154.5,"lowerSd":25.4}
[710.4s] still /home/user/DeGaRoR.github.io/flyDiy/reports/evidence/DMG-SCUFF/soft/merged/taxi_close_scrape.jpg {"w":1024,"h":576,"clearShare":0.000040690104166666664,"topShare":0.057708740234375,"colours":2056,"lowerMean":134.6,"lowerSd":27.2}
[758s] still /home/user/DeGaRoR.github.io/flyDiy/reports/evidence/DMG-SCUFF/soft/merged/taxi_close_scrape_noscuff.jpg {"w":1024,"h":576,"clearShare":0.000023735894097222223,"topShare":0.056950887044270836,"colours":2039,"lowerMean":135.8,"lowerSd":27.9}
[803.3s] still /home/user/DeGaRoR.github.io/flyDiy/reports/evidence/DMG-SCUFF/soft/merged/taxi_close_crease.jpg {"w":1024,"h":576,"clearShare":0.00030348036024305556,"topShare":0.04690890842013889,"colours":2125,"lowerMean":124,"lowerSd":33.5}
[846.9s] still /home/user/DeGaRoR.github.io/flyDiy/reports/evidence/DMG-SCUFF/soft/merged/taxi_close_crease_noscuff.jpg {"w":1024,"h":576,"clearShare":0.00032721625434027775,"topShare":0.04865688747829861,"colours":2009,"lowerMean":123.9,"lowerSd":33.7}
[1379.1s] taxi cost {"timer":true,"off":{"frameMed":5349.9,"gpuMed":31.161,"gpuN":24},"on":{"frameMed":5245.8,"gpuMed":32.11,"gpuN":24},"off2":{"frameMed":5190.7,"gpuMed":28.368,"gpuN":24},"on2":{"frameMed":5147.2,"gpuMed":33.404,"gpuN":24}}
[1467.2s] still /home/user/DeGaRoR.github.io/flyDiy/reports/evidence/DMG-SCUFF/soft/merged/noseover_1_intact.jpg {"w":1024,"h":576,"clearShare":0.0006222195095486111,"topShare":0.07990349663628472,"colours":2077,"lowerMean":158.8,"lowerSd":27.8}
[1524.2s] still /home/user/DeGaRoR.github.io/flyDiy/reports/evidence/DMG-SCUFF/soft/merged/noseover_2_intact.jpg {"w":1024,"h":576,"clearShare":0.000055948893229166664,"topShare":0.07446119520399305,"colours":2396,"lowerMean":135.1,"lowerSd":17.5}
[1548s] still /home/user/DeGaRoR.github.io/flyDiy/reports/evidence/DMG-SCUFF/soft/merged/noseover_3_intact.jpg {"w":1024,"h":576,"clearShare":0.000035603841145833336,"topShare":0.11084662543402778,"colours":1495,"lowerMean":150.9,"lowerSd":29.5}
[1601.9s] noseover crash {"steps":380,"crashed":true,"over":true,"reason":"a gear member broke","broken":54,"yields":3630,"work":5578,"slid":9761,"frameMed":0,"frameMax":0,"links":0,"programsAdded":0,"scuff":{"on":true,"recs":46,"attrVerts":544194,"passes":3,"places":157869,"frameMs":11,"tickMs":7.8,"tornMs":3.1,"mkMs":0,"bound":4753,"uploads":138,"bytes":6720912,"any":true,"uOn":1,"awake":true,"flips":5,"mats":75,"prelinks":2,"premade":176.1,"made":true,"phases":{"fields":0.8,"rec1":0,"recs":0,"bind":4.7,"tick":7.8,"upload":1},"bindUs":3.06,"panes":[],"counts":{"crush":21866,"scrape":20031,"torn":13754,"verts":280038},"busy":false},"skin":{"on":true,"recs":126,"ms":{"records":286.5000000074506,"event":163.79999999701977,"frames":4,"pose":138.90000000596046,"recordsT":291.19999998807907,"eventT":165.49999999254942,"poseT":1762.7000000104308,"frameMax":673.7000000029802,"n":24,"inh":76.70000000298023,"inhT":236.3
[1632.4s] still /home/user/DeGaRoR.github.io/flyDiy/reports/evidence/DMG-SCUFF/soft/merged/noseover_1_after.jpg {"w":1024,"h":576,"clearShare":0.0006205240885416666,"topShare":0.10510932074652778,"colours":2167,"lowerMean":151.2,"lowerSd":17.9}
[1667.1s] still /home/user/DeGaRoR.github.io/flyDiy/reports/evidence/DMG-SCUFF/soft/merged/noseover_1_noscuff.jpg {"w":1024,"h":576,"clearShare":0.0006222195095486111,"topShare":0.10515848795572917,"colours":2141,"lowerMean":151.2,"lowerSd":17.7}
[1728.5s] still /home/user/DeGaRoR.github.io/flyDiy/reports/evidence/DMG-SCUFF/soft/merged/noseover_2_after.jpg {"w":1024,"h":576,"clearShare":0.00020684136284722222,"topShare":0.07763841417100695,"colours":2608,"lowerMean":142.2,"lowerSd":24.9}
[1795.9s] still /home/user/DeGaRoR.github.io/flyDiy/reports/evidence/DMG-SCUFF/soft/merged/noseover_2_noscuff.jpg {"w":1024,"h":576,"clearShare":0.00020684136284722222,"topShare":0.07763841417100695,"colours":2567,"lowerMean":142.2,"lowerSd":24.9}
[1827.5s] still /home/user/DeGaRoR.github.io/flyDiy/reports/evidence/DMG-SCUFF/soft/merged/noseover_3_after.jpg {"w":1024,"h":576,"clearShare":0.00014750162760416666,"topShare":0.11372545030381945,"colours":1522,"lowerMean":161.5,"lowerSd":28.4}
[1849.6s] still /home/user/DeGaRoR.github.io/flyDiy/reports/evidence/DMG-SCUFF/soft/merged/noseover_3_noscuff.jpg {"w":1024,"h":576,"clearShare":0.00009663899739583333,"topShare":0.1137237548828125,"colours":1431,"lowerMean":161.5,"lowerSd":28.3}
[1879.6s] still /home/user/DeGaRoR.github.io/flyDiy/reports/evidence/DMG-SCUFF/soft/merged/noseover_close_scrape.jpg {"w":1024,"h":576,"clearShare":0.0036468505859375,"topShare":0.08604939778645833,"colours":2635,"lowerMean":146.4,"lowerSd":46}
[1907.9s] still /home/user/DeGaRoR.github.io/flyDiy/reports/evidence/DMG-SCUFF/soft/merged/noseover_close_scrape_noscuff.jpg {"w":1024,"h":576,"clearShare":0.003607855902777778,"topShare":0.0859714084201389,"colours":2642,"lowerMean":146.2,"lowerSd":45.8}
[1942.9s] still /home/user/DeGaRoR.github.io/flyDiy/reports/evidence/DMG-SCUFF/soft/merged/noseover_close_crease.jpg {"w":1024,"h":576,"clearShare":0.004038492838541667,"topShare":0.08560350206163195,"colours":2570,"lowerMean":121,"lowerSd":54}
[1975.2s] still /home/user/DeGaRoR.github.io/flyDiy/reports/evidence/DMG-SCUFF/soft/merged/noseover_close_crease_noscuff.jpg {"w":1024,"h":576,"clearShare":0.0038859049479166665,"topShare":0.08560350206163195,"colours":2557,"lowerMean":121.8,"lowerSd":53.6}
[2008.7s] still /home/user/DeGaRoR.github.io/flyDiy/reports/evidence/DMG-SCUFF/soft/merged/noseover_close_torn.jpg {"w":1024,"h":576,"clearShare":0.004199557834201389,"topShare":0.0752716064453125,"colours":2726,"lowerMean":144.5,"lowerSd":47.6}
[2038.7s] still /home/user/DeGaRoR.github.io/flyDiy/reports/evidence/DMG-SCUFF/soft/merged/noseover_close_torn_noscuff.jpg {"w":1024,"h":576,"clearShare":0.004150390625,"topShare":0.07520548502604167,"colours":2717,"lowerMean":144.3,"lowerSd":47.4}
[2359.1s] noseover cost {"timer":true,"off":{"frameMed":3195.8,"gpuMed":32.581,"gpuN":24},"on":{"frameMed":3180.4,"gpuMed":32.27,"gpuN":24},"off2":{"frameMed":3249.7,"gpuMed":33.897,"gpuN":24},"on2":{"frameMed":3128.6,"gpuMed":35.072,"gpuN":24}}
SCUFF_SOFT {"stage":{"skipMain":true,"cases":["taxi","noseover"]},"errors":[],"t":{"garage":183.5,"stand":221.2,"view":254.7,"stage":2362.3,"total":2362.3}}
