mass 476.19 fuel 44.99 shake false day frozen utc0 17.9
{
 "args": "--raw --out exp/v0.json",
 "node": {
  "phases": {
   "TAXI": 0,
   "STOP": 168,
   "HOLD": 168.3,
   "ROLL": 170.3,
   "LIFTOFF": 182,
   "CLIMB": 197.3,
   "ENROUTE": 226.5,
   "DOWNWIND": 744.5,
   "BASE": 806.8,
   "FINAL": 829.3,
   "FLARE": 949,
   "ROLLOUT": 952.8
  },
  "T": 965.8,
  "enrVg": 32.5,
  "enrAgl": 348.5,
  "enrIas": 0
 },
 "page": {
  "phases": {
   "TAXI": 0,
   "STOP": 165.4,
   "HOLD": 165.9,
   "ROLL": 167.9,
   "LIFTOFF": 178.9,
   "CLIMB": 193.2,
   "ENROUTE": 221.1,
   "DOWNWIND": 738.1,
   "BASE": 790.9,
   "FINAL": 819.1,
   "FLARE": 955.9,
   "ROLLOUT": 961.1,
   "STOPPED": 970.1
  },
  "T": 975.2,
  "enrVg": 32.6,
  "enrAgl": 351.9,
  "enrIas": 0
 },
 "dev": {
  "p50": 5.6,
  "p95": 63.6,
  "max": 324.5
 },
 "landing": {
  "run": 131,
  "sink": 0.7,
  "V": 19.2,
  "offCentre": 0,
  "pastAim": 17,
  "k": 0,
  "three": false,
  "onStrip": true,
  "tdIn": 32,
  "stopLeft": 87
 },
 "pageLanding": {
  "run": 50,
  "sink": 1.56,
  "V": 13.8,
  "offCentre": -0.2,
  "pastAim": 11,
  "k": 0,
  "three": false,
  "onStrip": true,
  "tdIn": 26,
  "stopLeft": 174
 },
 "verdicts": [],
 "wall": 462.265,
 "sheet": {
  "Vs0": 16,
  "Vref": 20.8,
  "LDbest": null,
  "sinkBg": null,
  "climbMax": 2.9692044930812127,
  "src": "measured"
 },
 "mass": 473.9794371784657
}
